                                                                                     
                              ABACUS v3.11.0-beta.5

               Atomic-orbital Based Ab-initio Computation at UStc                    

                     Website: http://abacus.ustc.edu.cn/                             
               Documentation: https://abacus.deepmodeling.com/                       
                  Repository: https://github.com/abacusmodeling/abacus-develop       
                              https://github.com/deepmodeling/abacus-develop         
                      Commit: unknown

    Start Time is Wed Aug  5 16:50:13 2026
                                                                                     
 ------------------------------------------------------------------------------------

 READING GENERAL INFORMATION
                           global_out_dir = OUT.g1_ne_128_from_050/
                           global_in_card = INPUT
                               pseudo_dir = ./
                              orbital_dir = 
                                    DRANK = 1
                                    DSIZE = 4
                                   DCOLOR = 1
                                    GRANK = 1
                                    GSIZE = 1


 >>>>>>>>>>>>>>>>>>>>>>>>>>>>>>>>>>>>>>>>>>>>>>>>>>>>>>>>>>>>>>>>>>>>>>
 |                                                                    |
 |                        #Setup Unitcell#                            |
 | From the input file and the structure file we know the number of   |
 | different elments in this unitcell, then we list the detail        |
 | information for each element, especially the zeta and polar atomic |
 | orbital number for each element. The total atom number is counted. |
 | We calculate the nearest atom distance for each atom and show the  |
 | Cartesian and Direct coordinates for each atom. We list the file   |
 | address for atomic orbitals. The volume and the lattice vectors    |
 | in real and reciprocal space is also shown.                        |
 |                                                                    |
 <<<<<<<<<<<<<<<<<<<<<<<<<<<<<<<<<<<<<<<<<<<<<<<<<<<<<<<<<<<<<<<<<<<<<<

 READING UNITCELL INFORMATION
                       Number of elements = 1
                  Lattice constant (Bohr) = 1.88973
              Lattice constant (Angstrom) = 1

 READING ATOM TYPE 1
                               Atom label = Mg
                      L=0, number of zeta = 1
                      L=1, number of zeta = 1
                      L=2, number of zeta = 1
            Number of atoms for this type = 2

                        TOTAL ATOM NUMBER = 2

 DIRECT COORDINATES
 atom                  x                  y                  z     mag
   Mg     0.000000000000     0.000000000000     0.000000000000  0.0000
   Mg     0.666666666666     0.333333333334     0.500000000000  0.0000

 ATOMIC VELOCITIES
 atom                 vx                 vy                 vz
   Mg                  0                  0                  0
   Mg                  0                  0                  0

                     Cell volume (Bohr^3) = 282.307
                        Cell volume (A^3) = 41.8336

 Lattice vectors: (Cartesian coordinate: in unit of a_0)
             +3.09864                  +0                  +0
             -1.54932             +2.6835                  +0
                   +0                  +0            +5.03097
 Reciprocal vectors: (Cartesian coordinate: in unit of 2 pi/a_0)
            +0.322722           +0.186324                  -0
                   +0           +0.372647                  -0
                   +0                  -0           +0.198769

 #ENERGY SOLVER# ofdft
 RUNNING WITH DEVICE  : CPU / Intel(R) Xeon(R) Platinum 8368Q CPU @ 2.60GHz (x2)


 >>>>>>>>>>>>>>>>>>>>>>>>>>>>>>>>>>>>>>>>>>>>>>>>>>>>>>>>>>>>>>>>>>>>>>
 |                                                                    |
 |                 #Read Pseudopotentials Files#                      |
 | ABACUS supports norm-conserving (NC) pseudopotentials for both     |
 | plane wave basis and numerical atomic orbital basis sets.          |
 | In addition, ABACUS supports ultrasoft pseudopotentials (USPP)     |
 | for plane wave basis set.                                          |
 |                                                                    |
 <<<<<<<<<<<<<<<<<<<<<<<<<<<<<<<<<<<<<<<<<<<<<<<<<<<<<<<<<<<<<<<<<<<<<<

                PAO radial cut off (Bohr) = 16

                     Pseudopotential file = mg.lda.lps
                     Pseudopotential type = 
          Exchange-correlation functional = PZ
                 Nonlocal core correction = 0
                        Valence electrons = 2
                                     Lmax = 0
                           Number of zeta = 0
                     Number of projectors = 0
                    DFT functional set to = XC_LDA_X+XC_LDA_C_PZ
         Number of pseudo atomic orbitals = 0
            Electron number of element Mg = 2
      Total electron number of element Mg = 4
          Autoset the number of electrons = 4
               Occupied electronic states = 2
     Number of electronic states (NBANDS) = 12


 >>>>>>>>>>>>>>>>>>>>>>>>>>>>>>>>>>>>>>>>>>>>>>>>>>>>>>>>>>>>>>>>>>>>>>
 |                                                                    |
 |           #Setup Plane Waves of Charge/Potential#                  |
 | Use the kinetic energy cutoff and the lattice vectors to generate  |
 | the dimensions of FFT grid, which is used to represent the charge  |
 | density or potential. If USPP is used, a double grid technique     |
 | is applied.                                                        |
 |                                                                    |
 <<<<<<<<<<<<<<<<<<<<<<<<<<<<<<<<<<<<<<<<<<<<<<<<<<<<<<<<<<<<<<<<<<<<<

 SETUP PLANE WAVES FOR CHARGE/POTENTIAL
  Energy cutoff for charge/potential (Ry) = 120
            FFT grid for charge/potential = [ 24, 24, 36 ]
           Number of FFT grids this proc. = 5184
                Division for big FFT grid = [ 1, 1, 1 ]
      FFT (big) grid for charge/potential = [ 24, 24, 36 ]
     Number of FFT (big) grids this proc. = 5184
                    Number of plane waves = 20736
        Number of sticks on FFT x-y plane = 576

 PARALLEL PW FOR CHARGE/POTENTIAL
     PROC   COLUMNS(POT)             PW
        1            144           5184
        2            144           5184
        3            144           5184
        4            144           5184
 --------------- SUM -------------------
        4            576          20736

                            Number of |g| = 1026
                                  Max |g| = 67.9307
                                  Min |g| = 0
 DONE : SETUP UNITCELL Time : 0.113709 (SEC)


 >>>>>>>>>>>>>>>>>>>>>>>>>>>>>>>>>>>>>>>>>>>>>>>>>>>>>>>>>>>>>>>>>>>>>>
 |                                                                    |
 |                       #Setup K-points#                             |
 | We setup the k-points according to input parameters.               |
 | The reduced k-points are set according to symmetry operations.     |
 | We treat the spin as another set of k-points.                      |
 |                                                                    |
 <<<<<<<<<<<<<<<<<<<<<<<<<<<<<<<<<<<<<<<<<<<<<<<<<<<<<<<<<<<<<<<<<<<<<<


 SETUP K-POINTS
                                    nspin = 1
                   Input type of k points = Monkhorst-Pack(Gamma)
                                   nkstot = 1
           Number of irreducible k-points = 1

 K-POINTS REDUCTION ACCORDING TO SYMMETRY
     IBZ    DIRECT_X    DIRECT_Y    DIRECT_Z  WEIGHT  ibz2bz
       1  0.00000000  0.00000000  0.00000000  1.0000       0

                               nkstot now = 1
 K-POINTS DIRECT COORDINATES
 KPOINTS    DIRECT_X    DIRECT_Y    DIRECT_Z  WEIGHT
       1  0.00000000  0.00000000  0.00000000  1.0000


       Number of k-points in this process = 1
       Minimum distributed k-point number = 1

 K-POINTS CARTESIAN COORDINATES
 KPOINTS CARTESIAN_X CARTESIAN_Y CARTESIAN_Z  WEIGHT
       1  0.00000000  0.00000000  0.00000000  2.0000


 K-POINTS DIRECT COORDINATES
 KPOINTS    DIRECT_X    DIRECT_Y    DIRECT_Z  WEIGHT
       1  0.00000000  0.00000000  0.00000000  2.0000

 DONE : INIT K-POINTS Time : 0.115771 (SEC)

 Libxc v7.0.0
	S. Lehtola, C. Steigemann, M. J.T. Oliveira, and M. A.L. Marques.,  SoftwareX 7, 1–5 (2018)
 XC: Slater exchange
	P. A. M. Dirac.,  Math. Proc. Cambridge Philos. Soc. 26, 376 (1930)
	F. Bloch.,  Z. Phys. 57, 545 (1929)
 XC: Perdew & Zunger
	J. P. Perdew and A. Zunger.,  Phys. Rev. B 23, 5048 (1981)

 DONE : SETUP UNITCELL Time : 0.118362 (SEC)

                                 init_chg = atomic
 DONE : LOCAL POTENTIAL Time : 0.210994 (SEC)

 DONE : INIT POTENTIAL Time : 0.213293 (SEC)

 DONE : INIT KEDF Time : 0.213538 (SEC)

 DONE : INIT OPTIMIZATION Time : 0.213747 (SEC)

 DONE : INIT PHI Time : 0.21393 (SEC)

 ================================================================
 SELF-CONSISTENT
 ================================================================

Iter0: the norm of potential is 0.134168200441
----------------------------------------------------------------
        Energy              Rydberg                 eV          
----------------------------------------------------------------
              E_Total      -3.407795213076     -46.365432514961 
              E_Fermi       0.349616316459       4.756774017611 
----------------------------------------------------------------


Iter1: the norm of potential is 0.0759772087885
----------------------------------------------------------------
        Energy              Rydberg                 eV          
----------------------------------------------------------------
              E_Total      -3.617716379005     -49.221556502398 
              E_Fermi       0.294336073083       4.004647720876 
----------------------------------------------------------------


Iter2: the norm of potential is 0.0101313160848
----------------------------------------------------------------
        Energy              Rydberg                 eV          
----------------------------------------------------------------
              E_Total      -3.623659578426     -49.302417878876 
              E_Fermi       0.292786692101       3.983567311140 
----------------------------------------------------------------


Iter3: the norm of potential is 0.00268362435061
----------------------------------------------------------------
        Energy              Rydberg                 eV          
----------------------------------------------------------------
              E_Total      -3.623820316722     -49.304604835580 
              E_Fermi       0.292685760658       3.982194068412 
----------------------------------------------------------------


Iter4: the norm of potential is 0.00032550948064
----------------------------------------------------------------
        Energy              Rydberg                 eV          
----------------------------------------------------------------
              E_Total      -3.623843217153     -49.304916411931 
              E_Fermi       0.292646571601       3.981660873941 
----------------------------------------------------------------


Iter5: the norm of potential is 0.00012062146247
----------------------------------------------------------------
        Energy              Rydberg                 eV          
----------------------------------------------------------------
              E_Total      -3.623843449567     -49.304919574087 
              E_Fermi       0.292647842976       3.981678171878 
----------------------------------------------------------------


Iter6: the norm of potential is 3.47291640528e-05
----------------------------------------------------------------
        Energy              Rydberg                 eV          
----------------------------------------------------------------
              E_Total      -3.623843489669     -49.304920119697 
              E_Fermi       0.292649579152       3.981701793764 
----------------------------------------------------------------


Iter7: the norm of potential is 5.32880681728e-06
----------------------------------------------------------------
        Energy              Rydberg                 eV          
----------------------------------------------------------------
              E_Total      -3.623843491236     -49.304920141022 
              E_Fermi       0.292649385231       3.981699155342 
----------------------------------------------------------------


Iter8: the norm of potential is 1.32804982046e-06
----------------------------------------------------------------
        Energy              Rydberg                 eV          
----------------------------------------------------------------
              E_Total      -3.623843491267     -49.304920141451 
              E_Fermi       0.292649401964       3.981699383008 
----------------------------------------------------------------


Iter9: the norm of potential is 7.18703525394e-07
----------------------------------------------------------------
        Energy              Rydberg                 eV          
----------------------------------------------------------------
              E_Total      -3.623843491271     -49.304920141497 
              E_Fermi       0.292649399640       3.981699351382 
----------------------------------------------------------------

 #SCF IS CONVERGED#
 #TOTAL ENERGY# -49.304920141 eV
 Write data to file: OUT.g1_ne_128_from_050/chg.cube



 #TOTAL-FORCE (eV/Angstrom)#
 -------------------------------------------------------------------------
     Atoms              Force_x              Force_y              Force_z 
 -------------------------------------------------------------------------
       Mg1         0.0000000000         0.0000000000         0.0000000000 
       Mg2         0.0000000000         0.0000000000         0.0000000000 
 -------------------------------------------------------------------------

 #TOTAL-STRESS (kbar)#
 ----------------------------------------------------------------
              Stress_x             Stress_y             Stress_z 
 ----------------------------------------------------------------
          6.9823225339        -0.0000000394         0.0000000022 
         -0.0000000394         6.9823224885         0.0000000038 
          0.0000000022         0.0000000038        10.2332042084 
 ----------------------------------------------------------------
 #TOTAL-PRESSURE# (EXCLUDE KINETIC PART OF IONS): 8.065950 kbar

 --------------------------------------------
 !FINAL_ETOT_IS -49.3049201414966518 eV
 --------------------------------------------



 TIME STATISTICS
----------------------------------------------------------------------
     CLASS_NAME             NAME        TIME/s  CALLS   AVG/s  PER/%  
----------------------------------------------------------------------
                     total              1.02   17       0.06   100.00 
 Driver              atomic_world       1.02   1        1.02   100.00 
 Driver              reading            0.06   1        0.06   5.62   
 Charge              atomic_rho         0.09   2        0.04   8.34   
 PW_Basis_Sup        recip2real         0.17   912      0.00   17.08  
 ppcell_vl           init_vloc          0.03   1        0.03   3.24   
 Potential           cal_veff           0.24   227      0.00   23.28  
 H_Hartree_pw        v_hartree          0.10   227      0.00   9.45   
 PW_Basis_Sup        real2recip         0.17   908      0.00   17.06  
 PotXC               cal_veff           0.14   227      0.00   13.68  
 XC_Functional_Libxc v_xc_libxc         0.14   227      0.00   13.61  
 Libxc               xc_lda/gga_exc_vxc 0.12   454      0.00   11.77  
 Relax_Driver        relax_driver       0.80   1        0.80   78.94  
 ESolver_OF          runner             0.76   1        0.76   74.42  
 KEDF_Manager        get_potential      0.47   225      0.00   46.01  
 KEDF_TF             tf_potential       0.05   225      0.00   5.07   
 KEDF_WT             wt_potential       0.33   225      0.00   32.06  
 KEDF_vW             vw_potential       0.09   225      0.00   8.79   
 ESolver_OF          after_opt          0.04   1        0.04   3.45   
 OF_Stress_PW        cal_stress         0.04   1        0.04   4.17   
 Stress              stress_loc         0.04   1        0.04   4.09   
----------------------------------------------------------------------


 NAME-------------------------|MEMORY(MB)------------------
                         total         2.7101
 -------------   < 1.0 MB has been ignored ----------------
 ----------------------------------------------------------

 Start  Time  : Wed Aug  5 16:50:13 2026
 Finish Time  : Wed Aug  5 16:50:14 2026
 Total  Time  : 0 h 0 mins 1 secs 
