
                     ▄████▄ █████▄ ▄████▄ ▄█████ ██  ██ ▄█████ 
                     ██▄▄██ ██▄▄██ ██▄▄██ ██     ██  ██ ▀▀▀▄▄▄ 
                     ██  ██ ██▄▄█▀ ██  ██ ▀█████ ▀████▀ █████▀ 

                                                                                     
                                v3.11.0-beta.5

               Atomic-orbital Based Ab-initio Computation at UStc                    

                     Website: http://abacus.ustc.edu.cn/                             
               Documentation: https://abacus.deepmodeling.com/                       
                  Repository: https://github.com/abacusmodeling/abacus-develop       
                              https://github.com/deepmodeling/abacus-develop         
                      Commit: unknown

 Fri Aug  7 09:52:28 2026
 MAKE THE DIR         : OUT.g1tlr4_al_v100_standard/
 RUNNING WITH DEVICE  : CPU / Intel(R) Xeon(R) Platinum 8368Q CPU @ 2.60GHz (x2)
 NAME OF ELEMENT      : Al
 DFT FUNC. (PSEUDO)   : PBE
 DFT FUNC. (SET TO)   : XC_GGA_X_PBE+XC_GGA_C_PBE
 MAKE SURE THIS DFT FUNCTIONAL IS WHAT YOU NEED
 UNIFORM GRID DIM     : 24 * 24 * 24
 UNIFORM GRID DIM(BIG): 24 * 24 * 24
 DONE(0.0829436  SEC) : SETUP UNITCELL
 DONE(0.768212   SEC) : INIT K-POINTS
 ----------------------------------------------------------------
 Self-consistent calculations for electrons
 ----------------------------------------------------------------
 SPIN    KPOINTS         PROCESSES   THREADS/PROC  THREADS/TOTAL 
 1       10980           4           1             4             
 ----------------------------------------------------------------
 Use plane wave basis
 ----------------------------------------------------------------
 ELEMENT NATOM       
 Al      1           
 ----------------------------------------------------------------
 Initial plane wave basis and FFT box
 ----------------------------------------------------------------
 DONE(0.852496   SEC) : INIT PLANEWAVE
 START CHARGE         : ATOMIC
 DONE(0.859414   SEC) : LOCAL POTENTIAL
not allowed!
i1*i2*i3 must be positive! i1*i2*i3 is 0
i2 must be positive! i2 is 0
i3 must be positive! i3 is 0
 DONE(0.85993    SEC) : NON-LOCAL POTENTIAL
 MEMORY FOR PSI (MB)  : 281.47
 WARNING: init_wfc = atomic requires atomic pseudo wavefunctions(PP_PSWFC),
 but none available. Automatically switch to random initialization.
 DONE(0.860314   SEC) : INIT BASIS

 ================================================================
 SELF-CONSISTENT: 
 ================================================================
 DONE(7.53172    SEC) : INIT SCF
 ITER       ETOT/eV          EDIFF/eV         DRHO     TIME/s
 CG1     -5.67381509e+01   0.00000000e+00   8.3405e-02  60.59
 CG2     -5.71758880e+01  -4.37737142e-01   3.2188e-02  21.34
 CG3     -5.71995869e+01  -2.36988417e-02   6.0607e-05  21.49
 CG4     -5.71996486e+01  -6.17245363e-05   2.5175e-05  41.11
 CG5     -5.72014719e+01  -1.82334879e-03   4.4004e-06  26.61
 CG6     -5.72015155e+01  -4.35246166e-05   3.6153e-09  27.05
 CG7     -5.72015160e+01  -5.67802790e-07   1.8772e-09  42.78
 CG8     -5.72015160e+01  -5.13655926e-09   2.1369e-12  26.03
 ----------------------------------------------------------------
              Stress_x             Stress_y             Stress_z 
 ----------------------------------------------------------------
         -1.4508171390         0.0000096441         0.0000010379 
          0.0000096441        -1.4508169709         0.0000044374 
          0.0000010379         0.0000044374        -1.4508174616 
 ----------------------------------------------------------------
 TOTAL-PRESSURE (EXCLUDE KINETIC PART OF IONS): -1.450817 kbar

 TIME STATISTICS
-------------------------------------------------------------------
   CLASS_NAME           NAME         TIME/s  CALLS   AVG/s  PER/%  
-------------------------------------------------------------------
                 total               281.99 15       18.80  100.00 
 Driver          atomic_world        281.99 1        281.99 100.00 
 Relax_Driver    relax_driver        281.10 1        281.10 99.69  
 ESolver_KS      runner              280.88 1        280.88 99.61  
 ESolver_KS_PW   before_scf          6.67   1        6.67   2.37   
 PSIPrepare      initialize_psi      6.67   1        6.67   2.36   
 DiagoIterAssist diag_subspace       42.80  87840    0.00   15.18  
 Operator        hPsi                189.69 4247688  0.00   67.27  
 Operator        veff_pw             185.22 4247688  0.00   65.68  
 PW_Basis_K      recip2real          109.15 6268008  0.00   38.71  
 PW_Basis_K      gathers_copy_pack   5.92   6268008  0.00   2.10   
 PW_Basis_K      gathers_zero_mpi    7.71   6268008  0.00   2.73   
 PW_Basis_K      gathers_copy_unpack 6.22   6268008  0.00   2.21   
 PW_Basis_K      real2recip          80.81  5213928  0.00   28.66  
 PW_Basis_K      gatherp_copy_pack   4.77   5213928  0.00   1.69   
 PW_Basis_K      gatherp_copy_unpack 5.15   5213928  0.00   1.83   
 DiagoIterAssist diag_hegvd          3.12   87840    0.00   1.11   
 ESolver_KS_PW   hamilt2rho_single   266.96 8        33.37  94.67  
 HSolverPW       solve               266.96 8        33.37  94.67  
 HSolverPW       solve_psik          246.62 87840    0.00   87.46  
 DiagoCG         diag_once           207.61 87840    0.00   73.62  
 ElecStatePW     psiToRho            19.89  8        2.49   7.05   
 ESolver_KS_PW   after_scf           7.21   1        7.21   2.56   
 ModuleIO        write_eig_file      7.19   1        7.19   2.55   
-------------------------------------------------------------------


 START  Time  : Fri Aug  7 09:52:28 2026
 FINISH Time  : Fri Aug  7 09:57:10 2026
 TOTAL  Time  : 282
 SEE INFORMATION IN : OUT.g1tlr4_al_v100_standard/
