
                     ▄████▄ █████▄ ▄████▄ ▄█████ ██  ██ ▄█████ 
                     ██▄▄██ ██▄▄██ ██▄▄██ ██     ██  ██ ▀▀▀▄▄▄ 
                     ██  ██ ██▄▄█▀ ██  ██ ▀█████ ▀████▀ █████▀ 

                                                                                     
                                v3.11.0-beta.5

               Atomic-orbital Based Ab-initio Computation at UStc                    

                     Website: http://abacus.ustc.edu.cn/                             
               Documentation: https://abacus.deepmodeling.com/                       
                  Repository: https://github.com/abacusmodeling/abacus-develop       
                              https://github.com/deepmodeling/abacus-develop         
                      Commit: unknown

 Wed Aug  5 17:14:50 2026
 MAKE THE DIR         : OUT.s1_mg_v103_ksdft_half/
 RUNNING WITH DEVICE  : CPU / Intel(R) Xeon(R) Platinum 8368Q CPU @ 2.60GHz (x2)
 NAME OF ELEMENT      : Mg
 DFT FUNC. (PSEUDO)   : PZ
 DFT FUNC. (SET TO)   : XC_LDA_X+XC_LDA_C_PZ
 MAKE SURE THIS DFT FUNCTIONAL IS WHAT YOU NEED
 UNIFORM GRID DIM     : 25 * 25 * 45
 UNIFORM GRID DIM(BIG): 25 * 25 * 45
 DONE(0.0600647  SEC) : SETUP UNITCELL
 DONE(0.142279   SEC) : INIT K-POINTS
 ----------------------------------------------------------------
 Self-consistent calculations for electrons
 ----------------------------------------------------------------
 SPIN    KPOINTS         PROCESSES   THREADS/PROC  THREADS/TOTAL 
 1       2404            4           1             4             
 ----------------------------------------------------------------
 Use plane wave basis
 ----------------------------------------------------------------
 ELEMENT NATOM       
 Mg      2           
 ----------------------------------------------------------------
 Initial plane wave basis and FFT box
 ----------------------------------------------------------------
 DONE(0.18808    SEC) : INIT PLANEWAVE
 START CHARGE         : ATOMIC
 DONE(0.210229   SEC) : LOCAL POTENTIAL
not allowed!
i1*i2*i3 must be positive! i1*i2*i3 is 0
i2 must be positive! i2 is 0
i3 must be positive! i3 is 0
 DONE(0.210263   SEC) : NON-LOCAL POTENTIAL
 MEMORY FOR PSI (MB)  : 158.467
 WARNING: init_wfc = atomic requires atomic pseudo wavefunctions(PP_PSWFC),
 but none available. Automatically switch to random initialization.
 DONE(0.210298   SEC) : INIT BASIS

 ================================================================
 SELF-CONSISTENT: 
 ================================================================
 DONE(3.63575    SEC) : INIT SCF
 ITER       ETOT/eV          EDIFF/eV         DRHO     TIME/s
 CG1     -4.90064851e+01   0.00000000e+00   8.9088e-02  27.55
 CG2     -4.92640986e+01  -2.57613577e-01   3.5978e-02  10.62
 CG3     -4.92753065e+01  -1.12078803e-02   3.8140e-05  10.05
 CG4     -4.92781439e+01  -2.83735131e-03   7.9473e-06  21.10
 CG5     -4.92781685e+01  -2.46336253e-05   3.3926e-07  11.69
 CG6     -4.92781706e+01  -2.13445897e-06   2.3940e-08  13.32
 CG7     -4.92781707e+01  -1.00560932e-07   2.6651e-09  12.57
 CG8     -4.92781708e+01  -5.89672740e-09   2.3643e-11  11.99
 ----------------------------------------------------------------
              Stress_x             Stress_y             Stress_z 
 ----------------------------------------------------------------
        -38.6917939379        -0.0000005238        -0.0000006001 
         -0.0000005238       -38.6917977650         0.0000005880 
         -0.0000006001         0.0000005880       -33.4404628463 
 ----------------------------------------------------------------
 TOTAL-PRESSURE (EXCLUDE KINETIC PART OF IONS): -36.941352 kbar

 TIME STATISTICS
-------------------------------------------------------------------
   CLASS_NAME           NAME         TIME/s  CALLS   AVG/s  PER/%  
-------------------------------------------------------------------
                 total               122.72 15       8.18   100.00 
 Driver          atomic_world        122.72 1        122.72 100.00 
 Relax_Driver    relax_driver        122.50 1        122.50 99.82  
 ESolver_KS      runner              122.38 1        122.38 99.73  
 ESolver_KS_PW   before_scf          3.43   1        3.43   2.79   
 PSIPrepare      initialize_psi      3.42   1        3.42   2.79   
 DiagoIterAssist diag_subspace       21.08  19232    0.00   17.18  
 Operator        hPsi                90.93  883245   0.00   74.10  
 Operator        veff_pw             89.79  883245   0.00   73.17  
 PW_Basis_K      recip2real          53.90  1325581  0.00   43.92  
 PW_Basis_K      gathers_copy_pack   2.50   1325581  0.00   2.03   
 PW_Basis_K      gathers_zero_mpi    4.61   1325581  0.00   3.76   
 PW_Basis_K      gathers_copy_unpack 2.27   1325581  0.00   1.85   
 PW_Basis_K      real2recip          41.03  1094797  0.00   33.43  
 PW_Basis_K      gatherp_copy_pack   1.85   1094797  0.00   1.51   
 PW_Basis_K      gatherp_copy_unpack 3.54   1094797  0.00   2.88   
 ESolver_KS_PW   hamilt2rho_single   118.88 8        14.86  96.87  
 HSolverPW       solve               118.88 8        14.86  96.87  
 HSolverPW       solve_psik          108.58 19232    0.01   88.48  
 DiagoCG         diag_once           89.46  19232    0.00   72.89  
 ElecStatePW     psiToRho            10.14  8        1.27   8.26   
-------------------------------------------------------------------


 START  Time  : Wed Aug  5 17:14:50 2026
 FINISH Time  : Wed Aug  5 17:16:52 2026
 TOTAL  Time  : 122
 SEE INFORMATION IN : OUT.s1_mg_v103_ksdft_half/
