
                     ▄████▄ █████▄ ▄████▄ ▄█████ ██  ██ ▄█████ 
                     ██▄▄██ ██▄▄██ ██▄▄██ ██     ██  ██ ▀▀▀▄▄▄ 
                     ██  ██ ██▄▄█▀ ██  ██ ▀█████ ▀████▀ █████▀ 

                                                                                     
                                v3.11.0-beta.5

               Atomic-orbital Based Ab-initio Computation at UStc                    

                     Website: http://abacus.ustc.edu.cn/                             
               Documentation: https://abacus.deepmodeling.com/                       
                  Repository: https://github.com/abacusmodeling/abacus-develop       
                              https://github.com/deepmodeling/abacus-develop         
                      Commit: unknown

 Mon Aug 10 10:42:07 2026
 MAKE THE DIR         : OUT.g1tlfu4_al_shear_xy_plus/
 RUNNING WITH DEVICE  : CPU / Intel(R) Xeon(R) Platinum 8368Q CPU @ 2.60GHz (x2)
 WARNING: some of potential function is set to zero cause of less than 1e-30.
 UNIFORM GRID DIM     : 24 * 24 * 24
 UNIFORM GRID DIM(BIG): 24 * 24 * 24
 DONE(0.0615229  SEC) : SETUP UNITCELL
 DONE(0.71194    SEC) : INIT K-POINTS
 ----------------------------------------------------------------
 Self-consistent calculations for electrons
 ----------------------------------------------------------------
 SPIN    KPOINTS         PROCESSES   THREADS/PROC  THREADS/TOTAL 
 1       10980           4           1             4             
 ----------------------------------------------------------------
 Use plane wave basis
 ----------------------------------------------------------------
 ELEMENT NATOM       
 Al      1           
 ----------------------------------------------------------------
 Initial plane wave basis and FFT box
 ----------------------------------------------------------------
 DONE(0.791343   SEC) : INIT PLANEWAVE
 START CHARGE         : ATOMIC
 DONE(0.820966   SEC) : LOCAL POTENTIAL
 DONE(0.8358     SEC) : NON-LOCAL POTENTIAL
 MEMORY FOR PSI (MB)  : 281.47
 DONE(0.876703   SEC) : INIT BASIS

 ================================================================
 SELF-CONSISTENT: 
 ================================================================
 DONE(8.18707    SEC) : INIT SCF
 ITER       ETOT/eV          EDIFF/eV         DRHO     TIME/s
 CG1     -6.30710116e+01   0.00000000e+00   5.7365e-03 113.97
 CG2     -6.30628762e+01   8.13536135e-03   2.2557e-03  22.65
 CG3     -6.30635096e+01  -6.33372325e-04   1.3879e-06  22.82
 CG4     -6.30636043e+01  -9.47256295e-05   1.2498e-06  54.71
 CG5     -6.30636042e+01   4.99540512e-08   3.1545e-07  22.67
 CG6     -6.30636048e+01  -5.08240849e-07   4.4321e-08  22.88
 CG7     -6.30636048e+01  -1.42256593e-08   4.2597e-09  25.33
 CG8     -6.30636048e+01  -4.23157907e-09   7.6234e-10  27.71
 CG9     -6.30636048e+01  -8.14843496e-10   9.6145e-11  26.40
 ----------------------------------------------------------------
              Stress_x             Stress_y             Stress_z 
 ----------------------------------------------------------------
         -7.6641495563        -1.2443791688        -0.0000066263 
         -1.2443791688        -7.6613582824         0.0000014942 
         -0.0000066263         0.0000014942        -7.9957636275 
 ----------------------------------------------------------------
 TOTAL-PRESSURE (EXCLUDE KINETIC PART OF IONS): -7.773757 kbar

 TIME STATISTICS
-------------------------------------------------------------------
   CLASS_NAME           NAME         TIME/s  CALLS   AVG/s  PER/%  
-------------------------------------------------------------------
                 total               354.32 15       23.62  100.00 
 Driver          atomic_world        354.32 1        354.32 100.00 
 Relax_Driver    relax_driver        353.43 1        353.43 99.75  
 ESolver_KS      runner              346.68 1        346.68 97.84  
 ESolver_KS_PW   before_scf          7.31   1        7.31   2.06   
 PSIPrepare      initialize_psi      7.30   1        7.30   2.06   
 Nonlocal        getvnl              7.82   120780   0.00   2.21   
 pp_cell_vnl     getvnl              7.77   120780   0.00   2.19   
 DiagoIterAssist diag_subspace       49.43  98820    0.00   13.95  
 Operator        hPsi                246.07 4857027  0.00   69.45  
 Operator        veff_pw             207.29 4857027  0.00   58.50  
 PW_Basis_K      recip2real          123.29 7261647  0.00   34.80  
 PW_Basis_K      gathers_copy_pack   6.77   7261647  0.00   1.91   
 PW_Basis_K      gathers_zero_mpi    8.86   7261647  0.00   2.50   
 PW_Basis_K      gathers_copy_unpack 7.16   7261647  0.00   2.02   
 PW_Basis_K      real2recip          90.75  5944047  0.00   25.61  
 PW_Basis_K      gatherp_copy_pack   5.37   5944047  0.00   1.51   
 PW_Basis_K      gatherp_copy_unpack 5.96   5944047  0.00   1.68   
 Operator        nonlocal_pw         34.13  4857027  0.00   9.63   
 Nonlocal        add_nonlocal_pp     13.60  4857027  0.00   3.84   
 ESolver_KS_PW   hamilt2rho_single   339.12 10       33.91  95.71  
 HSolverPW       solve               339.12 10       33.91  95.71  
 HSolverPW       solve_psik          308.24 109800   0.00   87.00  
 DiagoCG         diag_once           262.22 109800   0.00   74.01  
 ElecStatePW     psiToRho            23.33  10       2.33   6.58   
 Stress_PW       cal_stress          5.82   1        5.82   1.64   
 Stress          stress_nl           5.69   1        5.69   1.61   
-------------------------------------------------------------------


 START  Time  : Mon Aug 10 10:42:07 2026
 FINISH Time  : Mon Aug 10 10:48:02 2026
 TOTAL  Time  : 355
 SEE INFORMATION IN : OUT.g1tlfu4_al_shear_xy_plus/
