
                     ▄████▄ █████▄ ▄████▄ ▄█████ ██  ██ ▄█████ 
                     ██▄▄██ ██▄▄██ ██▄▄██ ██     ██  ██ ▀▀▀▄▄▄ 
                     ██  ██ ██▄▄█▀ ██  ██ ▀█████ ▀████▀ █████▀ 

                                                                                     
                                v3.11.0-beta.5

               Atomic-orbital Based Ab-initio Computation at UStc                    

                     Website: http://abacus.ustc.edu.cn/                             
               Documentation: https://abacus.deepmodeling.com/                       
                  Repository: https://github.com/abacusmodeling/abacus-develop       
                              https://github.com/deepmodeling/abacus-develop         
                      Commit: unknown

 Wed Aug  5 18:01:06 2026
 MAKE THE DIR         : OUT.s1_al_v103_ofdft_next_cutoff/
 RUNNING WITH DEVICE  : CPU / Intel(R) Xeon(R) Platinum 8368Q CPU @ 2.60GHz (x2)
 NAME OF ELEMENT      : Al
 DFT FUNC. (PSEUDO)   : PBE
 DFT FUNC. (SET TO)   : XC_GGA_X_PBE+XC_GGA_C_PBE
 MAKE SURE THIS DFT FUNCTIONAL IS WHAT YOU NEED
 UNIFORM GRID DIM     : 20 * 20 * 20
 UNIFORM GRID DIM(BIG): 20 * 20 * 20
 DONE(0.0808725  SEC) : SETUP UNITCELL
 DONE(0.0810868  SEC) : INIT K-POINTS
 ----------------------------------------------------------------
 Self-consistent calculations for electrons
 ----------------------------------------------------------------
 SPIN    KPOINTS         PROCESSES   THREADS/PROC  THREADS/TOTAL 
 1       1               4           1             4             
 ----------------------------------------------------------------
 Use plane wave basis
 ----------------------------------------------------------------
 ELEMENT NATOM       
 Al      1           
 ----------------------------------------------------------------
 Initial plane wave basis and FFT box
 ----------------------------------------------------------------
 DONE(0.0813566  SEC) : SETUP UNITCELL
 START CHARGE         : ATOMIC
 DONE(0.10172    SEC) : LOCAL POTENTIAL
 DONE(0.104369   SEC) : INIT POTENTIAL
 DONE(0.104439   SEC) : INIT KEDF
 DONE(0.104451   SEC) : INIT OPTIMIZATION
 DONE(0.104466   SEC) : INIT PHI

 ================================================================
 SELF-CONSISTENT: 
 ================================================================
 ============================= Running OFDFT ==============================
 ITER       ETOT/eV           EDIFF/eV        EFERMI/eV    POTNORM   TIME/s
 TN0     -5.49786834e+01   -5.49786834e+01   8.2904e+00   2.0437e-01   0.00  
 TN1     -5.53672619e+01   -3.88578528e-01   8.1497e+00   2.4657e-01   0.05  
 TN2     -5.55576795e+01   -1.90417619e-01   8.0785e+00   2.7335e-01   0.05  
 TN3     -5.64187097e+01   -8.61030147e-01   7.7756e+00   3.4003e-01   0.05  
 TN4     -5.71602029e+01   -7.41493230e-01   7.5204e+00   5.8530e-02   0.03  
 TN5     -5.71817043e+01   -2.15013995e-02   7.5142e+00   8.7302e-03   0.03  
 TN6     -5.71821728e+01   -4.68460575e-04   7.5139e+00   1.4243e-03   0.03  
 TN7     -5.71821891e+01   -1.63009002e-05   7.5140e+00   2.1258e-04   0.04  
 TN8     -5.71821895e+01   -4.48479250e-07   7.5140e+00   3.4645e-05   0.04  
 TN9     -5.71821895e+01   -1.22251297e-08   7.5140e+00   5.9173e-06   0.04  
 TN10    -5.71821895e+01   -4.89437806e-10   7.5140e+00   8.3816e-07   0.06  
 ----------------------------------------------------------------
              Stress_x             Stress_y             Stress_z 
 ----------------------------------------------------------------
        -14.9406109832         0.0000052110         0.0000052110 
          0.0000052110       -14.9406109828         0.0000052108 
          0.0000052110         0.0000052108       -14.9406109829 
 ----------------------------------------------------------------
 TOTAL-PRESSURE (EXCLUDE KINETIC PART OF IONS): -14.940611 kbar

 TIME STATISTICS
-----------------------------------------------------------------------
     CLASS_NAME             NAME         TIME/s  CALLS   AVG/s  PER/%  
-----------------------------------------------------------------------
                     total               0.54   17       0.03   100.00 
 Driver              atomic_world        0.54   1        0.54   100.00 
 Driver              reading             0.02   1        0.02   4.24   
 Charge              atomic_rho          0.02   2        0.01   2.90   
 PW_Basis_Sup        recip2real          0.09   2050     0.00   15.69  
 PW_Basis_Sup        recip2real_copy_g   0.01   2050     0.00   1.67   
 PW_Basis_Sup        gathers_copy_pack   0.01   2050     0.00   1.09   
 ppcell_vl           init_vloc           0.01   1        0.01   1.80   
 Potential           cal_veff            0.29   227      0.00   53.82  
 H_Hartree_pw        v_hartree           0.02   227      0.00   3.93   
 PW_Basis_Sup        real2recip          0.10   2499     0.00   17.93  
 PW_Basis_Sup        gatherp_copy_pack   0.01   2499     0.00   1.27   
 PW_Basis_Sup        gatherp_copy_unpack 0.01   2499     0.00   1.96   
 PW_Basis_Sup        real2recip_copy_g   0.01   2499     0.00   1.03   
 PotXC               cal_veff            0.27   227      0.00   49.79  
 XC_Functional_Libxc v_xc_libxc          0.27   227      0.00   49.73  
 Libxc               xc_lda/gga_exc_vxc  0.11   454      0.00   20.55  
 Relax_Driver        relax_driver        0.44   1        0.44   80.75  
 ESolver_OF          runner              0.43   1        0.43   78.40  
 KEDF_Manager        get_potential       0.12   225      0.00   22.74  
 KEDF_TF             tf_potential        0.02   225      0.00   3.54   
 KEDF_WT             wt_potential        0.08   225      0.00   15.35  
 KEDF_vW             vw_potential        0.02   225      0.00   3.78   
 OF_Stress_PW        cal_stress          0.01   1        0.01   2.21   
 Stress              stress_loc          0.01   1        0.01   1.69   
-----------------------------------------------------------------------


 START  Time  : Wed Aug  5 18:01:06 2026
 FINISH Time  : Wed Aug  5 18:01:06 2026
 TOTAL  Time  : 0
 SEE INFORMATION IN : OUT.s1_al_v103_ofdft_next_cutoff/
