
                     ▄████▄ █████▄ ▄████▄ ▄█████ ██  ██ ▄█████ 
                     ██▄▄██ ██▄▄██ ██▄▄██ ██     ██  ██ ▀▀▀▄▄▄ 
                     ██  ██ ██▄▄█▀ ██  ██ ▀█████ ▀████▀ █████▀ 

                                                                                     
                                v3.11.0-beta.5

               Atomic-orbital Based Ab-initio Computation at UStc                    

                     Website: http://abacus.ustc.edu.cn/                             
               Documentation: https://abacus.deepmodeling.com/                       
                  Repository: https://github.com/abacusmodeling/abacus-develop       
                              https://github.com/deepmodeling/abacus-develop         
                      Commit: unknown

 Wed Aug  5 18:07:33 2026
 MAKE THE DIR         : OUT.g1_ne_139_from_075/
 RUNNING WITH DEVICE  : CPU / Intel(R) Xeon(R) Platinum 8368Q CPU @ 2.60GHz (x2)
 NAME OF ELEMENT      : Al
 DFT FUNC. (PSEUDO)   : PBE
 DFT FUNC. (SET TO)   : XC_GGA_X_PBE+XC_GGA_C_PBE
 MAKE SURE THIS DFT FUNCTIONAL IS WHAT YOU NEED
 UNIFORM GRID DIM     : 20 * 20 * 20
 UNIFORM GRID DIM(BIG): 20 * 20 * 20
 DONE(0.0914864  SEC) : SETUP UNITCELL
 DONE(0.0940356  SEC) : INIT K-POINTS
 ----------------------------------------------------------------
 Self-consistent calculations for electrons
 ----------------------------------------------------------------
 SPIN    KPOINTS         PROCESSES   THREADS/PROC  THREADS/TOTAL 
 1       1               4           1             4             
 ----------------------------------------------------------------
 Use plane wave basis
 ----------------------------------------------------------------
 ELEMENT NATOM       
 Al      1           
 ----------------------------------------------------------------
 Initial plane wave basis and FFT box
 ----------------------------------------------------------------
 DONE(0.0956345  SEC) : SETUP UNITCELL
 START CHARGE         : ATOMIC
 DONE(0.126487   SEC) : LOCAL POTENTIAL
 DONE(0.132622   SEC) : INIT POTENTIAL
 DONE(0.132944   SEC) : INIT KEDF
 DONE(0.133136   SEC) : INIT OPTIMIZATION
 DONE(0.133341   SEC) : INIT PHI

 ================================================================
 SELF-CONSISTENT: 
 ================================================================
 ============================= Running OFDFT ==============================
 ITER       ETOT/eV           EDIFF/eV        EFERMI/eV    POTNORM   TIME/s
 TN0     -5.49786834e+01   -5.49786834e+01   8.2904e+00   2.0437e-01   0.01  
 TN1     -5.53672619e+01   -3.88578528e-01   8.1497e+00   2.4657e-01   0.16  
 TN2     -5.55576795e+01   -1.90417619e-01   8.0785e+00   2.7335e-01   0.19  
 TN3     -5.64187097e+01   -8.61030147e-01   7.7756e+00   3.4003e-01   0.21  
 TN4     -5.71602029e+01   -7.41493230e-01   7.5204e+00   5.8530e-02   0.12  
 TN5     -5.71817043e+01   -2.15013995e-02   7.5142e+00   8.7302e-03   0.11  
 TN6     -5.71821728e+01   -4.68460575e-04   7.5139e+00   1.4243e-03   0.12  
 TN7     -5.71821891e+01   -1.63009002e-05   7.5140e+00   2.1258e-04   0.19  
 TN8     -5.71821895e+01   -4.48479250e-07   7.5140e+00   3.4645e-05   0.19  
 TN9     -5.71821895e+01   -1.22251297e-08   7.5140e+00   5.9173e-06   0.18  
 TN10    -5.71821895e+01   -4.89437806e-10   7.5140e+00   8.3816e-07   0.22  
 ----------------------------------------------------------------
              Stress_x             Stress_y             Stress_z 
 ----------------------------------------------------------------
        -14.9406109832         0.0000052110         0.0000052110 
          0.0000052110       -14.9406109828         0.0000052108 
          0.0000052110         0.0000052108       -14.9406109829 
 ----------------------------------------------------------------
 TOTAL-PRESSURE (EXCLUDE KINETIC PART OF IONS): -14.940611 kbar

 TIME STATISTICS
-----------------------------------------------------------------------
     CLASS_NAME             NAME         TIME/s  CALLS   AVG/s  PER/%  
-----------------------------------------------------------------------
                     total               1.90   17       0.11   100.00 
 Driver              atomic_world        1.90   1        1.90   100.00 
 Driver              reading             0.04   1        0.04   2.10   
 Charge              atomic_rho          0.03   2        0.02   1.60   
 PW_Basis_Sup        recip2real          0.53   2050     0.00   28.14  
 PW_Basis_Sup        recip2real_copy_g   0.02   2050     0.00   1.08   
 Potential           cal_veff            1.20   227      0.01   63.39  
 H_Hartree_pw        v_hartree           0.13   227      0.00   6.63   
 PW_Basis_Sup        real2recip          0.66   2499     0.00   34.77  
 PW_Basis_Sup        gatherp_copy_unpack 0.02   2499     0.00   1.28   
 PotXC               cal_veff            1.08   227      0.00   56.69  
 XC_Functional_Libxc v_xc_libxc          1.08   227      0.00   56.64  
 Libxc               xc_lda/gga_exc_vxc  0.24   454      0.00   12.64  
 Relax_Driver        relax_driver        1.77   1        1.77   92.96  
 ESolver_OF          runner              1.74   1        1.74   91.52  
 KEDF_Manager        get_potential       0.50   225      0.00   26.41  
 KEDF_TF             tf_potential        0.04   225      0.00   2.21   
 KEDF_WT             wt_potential        0.34   225      0.00   17.77  
 KEDF_vW             vw_potential        0.12   225      0.00   6.38   
 ESolver_OF          after_opt           0.02   1        0.02   1.05   
 OF_Stress_PW        cal_stress          0.02   1        0.02   1.28   
-----------------------------------------------------------------------


 START  Time  : Wed Aug  5 18:07:33 2026
 FINISH Time  : Wed Aug  5 18:07:35 2026
 TOTAL  Time  : 2
 SEE INFORMATION IN : OUT.g1_ne_139_from_075/
