
                     ▄████▄ █████▄ ▄████▄ ▄█████ ██  ██ ▄█████ 
                     ██▄▄██ ██▄▄██ ██▄▄██ ██     ██  ██ ▀▀▀▄▄▄ 
                     ██  ██ ██▄▄█▀ ██  ██ ▀█████ ▀████▀ █████▀ 

                                                                                     
                                v3.11.0-beta.5

               Atomic-orbital Based Ab-initio Computation at UStc                    

                     Website: http://abacus.ustc.edu.cn/                             
               Documentation: https://abacus.deepmodeling.com/                       
                  Repository: https://github.com/abacusmodeling/abacus-develop       
                              https://github.com/deepmodeling/abacus-develop         
                      Commit: unknown

 Wed Aug  5 14:26:47 2026
 MAKE THE DIR         : OUT.s1_al_ofdft_ecut060/
 RUNNING WITH DEVICE  : CPU / Intel(R) Xeon(R) Platinum 8368Q CPU @ 2.60GHz (x2)
 NAME OF ELEMENT      : Al
 DFT FUNC. (PSEUDO)   : PBE
 DFT FUNC. (SET TO)   : XC_GGA_X_PBE+XC_GGA_C_PBE
 MAKE SURE THIS DFT FUNCTIONAL IS WHAT YOU NEED
 UNIFORM GRID DIM     : 27 * 27 * 27
 UNIFORM GRID DIM(BIG): 27 * 27 * 27
 DONE(0.0416464  SEC) : SETUP UNITCELL
 DONE(0.0428205  SEC) : INIT K-POINTS
 ----------------------------------------------------------------
 Self-consistent calculations for electrons
 ----------------------------------------------------------------
 SPIN    KPOINTS         PROCESSES   THREADS/PROC  THREADS/TOTAL 
 1       1               4           1             4             
 ----------------------------------------------------------------
 Use plane wave basis
 ----------------------------------------------------------------
 ELEMENT NATOM       
 Al      1           
 ----------------------------------------------------------------
 Initial plane wave basis and FFT box
 ----------------------------------------------------------------
 DONE(0.0432587  SEC) : SETUP UNITCELL
 START CHARGE         : ATOMIC
 DONE(0.0741701  SEC) : LOCAL POTENTIAL
 DONE(0.0821647  SEC) : INIT POTENTIAL
 DONE(0.0822384  SEC) : INIT KEDF
 DONE(0.0822482  SEC) : INIT OPTIMIZATION
 DONE(0.0822575  SEC) : INIT PHI

 ================================================================
 SELF-CONSISTENT: 
 ================================================================
 ============================= Running OFDFT ==============================
 ITER       ETOT/eV           EDIFF/eV        EFERMI/eV    POTNORM   TIME/s
 TN0     -5.49256629e+01   -5.49256629e+01   8.6187e+00   2.1056e-01   0.00  
 TN1     -5.51440290e+01   -2.18366108e-01   8.5392e+00   2.5712e-01   0.12  
 TN2     -5.71624230e+01   -2.01839397e+00   7.8337e+00   7.4874e-02   0.10  
 TN3     -5.71826387e+01   -2.02157214e-02   7.8241e+00   7.2941e-03   0.11  
 TN4     -5.71833980e+01   -7.59235165e-04   7.8229e+00   5.9659e-04   0.16  
 TN5     -5.71834015e+01   -3.51688284e-06   7.8229e+00   2.2416e-04   0.08  
 TN6     -5.71834018e+01   -3.05256724e-07   7.8229e+00   1.0360e-04   0.09  
 TN7     -5.71834019e+01   -7.42669002e-08   7.8229e+00   9.0432e-06   0.13  
 TN8     -5.71834019e+01   -5.19068479e-10   7.8229e+00   2.1783e-06   0.11  
 TN9     -5.71834019e+01   -3.55278048e-11   7.8229e+00   2.0277e-07   0.14  
WARNING: ROUNDING ERRORS PREVENT PROGRESS
 TN10    -5.71834019e+01   -8.45900114e-14   7.8229e+00   1.9681e-07   0.17  
WARNING: ROUNDING ERRORS PREVENT PROGRESS
 TN11    -5.71834019e+01   0.00000000e+00    7.8229e+00   1.9681e-07   0.27  
WARNING: ROUNDING ERRORS PREVENT PROGRESS
 TN12    -5.71834019e+01   0.00000000e+00    7.8229e+00   1.9681e-07   0.24  
WARNING: ROUNDING ERRORS PREVENT PROGRESS
 TN13    -5.71834019e+01   0.00000000e+00    7.8229e+00   1.9681e-07   0.23  
WARNING: ROUNDING ERRORS PREVENT PROGRESS
 TN14    -5.71834019e+01   0.00000000e+00    7.8229e+00   1.9681e-07   0.21  
WARNING: ROUNDING ERRORS PREVENT PROGRESS
 TN15    -5.71834019e+01   0.00000000e+00    7.8229e+00   1.9681e-07   0.22  
WARNING: ROUNDING ERRORS PREVENT PROGRESS
 TN16    -5.71834019e+01   0.00000000e+00    7.8229e+00   1.9681e-07   0.23  
WARNING: ROUNDING ERRORS PREVENT PROGRESS
 TN17    -5.71834019e+01   0.00000000e+00    7.8229e+00   1.9681e-07   0.26  
WARNING: ROUNDING ERRORS PREVENT PROGRESS
 TN18    -5.71834019e+01   0.00000000e+00    7.8229e+00   1.9681e-07   0.22  
WARNING: ROUNDING ERRORS PREVENT PROGRESS
 TN19    -5.71834019e+01   0.00000000e+00    7.8229e+00   1.9681e-07   0.21  
WARNING: ROUNDING ERRORS PREVENT PROGRESS
 TN20    -5.71834019e+01   0.00000000e+00    7.8229e+00   1.9681e-07   0.20  
WARNING: ROUNDING ERRORS PREVENT PROGRESS
 TN21    -5.71834019e+01   0.00000000e+00    7.8229e+00   1.9681e-07   0.22  
WARNING: ROUNDING ERRORS PREVENT PROGRESS
 TN22    -5.71834019e+01   0.00000000e+00    7.8229e+00   1.9681e-07   0.22  
WARNING: ROUNDING ERRORS PREVENT PROGRESS
 TN23    -5.71834019e+01   0.00000000e+00    7.8229e+00   1.9681e-07   0.24  
WARNING: ROUNDING ERRORS PREVENT PROGRESS
 TN24    -5.71834019e+01   0.00000000e+00    7.8229e+00   1.9681e-07   0.25  
WARNING: ROUNDING ERRORS PREVENT PROGRESS
 TN25    -5.71834019e+01   0.00000000e+00    7.8229e+00   1.9681e-07   0.22  
WARNING: ROUNDING ERRORS PREVENT PROGRESS
 TN26    -5.71834019e+01   0.00000000e+00    7.8229e+00   1.9681e-07   0.23  
WARNING: ROUNDING ERRORS PREVENT PROGRESS
 TN27    -5.71834019e+01   0.00000000e+00    7.8229e+00   1.9681e-07   0.22  
WARNING: ROUNDING ERRORS PREVENT PROGRESS
 TN28    -5.71834019e+01   0.00000000e+00    7.8229e+00   1.9681e-07   0.24  
WARNING: ROUNDING ERRORS PREVENT PROGRESS
 TN29    -5.71834019e+01   0.00000000e+00    7.8229e+00   1.9681e-07   0.20  
WARNING: ROUNDING ERRORS PREVENT PROGRESS
 TN30    -5.71834019e+01   0.00000000e+00    7.8229e+00   1.9681e-07   0.22  
WARNING: ROUNDING ERRORS PREVENT PROGRESS
 TN31    -5.71834019e+01   0.00000000e+00    7.8229e+00   1.9681e-07   0.23  
WARNING: ROUNDING ERRORS PREVENT PROGRESS
 TN32    -5.71834019e+01   0.00000000e+00    7.8229e+00   1.9681e-07   0.22  
WARNING: ROUNDING ERRORS PREVENT PROGRESS
 TN33    -5.71834019e+01   0.00000000e+00    7.8229e+00   1.9681e-07   0.25  
WARNING: ROUNDING ERRORS PREVENT PROGRESS
 TN34    -5.71834019e+01   0.00000000e+00    7.8229e+00   1.9681e-07   0.25  
WARNING: ROUNDING ERRORS PREVENT PROGRESS
 TN35    -5.71834019e+01   0.00000000e+00    7.8229e+00   1.9681e-07   0.25  
WARNING: ROUNDING ERRORS PREVENT PROGRESS
 TN36    -5.71834019e+01   0.00000000e+00    7.8229e+00   1.9681e-07   0.25  
WARNING: ROUNDING ERRORS PREVENT PROGRESS
 TN37    -5.71834019e+01   0.00000000e+00    7.8229e+00   1.9681e-07   0.25  
WARNING: ROUNDING ERRORS PREVENT PROGRESS
 TN38    -5.71834019e+01   0.00000000e+00    7.8229e+00   1.9681e-07   0.25  
WARNING: ROUNDING ERRORS PREVENT PROGRESS
 TN39    -5.71834019e+01   0.00000000e+00    7.8229e+00   1.9681e-07   0.25  
WARNING: ROUNDING ERRORS PREVENT PROGRESS
 TN40    -5.71834019e+01   0.00000000e+00    7.8229e+00   1.9681e-07   0.25  
WARNING: ROUNDING ERRORS PREVENT PROGRESS
 TN41    -5.71834019e+01   0.00000000e+00    7.8229e+00   1.9681e-07   0.25  
WARNING: ROUNDING ERRORS PREVENT PROGRESS
 TN42    -5.71834019e+01   0.00000000e+00    7.8229e+00   1.9681e-07   0.25  
WARNING: ROUNDING ERRORS PREVENT PROGRESS
 TN43    -5.71834019e+01   0.00000000e+00    7.8229e+00   1.9681e-07   0.25  
WARNING: ROUNDING ERRORS PREVENT PROGRESS
 TN44    -5.71834019e+01   0.00000000e+00    7.8229e+00   1.9681e-07   0.25  
WARNING: ROUNDING ERRORS PREVENT PROGRESS
 TN45    -5.71834019e+01   0.00000000e+00    7.8229e+00   1.9681e-07   0.24  
WARNING: ROUNDING ERRORS PREVENT PROGRESS
 TN46    -5.71834019e+01   0.00000000e+00    7.8229e+00   1.9681e-07   0.24  
WARNING: ROUNDING ERRORS PREVENT PROGRESS
 TN47    -5.71834019e+01   0.00000000e+00    7.8229e+00   1.9681e-07   0.20  
WARNING: ROUNDING ERRORS PREVENT PROGRESS
 TN48    -5.71834019e+01   0.00000000e+00    7.8229e+00   1.9681e-07   0.25  
WARNING: ROUNDING ERRORS PREVENT PROGRESS
 TN49    -5.71834019e+01   0.00000000e+00    7.8229e+00   1.9681e-07   0.22  
WARNING: ROUNDING ERRORS PREVENT PROGRESS
 TN50    -5.71834019e+01   0.00000000e+00    7.8229e+00   1.9681e-07   0.25  
WARNING: ROUNDING ERRORS PREVENT PROGRESS
 TN51    -5.71834019e+01   0.00000000e+00    7.8229e+00   1.9681e-07   0.22  
WARNING: ROUNDING ERRORS PREVENT PROGRESS
 TN52    -5.71834019e+01   0.00000000e+00    7.8229e+00   1.9681e-07   0.24  
WARNING: ROUNDING ERRORS PREVENT PROGRESS
 TN53    -5.71834019e+01   0.00000000e+00    7.8229e+00   1.9681e-07   0.24  
WARNING: ROUNDING ERRORS PREVENT PROGRESS
 TN54    -5.71834019e+01   0.00000000e+00    7.8229e+00   1.9681e-07   0.24  
WARNING: ROUNDING ERRORS PREVENT PROGRESS
 TN55    -5.71834019e+01   0.00000000e+00    7.8229e+00   1.9681e-07   0.24  
WARNING: ROUNDING ERRORS PREVENT PROGRESS
 TN56    -5.71834019e+01   0.00000000e+00    7.8229e+00   1.9681e-07   0.24  
WARNING: ROUNDING ERRORS PREVENT PROGRESS
 TN57    -5.71834019e+01   0.00000000e+00    7.8229e+00   1.9681e-07   0.24  
WARNING: ROUNDING ERRORS PREVENT PROGRESS
 TN58    -5.71834019e+01   0.00000000e+00    7.8229e+00   1.9681e-07   0.24  
WARNING: ROUNDING ERRORS PREVENT PROGRESS
 TN59    -5.71834019e+01   0.00000000e+00    7.8229e+00   1.9681e-07   0.24  
WARNING: ROUNDING ERRORS PREVENT PROGRESS
 TN60    -5.71834019e+01   0.00000000e+00    7.8229e+00   1.9681e-07   0.24  
WARNING: ROUNDING ERRORS PREVENT PROGRESS
 TN61    -5.71834019e+01   0.00000000e+00    7.8229e+00   1.9681e-07   0.24  
WARNING: ROUNDING ERRORS PREVENT PROGRESS
 TN62    -5.71834019e+01   0.00000000e+00    7.8229e+00   1.9681e-07   0.24  
WARNING: ROUNDING ERRORS PREVENT PROGRESS
 TN63    -5.71834019e+01   0.00000000e+00    7.8229e+00   1.9681e-07   0.24  
WARNING: ROUNDING ERRORS PREVENT PROGRESS
 TN64    -5.71834019e+01   0.00000000e+00    7.8229e+00   1.9681e-07   0.24  
WARNING: ROUNDING ERRORS PREVENT PROGRESS
 TN65    -5.71834019e+01   0.00000000e+00    7.8229e+00   1.9681e-07   0.24  
WARNING: ROUNDING ERRORS PREVENT PROGRESS
 TN66    -5.71834019e+01   0.00000000e+00    7.8229e+00   1.9681e-07   0.24  
WARNING: ROUNDING ERRORS PREVENT PROGRESS
 TN67    -5.71834019e+01   0.00000000e+00    7.8229e+00   1.9681e-07   0.24  
WARNING: ROUNDING ERRORS PREVENT PROGRESS
 TN68    -5.71834019e+01   0.00000000e+00    7.8229e+00   1.9681e-07   0.24  
WARNING: ROUNDING ERRORS PREVENT PROGRESS
 TN69    -5.71834019e+01   0.00000000e+00    7.8229e+00   1.9681e-07   0.24  
WARNING: ROUNDING ERRORS PREVENT PROGRESS
 TN70    -5.71834019e+01   0.00000000e+00    7.8229e+00   1.9681e-07   0.24  
WARNING: ROUNDING ERRORS PREVENT PROGRESS
 TN71    -5.71834019e+01   0.00000000e+00    7.8229e+00   1.9681e-07   0.24  
WARNING: ROUNDING ERRORS PREVENT PROGRESS
 TN72    -5.71834019e+01   0.00000000e+00    7.8229e+00   1.9681e-07   0.24  
WARNING: ROUNDING ERRORS PREVENT PROGRESS
 TN73    -5.71834019e+01   0.00000000e+00    7.8229e+00   1.9681e-07   0.24  
WARNING: ROUNDING ERRORS PREVENT PROGRESS
 TN74    -5.71834019e+01   0.00000000e+00    7.8229e+00   1.9681e-07   0.24  
WARNING: ROUNDING ERRORS PREVENT PROGRESS
 TN75    -5.71834019e+01   0.00000000e+00    7.8229e+00   1.9681e-07   0.24  
WARNING: ROUNDING ERRORS PREVENT PROGRESS
 TN76    -5.71834019e+01   0.00000000e+00    7.8229e+00   1.9681e-07   0.24  
WARNING: ROUNDING ERRORS PREVENT PROGRESS
 TN77    -5.71834019e+01   0.00000000e+00    7.8229e+00   1.9681e-07   0.24  
WARNING: ROUNDING ERRORS PREVENT PROGRESS
 TN78    -5.71834019e+01   0.00000000e+00    7.8229e+00   1.9681e-07   0.24  
WARNING: ROUNDING ERRORS PREVENT PROGRESS
 TN79    -5.71834019e+01   0.00000000e+00    7.8229e+00   1.9681e-07   0.24  
WARNING: ROUNDING ERRORS PREVENT PROGRESS
 TN80    -5.71834019e+01   0.00000000e+00    7.8229e+00   1.9681e-07   0.24  
WARNING: ROUNDING ERRORS PREVENT PROGRESS
 TN81    -5.71834019e+01   0.00000000e+00    7.8229e+00   1.9681e-07   0.24  
WARNING: ROUNDING ERRORS PREVENT PROGRESS
 TN82    -5.71834019e+01   0.00000000e+00    7.8229e+00   1.9681e-07   0.24  
WARNING: ROUNDING ERRORS PREVENT PROGRESS
 TN83    -5.71834019e+01   0.00000000e+00    7.8229e+00   1.9681e-07   0.24  
WARNING: ROUNDING ERRORS PREVENT PROGRESS
 TN84    -5.71834019e+01   0.00000000e+00    7.8229e+00   1.9681e-07   0.24  
WARNING: ROUNDING ERRORS PREVENT PROGRESS
 TN85    -5.71834019e+01   0.00000000e+00    7.8229e+00   1.9681e-07   0.24  
WARNING: ROUNDING ERRORS PREVENT PROGRESS
 TN86    -5.71834019e+01   0.00000000e+00    7.8229e+00   1.9681e-07   0.24  
WARNING: ROUNDING ERRORS PREVENT PROGRESS
 TN87    -5.71834019e+01   0.00000000e+00    7.8229e+00   1.9681e-07   0.24  
WARNING: ROUNDING ERRORS PREVENT PROGRESS
 TN88    -5.71834019e+01   0.00000000e+00    7.8229e+00   1.9681e-07   0.24  
WARNING: ROUNDING ERRORS PREVENT PROGRESS
 TN89    -5.71834019e+01   0.00000000e+00    7.8229e+00   1.9681e-07   0.24  
WARNING: ROUNDING ERRORS PREVENT PROGRESS
 TN90    -5.71834019e+01   0.00000000e+00    7.8229e+00   1.9681e-07   0.24  
WARNING: ROUNDING ERRORS PREVENT PROGRESS
 TN91    -5.71834019e+01   0.00000000e+00    7.8229e+00   1.9681e-07   0.24  
WARNING: ROUNDING ERRORS PREVENT PROGRESS
 TN92    -5.71834019e+01   0.00000000e+00    7.8229e+00   1.9681e-07   0.24  
WARNING: ROUNDING ERRORS PREVENT PROGRESS
 TN93    -5.71834019e+01   0.00000000e+00    7.8229e+00   1.9681e-07   0.24  
WARNING: ROUNDING ERRORS PREVENT PROGRESS
 TN94    -5.71834019e+01   0.00000000e+00    7.8229e+00   1.9681e-07   0.24  
WARNING: ROUNDING ERRORS PREVENT PROGRESS
 TN95    -5.71834019e+01   0.00000000e+00    7.8229e+00   1.9681e-07   0.24  
WARNING: ROUNDING ERRORS PREVENT PROGRESS
 TN96    -5.71834019e+01   0.00000000e+00    7.8229e+00   1.9681e-07   0.23  
WARNING: ROUNDING ERRORS PREVENT PROGRESS
 TN97    -5.71834019e+01   0.00000000e+00    7.8229e+00   1.9681e-07   0.23  
WARNING: ROUNDING ERRORS PREVENT PROGRESS
 TN98    -5.71834019e+01   0.00000000e+00    7.8229e+00   1.9681e-07   0.23  
WARNING: ROUNDING ERRORS PREVENT PROGRESS
 TN99    -5.71834019e+01   0.00000000e+00    7.8229e+00   1.9681e-07   0.23  
WARNING: ROUNDING ERRORS PREVENT PROGRESS
 TN100   -5.71834019e+01   0.00000000e+00    7.8229e+00   1.9681e-07   0.23  
WARNING: ROUNDING ERRORS PREVENT PROGRESS
 TN101   -5.71834019e+01   0.00000000e+00    7.8229e+00   1.9681e-07   0.23  
WARNING: ROUNDING ERRORS PREVENT PROGRESS
 TN102   -5.71834019e+01   0.00000000e+00    7.8229e+00   1.9681e-07   0.23  
WARNING: ROUNDING ERRORS PREVENT PROGRESS
 TN103   -5.71834019e+01   0.00000000e+00    7.8229e+00   1.9681e-07   0.23  
WARNING: ROUNDING ERRORS PREVENT PROGRESS
 TN104   -5.71834019e+01   0.00000000e+00    7.8229e+00   1.9681e-07   0.23  
WARNING: ROUNDING ERRORS PREVENT PROGRESS
 TN105   -5.71834019e+01   0.00000000e+00    7.8229e+00   1.9681e-07   0.24  
WARNING: ROUNDING ERRORS PREVENT PROGRESS
 TN106   -5.71834019e+01   0.00000000e+00    7.8229e+00   1.9681e-07   0.24  
WARNING: ROUNDING ERRORS PREVENT PROGRESS
 TN107   -5.71834019e+01   0.00000000e+00    7.8229e+00   1.9681e-07   0.24  
WARNING: ROUNDING ERRORS PREVENT PROGRESS
 TN108   -5.71834019e+01   0.00000000e+00    7.8229e+00   1.9681e-07   0.24  
WARNING: ROUNDING ERRORS PREVENT PROGRESS
 TN109   -5.71834019e+01   0.00000000e+00    7.8229e+00   1.9681e-07   0.24  
WARNING: ROUNDING ERRORS PREVENT PROGRESS
 TN110   -5.71834019e+01   0.00000000e+00    7.8229e+00   1.9681e-07   0.24  
WARNING: ROUNDING ERRORS PREVENT PROGRESS
 TN111   -5.71834019e+01   0.00000000e+00    7.8229e+00   1.9681e-07   0.24  
WARNING: ROUNDING ERRORS PREVENT PROGRESS
 TN112   -5.71834019e+01   0.00000000e+00    7.8229e+00   1.9681e-07   0.24  
WARNING: ROUNDING ERRORS PREVENT PROGRESS
 TN113   -5.71834019e+01   0.00000000e+00    7.8229e+00   1.9681e-07   0.24  
WARNING: ROUNDING ERRORS PREVENT PROGRESS
 TN114   -5.71834019e+01   0.00000000e+00    7.8229e+00   1.9681e-07   0.24  
WARNING: ROUNDING ERRORS PREVENT PROGRESS
 TN115   -5.71834019e+01   0.00000000e+00    7.8229e+00   1.9681e-07   0.24  
WARNING: ROUNDING ERRORS PREVENT PROGRESS
 TN116   -5.71834019e+01   0.00000000e+00    7.8229e+00   1.9681e-07   0.24  
WARNING: ROUNDING ERRORS PREVENT PROGRESS
 TN117   -5.71834019e+01   0.00000000e+00    7.8229e+00   1.9681e-07   0.24  
WARNING: ROUNDING ERRORS PREVENT PROGRESS
 TN118   -5.71834019e+01   0.00000000e+00    7.8229e+00   1.9681e-07   0.24  
WARNING: ROUNDING ERRORS PREVENT PROGRESS
 TN119   -5.71834019e+01   0.00000000e+00    7.8229e+00   1.9681e-07   0.24  
WARNING: ROUNDING ERRORS PREVENT PROGRESS
 TN120   -5.71834019e+01   0.00000000e+00    7.8229e+00   1.9681e-07   0.24  
WARNING: ROUNDING ERRORS PREVENT PROGRESS
 TN121   -5.71834019e+01   0.00000000e+00    7.8229e+00   1.9681e-07   0.24  
WARNING: ROUNDING ERRORS PREVENT PROGRESS
 TN122   -5.71834019e+01   0.00000000e+00    7.8229e+00   1.9681e-07   0.24  
WARNING: ROUNDING ERRORS PREVENT PROGRESS
 TN123   -5.71834019e+01   0.00000000e+00    7.8229e+00   1.9681e-07   0.24  
WARNING: ROUNDING ERRORS PREVENT PROGRESS
 TN124   -5.71834019e+01   0.00000000e+00    7.8229e+00   1.9681e-07   0.24  
WARNING: ROUNDING ERRORS PREVENT PROGRESS
 TN125   -5.71834019e+01   0.00000000e+00    7.8229e+00   1.9681e-07   0.24  
WARNING: ROUNDING ERRORS PREVENT PROGRESS
 TN126   -5.71834019e+01   0.00000000e+00    7.8229e+00   1.9681e-07   0.24  
WARNING: ROUNDING ERRORS PREVENT PROGRESS
 TN127   -5.71834019e+01   0.00000000e+00    7.8229e+00   1.9681e-07   0.24  
WARNING: ROUNDING ERRORS PREVENT PROGRESS
 TN128   -5.71834019e+01   0.00000000e+00    7.8229e+00   1.9681e-07   0.24  
WARNING: ROUNDING ERRORS PREVENT PROGRESS
 TN129   -5.71834019e+01   0.00000000e+00    7.8229e+00   1.9681e-07   0.24  
WARNING: ROUNDING ERRORS PREVENT PROGRESS
 TN130   -5.71834019e+01   0.00000000e+00    7.8229e+00   1.9681e-07   0.24  
WARNING: ROUNDING ERRORS PREVENT PROGRESS
 TN131   -5.71834019e+01   0.00000000e+00    7.8229e+00   1.9681e-07   0.24  
WARNING: ROUNDING ERRORS PREVENT PROGRESS
 TN132   -5.71834019e+01   0.00000000e+00    7.8229e+00   1.9681e-07   0.24  
WARNING: ROUNDING ERRORS PREVENT PROGRESS
 TN133   -5.71834019e+01   0.00000000e+00    7.8229e+00   1.9681e-07   0.24  
WARNING: ROUNDING ERRORS PREVENT PROGRESS
 TN134   -5.71834019e+01   0.00000000e+00    7.8229e+00   1.9681e-07   0.24  
WARNING: ROUNDING ERRORS PREVENT PROGRESS
 TN135   -5.71834019e+01   0.00000000e+00    7.8229e+00   1.9681e-07   0.23  
WARNING: ROUNDING ERRORS PREVENT PROGRESS
 TN136   -5.71834019e+01   0.00000000e+00    7.8229e+00   1.9681e-07   0.23  
WARNING: ROUNDING ERRORS PREVENT PROGRESS
 TN137   -5.71834019e+01   0.00000000e+00    7.8229e+00   1.9681e-07   0.23  
WARNING: ROUNDING ERRORS PREVENT PROGRESS
 TN138   -5.71834019e+01   0.00000000e+00    7.8229e+00   1.9681e-07   0.23  
WARNING: ROUNDING ERRORS PREVENT PROGRESS
 TN139   -5.71834019e+01   0.00000000e+00    7.8229e+00   1.9681e-07   0.24  
WARNING: ROUNDING ERRORS PREVENT PROGRESS
 TN140   -5.71834019e+01   0.00000000e+00    7.8229e+00   1.9681e-07   0.24  
WARNING: ROUNDING ERRORS PREVENT PROGRESS
 TN141   -5.71834019e+01   0.00000000e+00    7.8229e+00   1.9681e-07   0.24  
WARNING: ROUNDING ERRORS PREVENT PROGRESS
 TN142   -5.71834019e+01   0.00000000e+00    7.8229e+00   1.9681e-07   0.24  
WARNING: ROUNDING ERRORS PREVENT PROGRESS
 TN143   -5.71834019e+01   0.00000000e+00    7.8229e+00   1.9681e-07   0.24  
WARNING: ROUNDING ERRORS PREVENT PROGRESS
 TN144   -5.71834019e+01   0.00000000e+00    7.8229e+00   1.9681e-07   0.24  
WARNING: ROUNDING ERRORS PREVENT PROGRESS
 TN145   -5.71834019e+01   0.00000000e+00    7.8229e+00   1.9681e-07   0.24  
WARNING: ROUNDING ERRORS PREVENT PROGRESS
 TN146   -5.71834019e+01   0.00000000e+00    7.8229e+00   1.9681e-07   0.24  
WARNING: ROUNDING ERRORS PREVENT PROGRESS
 TN147   -5.71834019e+01   0.00000000e+00    7.8229e+00   1.9681e-07   0.24  
WARNING: ROUNDING ERRORS PREVENT PROGRESS
 TN148   -5.71834019e+01   0.00000000e+00    7.8229e+00   1.9681e-07   0.24  
WARNING: ROUNDING ERRORS PREVENT PROGRESS
 TN149   -5.71834019e+01   0.00000000e+00    7.8229e+00   1.9681e-07   0.24  
WARNING: ROUNDING ERRORS PREVENT PROGRESS
 TN150   -5.71834019e+01   0.00000000e+00    7.8229e+00   1.9681e-07   0.24  
WARNING: ROUNDING ERRORS PREVENT PROGRESS
 TN151   -5.71834019e+01   0.00000000e+00    7.8229e+00   1.9681e-07   0.24  
WARNING: ROUNDING ERRORS PREVENT PROGRESS
 TN152   -5.71834019e+01   0.00000000e+00    7.8229e+00   1.9681e-07   0.24  
WARNING: ROUNDING ERRORS PREVENT PROGRESS
 TN153   -5.71834019e+01   0.00000000e+00    7.8229e+00   1.9681e-07   0.24  
WARNING: ROUNDING ERRORS PREVENT PROGRESS
 TN154   -5.71834019e+01   0.00000000e+00    7.8229e+00   1.9681e-07   0.24  
WARNING: ROUNDING ERRORS PREVENT PROGRESS
 TN155   -5.71834019e+01   0.00000000e+00    7.8229e+00   1.9681e-07   0.24  
WARNING: ROUNDING ERRORS PREVENT PROGRESS
 TN156   -5.71834019e+01   0.00000000e+00    7.8229e+00   1.9681e-07   0.24  
WARNING: ROUNDING ERRORS PREVENT PROGRESS
 TN157   -5.71834019e+01   0.00000000e+00    7.8229e+00   1.9681e-07   0.24  
WARNING: ROUNDING ERRORS PREVENT PROGRESS
 TN158   -5.71834019e+01   0.00000000e+00    7.8229e+00   1.9681e-07   0.24  
WARNING: ROUNDING ERRORS PREVENT PROGRESS
 TN159   -5.71834019e+01   0.00000000e+00    7.8229e+00   1.9681e-07   0.24  
WARNING: ROUNDING ERRORS PREVENT PROGRESS
 TN160   -5.71834019e+01   0.00000000e+00    7.8229e+00   1.9681e-07   0.24  
WARNING: ROUNDING ERRORS PREVENT PROGRESS
 TN161   -5.71834019e+01   0.00000000e+00    7.8229e+00   1.9681e-07   0.24  
WARNING: ROUNDING ERRORS PREVENT PROGRESS
 TN162   -5.71834019e+01   0.00000000e+00    7.8229e+00   1.9681e-07   0.24  
WARNING: ROUNDING ERRORS PREVENT PROGRESS
 TN163   -5.71834019e+01   0.00000000e+00    7.8229e+00   1.9681e-07   0.24  
WARNING: ROUNDING ERRORS PREVENT PROGRESS
 TN164   -5.71834019e+01   0.00000000e+00    7.8229e+00   1.9681e-07   0.24  
WARNING: ROUNDING ERRORS PREVENT PROGRESS
 TN165   -5.71834019e+01   0.00000000e+00    7.8229e+00   1.9681e-07   0.24  
WARNING: ROUNDING ERRORS PREVENT PROGRESS
 TN166   -5.71834019e+01   0.00000000e+00    7.8229e+00   1.9681e-07   0.24  
WARNING: ROUNDING ERRORS PREVENT PROGRESS
 TN167   -5.71834019e+01   0.00000000e+00    7.8229e+00   1.9681e-07   0.24  
WARNING: ROUNDING ERRORS PREVENT PROGRESS
 TN168   -5.71834019e+01   0.00000000e+00    7.8229e+00   1.9681e-07   0.24  
WARNING: ROUNDING ERRORS PREVENT PROGRESS
 TN169   -5.71834019e+01   0.00000000e+00    7.8229e+00   1.9681e-07   0.24  
WARNING: ROUNDING ERRORS PREVENT PROGRESS
 TN170   -5.71834019e+01   0.00000000e+00    7.8229e+00   1.9681e-07   0.24  
WARNING: ROUNDING ERRORS PREVENT PROGRESS
 TN171   -5.71834019e+01   0.00000000e+00    7.8229e+00   1.9681e-07   0.24  
WARNING: ROUNDING ERRORS PREVENT PROGRESS
 TN172   -5.71834019e+01   0.00000000e+00    7.8229e+00   1.9681e-07   0.24  
WARNING: ROUNDING ERRORS PREVENT PROGRESS
 TN173   -5.71834019e+01   0.00000000e+00    7.8229e+00   1.9681e-07   0.24  
WARNING: ROUNDING ERRORS PREVENT PROGRESS
 TN174   -5.71834019e+01   0.00000000e+00    7.8229e+00   1.9681e-07   0.24  
WARNING: ROUNDING ERRORS PREVENT PROGRESS
 TN175   -5.71834019e+01   0.00000000e+00    7.8229e+00   1.9681e-07   0.24  
WARNING: ROUNDING ERRORS PREVENT PROGRESS
 TN176   -5.71834019e+01   0.00000000e+00    7.8229e+00   1.9681e-07   0.24  
WARNING: ROUNDING ERRORS PREVENT PROGRESS
 TN177   -5.71834019e+01   0.00000000e+00    7.8229e+00   1.9681e-07   0.24  
WARNING: ROUNDING ERRORS PREVENT PROGRESS
 TN178   -5.71834019e+01   0.00000000e+00    7.8229e+00   1.9681e-07   0.24  
WARNING: ROUNDING ERRORS PREVENT PROGRESS
 TN179   -5.71834019e+01   0.00000000e+00    7.8229e+00   1.9681e-07   0.24  
WARNING: ROUNDING ERRORS PREVENT PROGRESS
 TN180   -5.71834019e+01   0.00000000e+00    7.8229e+00   1.9681e-07   0.24  
WARNING: ROUNDING ERRORS PREVENT PROGRESS
 TN181   -5.71834019e+01   0.00000000e+00    7.8229e+00   1.9681e-07   0.24  
WARNING: ROUNDING ERRORS PREVENT PROGRESS
 TN182   -5.71834019e+01   0.00000000e+00    7.8229e+00   1.9681e-07   0.24  
WARNING: ROUNDING ERRORS PREVENT PROGRESS
 TN183   -5.71834019e+01   0.00000000e+00    7.8229e+00   1.9681e-07   0.24  
WARNING: ROUNDING ERRORS PREVENT PROGRESS
 TN184   -5.71834019e+01   0.00000000e+00    7.8229e+00   1.9681e-07   0.24  
WARNING: ROUNDING ERRORS PREVENT PROGRESS
 TN185   -5.71834019e+01   0.00000000e+00    7.8229e+00   1.9681e-07   0.24  
WARNING: ROUNDING ERRORS PREVENT PROGRESS
 TN186   -5.71834019e+01   0.00000000e+00    7.8229e+00   1.9681e-07   0.24  
WARNING: ROUNDING ERRORS PREVENT PROGRESS
 TN187   -5.71834019e+01   0.00000000e+00    7.8229e+00   1.9681e-07   0.24  
WARNING: ROUNDING ERRORS PREVENT PROGRESS
 TN188   -5.71834019e+01   0.00000000e+00    7.8229e+00   1.9681e-07   0.24  
WARNING: ROUNDING ERRORS PREVENT PROGRESS
 TN189   -5.71834019e+01   0.00000000e+00    7.8229e+00   1.9681e-07   0.24  
WARNING: ROUNDING ERRORS PREVENT PROGRESS
 TN190   -5.71834019e+01   0.00000000e+00    7.8229e+00   1.9681e-07   0.24  
WARNING: ROUNDING ERRORS PREVENT PROGRESS
 TN191   -5.71834019e+01   0.00000000e+00    7.8229e+00   1.9681e-07   0.24  
WARNING: ROUNDING ERRORS PREVENT PROGRESS
 TN192   -5.71834019e+01   0.00000000e+00    7.8229e+00   1.9681e-07   0.24  
WARNING: ROUNDING ERRORS PREVENT PROGRESS
 TN193   -5.71834019e+01   0.00000000e+00    7.8229e+00   1.9681e-07   0.24  
WARNING: ROUNDING ERRORS PREVENT PROGRESS
 TN194   -5.71834019e+01   0.00000000e+00    7.8229e+00   1.9681e-07   0.24  
WARNING: ROUNDING ERRORS PREVENT PROGRESS
 TN195   -5.71834019e+01   0.00000000e+00    7.8229e+00   1.9681e-07   0.24  
WARNING: ROUNDING ERRORS PREVENT PROGRESS
 TN196   -5.71834019e+01   0.00000000e+00    7.8229e+00   1.9681e-07   0.24  
WARNING: ROUNDING ERRORS PREVENT PROGRESS
 TN197   -5.71834019e+01   0.00000000e+00    7.8229e+00   1.9681e-07   0.24  
WARNING: ROUNDING ERRORS PREVENT PROGRESS
 TN198   -5.71834019e+01   0.00000000e+00    7.8229e+00   1.9681e-07   0.24  
WARNING: ROUNDING ERRORS PREVENT PROGRESS
 TN199   -5.71834019e+01   0.00000000e+00    7.8229e+00   1.9681e-07   0.23  
WARNING: ROUNDING ERRORS PREVENT PROGRESS
 TN200   -5.71834019e+01   0.00000000e+00    7.8229e+00   1.9681e-07   0.24  
 !!SCF IS NOT CONVERGED!!
 ----------------------------------------------------------------
              Stress_x             Stress_y             Stress_z 
 ----------------------------------------------------------------
          7.7880491815         0.0000007721         0.0000007721 
          0.0000007721         7.7880491816         0.0000007719 
          0.0000007721         0.0000007719         7.7880491817 
 ----------------------------------------------------------------
 TOTAL-PRESSURE (EXCLUDE KINETIC PART OF IONS): 7.788049 kbar

 TIME STATISTICS
-----------------------------------------------------------------------
     CLASS_NAME             NAME         TIME/s  CALLS   AVG/s  PER/%  
-----------------------------------------------------------------------
                     total               46.10  17       2.71   100.00 
 Driver              atomic_world        46.10  1        46.10  100.00 
 PW_Basis_Sup        recip2real          7.67   101689   0.00   16.64  
 PW_Basis_Sup        recip2real_copy_g   1.00   101689   0.00   2.18   
 PW_Basis_Sup        gathers_copy_pack   0.59   101689   0.00   1.27   
 PW_Basis_Sup        gathers_copy_unpack 0.58   101689   0.00   1.26   
 Potential           cal_veff            31.61  11298    0.00   68.58  
 H_Hartree_pw        v_hartree           2.02   11298    0.00   4.39   
 PW_Basis_Sup        real2recip          8.85   124281   0.00   19.20  
 PW_Basis_Sup        real2recip_copy_r   0.55   124281   0.00   1.19   
 PW_Basis_Sup        gatherp_copy_pack   0.70   124281   0.00   1.52   
 PW_Basis_Sup        gatherp_copy_unpack 1.13   124281   0.00   2.45   
 PW_Basis_Sup        real2recip_copy_g   0.58   124281   0.00   1.25   
 PotXC               cal_veff            29.53  11298    0.00   64.06  
 XC_Functional_Libxc v_xc_libxc          29.50  11298    0.00   63.99  
 Libxc               xc_lda/gga_exc_vxc  13.78  22596    0.00   29.90  
 Relax_Driver        relax_driver        46.01  1        46.01  99.82  
 ESolver_OF          runner              45.99  1        45.99  99.77  
 KEDF_Manager        get_potential       13.57  11296    0.00   29.44  
 KEDF_TF             tf_potential        2.38   11296    0.00   5.17   
 KEDF_WT             wt_potential        9.28   11296    0.00   20.13  
 KEDF_vW             vw_potential        1.87   11296    0.00   4.06   
-----------------------------------------------------------------------


 START  Time  : Wed Aug  5 14:26:47 2026
 FINISH Time  : Wed Aug  5 14:27:33 2026
 TOTAL  Time  : 46
 SEE INFORMATION IN : OUT.s1_al_ofdft_ecut060/
