                                                                                     
                              ABACUS v3.11.0-beta.5

               Atomic-orbital Based Ab-initio Computation at UStc                    

                     Website: http://abacus.ustc.edu.cn/                             
               Documentation: https://abacus.deepmodeling.com/                       
                  Repository: https://github.com/abacusmodeling/abacus-develop       
                              https://github.com/deepmodeling/abacus-develop         
                      Commit: unknown

    Start Time is Wed Aug  5 18:11:21 2026
                                                                                     
 ------------------------------------------------------------------------------------

 READING GENERAL INFORMATION
                           global_out_dir = OUT.g1_ne_140_from_076/
                           global_in_card = INPUT
                               pseudo_dir = ./
                              orbital_dir = 
                                    DRANK = 1
                                    DSIZE = 4
                                   DCOLOR = 1
                                    GRANK = 1
                                    GSIZE = 1


 >>>>>>>>>>>>>>>>>>>>>>>>>>>>>>>>>>>>>>>>>>>>>>>>>>>>>>>>>>>>>>>>>>>>>>
 |                                                                    |
 |                        #Setup Unitcell#                            |
 | From the input file and the structure file we know the number of   |
 | different elments in this unitcell, then we list the detail        |
 | information for each element, especially the zeta and polar atomic |
 | orbital number for each element. The total atom number is counted. |
 | We calculate the nearest atom distance for each atom and show the  |
 | Cartesian and Direct coordinates for each atom. We list the file   |
 | address for atomic orbitals. The volume and the lattice vectors    |
 | in real and reciprocal space is also shown.                        |
 |                                                                    |
 <<<<<<<<<<<<<<<<<<<<<<<<<<<<<<<<<<<<<<<<<<<<<<<<<<<<<<<<<<<<<<<<<<<<<<

 READING UNITCELL INFORMATION
                       Number of elements = 1
                  Lattice constant (Bohr) = 1.88973
              Lattice constant (Angstrom) = 1

 READING ATOM TYPE 1
                               Atom label = Al
                      L=0, number of zeta = 1
                      L=1, number of zeta = 1
                      L=2, number of zeta = 1
            Number of atoms for this type = 1

                        TOTAL ATOM NUMBER = 1

 DIRECT COORDINATES
 atom                  x                  y                  z     mag
   Al     0.000000000000     0.000000000000     0.000000000000  0.0000

 ATOMIC VELOCITIES
 atom                 vx                 vy                 vz
   Al                  0                  0                  0

                     Cell volume (Bohr^3) = 118.798
                        Cell volume (A^3) = 17.604

 Lattice vectors: (Cartesian coordinate: in unit of a_0)
                   +0            +2.06472            +2.06472
             +2.06472                  +0            +2.06472
             +2.06472            +2.06472                  +0
 Reciprocal vectors: (Cartesian coordinate: in unit of 2 pi/a_0)
            -0.242164           +0.242164           +0.242164
            +0.242164           -0.242164           +0.242164
            +0.242164           +0.242164           -0.242164

 #ENERGY SOLVER# ofdft
 RUNNING WITH DEVICE  : CPU / Intel(R) Xeon(R) Platinum 8368Q CPU @ 2.60GHz (x2)


 >>>>>>>>>>>>>>>>>>>>>>>>>>>>>>>>>>>>>>>>>>>>>>>>>>>>>>>>>>>>>>>>>>>>>>
 |                                                                    |
 |                 #Read Pseudopotentials Files#                      |
 | ABACUS supports norm-conserving (NC) pseudopotentials for both     |
 | plane wave basis and numerical atomic orbital basis sets.          |
 | In addition, ABACUS supports ultrasoft pseudopotentials (USPP)     |
 | for plane wave basis set.                                          |
 |                                                                    |
 <<<<<<<<<<<<<<<<<<<<<<<<<<<<<<<<<<<<<<<<<<<<<<<<<<<<<<<<<<<<<<<<<<<<<<

                PAO radial cut off (Bohr) = 16

                     Pseudopotential file = al.gga.psp
                     Pseudopotential type = 
          Exchange-correlation functional = PBE
                 Nonlocal core correction = 0
                        Valence electrons = 3
                                     Lmax = 0
                           Number of zeta = 0
                     Number of projectors = 0
                    DFT functional set to = XC_GGA_X_PBE+XC_GGA_C_PBE
         Number of pseudo atomic orbitals = 0
            Electron number of element Al = 3
      Total electron number of element Al = 3
          Autoset the number of electrons = 3
               Occupied electronic states = 2
     Number of electronic states (NBANDS) = 12


 >>>>>>>>>>>>>>>>>>>>>>>>>>>>>>>>>>>>>>>>>>>>>>>>>>>>>>>>>>>>>>>>>>>>>>
 |                                                                    |
 |           #Setup Plane Waves of Charge/Potential#                  |
 | Use the kinetic energy cutoff and the lattice vectors to generate  |
 | the dimensions of FFT grid, which is used to represent the charge  |
 | density or potential. If USPP is used, a double grid technique     |
 | is applied.                                                        |
 |                                                                    |
 <<<<<<<<<<<<<<<<<<<<<<<<<<<<<<<<<<<<<<<<<<<<<<<<<<<<<<<<<<<<<<<<<<<<<

 SETUP PLANE WAVES FOR CHARGE/POTENTIAL
  Energy cutoff for charge/potential (Ry) = 120
            FFT grid for charge/potential = [ 20, 20, 20 ]
           Number of FFT grids this proc. = 2000
                Division for big FFT grid = [ 1, 1, 1 ]
      FFT (big) grid for charge/potential = [ 20, 20, 20 ]
     Number of FFT (big) grids this proc. = 2000
                    Number of plane waves = 8000
        Number of sticks on FFT x-y plane = 400

 PARALLEL PW FOR CHARGE/POTENTIAL
     PROC   COLUMNS(POT)             PW
        1            100           2000
        2            100           2000
        3            100           2000
        4            100           2000
 --------------- SUM -------------------
        4            400           8000

                            Number of |g| = 221
                                  Max |g| = 58.8194
                                  Min |g| = 0.469147
 DONE : SETUP UNITCELL Time : 0.102139 (SEC)


 >>>>>>>>>>>>>>>>>>>>>>>>>>>>>>>>>>>>>>>>>>>>>>>>>>>>>>>>>>>>>>>>>>>>>>
 |                                                                    |
 |                       #Setup K-points#                             |
 | We setup the k-points according to input parameters.               |
 | The reduced k-points are set according to symmetry operations.     |
 | We treat the spin as another set of k-points.                      |
 |                                                                    |
 <<<<<<<<<<<<<<<<<<<<<<<<<<<<<<<<<<<<<<<<<<<<<<<<<<<<<<<<<<<<<<<<<<<<<<


 SETUP K-POINTS
                                    nspin = 1
                   Input type of k points = Monkhorst-Pack(Gamma)
                                   nkstot = 1
           Number of irreducible k-points = 1

 K-POINTS REDUCTION ACCORDING TO SYMMETRY
     IBZ    DIRECT_X    DIRECT_Y    DIRECT_Z  WEIGHT  ibz2bz
       1  0.00000000  0.00000000  0.00000000  1.0000       0

                               nkstot now = 1
 K-POINTS DIRECT COORDINATES
 KPOINTS    DIRECT_X    DIRECT_Y    DIRECT_Z  WEIGHT
       1  0.00000000  0.00000000  0.00000000  1.0000


       Number of k-points in this process = 1
       Minimum distributed k-point number = 1

 K-POINTS CARTESIAN COORDINATES
 KPOINTS CARTESIAN_X CARTESIAN_Y CARTESIAN_Z  WEIGHT
       1  0.00000000  0.00000000  0.00000000  2.0000


 K-POINTS DIRECT COORDINATES
 KPOINTS    DIRECT_X    DIRECT_Y    DIRECT_Z  WEIGHT
       1  0.00000000  0.00000000  0.00000000  2.0000

 DONE : INIT K-POINTS Time : 0.104226 (SEC)

 Libxc v7.0.0
	S. Lehtola, C. Steigemann, M. J.T. Oliveira, and M. A.L. Marques.,  SoftwareX 7, 1–5 (2018)
 XC: Perdew, Burke & Ernzerhof
	J. P. Perdew, K. Burke, and M. Ernzerhof.,  Phys. Rev. Lett. 77, 3865 (1996)
	J. P. Perdew, K. Burke, and M. Ernzerhof.,  Phys. Rev. Lett. 78, 1396 (1997)
 XC: Perdew, Burke & Ernzerhof
	J. P. Perdew, K. Burke, and M. Ernzerhof.,  Phys. Rev. Lett. 77, 3865 (1996)
	J. P. Perdew, K. Burke, and M. Ernzerhof.,  Phys. Rev. Lett. 78, 1396 (1997)

 DONE : SETUP UNITCELL Time : 0.105724 (SEC)

                                 init_chg = atomic
 DONE : LOCAL POTENTIAL Time : 0.135248 (SEC)

 DONE : INIT POTENTIAL Time : 0.141271 (SEC)

 DONE : INIT KEDF Time : 0.14152 (SEC)

 DONE : INIT OPTIMIZATION Time : 0.141742 (SEC)

 DONE : INIT PHI Time : 0.141932 (SEC)

 ================================================================
 SELF-CONSISTENT
 ================================================================

Iter0: the norm of potential is 0.198614720783
----------------------------------------------------------------
        Energy              Rydberg                 eV          
----------------------------------------------------------------
              E_Total      -4.043561364914     -55.015474775483 
              E_Fermi       0.586528956850       7.980135855150 
----------------------------------------------------------------


Iter1: the norm of potential is 0.242537389992
----------------------------------------------------------------
        Energy              Rydberg                 eV          
----------------------------------------------------------------
              E_Total      -4.089449947523     -55.639820972114 
              E_Fermi       0.570047713828       7.755897039928 
----------------------------------------------------------------


Iter2: the norm of potential is 0.244696684081
----------------------------------------------------------------
        Energy              Rydberg                 eV          
----------------------------------------------------------------
              E_Total      -4.089705385503     -55.643296384132 
              E_Fermi       0.569976188348       7.754923885859 
----------------------------------------------------------------


Iter3: the norm of potential is 0.0640603890082
----------------------------------------------------------------
        Energy              Rydberg                 eV          
----------------------------------------------------------------
              E_Total      -4.200614047117     -57.152286139625 
              E_Fermi       0.531087140095       7.225811239815 
----------------------------------------------------------------


Iter4: the norm of potential is 0.0112593610531
----------------------------------------------------------------
        Energy              Rydberg                 eV          
----------------------------------------------------------------
              E_Total      -4.202160911342     -57.173332307128 
              E_Fermi       0.530608196306       7.219294875261 
----------------------------------------------------------------


Iter5: the norm of potential is 0.00453036925696
----------------------------------------------------------------
        Energy              Rydberg                 eV          
----------------------------------------------------------------
              E_Total      -4.202232647522     -57.174308327919 
              E_Fermi       0.530648863309       7.219848178221 
----------------------------------------------------------------


Iter6: the norm of potential is 0.000757662394365
----------------------------------------------------------------
        Energy              Rydberg                 eV          
----------------------------------------------------------------
              E_Total      -4.202245419420     -57.174482098507 
              E_Fermi       0.530653830957       7.219915766541 
----------------------------------------------------------------


Iter7: the norm of potential is 0.000140368552355
----------------------------------------------------------------
        Energy              Rydberg                 eV          
----------------------------------------------------------------
              E_Total      -4.202245736351     -57.174486410584 
              E_Fermi       0.530655576263       7.219939512649 
----------------------------------------------------------------


Iter8: the norm of potential is 2.69261161895e-05
----------------------------------------------------------------
        Energy              Rydberg                 eV          
----------------------------------------------------------------
              E_Total      -4.202245747007     -57.174486555568 
              E_Fermi       0.530654459329       7.219924315989 
----------------------------------------------------------------


Iter9: the norm of potential is 4.50326835476e-06
----------------------------------------------------------------
        Energy              Rydberg                 eV          
----------------------------------------------------------------
              E_Total      -4.202245747462     -57.174486561749 
              E_Fermi       0.530654579122       7.219925945858 
----------------------------------------------------------------


Iter10: the norm of potential is 7.80023316237e-07
----------------------------------------------------------------
        Energy              Rydberg                 eV          
----------------------------------------------------------------
              E_Total      -4.202245747477     -57.174486561955 
              E_Fermi       0.530654552554       7.219925584379 
----------------------------------------------------------------

 #SCF IS CONVERGED#
 #TOTAL ENERGY# -57.174486562 eV
 Write data to file: OUT.g1_ne_140_from_076/chg.cube



 #TOTAL-FORCE (eV/Angstrom)#
 -------------------------------------------------------------------------
     Atoms              Force_x              Force_y              Force_z 
 -------------------------------------------------------------------------
       Al1         0.0000000000         0.0000000000         0.0000000000 
 -------------------------------------------------------------------------

 #TOTAL-STRESS (kbar)#
 ----------------------------------------------------------------
              Stress_x             Stress_y             Stress_z 
 ----------------------------------------------------------------
        -34.0418799318         0.0000067454         0.0000067455 
          0.0000067454       -34.0418799323         0.0000067458 
          0.0000067455         0.0000067458       -34.0418799323 
 ----------------------------------------------------------------
 #TOTAL-PRESSURE# (EXCLUDE KINETIC PART OF IONS): -34.041880 kbar

 --------------------------------------------
 !FINAL_ETOT_IS -57.1744865619548008 eV
 --------------------------------------------



 TIME STATISTICS
-----------------------------------------------------------------------
     CLASS_NAME             NAME         TIME/s  CALLS   AVG/s  PER/%  
-----------------------------------------------------------------------
                     total               1.93   17       0.11   100.00 
 Driver              atomic_world        1.93   1        1.93   100.00 
 Driver              reading             0.05   1        0.05   2.68   
 Charge              atomic_rho          0.03   2        0.01   1.55   
 PW_Basis_Sup        recip2real          0.53   2059     0.00   27.56  
 PW_Basis_Sup        recip2real_copy_g   0.02   2059     0.00   1.10   
 Potential           cal_veff            1.21   228      0.01   62.60  
 H_Hartree_pw        v_hartree           0.13   228      0.00   6.82   
 PW_Basis_Sup        real2recip          0.65   2510     0.00   33.68  
 PW_Basis_Sup        gatherp_copy_unpack 0.02   2510     0.00   1.20   
 PotXC               cal_veff            1.07   228      0.00   55.71  
 XC_Functional_Libxc v_xc_libxc          1.07   228      0.00   55.67  
 Libxc               xc_lda/gga_exc_vxc  0.25   456      0.00   13.13  
 Relax_Driver        relax_driver        1.78   1        1.78   92.61  
 ESolver_OF          runner              1.76   1        1.76   91.09  
 KEDF_Manager        get_potential       0.51   226      0.00   26.66  
 KEDF_TF             tf_potential        0.04   226      0.00   2.28   
 KEDF_WT             wt_potential        0.34   226      0.00   17.83  
 KEDF_vW             vw_potential        0.13   226      0.00   6.49   
 ESolver_OF          after_opt           0.02   1        0.02   1.10   
 OF_Stress_PW        cal_stress          0.03   1        0.03   1.34   
-----------------------------------------------------------------------


 NAME-------------------------|MEMORY(MB)------------------
                         total         1.0451
 -------------   < 1.0 MB has been ignored ----------------
 ----------------------------------------------------------

 Start  Time  : Wed Aug  5 18:11:21 2026
 Finish Time  : Wed Aug  5 18:11:23 2026
 Total  Time  : 0 h 0 mins 2 secs 
