
                     ▄████▄ █████▄ ▄████▄ ▄█████ ██  ██ ▄█████ 
                     ██▄▄██ ██▄▄██ ██▄▄██ ██     ██  ██ ▀▀▀▄▄▄ 
                     ██  ██ ██▄▄█▀ ██  ██ ▀█████ ▀████▀ █████▀ 

                                                                                     
                                v3.11.0-beta.5

               Atomic-orbital Based Ab-initio Computation at UStc                    

                     Website: http://abacus.ustc.edu.cn/                             
               Documentation: https://abacus.deepmodeling.com/                       
                  Repository: https://github.com/abacusmodeling/abacus-develop       
                              https://github.com/deepmodeling/abacus-develop         
                      Commit: unknown

 Mon Aug 10 07:27:56 2026
 MAKE THE DIR         : OUT.g1tlr2_al_v094_normal_common/
 RUNNING WITH DEVICE  : CPU / Intel(R) Xeon(R) Platinum 8368Q CPU @ 2.60GHz (x2)
 WARNING: some of potential function is set to zero cause of less than 1e-30.
 UNIFORM GRID DIM     : 24 * 24 * 24
 UNIFORM GRID DIM(BIG): 24 * 24 * 24
 DONE(0.0577097  SEC) : SETUP UNITCELL
 DONE(0.708469   SEC) : INIT K-POINTS
 ----------------------------------------------------------------
 Self-consistent calculations for electrons
 ----------------------------------------------------------------
 SPIN    KPOINTS         PROCESSES   THREADS/PROC  THREADS/TOTAL 
 1       10980           4           1             4             
 ----------------------------------------------------------------
 Use plane wave basis
 ----------------------------------------------------------------
 ELEMENT NATOM       
 Al      1           
 ----------------------------------------------------------------
 Initial plane wave basis and FFT box
 ----------------------------------------------------------------
 DONE(0.785031   SEC) : INIT PLANEWAVE
 START CHARGE         : ATOMIC
 DONE(0.791684   SEC) : LOCAL POTENTIAL
 DONE(0.806136   SEC) : NON-LOCAL POTENTIAL
 MEMORY FOR PSI (MB)  : 245.281
 DONE(0.847027   SEC) : INIT BASIS

 ================================================================
 SELF-CONSISTENT: 
 ================================================================
 DONE(7.97226    SEC) : INIT SCF
 ITER       ETOT/eV          EDIFF/eV         DRHO     TIME/s
 CG1     -6.30602705e+01   0.00000000e+00   5.7412e-03 112.19
 CG2     -6.30519622e+01   8.30828742e-03   2.2503e-03  22.33
 CG3     -6.30525726e+01  -6.10419183e-04   1.2864e-06  22.53
 CG4     -6.30526644e+01  -9.17545704e-05   1.1995e-06  53.81
 CG5     -6.30526664e+01  -2.00586461e-06   8.4605e-07  22.35
 CG6     -6.30526668e+01  -4.17522061e-07   5.1658e-08  22.34
 CG7     -6.30526672e+01  -3.85596957e-07   3.7193e-08  24.95
 CG8     -6.30526672e+01  -2.15526044e-08   3.5578e-09  22.32
 CG9     -6.30526672e+01   2.64458586e-09   5.1347e-10  26.60
 CG10    -6.30526672e+01  -2.88242881e-09   3.5334e-10  28.93
 CG11    -6.30526672e+01  -3.91071707e-10   3.3848e-11  22.46
 ----------------------------------------------------------------
              Stress_x             Stress_y             Stress_z 
 ----------------------------------------------------------------
         45.7683774998        -0.0000007163        -0.0000014528 
         -0.0000007163        45.7683777124        -0.0000014813 
         -0.0000014528        -0.0000014813        45.7683766012 
 ----------------------------------------------------------------
 TOTAL-PRESSURE (EXCLUDE KINETIC PART OF IONS): 45.768377 kbar

 TIME STATISTICS
-------------------------------------------------------------------
   CLASS_NAME           NAME         TIME/s  CALLS   AVG/s  PER/%  
-------------------------------------------------------------------
                 total               395.16 15       26.34  100.00 
 Driver          atomic_world        395.16 1        395.16 100.00 
 Relax_Driver    relax_driver        394.30 1        394.30 99.78  
 ESolver_KS      runner              388.15 1        388.15 98.22  
 ESolver_KS_PW   before_scf          7.13   1        7.13   1.80   
 PSIPrepare      initialize_psi      7.12   1        7.12   1.80   
 Nonlocal        getvnl              8.96   142740   0.00   2.27   
 pp_cell_vnl     getvnl              8.91   142740   0.00   2.26   
 DiagoIterAssist diag_subspace       59.62  120780   0.00   15.09  
 Operator        hPsi                274.81 5443773  0.00   69.54  
 Operator        veff_pw             234.81 5443773  0.00   59.42  
 PW_Basis_K      recip2real          143.46 8353473  0.00   36.30  
 PW_Basis_K      gathers_copy_pack   8.85   8353473  0.00   2.24   
 PW_Basis_K      gathers_zero_mpi    11.31  8353473  0.00   2.86   
 PW_Basis_K      gathers_copy_unpack 9.09   8353473  0.00   2.30   
 PW_Basis_K      real2recip          103.54 6772353  0.00   26.20  
 PW_Basis_K      gatherp_copy_pack   6.85   6772353  0.00   1.73   
 PW_Basis_K      gatherp_copy_unpack 7.67   6772353  0.00   1.94   
 Operator        nonlocal_pw         33.09  5443773  0.00   8.37   
 Nonlocal        add_nonlocal_pp     14.14  5443773  0.00   3.58   
 DiagoIterAssist diag_hegvd          4.31   120780   0.00   1.09   
 ESolver_KS_PW   hamilt2rho_single   380.78 12       31.73  96.36  
 HSolverPW       solve               380.78 12       31.73  96.36  
 HSolverPW       solve_psik          343.84 131760   0.00   87.01  
 DiagoCG         diag_once           287.60 131760   0.00   72.78  
 ElecStatePW     psiToRho            28.10  12       2.34   7.11   
 Stress_PW       cal_stress          5.31   1        5.31   1.34   
 Stress          stress_nl           5.23   1        5.23   1.32   
-------------------------------------------------------------------


 START  Time  : Mon Aug 10 07:27:56 2026
 FINISH Time  : Mon Aug 10 07:34:31 2026
 TOTAL  Time  : 395
 SEE INFORMATION IN : OUT.g1tlr2_al_v094_normal_common/
