
                     ▄████▄ █████▄ ▄████▄ ▄█████ ██  ██ ▄█████ 
                     ██▄▄██ ██▄▄██ ██▄▄██ ██     ██  ██ ▀▀▀▄▄▄ 
                     ██  ██ ██▄▄█▀ ██  ██ ▀█████ ▀████▀ █████▀ 

                                                                                     
                                v3.11.0-beta.5

               Atomic-orbital Based Ab-initio Computation at UStc                    

                     Website: http://abacus.ustc.edu.cn/                             
               Documentation: https://abacus.deepmodeling.com/                       
                  Repository: https://github.com/abacusmodeling/abacus-develop       
                              https://github.com/deepmodeling/abacus-develop         
                      Commit: unknown

 Wed Aug  5 16:51:08 2026
 MAKE THE DIR         : OUT.g1_ne_129_from_051/
 RUNNING WITH DEVICE  : CPU / Intel(R) Xeon(R) Platinum 8368Q CPU @ 2.60GHz (x2)
 NAME OF ELEMENT      : Mg
 DFT FUNC. (PSEUDO)   : PZ
 DFT FUNC. (SET TO)   : XC_LDA_X+XC_LDA_C_PZ
 MAKE SURE THIS DFT FUNCTIONAL IS WHAT YOU NEED
 UNIFORM GRID DIM     : 24 * 24 * 36
 UNIFORM GRID DIM(BIG): 24 * 24 * 36
 DONE(0.150569   SEC) : SETUP UNITCELL
 DONE(0.153162   SEC) : INIT K-POINTS
 ----------------------------------------------------------------
 Self-consistent calculations for electrons
 ----------------------------------------------------------------
 SPIN    KPOINTS         PROCESSES   THREADS/PROC  THREADS/TOTAL 
 1       1               4           1             4             
 ----------------------------------------------------------------
 Use plane wave basis
 ----------------------------------------------------------------
 ELEMENT NATOM       
 Mg      2           
 ----------------------------------------------------------------
 Initial plane wave basis and FFT box
 ----------------------------------------------------------------
 DONE(0.155916   SEC) : SETUP UNITCELL
 START CHARGE         : ATOMIC
 DONE(0.24863    SEC) : LOCAL POTENTIAL
 DONE(0.250918   SEC) : INIT POTENTIAL
 DONE(0.251284   SEC) : INIT KEDF
 DONE(0.251438   SEC) : INIT OPTIMIZATION
 DONE(0.251563   SEC) : INIT PHI

 ================================================================
 SELF-CONSISTENT: 
 ================================================================
 ============================= Running OFDFT ==============================
 ITER       ETOT/eV           EDIFF/eV        EFERMI/eV    POTNORM   TIME/s
 TN0     -4.65406119e+01   -4.65406119e+01   4.4325e+00   1.2804e-01   0.00  
 TN1     -4.92276834e+01   -2.68707158e+00   3.7266e+00   7.1408e-02   0.07  
 TN2     -4.92962723e+01   -6.85888140e-02   3.7089e+00   1.6449e-02   0.07  
 TN3     -4.93043777e+01   -8.10542203e-03   3.7053e+00   2.6769e-03   0.11  
 TN4     -4.93045835e+01   -2.05861983e-04   3.7051e+00   1.7713e-03   0.06  
 TN5     -4.93046262e+01   -4.26989424e-05   3.7053e+00   2.4194e-04   0.10  
 TN6     -4.93046272e+01   -9.41255437e-07   3.7053e+00   4.6583e-05   0.08  
 TN7     -4.93046272e+01   -2.95336418e-08   3.7053e+00   1.4088e-05   0.05  
 TN8     -4.93046272e+01   -5.65600840e-09   3.7053e+00   2.2531e-06   0.10  
 TN9     -4.93046272e+01   -1.47851256e-10   3.7053e+00   7.6693e-07   0.06  
 ----------------------------------------------------------------
              Stress_x             Stress_y             Stress_z 
 ----------------------------------------------------------------
         -8.9509542762         0.0000007478        -0.0000000005 
          0.0000007478        -8.9509534127        -0.0000000008 
         -0.0000000005        -0.0000000008        -6.1037301576 
 ----------------------------------------------------------------
 TOTAL-PRESSURE (EXCLUDE KINETIC PART OF IONS): -8.001879 kbar

 TIME STATISTICS
----------------------------------------------------------------------
     CLASS_NAME             NAME        TIME/s  CALLS   AVG/s  PER/%  
----------------------------------------------------------------------
                     total              1.03   17       0.06   100.00 
 Driver              atomic_world       1.03   1        1.03   100.00 
 Driver              reading            0.06   1        0.06   5.35   
 Charge              atomic_rho         0.08   2        0.04   8.12   
 PW_Basis_Sup        recip2real         0.16   848      0.00   15.93  
 ppcell_vl           init_vloc          0.03   1        0.03   3.22   
 Potential           cal_veff           0.23   211      0.00   22.18  
 H_Hartree_pw        v_hartree          0.09   211      0.00   8.79   
 PW_Basis_Sup        real2recip         0.17   844      0.00   16.06  
 PotXC               cal_veff           0.14   211      0.00   13.25  
 XC_Functional_Libxc v_xc_libxc         0.14   211      0.00   13.18  
 Libxc               xc_lda/gga_exc_vxc 0.12   422      0.00   11.45  
 Relax_Driver        relax_driver       0.78   1        0.78   75.57  
 ESolver_OF          runner             0.73   1        0.73   70.89  
 KEDF_Manager        get_potential      0.45   209      0.00   43.69  
 KEDF_TF             tf_potential       0.05   209      0.00   4.93   
 KEDF_WT             wt_potential       0.31   209      0.00   30.46  
 KEDF_vW             vw_potential       0.08   209      0.00   8.22   
 ESolver_OF          after_opt          0.03   1        0.03   3.32   
 OF_Stress_PW        cal_stress         0.04   1        0.04   4.33   
 Stress              stress_loc         0.04   1        0.04   4.24   
----------------------------------------------------------------------


 START  Time  : Wed Aug  5 16:51:08 2026
 FINISH Time  : Wed Aug  5 16:51:09 2026
 TOTAL  Time  : 1
 SEE INFORMATION IN : OUT.g1_ne_129_from_051/
