
                     ▄████▄ █████▄ ▄████▄ ▄█████ ██  ██ ▄█████ 
                     ██▄▄██ ██▄▄██ ██▄▄██ ██     ██  ██ ▀▀▀▄▄▄ 
                     ██  ██ ██▄▄█▀ ██  ██ ▀█████ ▀████▀ █████▀ 

                                                                                     
                                v3.11.0-beta.5

               Atomic-orbital Based Ab-initio Computation at UStc                    

                     Website: http://abacus.ustc.edu.cn/                             
               Documentation: https://abacus.deepmodeling.com/                       
                  Repository: https://github.com/abacusmodeling/abacus-develop       
                              https://github.com/deepmodeling/abacus-develop         
                      Commit: unknown

 Mon Aug 10 11:22:35 2026
 MAKE THE DIR         : OUT.g1tlfu4_al_v110_high_extra/
 RUNNING WITH DEVICE  : CPU / Intel(R) Xeon(R) Platinum 8368Q CPU @ 2.60GHz (x2)
 WARNING: some of potential function is set to zero cause of less than 1e-30.
 UNIFORM GRID DIM     : 25 * 25 * 25
 UNIFORM GRID DIM(BIG): 25 * 25 * 25
 DONE(0.0674307  SEC) : SETUP UNITCELL
 DONE(1.42072    SEC) : INIT K-POINTS
 ----------------------------------------------------------------
 Self-consistent calculations for electrons
 ----------------------------------------------------------------
 SPIN    KPOINTS         PROCESSES   THREADS/PROC  THREADS/TOTAL 
 1       16388           4           1             4             
 ----------------------------------------------------------------
 Use plane wave basis
 ----------------------------------------------------------------
 ELEMENT NATOM       
 Al      1           
 ----------------------------------------------------------------
 Initial plane wave basis and FFT box
 ----------------------------------------------------------------
 DONE(1.59093    SEC) : INIT PLANEWAVE
 START CHARGE         : ATOMIC
 DONE(1.5981     SEC) : LOCAL POTENTIAL
 DONE(1.61524    SEC) : NON-LOCAL POTENTIAL
 MEMORY FOR PSI (MB)  : 615.15
 DONE(1.66165    SEC) : INIT BASIS

 ================================================================
 SELF-CONSISTENT: 
 ================================================================
 DONE(17.1813    SEC) : INIT SCF
 ITER       ETOT/eV          EDIFF/eV         DRHO     TIME/s
 CG1     -6.30314052e+01   0.00000000e+00   5.6839e-03 221.97
 CG2     -6.30235107e+01   7.89456833e-03   2.2607e-03  45.39
 CG3     -6.30242095e+01  -6.98877051e-04   1.9189e-06  45.67
 CG4     -6.30243107e+01  -1.01147418e-04   1.3937e-06 105.53
 CG5     -6.30243102e+01   5.19066799e-07   6.5237e-07  45.51
 CG6     -6.30243105e+01  -2.97141097e-07   1.9494e-08  45.42
 CG7     -6.30243105e+01  -2.02626672e-08   2.0409e-09  57.53
 CG8     -6.30243105e+01  -4.99334838e-10   4.2469e-11  57.17
 ----------------------------------------------------------------
              Stress_x             Stress_y             Stress_z 
 ----------------------------------------------------------------
        -64.6590438066         0.0000035657         0.0000008423 
          0.0000035657       -64.6590436767        -0.0000023369 
          0.0000008423        -0.0000023369       -64.6590451877 
 ----------------------------------------------------------------
 TOTAL-PRESSURE (EXCLUDE KINETIC PART OF IONS): -64.659044 kbar

 TIME STATISTICS
-------------------------------------------------------------------
   CLASS_NAME           NAME         TIME/s  CALLS   AVG/s  PER/%  
-------------------------------------------------------------------
                 total               657.05 15       43.80  100.00 
 Driver          atomic_world        657.05 1        657.05 100.00 
 Relax_Driver    relax_driver        655.36 1        655.36 99.74  
 ESolver_KS      runner              640.03 1        640.03 97.41  
 ESolver_KS_PW   before_scf          15.52  1        15.52  2.36   
 PSIPrepare      initialize_psi      15.51  1        15.51  2.36   
 Nonlocal        getvnl              16.51  163880   0.00   2.51   
 pp_cell_vnl     getvnl              16.45  163880   0.00   2.50   
 DiagoIterAssist diag_subspace       90.22  131104   0.00   13.73  
 Operator        hPsi                468.73 6836379  0.00   71.34  
 Operator        veff_pw             408.89 6836379  0.00   62.23  
 PW_Basis_K      recip2real          245.30 10048427 0.00   37.33  
 PW_Basis_K      gathers_copy_pack   12.35  10048427 0.00   1.88   
 PW_Basis_K      gathers_zero_mpi    15.67  10048427 0.00   2.39   
 PW_Basis_K      gathers_copy_unpack 13.56  10048427 0.00   2.06   
 PW_Basis_K      real2recip          179.22 8278523  0.00   27.28  
 PW_Basis_K      gatherp_copy_pack   10.57  8278523  0.00   1.61   
 PW_Basis_K      gatherp_copy_unpack 10.78  8278523  0.00   1.64   
 Operator        nonlocal_pw         53.05  6836379  0.00   8.07   
 Nonlocal        add_nonlocal_pp     24.61  6836379  0.00   3.75   
 ESolver_KS_PW   hamilt2rho_single   624.16 9        69.35  94.99  
 HSolverPW       solve               624.16 9        69.35  94.99  
 HSolverPW       solve_psik          565.19 147492   0.00   86.02  
 DiagoCG         diag_once           482.54 147492   0.00   73.44  
 ElecStatePW     psiToRho            43.39  9        4.82   6.60   
 Stress_PW       cal_stress          13.30  1        13.30  2.02   
 Stress          stress_nl           13.14  1        13.14  2.00   
-------------------------------------------------------------------


 START  Time  : Mon Aug 10 11:22:35 2026
 FINISH Time  : Mon Aug 10 11:33:32 2026
 TOTAL  Time  : 657
 SEE INFORMATION IN : OUT.g1tlfu4_al_v110_high_extra/
