
                     ▄████▄ █████▄ ▄████▄ ▄█████ ██  ██ ▄█████ 
                     ██▄▄██ ██▄▄██ ██▄▄██ ██     ██  ██ ▀▀▀▄▄▄ 
                     ██  ██ ██▄▄█▀ ██  ██ ▀█████ ▀████▀ █████▀ 

                                                                                     
                                v3.11.0-beta.5

               Atomic-orbital Based Ab-initio Computation at UStc                    

                     Website: http://abacus.ustc.edu.cn/                             
               Documentation: https://abacus.deepmodeling.com/                       
                  Repository: https://github.com/abacusmodeling/abacus-develop       
                              https://github.com/deepmodeling/abacus-develop         
                      Commit: unknown

 Wed Aug  5 19:30:23 2026
 MAKE THE DIR         : OUT.s1_mg_v090_ksdft_next_kmesh/
 RUNNING WITH DEVICE  : CPU / Intel(R) Xeon(R) Platinum 8368Q CPU @ 2.60GHz (x2)
 NAME OF ELEMENT      : Mg
 DFT FUNC. (PSEUDO)   : PZ
 DFT FUNC. (SET TO)   : XC_LDA_X+XC_LDA_C_PZ
 MAKE SURE THIS DFT FUNCTIONAL IS WHAT YOU NEED
 UNIFORM GRID DIM     : 24 * 24 * 40
 UNIFORM GRID DIM(BIG): 24 * 24 * 40
 DONE(0.0626789  SEC) : SETUP UNITCELL
 DONE(0.236471   SEC) : INIT K-POINTS
 ----------------------------------------------------------------
 Self-consistent calculations for electrons
 ----------------------------------------------------------------
 SPIN    KPOINTS         PROCESSES   THREADS/PROC  THREADS/TOTAL 
 1       4612            4           1             4             
 ----------------------------------------------------------------
 Use plane wave basis
 ----------------------------------------------------------------
 ELEMENT NATOM       
 Mg      2           
 ----------------------------------------------------------------
 Initial plane wave basis and FFT box
 ----------------------------------------------------------------
 DONE(0.313706   SEC) : INIT PLANEWAVE
 START CHARGE         : ATOMIC
 DONE(0.335864   SEC) : LOCAL POTENTIAL
not allowed!
i1*i2*i3 must be positive! i1*i2*i3 is 0
i2 must be positive! i2 is 0
i3 must be positive! i3 is 0
 DONE(0.337253   SEC) : NON-LOCAL POTENTIAL
 MEMORY FOR PSI (MB)  : 267.701
 WARNING: init_wfc = atomic requires atomic pseudo wavefunctions(PP_PSWFC),
 but none available. Automatically switch to random initialization.
 DONE(0.337291   SEC) : INIT BASIS

 ================================================================
 SELF-CONSISTENT: 
 ================================================================
 DONE(5.49327    SEC) : INIT SCF
 ITER       ETOT/eV          EDIFF/eV         DRHO     TIME/s
 CG1     -4.91081442e+01   0.00000000e+00   9.7605e-02  41.63
 CG2     -4.93439965e+01  -2.35852326e-01   3.9343e-02  15.51
 CG3     -4.93549962e+01  -1.09997099e-02   3.9024e-05  14.84
 CG4     -4.93573235e+01  -2.32727011e-03   6.7162e-06  31.35
 CG5     -4.93573409e+01  -1.73950337e-05   2.5269e-07  17.24
 CG6     -4.93573427e+01  -1.80244975e-06   1.9001e-08  21.41
 CG7     -4.93573427e+01  -3.73879271e-08   1.3456e-09  18.40
 CG8     -4.93573427e+01  -4.84938222e-09   8.5769e-11  20.69
 ----------------------------------------------------------------
              Stress_x             Stress_y             Stress_z 
 ----------------------------------------------------------------
          4.4320174963        -0.0000000387        -0.0000014886 
         -0.0000000387         4.4320167786        -0.0000000400 
         -0.0000014886        -0.0000000400         6.0877967147 
 ----------------------------------------------------------------
 TOTAL-PRESSURE (EXCLUDE KINETIC PART OF IONS): 4.983944 kbar

 TIME STATISTICS
-------------------------------------------------------------------
   CLASS_NAME           NAME         TIME/s  CALLS   AVG/s  PER/%  
-------------------------------------------------------------------
                 total               186.92 15       12.46  100.00 
 Driver          atomic_world        186.92 1        186.92 100.00 
 Relax_Driver    relax_driver        186.56 1        186.56 99.81  
 ESolver_KS      runner              186.33 1        186.33 99.68  
 ESolver_KS_PW   before_scf          5.16   1        5.16   2.76   
 PSIPrepare      initialize_psi      5.15   1        5.15   2.76   
 DiagoIterAssist diag_subspace       30.93  36896    0.00   16.55  
 Operator        hPsi                134.81 1724745  0.00   72.12  
 Operator        veff_pw             132.56 1724745  0.00   70.92  
 PW_Basis_K      recip2real          77.31  2573353  0.00   41.36  
 PW_Basis_K      gathers_copy_pack   3.55   2573353  0.00   1.90   
 PW_Basis_K      gathers_zero_mpi    6.90   2573353  0.00   3.69   
 PW_Basis_K      gathers_copy_unpack 3.64   2573353  0.00   1.95   
 PW_Basis_K      real2recip          61.69  2130601  0.00   33.01  
 PW_Basis_K      gatherp_copy_pack   2.91   2130601  0.00   1.55   
 PW_Basis_K      gatherp_copy_unpack 4.50   2130601  0.00   2.41   
 ESolver_KS_PW   hamilt2rho_single   181.05 8        22.63  96.86  
 HSolverPW       solve               181.05 8        22.63  96.86  
 HSolverPW       solve_psik          165.93 36896    0.00   88.77  
 DiagoCG         diag_once           137.64 36896    0.00   73.63  
 ElecStatePW     psiToRho            14.79  8        1.85   7.91   
-------------------------------------------------------------------


 START  Time  : Wed Aug  5 19:30:23 2026
 FINISH Time  : Wed Aug  5 19:33:30 2026
 TOTAL  Time  : 187
 SEE INFORMATION IN : OUT.s1_mg_v090_ksdft_next_kmesh/
