
                     ▄████▄ █████▄ ▄████▄ ▄█████ ██  ██ ▄█████ 
                     ██▄▄██ ██▄▄██ ██▄▄██ ██     ██  ██ ▀▀▀▄▄▄ 
                     ██  ██ ██▄▄█▀ ██  ██ ▀█████ ▀████▀ █████▀ 

                                                                                     
                                v3.11.0-beta.5

               Atomic-orbital Based Ab-initio Computation at UStc                    

                     Website: http://abacus.ustc.edu.cn/                             
               Documentation: https://abacus.deepmodeling.com/                       
                  Repository: https://github.com/abacusmodeling/abacus-develop       
                              https://github.com/deepmodeling/abacus-develop         
                      Commit: unknown

 Thu Aug  6 15:08:57 2026
 MAKE THE DIR         : OUT.g1tlr2_mg_v110_quarter/
 RUNNING WITH DEVICE  : CPU / Intel(R) Xeon(R) Platinum 8368Q CPU @ 2.60GHz (x2)
 NAME OF ELEMENT      : Mg
 DFT FUNC. (PSEUDO)   : PZ
 DFT FUNC. (SET TO)   : XC_LDA_X+XC_LDA_C_PZ
 MAKE SURE THIS DFT FUNCTIONAL IS WHAT YOU NEED
 UNIFORM GRID DIM     : 25 * 25 * 45
 UNIFORM GRID DIM(BIG): 25 * 25 * 45
 DONE(0.0707581  SEC) : SETUP UNITCELL
 DONE(0.248279   SEC) : INIT K-POINTS
 ----------------------------------------------------------------
 Self-consistent calculations for electrons
 ----------------------------------------------------------------
 SPIN    KPOINTS         PROCESSES   THREADS/PROC  THREADS/TOTAL 
 1       4612            4           1             4             
 ----------------------------------------------------------------
 Use plane wave basis
 ----------------------------------------------------------------
 ELEMENT NATOM       
 Mg      2           
 ----------------------------------------------------------------
 Initial plane wave basis and FFT box
 ----------------------------------------------------------------
 DONE(0.340937   SEC) : INIT PLANEWAVE
 START CHARGE         : ATOMIC
 DONE(0.367243   SEC) : LOCAL POTENTIAL
not allowed!
i1*i2*i3 must be positive! i1*i2*i3 is 0
i2 must be positive! i2 is 0
i3 must be positive! i3 is 0
 DONE(0.367676   SEC) : NON-LOCAL POTENTIAL
 MEMORY FOR PSI (MB)  : 317.525
 WARNING: init_wfc = atomic requires atomic pseudo wavefunctions(PP_PSWFC),
 but none available. Automatically switch to random initialization.
 DONE(0.368114   SEC) : INIT BASIS

 ================================================================
 SELF-CONSISTENT: 
 ================================================================
 DONE(30.6989    SEC) : INIT SCF
 ITER       ETOT/eV          EDIFF/eV         DRHO     TIME/s
 CG1     -4.88961637e+01   0.00000000e+00   8.4709e-02 272.56
 CG2     -4.91713215e+01  -2.75157789e-01   3.4182e-02 108.59
 CG3     -4.91838486e+01  -1.25271151e-02   3.7146e-05 103.21
 CG4     -4.91864311e+01  -2.58247146e-03   8.1357e-06 214.60
 CG5     -4.91864579e+01  -2.68212340e-05   4.4410e-07  76.28
 CG6     -4.91864603e+01  -2.37531320e-06   3.2841e-08 132.06
 CG7     -4.91864604e+01  -5.41769054e-08   2.1087e-09 125.09
 CG8     -4.91864604e+01  -1.14679645e-08   2.2971e-10 142.85
 CG9     -4.91864604e+01  -8.12154742e-10   5.7353e-12 124.90
 ----------------------------------------------------------------
              Stress_x             Stress_y             Stress_z 
 ----------------------------------------------------------------
        -50.0248360758        -0.0000005309         0.0000000241 
         -0.0000005309       -50.0248359934         0.0000000518 
          0.0000000241         0.0000000518       -50.1421742519 
 ----------------------------------------------------------------
 TOTAL-PRESSURE (EXCLUDE KINETIC PART OF IONS): -50.063949 kbar

 TIME STATISTICS
---------------------------------------------------------------------
   CLASS_NAME           NAME         TIME/s   CALLS    AVG/s  PER/%  
---------------------------------------------------------------------
                 total               1333.97 15       88.93   100.00 
 Driver          atomic_world        1333.97 1        1333.97 100.00 
 Relax_Driver    relax_driver        1333.57 1        1333.57 99.97  
 ESolver_KS      runner              1333.37 1        1333.37 99.95  
 ESolver_KS_PW   before_scf          30.33   1        30.33   2.27   
 PSIPrepare      initialize_psi      30.33   1        30.33   2.27   
 DiagoIterAssist diag_subspace       247.00  41508    0.01    18.52  
 Operator        hPsi                1129.84 1894155  0.00    84.70  
 Operator        veff_pw             1122.89 1894155  0.00    84.18  
 PW_Basis_K      recip2real          645.25  2848839  0.00    48.37  
 PW_Basis_K      gathers_copy_pack   14.09   2848839  0.00    1.06   
 PW_Basis_K      gathers_zero_mpi    22.31   2848839  0.00    1.67   
 PW_Basis_K      real2recip          540.59  2350743  0.00    40.53  
 PW_Basis_K      gatherp_copy_unpack 16.34   2350743  0.00    1.22   
 ESolver_KS_PW   hamilt2rho_single   1300.09 9        144.45  97.46  
 HSolverPW       solve               1300.09 9        144.45  97.46  
 HSolverPW       solve_psik          1201.27 41508    0.03    90.05  
 DiagoCG         diag_once           976.49  41508    0.02    73.20  
 ElecStatePW     psiToRho            97.95   9        10.88   7.34   
---------------------------------------------------------------------


 START  Time  : Thu Aug  6 15:08:57 2026
 FINISH Time  : Thu Aug  6 15:31:11 2026
 TOTAL  Time  : 1334
 SEE INFORMATION IN : OUT.g1tlr2_mg_v110_quarter/
