
                     ▄████▄ █████▄ ▄████▄ ▄█████ ██  ██ ▄█████ 
                     ██▄▄██ ██▄▄██ ██▄▄██ ██     ██  ██ ▀▀▀▄▄▄ 
                     ██  ██ ██▄▄█▀ ██  ██ ▀█████ ▀████▀ █████▀ 

                                                                                     
                                v3.11.0-beta.5

               Atomic-orbital Based Ab-initio Computation at UStc                    

                     Website: http://abacus.ustc.edu.cn/                             
               Documentation: https://abacus.deepmodeling.com/                       
                  Repository: https://github.com/abacusmodeling/abacus-develop       
                              https://github.com/deepmodeling/abacus-develop         
                      Commit: unknown

 Wed Aug  5 16:31:50 2026
 MAKE THE DIR         : OUT.s1_al_v090_ksdft_half/
 RUNNING WITH DEVICE  : CPU / Intel(R) Xeon(R) Platinum 8368Q CPU @ 2.60GHz (x2)
 NAME OF ELEMENT      : Al
 DFT FUNC. (PSEUDO)   : PBE
 DFT FUNC. (SET TO)   : XC_GGA_X_PBE+XC_GGA_C_PBE
 MAKE SURE THIS DFT FUNCTIONAL IS WHAT YOU NEED
 UNIFORM GRID DIM     : 24 * 24 * 24
 UNIFORM GRID DIM(BIG): 24 * 24 * 24
 DONE(0.0498559  SEC) : SETUP UNITCELL
 DONE(0.375315   SEC) : INIT K-POINTS
 ----------------------------------------------------------------
 Self-consistent calculations for electrons
 ----------------------------------------------------------------
 SPIN    KPOINTS         PROCESSES   THREADS/PROC  THREADS/TOTAL 
 1       6916            4           1             4             
 ----------------------------------------------------------------
 Use plane wave basis
 ----------------------------------------------------------------
 ELEMENT NATOM       
 Al      1           
 ----------------------------------------------------------------
 Initial plane wave basis and FFT box
 ----------------------------------------------------------------
 DONE(0.422027   SEC) : INIT PLANEWAVE
 START CHARGE         : ATOMIC
 DONE(0.426629   SEC) : LOCAL POTENTIAL
not allowed!
i1*i2*i3 must be positive! i1*i2*i3 is 0
i2 must be positive! i2 is 0
i3 must be positive! i3 is 0
 DONE(0.426702   SEC) : NON-LOCAL POTENTIAL
 MEMORY FOR PSI (MB)  : 155.762
 WARNING: init_wfc = atomic requires atomic pseudo wavefunctions(PP_PSWFC),
 but none available. Automatically switch to random initialization.
 DONE(0.426737   SEC) : INIT BASIS

 ================================================================
 SELF-CONSISTENT: 
 ================================================================
 DONE(4.40744    SEC) : INIT SCF
 ITER       ETOT/eV          EDIFF/eV         DRHO     TIME/s
 CG1     -5.67243708e+01   0.00000000e+00   9.3011e-02  37.30
 CG2     -5.71220063e+01  -3.97635535e-01   3.5760e-02  12.92
 CG3     -5.71467760e+01  -2.47696793e-02   5.2716e-05  13.15
 CG4     -5.71469918e+01  -2.15775475e-04   1.9187e-05  25.37
 CG5     -5.71484123e+01  -1.42052194e-03   2.3415e-06  16.53
 CG6     -5.71484399e+01  -2.75308146e-05   3.0382e-09  17.08
 CG7     -5.71484402e+01  -3.51141294e-07   1.2977e-09  25.27
 CG8     -5.71484402e+01  -2.35194068e-09   2.5355e-11  15.33
 ----------------------------------------------------------------
              Stress_x             Stress_y             Stress_z 
 ----------------------------------------------------------------
        102.3457119047         0.0000007927        -0.0000028741 
          0.0000007927       102.3457117025         0.0000040432 
         -0.0000028741         0.0000040432       102.3457120102 
 ----------------------------------------------------------------
 TOTAL-PRESSURE (EXCLUDE KINETIC PART OF IONS): 102.345712 kbar

 TIME STATISTICS
-------------------------------------------------------------------
   CLASS_NAME           NAME         TIME/s  CALLS   AVG/s  PER/%  
-------------------------------------------------------------------
                 total               167.60 15       11.17  100.00 
 Driver          atomic_world        167.60 1        167.60 100.00 
 Relax_Driver    relax_driver        167.16 1        167.16 99.74  
 ESolver_KS      runner              167.09 1        167.09 99.69  
 ESolver_KS_PW   before_scf          3.98   1        3.98   2.38   
 PSIPrepare      initialize_psi      3.98   1        3.98   2.37   
 DiagoIterAssist diag_subspace       26.26  55328    0.00   15.67  
 Operator        hPsi                116.15 2664653  0.00   69.30  
 Operator        veff_pw             113.36 2664653  0.00   67.64  
 PW_Basis_K      recip2real          65.91  3937197  0.00   39.32  
 PW_Basis_K      gathers_copy_pack   3.47   3937197  0.00   2.07   
 PW_Basis_K      gathers_zero_mpi    4.93   3937197  0.00   2.94   
 PW_Basis_K      gathers_copy_unpack 3.66   3937197  0.00   2.18   
 PW_Basis_K      real2recip          49.97  3273261  0.00   29.81  
 PW_Basis_K      gatherp_copy_pack   2.85   3273261  0.00   1.70   
 PW_Basis_K      gatherp_copy_unpack 3.01   3273261  0.00   1.79   
 DiagoIterAssist diag_hegvd          2.01   55328    0.00   1.20   
 ESolver_KS_PW   hamilt2rho_single   162.95 8        20.37  97.23  
 HSolverPW       solve               162.95 8        20.37  97.23  
 HSolverPW       solve_psik          151.13 55328    0.00   90.17  
 DiagoCG         diag_once           127.23 55328    0.00   75.92  
 ElecStatePW     psiToRho            11.58  8        1.45   6.91   
-------------------------------------------------------------------


 START  Time  : Wed Aug  5 16:31:50 2026
 FINISH Time  : Wed Aug  5 16:34:37 2026
 TOTAL  Time  : 167
 SEE INFORMATION IN : OUT.s1_al_v090_ksdft_half/
