
                     ▄████▄ █████▄ ▄████▄ ▄█████ ██  ██ ▄█████ 
                     ██▄▄██ ██▄▄██ ██▄▄██ ██     ██  ██ ▀▀▀▄▄▄ 
                     ██  ██ ██▄▄█▀ ██  ██ ▀█████ ▀████▀ █████▀ 

                                                                                     
                                v3.11.0-beta.5

               Atomic-orbital Based Ab-initio Computation at UStc                    

                     Website: http://abacus.ustc.edu.cn/                             
               Documentation: https://abacus.deepmodeling.com/                       
                  Repository: https://github.com/abacusmodeling/abacus-develop       
                              https://github.com/deepmodeling/abacus-develop         
                      Commit: unknown

 Wed Aug  5 18:01:12 2026
 MAKE THE DIR         : OUT.s1_al_v106_ofdft_next_cutoff/
 RUNNING WITH DEVICE  : CPU / Intel(R) Xeon(R) Platinum 8368Q CPU @ 2.60GHz (x2)
 NAME OF ELEMENT      : Al
 DFT FUNC. (PSEUDO)   : PBE
 DFT FUNC. (SET TO)   : XC_GGA_X_PBE+XC_GGA_C_PBE
 MAKE SURE THIS DFT FUNCTIONAL IS WHAT YOU NEED
 UNIFORM GRID DIM     : 20 * 20 * 20
 UNIFORM GRID DIM(BIG): 20 * 20 * 20
 DONE(0.0616113  SEC) : SETUP UNITCELL
 DONE(0.0619585  SEC) : INIT K-POINTS
 ----------------------------------------------------------------
 Self-consistent calculations for electrons
 ----------------------------------------------------------------
 SPIN    KPOINTS         PROCESSES   THREADS/PROC  THREADS/TOTAL 
 1       1               4           1             4             
 ----------------------------------------------------------------
 Use plane wave basis
 ----------------------------------------------------------------
 ELEMENT NATOM       
 Al      1           
 ----------------------------------------------------------------
 Initial plane wave basis and FFT box
 ----------------------------------------------------------------
 DONE(0.0624325  SEC) : SETUP UNITCELL
 START CHARGE         : ATOMIC
 DONE(0.0906715  SEC) : LOCAL POTENTIAL
 DONE(0.0935125  SEC) : INIT POTENTIAL
 DONE(0.0935843  SEC) : INIT KEDF
 DONE(0.0935964  SEC) : INIT OPTIMIZATION
 DONE(0.0936125  SEC) : INIT PHI

 ================================================================
 SELF-CONSISTENT: 
 ================================================================
 ============================= Running OFDFT ==============================
 ITER       ETOT/eV           EDIFF/eV        EFERMI/eV    POTNORM   TIME/s
 TN0     -5.50154748e+01   -5.50154748e+01   7.9801e+00   1.9861e-01   0.00  
 TN1     -5.56398210e+01   -6.24346197e-01   7.7559e+00   2.4254e-01   0.05  
 TN2     -5.56432964e+01   -3.47541202e-03   7.7549e+00   2.4470e-01   0.05  
 TN3     -5.71522861e+01   -1.50898976e+00   7.2258e+00   6.4060e-02   0.04  
 TN4     -5.71733323e+01   -2.10461675e-02   7.2193e+00   1.1259e-02   0.03  
 TN5     -5.71743083e+01   -9.76020791e-04   7.2198e+00   4.5304e-03   0.03  
 TN6     -5.71744821e+01   -1.73770588e-04   7.2199e+00   7.5766e-04   0.05  
 TN7     -5.71744864e+01   -4.31207636e-06   7.2199e+00   1.4037e-04   0.05  
 TN8     -5.71744866e+01   -1.44984089e-07   7.2199e+00   2.6926e-05   0.03  
 TN9     -5.71744866e+01   -6.18087129e-09   7.2199e+00   4.5033e-06   0.04  
 TN10    -5.71744866e+01   -2.06157942e-10   7.2199e+00   7.8002e-07   0.05  
 ----------------------------------------------------------------
              Stress_x             Stress_y             Stress_z 
 ----------------------------------------------------------------
        -34.0418799318         0.0000067454         0.0000067455 
          0.0000067454       -34.0418799323         0.0000067458 
          0.0000067455         0.0000067458       -34.0418799323 
 ----------------------------------------------------------------
 TOTAL-PRESSURE (EXCLUDE KINETIC PART OF IONS): -34.041880 kbar

 TIME STATISTICS
-----------------------------------------------------------------------
     CLASS_NAME             NAME         TIME/s  CALLS   AVG/s  PER/%  
-----------------------------------------------------------------------
                     total               0.54   17       0.03   100.00 
 Driver              atomic_world        0.54   1        0.54   100.00 
 Driver              reading             0.01   1        0.01   2.00   
 PW_Basis_Sup        setuptransform      0.01   1        0.01   1.44   
 Charge              atomic_rho          0.02   2        0.01   4.05   
 PW_Basis_Sup        recip2real          0.09   2059     0.00   15.95  
 PW_Basis_Sup        recip2real_copy_g   0.01   2059     0.00   1.73   
 PW_Basis_Sup        gathers_copy_pack   0.01   2059     0.00   1.12   
 ppcell_vl           init_vloc           0.01   1        0.01   2.18   
 Potential           cal_veff            0.29   228      0.00   54.92  
 H_Hartree_pw        v_hartree           0.02   228      0.00   4.08   
 PW_Basis_Sup        real2recip          0.10   2510     0.00   18.25  
 PW_Basis_Sup        gatherp_copy_pack   0.01   2510     0.00   1.28   
 PW_Basis_Sup        gatherp_copy_unpack 0.01   2510     0.00   1.94   
 PW_Basis_Sup        real2recip_copy_g   0.01   2510     0.00   1.05   
 PotXC               cal_veff            0.27   228      0.00   50.74  
 XC_Functional_Libxc v_xc_libxc          0.27   228      0.00   50.68  
 Libxc               xc_lda/gga_exc_vxc  0.11   456      0.00   20.97  
 Relax_Driver        relax_driver        0.44   1        0.44   82.50  
 ESolver_OF          runner              0.43   1        0.43   80.13  
 KEDF_Manager        get_potential       0.13   226      0.00   23.35  
 KEDF_TF             tf_potential        0.02   226      0.00   3.62   
 KEDF_WT             wt_potential        0.09   226      0.00   15.88  
 KEDF_vW             vw_potential        0.02   226      0.00   3.78   
 OF_Stress_PW        cal_stress          0.01   1        0.01   2.22   
 Stress              stress_loc          0.01   1        0.01   1.70   
-----------------------------------------------------------------------


 START  Time  : Wed Aug  5 18:01:12 2026
 FINISH Time  : Wed Aug  5 18:01:13 2026
 TOTAL  Time  : 1
 SEE INFORMATION IN : OUT.s1_al_v106_ofdft_next_cutoff/
