
                     ▄████▄ █████▄ ▄████▄ ▄█████ ██  ██ ▄█████ 
                     ██▄▄██ ██▄▄██ ██▄▄██ ██     ██  ██ ▀▀▀▄▄▄ 
                     ██  ██ ██▄▄█▀ ██  ██ ▀█████ ▀████▀ █████▀ 

                                                                                     
                                v3.11.0-beta.5

               Atomic-orbital Based Ab-initio Computation at UStc                    

                     Website: http://abacus.ustc.edu.cn/                             
               Documentation: https://abacus.deepmodeling.com/                       
                  Repository: https://github.com/abacusmodeling/abacus-develop       
                              https://github.com/deepmodeling/abacus-develop         
                      Commit: unknown

 Fri Aug  7 06:37:36 2026
 MAKE THE DIR         : OUT.g1tlr4_mg_v110_quarter/
 RUNNING WITH DEVICE  : CPU / Intel(R) Xeon(R) Platinum 8368Q CPU @ 2.60GHz (x2)
 NAME OF ELEMENT      : Mg
 DFT FUNC. (PSEUDO)   : PZ
 DFT FUNC. (SET TO)   : XC_LDA_X+XC_LDA_C_PZ
 MAKE SURE THIS DFT FUNCTIONAL IS WHAT YOU NEED
 UNIFORM GRID DIM     : 25 * 25 * 45
 UNIFORM GRID DIM(BIG): 25 * 25 * 45
 DONE(0.059055   SEC) : SETUP UNITCELL
 DONE(0.212572   SEC) : INIT K-POINTS
 ----------------------------------------------------------------
 Self-consistent calculations for electrons
 ----------------------------------------------------------------
 SPIN    KPOINTS         PROCESSES   THREADS/PROC  THREADS/TOTAL 
 1       4612            4           1             4             
 ----------------------------------------------------------------
 Use plane wave basis
 ----------------------------------------------------------------
 ELEMENT NATOM       
 Mg      2           
 ----------------------------------------------------------------
 Initial plane wave basis and FFT box
 ----------------------------------------------------------------
 DONE(0.308622   SEC) : INIT PLANEWAVE
 START CHARGE         : ATOMIC
 DONE(0.333939   SEC) : LOCAL POTENTIAL
not allowed!
i1*i2*i3 must be positive! i1*i2*i3 is 0
i2 must be positive! i2 is 0
i3 must be positive! i3 is 0
 DONE(0.334491   SEC) : NON-LOCAL POTENTIAL
 MEMORY FOR PSI (MB)  : 317.525
 WARNING: init_wfc = atomic requires atomic pseudo wavefunctions(PP_PSWFC),
 but none available. Automatically switch to random initialization.
 DONE(0.334946   SEC) : INIT BASIS

 ================================================================
 SELF-CONSISTENT: 
 ================================================================
 DONE(29.3215    SEC) : INIT SCF
 ITER       ETOT/eV          EDIFF/eV         DRHO     TIME/s
 CG1     -4.88961637e+01   0.00000000e+00   8.4709e-02 275.47
 CG2     -4.91713215e+01  -2.75157789e-01   3.4182e-02 108.63
 CG3     -4.91838486e+01  -1.25271151e-02   3.7146e-05  88.31
 CG4     -4.91864311e+01  -2.58247146e-03   8.1357e-06 184.13
 CG5     -4.91864579e+01  -2.68212340e-05   4.4410e-07 113.02
 CG6     -4.91864603e+01  -2.37531320e-06   3.2841e-08 137.71
 CG7     -4.91864604e+01  -5.41769054e-08   2.1087e-09 125.99
 CG8     -4.91864604e+01  -1.14679645e-08   2.2971e-10 132.72
 CG9     -4.91864604e+01  -8.12154742e-10   5.7353e-12 126.67
 ----------------------------------------------------------------
              Stress_x             Stress_y             Stress_z 
 ----------------------------------------------------------------
        -50.0248360758        -0.0000005309         0.0000000241 
         -0.0000005309       -50.0248359934         0.0000000518 
          0.0000000241         0.0000000518       -50.1421742519 
 ----------------------------------------------------------------
 TOTAL-PRESSURE (EXCLUDE KINETIC PART OF IONS): -50.063949 kbar

 TIME STATISTICS
---------------------------------------------------------------------
   CLASS_NAME           NAME         TIME/s   CALLS    AVG/s  PER/%  
---------------------------------------------------------------------
                 total               1325.26 15       88.35   100.00 
 Driver          atomic_world        1325.26 1        1325.26 100.00 
 Relax_Driver    relax_driver        1324.89 1        1324.89 99.97  
 ESolver_KS      runner              1324.69 1        1324.69 99.96  
 ESolver_KS_PW   before_scf          28.99   1        28.99   2.19   
 PSIPrepare      initialize_psi      28.98   1        28.98   2.19   
 DiagoIterAssist diag_subspace       246.05  41508    0.01    18.57  
 Operator        hPsi                1117.78 1894155  0.00    84.34  
 Operator        veff_pw             1110.68 1894155  0.00    83.81  
 PW_Basis_K      recip2real          642.22  2848839  0.00    48.46  
 PW_Basis_K      gathers_copy_pack   14.33   2848839  0.00    1.08   
 PW_Basis_K      gathers_zero_mpi    22.53   2848839  0.00    1.70   
 PW_Basis_K      real2recip          539.14  2350743  0.00    40.68  
 PW_Basis_K      gatherp_copy_unpack 16.15   2350743  0.00    1.22   
 ESolver_KS_PW   hamilt2rho_single   1292.59 9        143.62  97.53  
 HSolverPW       solve               1292.59 9        143.62  97.53  
 HSolverPW       solve_psik          1193.02 41508    0.03    90.02  
 DiagoCG         diag_once           967.97  41508    0.02    73.04  
 ElecStatePW     psiToRho            98.66   9        10.96   7.44   
---------------------------------------------------------------------


 START  Time  : Fri Aug  7 06:37:37 2026
 FINISH Time  : Fri Aug  7 06:59:42 2026
 TOTAL  Time  : 1325
 SEE INFORMATION IN : OUT.g1tlr4_mg_v110_quarter/
