
                     ▄████▄ █████▄ ▄████▄ ▄█████ ██  ██ ▄█████ 
                     ██▄▄██ ██▄▄██ ██▄▄██ ██     ██  ██ ▀▀▀▄▄▄ 
                     ██  ██ ██▄▄█▀ ██  ██ ▀█████ ▀████▀ █████▀ 

                                                                                     
                                v3.11.0-beta.5

               Atomic-orbital Based Ab-initio Computation at UStc                    

                     Website: http://abacus.ustc.edu.cn/                             
               Documentation: https://abacus.deepmodeling.com/                       
                  Repository: https://github.com/abacusmodeling/abacus-develop       
                              https://github.com/deepmodeling/abacus-develop         
                      Commit: unknown

 Wed Aug  5 17:37:45 2026
 MAKE THE DIR         : OUT.g1_ne_135_from_071/
 RUNNING WITH DEVICE  : CPU / Intel(R) Xeon(R) Platinum 8368Q CPU @ 2.60GHz (x2)
 NAME OF ELEMENT      : Al
 DFT FUNC. (PSEUDO)   : PBE
 DFT FUNC. (SET TO)   : XC_GGA_X_PBE+XC_GGA_C_PBE
 MAKE SURE THIS DFT FUNCTIONAL IS WHAT YOU NEED
 UNIFORM GRID DIM     : 20 * 20 * 20
 UNIFORM GRID DIM(BIG): 20 * 20 * 20
 DONE(0.105338   SEC) : SETUP UNITCELL
 DONE(0.107053   SEC) : INIT K-POINTS
 ----------------------------------------------------------------
 Self-consistent calculations for electrons
 ----------------------------------------------------------------
 SPIN    KPOINTS         PROCESSES   THREADS/PROC  THREADS/TOTAL 
 1       1               4           1             4             
 ----------------------------------------------------------------
 Use plane wave basis
 ----------------------------------------------------------------
 ELEMENT NATOM       
 Al      1           
 ----------------------------------------------------------------
 Initial plane wave basis and FFT box
 ----------------------------------------------------------------
 DONE(0.108266   SEC) : SETUP UNITCELL
 START CHARGE         : ATOMIC
 DONE(0.138099   SEC) : LOCAL POTENTIAL
 DONE(0.143628   SEC) : INIT POTENTIAL
 DONE(0.143868   SEC) : INIT KEDF
 DONE(0.144013   SEC) : INIT OPTIMIZATION
 DONE(0.144151   SEC) : INIT PHI

 ================================================================
 SELF-CONSISTENT: 
 ================================================================
 ============================= Running OFDFT ==============================
 ITER       ETOT/eV           EDIFF/eV        EFERMI/eV    POTNORM   TIME/s
 TN0     -5.46031692e+01   -5.46031692e+01   9.8663e+00   2.3489e-01   0.01  
 TN1     -5.47445955e+01   -1.41426312e-01   9.8144e+00   2.6315e-01   0.16  
 TN2     -5.70428404e+01   -2.29824485e+00   8.9970e+00   1.3391e-01   0.17  
 TN3     -5.71213304e+01   -7.84900781e-02   8.9800e+00   1.7483e-02   0.15  
 TN4     -5.71232490e+01   -1.91852419e-03   8.9781e+00   2.1496e-03   0.22  
 TN5     -5.71232754e+01   -2.64767013e-05   8.9780e+00   1.9608e-04   0.18  
 TN6     -5.71232759e+01   -4.84069023e-07   8.9780e+00   1.9430e-05   0.22  
 TN7     -5.71232759e+01   -3.51144013e-09   8.9780e+00   5.8895e-06   0.14  
 TN8     -5.71232759e+01   -1.95439179e-10   8.9780e+00   7.1510e-07   0.23  
 ----------------------------------------------------------------
              Stress_x             Stress_y             Stress_z 
 ----------------------------------------------------------------
        118.5215344455         0.0000000749         0.0000000749 
          0.0000000749       118.5215344452         0.0000000753 
          0.0000000749         0.0000000753       118.5215344452 
 ----------------------------------------------------------------
 TOTAL-PRESSURE (EXCLUDE KINETIC PART OF IONS): 118.521534 kbar

 TIME STATISTICS
-----------------------------------------------------------------------
     CLASS_NAME             NAME         TIME/s  CALLS   AVG/s  PER/%  
-----------------------------------------------------------------------
                     total               1.68   17       0.10   100.00 
 Driver              atomic_world        1.68   1        1.68   100.00 
 Driver              reading             0.04   1        0.04   2.35   
 Charge              atomic_rho          0.03   2        0.02   1.81   
 PW_Basis_Sup        recip2real          0.46   1708     0.00   27.54  
 PW_Basis_Sup        recip2real_copy_g   0.02   1708     0.00   1.07   
 Potential           cal_veff            1.03   189      0.01   61.63  
 H_Hartree_pw        v_hartree           0.11   189      0.00   6.55   
 PW_Basis_Sup        real2recip          0.57   2081     0.00   33.96  
 PW_Basis_Sup        gatherp_copy_unpack 0.02   2081     0.00   1.19   
 PotXC               cal_veff            0.92   189      0.00   55.01  
 XC_Functional_Libxc v_xc_libxc          0.92   189      0.00   54.97  
 Libxc               xc_lda/gga_exc_vxc  0.21   378      0.00   12.31  
 Relax_Driver        relax_driver        1.53   1        1.53   91.38  
 ESolver_OF          runner              1.50   1        1.50   89.43  
 KEDF_Manager        get_potential       0.43   187      0.00   25.82  
 KEDF_TF             tf_potential        0.04   187      0.00   2.12   
 KEDF_WT             wt_potential        0.29   187      0.00   17.43  
 KEDF_vW             vw_potential        0.10   187      0.00   6.22   
 ESolver_OF          after_opt           0.02   1        0.02   1.35   
 OF_Stress_PW        cal_stress          0.03   1        0.03   1.69   
 Stress              stress_loc          0.02   1        0.02   1.21   
-----------------------------------------------------------------------


 START  Time  : Wed Aug  5 17:37:45 2026
 FINISH Time  : Wed Aug  5 17:37:47 2026
 TOTAL  Time  : 2
 SEE INFORMATION IN : OUT.g1_ne_135_from_071/
