                                                                                     
                              ABACUS v3.11.0-beta.5

               Atomic-orbital Based Ab-initio Computation at UStc                    

                     Website: http://abacus.ustc.edu.cn/                             
               Documentation: https://abacus.deepmodeling.com/                       
                  Repository: https://github.com/abacusmodeling/abacus-develop       
                              https://github.com/deepmodeling/abacus-develop         
                      Commit: unknown

    Start Time is Wed Aug  5 16:52:45 2026
                                                                                     
 ------------------------------------------------------------------------------------

 READING GENERAL INFORMATION
                           global_out_dir = OUT.s1_mg_v106_ofdft/
                           global_in_card = INPUT
                               pseudo_dir = ./
                              orbital_dir = 
                                    DRANK = 1
                                    DSIZE = 4
                                   DCOLOR = 1
                                    GRANK = 1
                                    GSIZE = 1


 >>>>>>>>>>>>>>>>>>>>>>>>>>>>>>>>>>>>>>>>>>>>>>>>>>>>>>>>>>>>>>>>>>>>>>
 |                                                                    |
 |                        #Setup Unitcell#                            |
 | From the input file and the structure file we know the number of   |
 | different elments in this unitcell, then we list the detail        |
 | information for each element, especially the zeta and polar atomic |
 | orbital number for each element. The total atom number is counted. |
 | We calculate the nearest atom distance for each atom and show the  |
 | Cartesian and Direct coordinates for each atom. We list the file   |
 | address for atomic orbitals. The volume and the lattice vectors    |
 | in real and reciprocal space is also shown.                        |
 |                                                                    |
 <<<<<<<<<<<<<<<<<<<<<<<<<<<<<<<<<<<<<<<<<<<<<<<<<<<<<<<<<<<<<<<<<<<<<<

 READING UNITCELL INFORMATION
                       Number of elements = 1
                  Lattice constant (Bohr) = 1.88973
              Lattice constant (Angstrom) = 1

 READING ATOM TYPE 1
                               Atom label = Mg
                      L=0, number of zeta = 1
                      L=1, number of zeta = 1
                      L=2, number of zeta = 1
            Number of atoms for this type = 2

                        TOTAL ATOM NUMBER = 2

 DIRECT COORDINATES
 atom                  x                  y                  z     mag
   Mg     0.000000000000     0.000000000000     0.000000000000  0.0000
   Mg     0.666666666666     0.333333333334     0.500000000000  0.0000

 ATOMIC VELOCITIES
 atom                 vx                 vy                 vz
   Mg                  0                  0                  0
   Mg                  0                  0                  0

                     Cell volume (Bohr^3) = 332.495
                        Cell volume (A^3) = 49.2706

 Lattice vectors: (Cartesian coordinate: in unit of a_0)
             +3.27235                  +0                  +0
             -1.63617            +2.83393                  +0
                   +0                  +0              +5.313
 Reciprocal vectors: (Cartesian coordinate: in unit of 2 pi/a_0)
            +0.305591           +0.176433                  -0
                   +0           +0.352866                  -0
                   +0                  -0           +0.188218

 #ENERGY SOLVER# ofdft
 RUNNING WITH DEVICE  : CPU / Intel(R) Xeon(R) Platinum 8368Q CPU @ 2.60GHz (x2)


 >>>>>>>>>>>>>>>>>>>>>>>>>>>>>>>>>>>>>>>>>>>>>>>>>>>>>>>>>>>>>>>>>>>>>>
 |                                                                    |
 |                 #Read Pseudopotentials Files#                      |
 | ABACUS supports norm-conserving (NC) pseudopotentials for both     |
 | plane wave basis and numerical atomic orbital basis sets.          |
 | In addition, ABACUS supports ultrasoft pseudopotentials (USPP)     |
 | for plane wave basis set.                                          |
 |                                                                    |
 <<<<<<<<<<<<<<<<<<<<<<<<<<<<<<<<<<<<<<<<<<<<<<<<<<<<<<<<<<<<<<<<<<<<<<

                PAO radial cut off (Bohr) = 16

                     Pseudopotential file = mg.lda.lps
                     Pseudopotential type = 
          Exchange-correlation functional = PZ
                 Nonlocal core correction = 0
                        Valence electrons = 2
                                     Lmax = 0
                           Number of zeta = 0
                     Number of projectors = 0
                    DFT functional set to = XC_LDA_X+XC_LDA_C_PZ
         Number of pseudo atomic orbitals = 0
            Electron number of element Mg = 2
      Total electron number of element Mg = 4
          Autoset the number of electrons = 4
               Occupied electronic states = 2
     Number of electronic states (NBANDS) = 12


 >>>>>>>>>>>>>>>>>>>>>>>>>>>>>>>>>>>>>>>>>>>>>>>>>>>>>>>>>>>>>>>>>>>>>>
 |                                                                    |
 |           #Setup Plane Waves of Charge/Potential#                  |
 | Use the kinetic energy cutoff and the lattice vectors to generate  |
 | the dimensions of FFT grid, which is used to represent the charge  |
 | density or potential. If USPP is used, a double grid technique     |
 | is applied.                                                        |
 |                                                                    |
 <<<<<<<<<<<<<<<<<<<<<<<<<<<<<<<<<<<<<<<<<<<<<<<<<<<<<<<<<<<<<<<<<<<<<

 SETUP PLANE WAVES FOR CHARGE/POTENTIAL
  Energy cutoff for charge/potential (Ry) = 120
            FFT grid for charge/potential = [ 24, 24, 36 ]
           Number of FFT grids this proc. = 5184
                Division for big FFT grid = [ 1, 1, 1 ]
      FFT (big) grid for charge/potential = [ 24, 24, 36 ]
     Number of FFT (big) grids this proc. = 5184
                    Number of plane waves = 20736
        Number of sticks on FFT x-y plane = 576

 PARALLEL PW FOR CHARGE/POTENTIAL
     PROC   COLUMNS(POT)             PW
        1            144           5184
        2            144           5184
        3            144           5184
        4            144           5184
 --------------- SUM -------------------
        4            576          20736

                            Number of |g| = 1026
                                  Max |g| = 60.9103
                                  Min |g| = 0
 DONE : SETUP UNITCELL Time : 0.0405972 (SEC)


 >>>>>>>>>>>>>>>>>>>>>>>>>>>>>>>>>>>>>>>>>>>>>>>>>>>>>>>>>>>>>>>>>>>>>>
 |                                                                    |
 |                       #Setup K-points#                             |
 | We setup the k-points according to input parameters.               |
 | The reduced k-points are set according to symmetry operations.     |
 | We treat the spin as another set of k-points.                      |
 |                                                                    |
 <<<<<<<<<<<<<<<<<<<<<<<<<<<<<<<<<<<<<<<<<<<<<<<<<<<<<<<<<<<<<<<<<<<<<<


 SETUP K-POINTS
                                    nspin = 1
                   Input type of k points = Monkhorst-Pack(Gamma)
                                   nkstot = 1
           Number of irreducible k-points = 1

 K-POINTS REDUCTION ACCORDING TO SYMMETRY
     IBZ    DIRECT_X    DIRECT_Y    DIRECT_Z  WEIGHT  ibz2bz
       1  0.00000000  0.00000000  0.00000000  1.0000       0

                               nkstot now = 1
 K-POINTS DIRECT COORDINATES
 KPOINTS    DIRECT_X    DIRECT_Y    DIRECT_Z  WEIGHT
       1  0.00000000  0.00000000  0.00000000  1.0000


       Number of k-points in this process = 1
       Minimum distributed k-point number = 1

 K-POINTS CARTESIAN COORDINATES
 KPOINTS CARTESIAN_X CARTESIAN_Y CARTESIAN_Z  WEIGHT
       1  0.00000000  0.00000000  0.00000000  2.0000


 K-POINTS DIRECT COORDINATES
 KPOINTS    DIRECT_X    DIRECT_Y    DIRECT_Z  WEIGHT
       1  0.00000000  0.00000000  0.00000000  2.0000

 DONE : INIT K-POINTS Time : 0.0409973 (SEC)

 Libxc v7.0.0
	S. Lehtola, C. Steigemann, M. J.T. Oliveira, and M. A.L. Marques.,  SoftwareX 7, 1–5 (2018)
 XC: Slater exchange
	P. A. M. Dirac.,  Math. Proc. Cambridge Philos. Soc. 26, 376 (1930)
	F. Bloch.,  Z. Phys. 57, 545 (1929)
 XC: Perdew & Zunger
	J. P. Perdew and A. Zunger.,  Phys. Rev. B 23, 5048 (1981)

 DONE : SETUP UNITCELL Time : 0.0417101 (SEC)

                                 init_chg = atomic
 DONE : LOCAL POTENTIAL Time : 0.101192 (SEC)

 DONE : INIT POTENTIAL Time : 0.102285 (SEC)

 DONE : INIT KEDF Time : 0.102363 (SEC)

 DONE : INIT OPTIMIZATION Time : 0.102371 (SEC)

 DONE : INIT PHI Time : 0.10238 (SEC)

 ================================================================
 SELF-CONSISTENT
 ================================================================

Iter0: the norm of potential is 0.11281927719
----------------------------------------------------------------
        Energy              Rydberg                 eV          
----------------------------------------------------------------
              E_Total      -3.443747230800     -46.854584810607 
              E_Fermi       0.265045077550       3.606123281529 
----------------------------------------------------------------


Iter1: the norm of potential is 0.0580176468727
----------------------------------------------------------------
        Energy              Rydberg                 eV          
----------------------------------------------------------------
              E_Total      -3.612608151569     -49.152055502580 
              E_Fermi       0.220837961806       3.004654615262 
----------------------------------------------------------------


Iter2: the norm of potential is 0.0144882565636
----------------------------------------------------------------
        Energy              Rydberg                 eV          
----------------------------------------------------------------
              E_Total      -3.616867954966     -49.210013101139 
              E_Fermi       0.219781118953       2.990275530583 
----------------------------------------------------------------


Iter3: the norm of potential is 0.00580728571495
----------------------------------------------------------------
        Energy              Rydberg                 eV          
----------------------------------------------------------------
              E_Total      -3.617177144623     -49.214219842240 
              E_Fermi       0.219709381406       2.989299491180 
----------------------------------------------------------------


Iter4: the norm of potential is 0.00116279471533
----------------------------------------------------------------
        Energy              Rydberg                 eV          
----------------------------------------------------------------
              E_Total      -3.617246838377     -49.215168074411 
              E_Fermi       0.219648324940       2.988468775336 
----------------------------------------------------------------


Iter5: the norm of potential is 0.000362851218693
----------------------------------------------------------------
        Energy              Rydberg                 eV          
----------------------------------------------------------------
              E_Total      -3.617249439045     -49.215203458312 
              E_Fermi       0.219653708653       2.988542024510 
----------------------------------------------------------------


Iter6: the norm of potential is 8.091695261e-05
----------------------------------------------------------------
        Energy              Rydberg                 eV          
----------------------------------------------------------------
              E_Total      -3.617249632274     -49.215206087334 
              E_Fermi       0.219654134507       2.988547818547 
----------------------------------------------------------------


Iter7: the norm of potential is 1.79745506646e-05
----------------------------------------------------------------
        Energy              Rydberg                 eV          
----------------------------------------------------------------
              E_Total      -3.617249644307     -49.215206251046 
              E_Fermi       0.219654122370       2.988547653417 
----------------------------------------------------------------


Iter8: the norm of potential is 4.15054282105e-06
----------------------------------------------------------------
        Energy              Rydberg                 eV          
----------------------------------------------------------------
              E_Total      -3.617249644952     -49.215206259823 
              E_Fermi       0.219654108713       2.988547467607 
----------------------------------------------------------------


Iter9: the norm of potential is 9.71784188346e-07
----------------------------------------------------------------
        Energy              Rydberg                 eV          
----------------------------------------------------------------
              E_Total      -3.617249644984     -49.215206260257 
              E_Fermi       0.219654113051       2.988547526628 
----------------------------------------------------------------

 #SCF IS CONVERGED#
 #TOTAL ENERGY# -49.21520626 eV



 #TOTAL-FORCE (eV/Angstrom)#
 -------------------------------------------------------------------------
     Atoms              Force_x              Force_y              Force_z 
 -------------------------------------------------------------------------
       Mg1         0.0000000000         0.0000000000         0.0000000000 
       Mg2         0.0000000000         0.0000000000         0.0000000000 
 -------------------------------------------------------------------------

 #TOTAL-STRESS (kbar)#
 ----------------------------------------------------------------
              Stress_x             Stress_y             Stress_z 
 ----------------------------------------------------------------
        -40.7084406415        -0.0000005181        -0.0000000041 
         -0.0000005181       -40.7084412397        -0.0000000072 
         -0.0000000041        -0.0000000072       -38.5150365483 
 ----------------------------------------------------------------
 #TOTAL-PRESSURE# (EXCLUDE KINETIC PART OF IONS): -39.977306 kbar

 --------------------------------------------
 !FINAL_ETOT_IS -49.2152062602565294 eV
 --------------------------------------------



 TIME STATISTICS
-----------------------------------------------------------------------
     CLASS_NAME             NAME         TIME/s  CALLS   AVG/s  PER/%  
-----------------------------------------------------------------------
                     total               0.65   17       0.04   100.00 
 Driver              atomic_world        0.65   1        0.65   100.00 
 Driver              reading             0.01   1        0.01   1.12   
 Charge              atomic_rho          0.06   2        0.03   9.11   
 PW_Basis_Sup        recip2real          0.06   920      0.00   9.43   
 PW_Basis_Sup        recip2real_copy_g   0.01   920      0.00   1.41   
 ppcell_vl           init_vloc           0.02   1        0.02   3.56   
 Potential           cal_veff            0.17   229      0.00   25.93  
 H_Hartree_pw        v_hartree           0.04   229      0.00   5.64   
 PW_Basis_Sup        real2recip          0.06   916      0.00   9.07   
 PW_Basis_Sup        gatherp_copy_unpack 0.01   916      0.00   1.28   
 PotXC               cal_veff            0.13   229      0.00   20.08  
 XC_Functional_Libxc v_xc_libxc          0.13   229      0.00   19.99  
 Libxc               xc_lda/gga_exc_vxc  0.11   458      0.00   17.13  
 Relax_Driver        relax_driver        0.55   1        0.55   84.22  
 ESolver_OF          runner              0.50   1        0.50   77.47  
 KEDF_Manager        get_potential       0.30   227      0.00   45.72  
 KEDF_TF             tf_potential        0.05   227      0.00   8.08   
 KEDF_WT             wt_potential        0.21   227      0.00   32.49  
 KEDF_vW             vw_potential        0.03   227      0.00   5.04   
 ESolver_OF          after_opt           0.02   1        0.02   3.55   
 OF_Stress_PW        cal_stress          0.04   1        0.04   6.48   
 Stress              stress_loc          0.04   1        0.04   6.38   
-----------------------------------------------------------------------


 NAME-------------------------|MEMORY(MB)------------------
                         total         2.7101
 -------------   < 1.0 MB has been ignored ----------------
 ----------------------------------------------------------

 Start  Time  : Wed Aug  5 16:52:45 2026
 Finish Time  : Wed Aug  5 16:52:46 2026
 Total  Time  : 0 h 0 mins 1 secs 
