
                     ▄████▄ █████▄ ▄████▄ ▄█████ ██  ██ ▄█████ 
                     ██▄▄██ ██▄▄██ ██▄▄██ ██     ██  ██ ▀▀▀▄▄▄ 
                     ██  ██ ██▄▄█▀ ██  ██ ▀█████ ▀████▀ █████▀ 

                                                                                     
                                v3.11.0-beta.5

               Atomic-orbital Based Ab-initio Computation at UStc                    

                     Website: http://abacus.ustc.edu.cn/                             
               Documentation: https://abacus.deepmodeling.com/                       
                  Repository: https://github.com/abacusmodeling/abacus-develop       
                              https://github.com/deepmodeling/abacus-develop         
                      Commit: unknown

 Wed Aug  5 17:16:58 2026
 MAKE THE DIR         : OUT.s1_mg_v106_ksdft_half/
 RUNNING WITH DEVICE  : CPU / Intel(R) Xeon(R) Platinum 8368Q CPU @ 2.60GHz (x2)
 NAME OF ELEMENT      : Mg
 DFT FUNC. (PSEUDO)   : PZ
 DFT FUNC. (SET TO)   : XC_LDA_X+XC_LDA_C_PZ
 MAKE SURE THIS DFT FUNCTIONAL IS WHAT YOU NEED
 UNIFORM GRID DIM     : 25 * 25 * 45
 UNIFORM GRID DIM(BIG): 25 * 25 * 45
 DONE(0.0431149  SEC) : SETUP UNITCELL
 DONE(0.108232   SEC) : INIT K-POINTS
 ----------------------------------------------------------------
 Self-consistent calculations for electrons
 ----------------------------------------------------------------
 SPIN    KPOINTS         PROCESSES   THREADS/PROC  THREADS/TOTAL 
 1       2404            4           1             4             
 ----------------------------------------------------------------
 Use plane wave basis
 ----------------------------------------------------------------
 ELEMENT NATOM       
 Mg      2           
 ----------------------------------------------------------------
 Initial plane wave basis and FFT box
 ----------------------------------------------------------------
 DONE(0.155885   SEC) : INIT PLANEWAVE
 START CHARGE         : ATOMIC
 DONE(0.179864   SEC) : LOCAL POTENTIAL
not allowed!
i1*i2*i3 must be positive! i1*i2*i3 is 0
i2 must be positive! i2 is 0
i3 must be positive! i3 is 0
 DONE(0.179897   SEC) : NON-LOCAL POTENTIAL
 MEMORY FOR PSI (MB)  : 167.711
 WARNING: init_wfc = atomic requires atomic pseudo wavefunctions(PP_PSWFC),
 but none available. Automatically switch to random initialization.
 DONE(0.17993    SEC) : INIT BASIS

 ================================================================
 SELF-CONSISTENT: 
 ================================================================
 DONE(3.66862    SEC) : INIT SCF
 ITER       ETOT/eV          EDIFF/eV         DRHO     TIME/s
 CG1     -4.89681165e+01   0.00000000e+00   8.7120e-02  27.75
 CG2     -4.92288352e+01  -2.60718680e-01   3.5196e-02  10.78
 CG3     -4.92407110e+01  -1.18758340e-02   3.7505e-05  10.16
 CG4     -4.92432526e+01  -2.54161469e-03   7.8621e-06  21.38
 CG5     -4.92432747e+01  -2.21219834e-05   3.6327e-07  11.31
 CG6     -4.92432770e+01  -2.29284176e-06   2.6899e-08  13.90
 CG7     -4.92432771e+01  -4.96720583e-08   1.7638e-09  12.54
 CG8     -4.92432771e+01  -6.84817772e-09   4.4993e-11  14.26
 ----------------------------------------------------------------
              Stress_x             Stress_y             Stress_z 
 ----------------------------------------------------------------
        -44.7456383526         0.0000007844         0.0000004912 
          0.0000007844       -44.7456375774        -0.0000004453 
          0.0000004912        -0.0000004453       -39.7241415320 
 ----------------------------------------------------------------
 TOTAL-PRESSURE (EXCLUDE KINETIC PART OF IONS): -43.071806 kbar

 TIME STATISTICS
-------------------------------------------------------------------
   CLASS_NAME           NAME         TIME/s  CALLS   AVG/s  PER/%  
-------------------------------------------------------------------
                 total               125.95 15       8.40   100.00 
 Driver          atomic_world        125.95 1        125.95 100.00 
 Relax_Driver    relax_driver        125.75 1        125.75 99.85  
 ESolver_KS      runner              125.63 1        125.63 99.75  
 ESolver_KS_PW   before_scf          3.49   1        3.49   2.77   
 PSIPrepare      initialize_psi      3.49   1        3.49   2.77   
 DiagoIterAssist diag_subspace       21.42  19232    0.00   17.01  
 Operator        hPsi                94.72  901740   0.00   75.21  
 Operator        veff_pw             93.55  901740   0.00   74.28  
 PW_Basis_K      recip2real          55.04  1344076  0.00   43.70  
 PW_Basis_K      gathers_copy_pack   2.54   1344076  0.00   2.02   
 PW_Basis_K      gathers_zero_mpi    4.68   1344076  0.00   3.71   
 PW_Basis_K      gathers_copy_unpack 2.32   1344076  0.00   1.84   
 PW_Basis_K      real2recip          42.06  1113292  0.00   33.40  
 PW_Basis_K      gatherp_copy_pack   1.94   1113292  0.00   1.54   
 PW_Basis_K      gatherp_copy_unpack 3.70   1113292  0.00   2.94   
 ESolver_KS_PW   hamilt2rho_single   122.07 8        15.26  96.92  
 HSolverPW       solve               122.07 8        15.26  96.92  
 HSolverPW       solve_psik          111.87 19232    0.01   88.82  
 DiagoCG         diag_once           92.39  19232    0.00   73.35  
 ElecStatePW     psiToRho            10.04  8        1.26   7.97   
-------------------------------------------------------------------


 START  Time  : Wed Aug  5 17:16:58 2026
 FINISH Time  : Wed Aug  5 17:19:04 2026
 TOTAL  Time  : 126
 SEE INFORMATION IN : OUT.s1_mg_v106_ksdft_half/
