
                     ▄████▄ █████▄ ▄████▄ ▄█████ ██  ██ ▄█████ 
                     ██▄▄██ ██▄▄██ ██▄▄██ ██     ██  ██ ▀▀▀▄▄▄ 
                     ██  ██ ██▄▄█▀ ██  ██ ▀█████ ▀████▀ █████▀ 

                                                                                     
                                v3.11.0-beta.5

               Atomic-orbital Based Ab-initio Computation at UStc                    

                     Website: http://abacus.ustc.edu.cn/                             
               Documentation: https://abacus.deepmodeling.com/                       
                  Repository: https://github.com/abacusmodeling/abacus-develop       
                              https://github.com/deepmodeling/abacus-develop         
                      Commit: unknown

 Mon Aug 10 08:25:19 2026
 MAKE THE DIR         : OUT.g1tlr2_mg_v110_normal_common/
 RUNNING WITH DEVICE  : CPU / Intel(R) Xeon(R) Platinum 8368Q CPU @ 2.60GHz (x2)
 WARNING: some of potential function is set to zero cause of less than 1e-30.

%%%%%%%%%%%%%%%%%%%%%%%%%%%%%%%%%%%%%%%%%%%%%%%%%%%%%%%%%%%%%%%%%%%%%%%%%%%%%%%%%%%%%%%%%%%%%%%%%%%%%%%%%
 Warning: the number of valence electrons in pseudopotential > 2 for Mg: [Ne] 3s2
 Pseudopotentials with additional electrons can yield (more) accurate outcomes, but may be less efficient.
 If you're confident that your chosen pseudopotential is appropriate, you can safely ignore this warning.
%%%%%%%%%%%%%%%%%%%%%%%%%%%%%%%%%%%%%%%%%%%%%%%%%%%%%%%%%%%%%%%%%%%%%%%%%%%%%%%%%%%%%%%%%%%%%%%%%%%%%%%%%

 UNIFORM GRID DIM     : 40 * 40 * 60
 UNIFORM GRID DIM(BIG): 40 * 40 * 60
 DONE(0.0665075  SEC) : SETUP UNITCELL
 DONE(0.223139   SEC) : INIT K-POINTS
 ----------------------------------------------------------------
 Self-consistent calculations for electrons
 ----------------------------------------------------------------
 SPIN    KPOINTS         PROCESSES   THREADS/PROC  THREADS/TOTAL 
 1       4612            4           1             4             
 ----------------------------------------------------------------
 Use plane wave basis
 ----------------------------------------------------------------
 ELEMENT NATOM       
 Mg      2           
 ----------------------------------------------------------------
 Initial plane wave basis and FFT box
 ----------------------------------------------------------------
 DONE(0.470642   SEC) : INIT PLANEWAVE
 START CHARGE         : ATOMIC
 DONE(0.532375   SEC) : LOCAL POTENTIAL
 DONE(0.548631   SEC) : NON-LOCAL POTENTIAL
 MEMORY FOR PSI (MB)  : 1621.41
 DONE(0.623466   SEC) : INIT BASIS

 ================================================================
 SELF-CONSISTENT: 
 ================================================================
 DONE(28.1182    SEC) : INIT SCF
 ITER       ETOT/eV          EDIFF/eV         DRHO     TIME/s
 CG1     -3.23245519e+03   0.00000000e+00   8.1443e-03 332.64
 CG2     -3.23244741e+03   7.77850055e-03   3.4263e-03  83.43
 CG3     -3.23244967e+03  -2.25543351e-03   2.4628e-05  87.86
 CG4     -3.23244957e+03   9.76161555e-05   2.2445e-05 132.23
 CG5     -3.23244966e+03  -9.19638119e-05   2.8880e-06 100.98
 CG6     -3.23244964e+03   2.00280570e-05   3.0793e-06  88.07
 CG7     -3.23244964e+03  -1.07412068e-06   7.1122e-07  83.45
 CG8     -3.23244964e+03  -7.08168628e-07   3.1138e-06 124.96
 CG9     -3.23244964e+03  -2.01577166e-06   7.3929e-07  94.86
 CG10    -3.23244964e+03   6.87535200e-06   7.3216e-07  83.23
 CG11    -3.23244964e+03  -1.71914707e-06   3.2026e-09  91.37
 CG12    -3.23244964e+03  -2.13446024e-07   1.8580e-09 141.95
 CG13    -3.23244964e+03   1.51654519e-07   2.4243e-08 134.56
 CG14    -3.23244964e+03  -7.18657402e-08   6.4120e-10 124.45
 CG15    -3.23244964e+03  -2.83449044e-10   5.6622e-11  84.83
 ----------------------------------------------------------------
              Stress_x             Stress_y             Stress_z 
 ----------------------------------------------------------------
        -30.8693925714        -0.0000001981        -0.0000001203 
         -0.0000001981       -30.8693923803        -0.0000000899 
         -0.0000001203        -0.0000000899       -31.0247044534 
 ----------------------------------------------------------------
 TOTAL-PRESSURE (EXCLUDE KINETIC PART OF IONS): -30.921163 kbar

 TIME STATISTICS
---------------------------------------------------------------------
   CLASS_NAME           NAME         TIME/s   CALLS    AVG/s  PER/%  
---------------------------------------------------------------------
                 total               1836.90 15       122.46  100.00 
 Driver          atomic_world        1836.90 1        1836.90 100.00 
 Relax_Driver    relax_driver        1836.19 1        1836.19 99.96  
 ESolver_KS      runner              1816.56 1        1816.56 98.89  
 ESolver_KS_PW   before_scf          27.49   1        27.49   1.50   
 PSIPrepare      initialize_psi      27.48   1        27.48   1.50   
 Nonlocal        getvnl              25.43   78404    0.00    1.38   
 pp_cell_vnl     getvnl              25.40   78404    0.00    1.38   
 DiagoIterAssist diag_subspace       308.48  69180    0.00    16.79  
 Operator        hPsi                1380.00 4689724  0.00    75.13  
 Operator        veff_pw             1221.58 4689724  0.00    66.50  
 PW_Basis_K      recip2real          741.88  7479984  0.00    40.39  
 PW_Basis_K      gathers_copy_pack   30.64   7479984  0.00    1.67   
 PW_Basis_K      gathers_zero_mpi    84.91   7479984  0.00    4.62   
 PW_Basis_K      gathers_copy_unpack 30.62   7479984  0.00    1.67   
 PW_Basis_K      real2recip          528.17  6004144  0.00    28.75  
 PW_Basis_K      gatherp_copy_pack   24.49   6004144  0.00    1.33   
 PW_Basis_K      gatherp_copy_unpack 41.56   6004144  0.00    2.26   
 Operator        nonlocal_pw         148.20  4689724  0.00    8.07   
 Nonlocal        add_nonlocal_pp     69.90   4689724  0.00    3.81   
 ESolver_KS_PW   hamilt2rho_single   1788.69 16       111.79  97.38  
 HSolverPW       solve               1788.69 16       111.79  97.38  
 HSolverPW       solve_psik          1606.16 73792    0.02    87.44  
 DiagoCG         diag_once           1305.45 73792    0.02    71.07  
 ElecStatePW     psiToRho            157.39  16       9.84    8.57   
---------------------------------------------------------------------


 START  Time  : Mon Aug 10 08:25:19 2026
 FINISH Time  : Mon Aug 10 08:55:56 2026
 TOTAL  Time  : 1837
 SEE INFORMATION IN : OUT.g1tlr2_mg_v110_normal_common/
