
                     ▄████▄ █████▄ ▄████▄ ▄█████ ██  ██ ▄█████ 
                     ██▄▄██ ██▄▄██ ██▄▄██ ██     ██  ██ ▀▀▀▄▄▄ 
                     ██  ██ ██▄▄█▀ ██  ██ ▀█████ ▀████▀ █████▀ 

                                                                                     
                                v3.11.0-beta.5

               Atomic-orbital Based Ab-initio Computation at UStc                    

                     Website: http://abacus.ustc.edu.cn/                             
               Documentation: https://abacus.deepmodeling.com/                       
                  Repository: https://github.com/abacusmodeling/abacus-develop       
                              https://github.com/deepmodeling/abacus-develop         
                      Commit: unknown

 Mon Aug 10 04:25:22 2026
 MAKE THE DIR         : OUT.g1dsr1_al_206/
 RUNNING WITH DEVICE  : CPU / Intel(R) Xeon(R) Platinum 8368Q CPU @ 2.60GHz (x2)
 NAME OF ELEMENT      : Al
 DFT FUNC. (PSEUDO)   : PBE
 DFT FUNC. (SET TO)   : XC_GGA_X_PBE+XC_GGA_C_PBE
 MAKE SURE THIS DFT FUNCTIONAL IS WHAT YOU NEED
 UNIFORM GRID DIM     : 24 * 24 * 24
 UNIFORM GRID DIM(BIG): 24 * 24 * 24
 DONE(0.0355216  SEC) : SETUP UNITCELL
 DONE(0.702361   SEC) : INIT K-POINTS
 ----------------------------------------------------------------
 Self-consistent calculations for electrons
 ----------------------------------------------------------------
 SPIN    KPOINTS         PROCESSES   THREADS/PROC  THREADS/TOTAL 
 1       10980           4           1             4             
 ----------------------------------------------------------------
 Use plane wave basis
 ----------------------------------------------------------------
 ELEMENT NATOM       
 Al      1           
 ----------------------------------------------------------------
 Initial plane wave basis and FFT box
 ----------------------------------------------------------------
 DONE(0.782291   SEC) : INIT PLANEWAVE
 START CHARGE         : ATOMIC
 DONE(0.809994   SEC) : LOCAL POTENTIAL
not allowed!
i1*i2*i3 must be positive! i1*i2*i3 is 0
i2 must be positive! i2 is 0
i3 must be positive! i3 is 0
 DONE(0.811235   SEC) : NON-LOCAL POTENTIAL
 MEMORY FOR PSI (MB)  : 281.47
 WARNING: init_wfc = atomic requires atomic pseudo wavefunctions(PP_PSWFC),
 but none available. Automatically switch to random initialization.
 DONE(0.811269   SEC) : INIT BASIS

 ================================================================
 SELF-CONSISTENT: 
 ================================================================
 DONE(7.24299    SEC) : INIT SCF
 ITER       ETOT/eV          EDIFF/eV         DRHO     TIME/s
 CG1     -5.67318707e+01   0.00000000e+00   8.3359e-02  59.15
 CG2     -5.71692331e+01  -4.37362402e-01   3.2220e-02  20.79
 CG3     -5.71928238e+01  -2.35907281e-02   6.2712e-05  20.90
 CG4     -5.71931065e+01  -2.82666330e-04   2.6935e-05  39.83
 CG5     -5.71949694e+01  -1.86288345e-03   4.8603e-06  25.79
 CG6     -5.71950135e+01  -4.40967983e-05   3.5757e-09  26.05
 CG7     -5.71950141e+01  -5.88812496e-07   1.2076e-09  42.39
 CG8     -5.71950141e+01  -4.80453139e-09   5.1781e-12  25.91
 ----------------------------------------------------------------
              Stress_x             Stress_y             Stress_z 
 ----------------------------------------------------------------
         -1.8257420815        -1.4513160000        -0.0000039573 
         -1.4513160000        -1.8070924143        -0.0000042814 
         -0.0000039573        -0.0000042814        -1.5484707778 
 ----------------------------------------------------------------
 TOTAL-PRESSURE (EXCLUDE KINETIC PART OF IONS): -1.727102 kbar

 TIME STATISTICS
-------------------------------------------------------------------
   CLASS_NAME           NAME         TIME/s  CALLS   AVG/s  PER/%  
-------------------------------------------------------------------
                 total               268.43 15       17.90  100.00 
 Driver          atomic_world        268.43 1        268.43 100.00 
 Relax_Driver    relax_driver        267.60 1        267.60 99.69  
 ESolver_KS      runner              267.48 1        267.48 99.65  
 ESolver_KS_PW   before_scf          6.43   1        6.43   2.40   
 PSIPrepare      initialize_psi      6.43   1        6.43   2.40   
 DiagoIterAssist diag_subspace       41.31  87840    0.00   15.39  
 Operator        hPsi                180.74 4263411  0.00   67.33  
 Operator        veff_pw             176.43 4263411  0.00   65.73  
 PW_Basis_K      recip2real          104.60 6283731  0.00   38.97  
 PW_Basis_K      gathers_copy_pack   6.07   6283731  0.00   2.26   
 PW_Basis_K      gathers_zero_mpi    7.80   6283731  0.00   2.90   
 PW_Basis_K      gathers_copy_unpack 6.19   6283731  0.00   2.31   
 PW_Basis_K      real2recip          78.67  5229651  0.00   29.31  
 PW_Basis_K      gatherp_copy_pack   4.65   5229651  0.00   1.73   
 PW_Basis_K      gatherp_copy_unpack 5.09   5229651  0.00   1.90   
 DiagoIterAssist diag_hegvd          2.95   87840    0.00   1.10   
 ESolver_KS_PW   hamilt2rho_single   260.80 8        32.60  97.16  
 HSolverPW       solve               260.80 8        32.60  97.16  
 HSolverPW       solve_psik          241.86 87840    0.00   90.10  
 DiagoCG         diag_once           204.21 87840    0.00   76.08  
 ElecStatePW     psiToRho            18.61  8        2.33   6.93   
-------------------------------------------------------------------


 START  Time  : Mon Aug 10 04:25:22 2026
 FINISH Time  : Mon Aug 10 04:29:50 2026
 TOTAL  Time  : 268
 SEE INFORMATION IN : OUT.g1dsr1_al_206/
