
                     ▄████▄ █████▄ ▄████▄ ▄█████ ██  ██ ▄█████ 
                     ██▄▄██ ██▄▄██ ██▄▄██ ██     ██  ██ ▀▀▀▄▄▄ 
                     ██  ██ ██▄▄█▀ ██  ██ ▀█████ ▀████▀ █████▀ 

                                                                                     
                                v3.11.0-beta.5

               Atomic-orbital Based Ab-initio Computation at UStc                    

                     Website: http://abacus.ustc.edu.cn/                             
               Documentation: https://abacus.deepmodeling.com/                       
                  Repository: https://github.com/abacusmodeling/abacus-develop       
                              https://github.com/deepmodeling/abacus-develop         
                      Commit: unknown

 Fri Aug  7 09:18:44 2026
 MAKE THE DIR         : OUT.g1tlr4_mg_v090_extraquarter/
 RUNNING WITH DEVICE  : CPU / Intel(R) Xeon(R) Platinum 8368Q CPU @ 2.60GHz (x2)
 NAME OF ELEMENT      : Mg
 DFT FUNC. (PSEUDO)   : PZ
 DFT FUNC. (SET TO)   : XC_LDA_X+XC_LDA_C_PZ
 MAKE SURE THIS DFT FUNCTIONAL IS WHAT YOU NEED
 UNIFORM GRID DIM     : 24 * 24 * 40
 UNIFORM GRID DIM(BIG): 24 * 24 * 40
 DONE(0.0948486  SEC) : SETUP UNITCELL
 DONE(0.454113   SEC) : INIT K-POINTS
 ----------------------------------------------------------------
 Self-consistent calculations for electrons
 ----------------------------------------------------------------
 SPIN    KPOINTS         PROCESSES   THREADS/PROC  THREADS/TOTAL 
 1       7060            4           1             4             
 ----------------------------------------------------------------
 Use plane wave basis
 ----------------------------------------------------------------
 ELEMENT NATOM       
 Mg      2           
 ----------------------------------------------------------------
 Initial plane wave basis and FFT box
 ----------------------------------------------------------------
 DONE(0.572414   SEC) : INIT PLANEWAVE
 START CHARGE         : ATOMIC
 DONE(0.59298    SEC) : LOCAL POTENTIAL
not allowed!
i1*i2*i3 must be positive! i1*i2*i3 is 0
i2 must be positive! i2 is 0
i3 must be positive! i3 is 0
 DONE(0.593489   SEC) : NON-LOCAL POTENTIAL
 MEMORY FOR PSI (MB)  : 411.086
 WARNING: init_wfc = atomic requires atomic pseudo wavefunctions(PP_PSWFC),
 but none available. Automatically switch to random initialization.
 DONE(0.593845   SEC) : INIT BASIS

 ================================================================
 SELF-CONSISTENT: 
 ================================================================
 DONE(34.4286    SEC) : INIT SCF
 ITER       ETOT/eV          EDIFF/eV         DRHO     TIME/s
 CG1     -4.90955202e+01   0.00000000e+00   9.7645e-02 321.76
 CG2     -4.93320555e+01  -2.36535364e-01   3.9413e-02 124.40
 CG3     -4.93429932e+01  -1.09376891e-02   3.8660e-05 117.98
 CG4     -4.93454001e+01  -2.40691924e-03   7.4717e-06 244.69
 CG5     -4.93454222e+01  -2.20162372e-05   2.9512e-07 134.78
 CG6     -4.93454240e+01  -1.83241083e-06   1.7261e-08 160.12
 CG7     -4.93454240e+01  -6.01628451e-08   2.0627e-09 152.09
 CG8     -4.93454241e+01  -1.02918008e-08   3.2116e-10 148.31
 CG9     -4.93454241e+01  -7.07613572e-10   3.0007e-12 139.64
 ----------------------------------------------------------------
              Stress_x             Stress_y             Stress_z 
 ----------------------------------------------------------------
          4.2960841087        -0.0000008315        -0.0000002899 
         -0.0000008315         4.2960854232         0.0000004637 
         -0.0000002899         0.0000004637         4.8639310524 
 ----------------------------------------------------------------
 TOTAL-PRESSURE (EXCLUDE KINETIC PART OF IONS): 4.485367 kbar

 TIME STATISTICS
---------------------------------------------------------------------
   CLASS_NAME           NAME         TIME/s   CALLS    AVG/s  PER/%  
---------------------------------------------------------------------
                 total               1582.23 15       105.48  100.00 
 Driver          atomic_world        1582.23 1        1582.23 100.00 
 Relax_Driver    relax_driver        1581.61 1        1581.61 99.96  
 ESolver_KS      runner              1581.40 1        1581.40 99.95  
 ESolver_KS_PW   before_scf          33.83   1        33.83   2.14   
 PSIPrepare      initialize_psi      33.83   1        33.83   2.14   
 DiagoIterAssist diag_subspace       301.13  63540    0.00    19.03  
 Operator        hPsi                1341.33 2846854  0.00    84.77  
 Operator        veff_pw             1331.16 2846854  0.00    84.13  
 PW_Basis_K      recip2real          693.29  4308274  0.00    43.82  
 PW_Basis_K      gathers_zero_mpi    26.53   4308274  0.00    1.68   
 PW_Basis_K      gathers_copy_unpack 16.24   4308274  0.00    1.03   
 PW_Basis_K      real2recip          695.82  3545794  0.00    43.98  
 PW_Basis_K      gatherp_copy_unpack 17.39   3545794  0.00    1.10   
 ESolver_KS_PW   hamilt2rho_single   1543.74 9        171.53  97.57  
 HSolverPW       solve               1543.74 9        171.53  97.57  
 HSolverPW       solve_psik          1450.09 63540    0.02    91.65  
 DiagoCG         diag_once           1172.61 63540    0.02    74.11  
 ElecStatePW     psiToRho            92.44   9        10.27   5.84   
---------------------------------------------------------------------


 START  Time  : Fri Aug  7 09:18:45 2026
 FINISH Time  : Fri Aug  7 09:45:07 2026
 TOTAL  Time  : 1582
 SEE INFORMATION IN : OUT.g1tlr4_mg_v090_extraquarter/
