
                     ▄████▄ █████▄ ▄████▄ ▄█████ ██  ██ ▄█████ 
                     ██▄▄██ ██▄▄██ ██▄▄██ ██     ██  ██ ▀▀▀▄▄▄ 
                     ██  ██ ██▄▄█▀ ██  ██ ▀█████ ▀████▀ █████▀ 

                                                                                     
                                v3.11.0-beta.5

               Atomic-orbital Based Ab-initio Computation at UStc                    

                     Website: http://abacus.ustc.edu.cn/                             
               Documentation: https://abacus.deepmodeling.com/                       
                  Repository: https://github.com/abacusmodeling/abacus-develop       
                              https://github.com/deepmodeling/abacus-develop         
                      Commit: unknown

 Wed Aug  5 18:49:27 2026
 MAKE THE DIR         : OUT.s1_al_v100_ksdft_next_kmesh/
 RUNNING WITH DEVICE  : CPU / Intel(R) Xeon(R) Platinum 8368Q CPU @ 2.60GHz (x2)
 NAME OF ELEMENT      : Al
 DFT FUNC. (PSEUDO)   : PBE
 DFT FUNC. (SET TO)   : XC_GGA_X_PBE+XC_GGA_C_PBE
 MAKE SURE THIS DFT FUNCTIONAL IS WHAT YOU NEED
 UNIFORM GRID DIM     : 24 * 24 * 24
 UNIFORM GRID DIM(BIG): 24 * 24 * 24
 DONE(0.0314513  SEC) : SETUP UNITCELL
 DONE(0.74838    SEC) : INIT K-POINTS
 ----------------------------------------------------------------
 Self-consistent calculations for electrons
 ----------------------------------------------------------------
 SPIN    KPOINTS         PROCESSES   THREADS/PROC  THREADS/TOTAL 
 1       10980           4           1             4             
 ----------------------------------------------------------------
 Use plane wave basis
 ----------------------------------------------------------------
 ELEMENT NATOM       
 Al      1           
 ----------------------------------------------------------------
 Initial plane wave basis and FFT box
 ----------------------------------------------------------------
 DONE(0.830841   SEC) : INIT PLANEWAVE
 START CHARGE         : ATOMIC
 DONE(0.836543   SEC) : LOCAL POTENTIAL
not allowed!
i1*i2*i3 must be positive! i1*i2*i3 is 0
i2 must be positive! i2 is 0
i3 must be positive! i3 is 0
 DONE(0.836577   SEC) : NON-LOCAL POTENTIAL
 MEMORY FOR PSI (MB)  : 281.47
 WARNING: init_wfc = atomic requires atomic pseudo wavefunctions(PP_PSWFC),
 but none available. Automatically switch to random initialization.
 DONE(0.836611   SEC) : INIT BASIS

 ================================================================
 SELF-CONSISTENT: 
 ================================================================
 DONE(7.33783    SEC) : INIT SCF
 ITER       ETOT/eV          EDIFF/eV         DRHO     TIME/s
 CG1     -5.67381509e+01   0.00000000e+00   8.3405e-02  60.14
 CG2     -5.71758880e+01  -4.37737142e-01   3.2188e-02  21.18
 CG3     -5.71995869e+01  -2.36988417e-02   6.0607e-05  21.30
 CG4     -5.71996486e+01  -6.17245363e-05   2.5175e-05  40.61
 CG5     -5.72014719e+01  -1.82334879e-03   4.4004e-06  26.33
 CG6     -5.72015155e+01  -4.35246166e-05   3.6153e-09  26.77
 CG7     -5.72015160e+01  -5.67802790e-07   1.8772e-09  42.53
 CG8     -5.72015160e+01  -5.13655926e-09   2.1369e-12  25.85
 ----------------------------------------------------------------
              Stress_x             Stress_y             Stress_z 
 ----------------------------------------------------------------
         -1.4508171390         0.0000096441         0.0000010379 
          0.0000096441        -1.4508169709         0.0000044374 
          0.0000010379         0.0000044374        -1.4508174616 
 ----------------------------------------------------------------
 TOTAL-PRESSURE (EXCLUDE KINETIC PART OF IONS): -1.450817 kbar

 TIME STATISTICS
-------------------------------------------------------------------
   CLASS_NAME           NAME         TIME/s  CALLS   AVG/s  PER/%  
-------------------------------------------------------------------
                 total               272.47 15       18.16  100.00 
 Driver          atomic_world        272.47 1        272.47 100.00 
 Relax_Driver    relax_driver        271.61 1        271.61 99.68  
 ESolver_KS      runner              271.43 1        271.43 99.62  
 ESolver_KS_PW   before_scf          6.50   1        6.50   2.39   
 PSIPrepare      initialize_psi      6.50   1        6.50   2.39   
 DiagoIterAssist diag_subspace       42.02  87840    0.00   15.42  
 Operator        hPsi                182.57 4247688  0.00   67.01  
 Operator        veff_pw             178.16 4247688  0.00   65.39  
 PW_Basis_K      recip2real          105.92 6268008  0.00   38.87  
 PW_Basis_K      gathers_copy_pack   6.43   6268008  0.00   2.36   
 PW_Basis_K      gathers_zero_mpi    7.75   6268008  0.00   2.85   
 PW_Basis_K      gathers_copy_unpack 6.19   6268008  0.00   2.27   
 PW_Basis_K      real2recip          79.33  5213928  0.00   29.11  
 PW_Basis_K      gatherp_copy_pack   4.71   5213928  0.00   1.73   
 PW_Basis_K      gatherp_copy_unpack 5.08   5213928  0.00   1.87   
 DiagoIterAssist diag_hegvd          3.20   87840    0.00   1.17   
 ESolver_KS_PW   hamilt2rho_single   264.69 8        33.09  97.15  
 HSolverPW       solve               264.69 8        33.09  97.15  
 HSolverPW       solve_psik          244.57 87840    0.00   89.76  
 DiagoCG         diag_once           206.17 87840    0.00   75.67  
 ElecStatePW     psiToRho            19.67  8        2.46   7.22   
-------------------------------------------------------------------


 START  Time  : Wed Aug  5 18:49:27 2026
 FINISH Time  : Wed Aug  5 18:53:59 2026
 TOTAL  Time  : 272
 SEE INFORMATION IN : OUT.s1_al_v100_ksdft_next_kmesh/
