
                     ▄████▄ █████▄ ▄████▄ ▄█████ ██  ██ ▄█████ 
                     ██▄▄██ ██▄▄██ ██▄▄██ ██     ██  ██ ▀▀▀▄▄▄ 
                     ██  ██ ██▄▄█▀ ██  ██ ▀█████ ▀████▀ █████▀ 

                                                                                     
                                v3.11.0-beta.5

               Atomic-orbital Based Ab-initio Computation at UStc                    

                     Website: http://abacus.ustc.edu.cn/                             
               Documentation: https://abacus.deepmodeling.com/                       
                  Repository: https://github.com/abacusmodeling/abacus-develop       
                              https://github.com/deepmodeling/abacus-develop         
                      Commit: unknown

 Fri Aug  7 11:44:40 2026
 MAKE THE DIR         : OUT.g1tlr4_mg_v090_half/
 RUNNING WITH DEVICE  : CPU / Intel(R) Xeon(R) Platinum 8368Q CPU @ 2.60GHz (x2)
 NAME OF ELEMENT      : Mg
 DFT FUNC. (PSEUDO)   : PZ
 DFT FUNC. (SET TO)   : XC_LDA_X+XC_LDA_C_PZ
 MAKE SURE THIS DFT FUNCTIONAL IS WHAT YOU NEED
 UNIFORM GRID DIM     : 24 * 24 * 40
 UNIFORM GRID DIM(BIG): 24 * 24 * 40
 DONE(0.0891834  SEC) : SETUP UNITCELL
 DONE(0.280048   SEC) : INIT K-POINTS
 ----------------------------------------------------------------
 Self-consistent calculations for electrons
 ----------------------------------------------------------------
 SPIN    KPOINTS         PROCESSES   THREADS/PROC  THREADS/TOTAL 
 1       4612            4           1             4             
 ----------------------------------------------------------------
 Use plane wave basis
 ----------------------------------------------------------------
 ELEMENT NATOM       
 Mg      2           
 ----------------------------------------------------------------
 Initial plane wave basis and FFT box
 ----------------------------------------------------------------
 DONE(0.35898    SEC) : INIT PLANEWAVE
 START CHARGE         : ATOMIC
 DONE(0.378029   SEC) : LOCAL POTENTIAL
not allowed!
i1*i2*i3 must be positive! i1*i2*i3 is 0
i2 must be positive! i2 is 0
i3 must be positive! i3 is 0
 DONE(0.378533   SEC) : NON-LOCAL POTENTIAL
 MEMORY FOR PSI (MB)  : 267.701
 WARNING: init_wfc = atomic requires atomic pseudo wavefunctions(PP_PSWFC),
 but none available. Automatically switch to random initialization.
 DONE(0.378941   SEC) : INIT BASIS

 ================================================================
 SELF-CONSISTENT: 
 ================================================================
 DONE(23.0851    SEC) : INIT SCF
 ITER       ETOT/eV          EDIFF/eV         DRHO     TIME/s
 CG1     -4.90991195e+01   0.00000000e+00   9.7661e-02 200.55
 CG2     -4.93355478e+01  -2.36428347e-01   3.9355e-02  80.56
 CG3     -4.93465384e+01  -1.09905341e-02   3.9042e-05  70.87
 CG4     -4.93488688e+01  -2.33039886e-03   6.6975e-06 155.78
 CG5     -4.93488865e+01  -1.77082144e-05   2.5190e-07  86.90
 CG6     -4.93488883e+01  -1.79125323e-06   1.9053e-08 101.97
 CG7     -4.93488883e+01  -3.63890520e-08   1.3648e-09  91.78
 CG8     -4.93488883e+01  -5.14626899e-09   1.2414e-10 105.15
 CG9     -4.93488883e+01  -1.12949417e-09   5.2688e-12  89.85
 ----------------------------------------------------------------
              Stress_x             Stress_y             Stress_z 
 ----------------------------------------------------------------
          4.2810954313        -0.0000001505        -0.0000003076 
         -0.0000001505         4.2810949118         0.0000001587 
         -0.0000003076         0.0000001587         5.3899491185 
 ----------------------------------------------------------------
 TOTAL-PRESSURE (EXCLUDE KINETIC PART OF IONS): 4.650713 kbar

 TIME STATISTICS
---------------------------------------------------------------------
   CLASS_NAME           NAME         TIME/s   CALLS    AVG/s  PER/%  
---------------------------------------------------------------------
                 total               1009.52 15       67.30   100.00 
 Driver          atomic_world        1009.52 1        1009.52 100.00 
 Relax_Driver    relax_driver        1009.11 1        1009.11 99.96  
 ESolver_KS      runner              1008.89 1        1008.89 99.94  
 ESolver_KS_PW   before_scf          22.71   1        22.71   2.25   
 PSIPrepare      initialize_psi      22.70   1        22.70   2.25   
 DiagoIterAssist diag_subspace       190.93  41508    0.00    18.91  
 Operator        hPsi                857.92  1883779  0.00    84.98  
 Operator        veff_pw             851.46  1883779  0.00    84.34  
 PW_Basis_K      recip2real          444.27  2838463  0.00    44.01  
 PW_Basis_K      gathers_copy_pack   10.26   2838463  0.00    1.02   
 PW_Basis_K      gathers_zero_mpi    16.97   2838463  0.00    1.68   
 PW_Basis_K      gathers_copy_unpack 10.16   2838463  0.00    1.01   
 PW_Basis_K      real2recip          444.46  2340367  0.00    44.03  
 PW_Basis_K      gatherp_copy_unpack 11.34   2340367  0.00    1.12   
 ESolver_KS_PW   hamilt2rho_single   983.38  9        109.26  97.41  
 HSolverPW       solve               983.38  9        109.26  97.41  
 HSolverPW       solve_psik          924.51  41508    0.02    91.58  
 DiagoCG         diag_once           750.29  41508    0.02    74.32  
 ElecStatePW     psiToRho            58.04   9        6.45    5.75   
---------------------------------------------------------------------


 START  Time  : Fri Aug  7 11:44:40 2026
 FINISH Time  : Fri Aug  7 12:01:29 2026
 TOTAL  Time  : 1009
 SEE INFORMATION IN : OUT.g1tlr4_mg_v090_half/
