
                     ▄████▄ █████▄ ▄████▄ ▄█████ ██  ██ ▄█████ 
                     ██▄▄██ ██▄▄██ ██▄▄██ ██     ██  ██ ▀▀▀▄▄▄ 
                     ██  ██ ██▄▄█▀ ██  ██ ▀█████ ▀████▀ █████▀ 

                                                                                     
                                v3.11.0-beta.5

               Atomic-orbital Based Ab-initio Computation at UStc                    

                     Website: http://abacus.ustc.edu.cn/                             
               Documentation: https://abacus.deepmodeling.com/                       
                  Repository: https://github.com/abacusmodeling/abacus-develop       
                              https://github.com/deepmodeling/abacus-develop         
                      Commit: unknown

 Wed Aug  5 18:22:41 2026
 MAKE THE DIR         : OUT.g1_ne_143_from_093/
 RUNNING WITH DEVICE  : CPU / Intel(R) Xeon(R) Platinum 8368Q CPU @ 2.60GHz (x2)
 NAME OF ELEMENT      : Mg
 DFT FUNC. (PSEUDO)   : PZ
 DFT FUNC. (SET TO)   : XC_LDA_X+XC_LDA_C_PZ
 MAKE SURE THIS DFT FUNCTIONAL IS WHAT YOU NEED
 UNIFORM GRID DIM     : 24 * 24 * 40
 UNIFORM GRID DIM(BIG): 24 * 24 * 40
 DONE(0.115599   SEC) : SETUP UNITCELL
 DONE(0.117607   SEC) : INIT K-POINTS
 ----------------------------------------------------------------
 Self-consistent calculations for electrons
 ----------------------------------------------------------------
 SPIN    KPOINTS         PROCESSES   THREADS/PROC  THREADS/TOTAL 
 1       1               4           1             4             
 ----------------------------------------------------------------
 Use plane wave basis
 ----------------------------------------------------------------
 ELEMENT NATOM       
 Mg      2           
 ----------------------------------------------------------------
 Initial plane wave basis and FFT box
 ----------------------------------------------------------------
 DONE(0.120152   SEC) : SETUP UNITCELL
 START CHARGE         : ATOMIC
 DONE(0.208338   SEC) : LOCAL POTENTIAL
 DONE(0.21021    SEC) : INIT POTENTIAL
 DONE(0.210422   SEC) : INIT KEDF
 DONE(0.210546   SEC) : INIT OPTIMIZATION
 DONE(0.210671   SEC) : INIT PHI

 ================================================================
 SELF-CONSISTENT: 
 ================================================================
 ============================= Running OFDFT ==============================
 ITER       ETOT/eV           EDIFF/eV        EFERMI/eV    POTNORM   TIME/s
 TN0     -4.65406119e+01   -4.65406119e+01   4.4325e+00   1.2804e-01   0.00  
 TN1     -4.65607225e+01   -2.01106208e-02   4.4270e+00   1.3199e-01   0.10  
 TN2     -4.91637932e+01   -2.60307066e+00   3.7388e+00   7.1351e-02   0.06  
 TN3     -4.93026910e+01   -1.38897860e-01   3.7062e+00   7.0870e-03   0.11  
 TN4     -4.93045019e+01   -1.81092575e-03   3.7053e+00   2.4612e-03   0.09  
 TN5     -4.93046045e+01   -1.02587536e-04   3.7054e+00   7.9587e-04   0.07  
 TN6     -4.93046270e+01   -2.24908171e-05   3.7053e+00   8.8544e-05   0.12  
 TN7     -4.93046272e+01   -2.11679549e-07   3.7053e+00   1.0906e-05   0.12  
 TN8     -4.93046272e+01   -2.53205094e-09   3.7053e+00   1.1807e-06   0.12  
 TN9     -4.93046272e+01   -3.49115061e-11   3.7053e+00   2.0055e-07   0.10  
 ----------------------------------------------------------------
              Stress_x             Stress_y             Stress_z 
 ----------------------------------------------------------------
         -8.9503621475        -0.0000061347         0.0000000046 
         -0.0000061347        -8.9503692312         0.0000000080 
          0.0000000046         0.0000000080        -6.1036118330 
 ----------------------------------------------------------------
 TOTAL-PRESSURE (EXCLUDE KINETIC PART OF IONS): -8.001448 kbar

 TIME STATISTICS
----------------------------------------------------------------------
     CLASS_NAME             NAME        TIME/s  CALLS   AVG/s  PER/%  
----------------------------------------------------------------------
                     total              1.20   17       0.07   100.00 
 Driver              atomic_world       1.20   1        1.20   100.00 
 Driver              reading            0.05   1        0.05   3.98   
 Charge              atomic_rho         0.08   2        0.04   7.09   
 PW_Basis_Sup        recip2real         0.21   1104     0.00   17.95  
 PW_Basis_Sup        recip2real_copy_g  0.01   1104     0.00   1.06   
 ppcell_vl           init_vloc          0.03   1        0.03   2.52   
 Potential           cal_veff           0.30   275      0.00   24.81  
 H_Hartree_pw        v_hartree          0.12   275      0.00   10.13  
 PW_Basis_Sup        real2recip         0.22   1100     0.00   18.17  
 PotXC               cal_veff           0.17   275      0.00   14.53  
 XC_Functional_Libxc v_xc_libxc         0.17   275      0.00   14.47  
 Libxc               xc_lda/gga_exc_vxc 0.15   550      0.00   12.55  
 Relax_Driver        relax_driver       0.98   1        0.98   82.33  
 ESolver_OF          runner             0.93   1        0.93   78.09  
 KEDF_Manager        get_potential      0.58   273      0.00   48.44  
 KEDF_TF             tf_potential       0.07   273      0.00   5.49   
 KEDF_WT             wt_potential       0.40   273      0.00   33.43  
 KEDF_vW             vw_potential       0.11   273      0.00   9.44   
 ESolver_OF          after_opt          0.04   1        0.04   3.16   
 OF_Stress_PW        cal_stress         0.05   1        0.05   3.93   
 Stress              stress_loc         0.05   1        0.05   3.85   
----------------------------------------------------------------------


 START  Time  : Wed Aug  5 18:22:41 2026
 FINISH Time  : Wed Aug  5 18:22:43 2026
 TOTAL  Time  : 2
 SEE INFORMATION IN : OUT.g1_ne_143_from_093/
