
                     ▄████▄ █████▄ ▄████▄ ▄█████ ██  ██ ▄█████ 
                     ██▄▄██ ██▄▄██ ██▄▄██ ██     ██  ██ ▀▀▀▄▄▄ 
                     ██  ██ ██▄▄█▀ ██  ██ ▀█████ ▀████▀ █████▀ 

                                                                                     
                                v3.11.0-beta.5

               Atomic-orbital Based Ab-initio Computation at UStc                    

                     Website: http://abacus.ustc.edu.cn/                             
               Documentation: https://abacus.deepmodeling.com/                       
                  Repository: https://github.com/abacusmodeling/abacus-develop       
                              https://github.com/deepmodeling/abacus-develop         
                      Commit: unknown

 Wed Aug  5 15:20:56 2026
 MAKE THE DIR         : OUT.s1_mg_ksdft_sigma0p00734986/
 RUNNING WITH DEVICE  : CPU / Intel(R) Xeon(R) Platinum 8368Q CPU @ 2.60GHz (x2)
 NAME OF ELEMENT      : Mg
 DFT FUNC. (PSEUDO)   : PZ
 DFT FUNC. (SET TO)   : XC_LDA_X+XC_LDA_C_PZ
 MAKE SURE THIS DFT FUNCTIONAL IS WHAT YOU NEED
 UNIFORM GRID DIM     : 25 * 25 * 40
 UNIFORM GRID DIM(BIG): 25 * 25 * 40
 DONE(0.0117699  SEC) : SETUP UNITCELL
 DONE(0.0660075  SEC) : INIT K-POINTS
 ----------------------------------------------------------------
 Self-consistent calculations for electrons
 ----------------------------------------------------------------
 SPIN    KPOINTS         PROCESSES   THREADS/PROC  THREADS/TOTAL 
 1       2404            4           1             4             
 ----------------------------------------------------------------
 Use plane wave basis
 ----------------------------------------------------------------
 ELEMENT NATOM       
 Mg      2           
 ----------------------------------------------------------------
 Initial plane wave basis and FFT box
 ----------------------------------------------------------------
 DONE(0.111249   SEC) : INIT PLANEWAVE
 START CHARGE         : ATOMIC
 DONE(0.133866   SEC) : LOCAL POTENTIAL
not allowed!
i1*i2*i3 must be positive! i1*i2*i3 is 0
i2 must be positive! i2 is 0
i3 must be positive! i3 is 0
 DONE(0.133897   SEC) : NON-LOCAL POTENTIAL
 MEMORY FOR PSI (MB)  : 150.984
 WARNING: init_wfc = atomic requires atomic pseudo wavefunctions(PP_PSWFC),
 but none available. Automatically switch to random initialization.
 DONE(0.133937   SEC) : INIT BASIS

 ================================================================
 SELF-CONSISTENT: 
 ================================================================
 DONE(4.01336    SEC) : INIT SCF
 ITER       ETOT/eV          EDIFF/eV         DRHO     TIME/s
 CG1     -4.90542107e+01   0.00000000e+00   9.1127e-02  32.79
 CG2     -4.93030455e+01  -2.48834836e-01   3.6758e-02   9.38
 CG3     -4.93144135e+01  -1.13680582e-02   3.8635e-05   8.80
 CG4     -4.93168806e+01  -2.46708616e-03   7.9853e-06  21.41
 CG5     -4.93169062e+01  -2.55805535e-05   3.6260e-07  14.44
 CG6     -4.93169084e+01  -2.18383126e-06   2.1298e-08  14.33
 CG7     -4.93169085e+01  -5.39200479e-08   1.8922e-09  11.22
 CG8     -4.93169085e+01  -5.87956771e-09   6.9821e-11  11.40
 ----------------------------------------------------------------
              Stress_x             Stress_y             Stress_z 
 ----------------------------------------------------------------
        -30.9005001417         0.0000018633         0.0000006028 
          0.0000018633       -30.9004975921        -0.0000000225 
          0.0000006028        -0.0000000225       -26.8154329872 
 ----------------------------------------------------------------
 TOTAL-PRESSURE (EXCLUDE KINETIC PART OF IONS): -29.538810 kbar

 TIME STATISTICS
-------------------------------------------------------------------
   CLASS_NAME           NAME         TIME/s  CALLS   AVG/s  PER/%  
-------------------------------------------------------------------
                 total               128.01 15       8.53   100.00 
 Driver          atomic_world        128.01 1        128.01 100.00 
 Relax_Driver    relax_driver        127.86 1        127.86 99.88  
 ESolver_KS      runner              127.71 1        127.71 99.77  
 ESolver_KS_PW   before_scf          3.88   1        3.88   3.03   
 PSIPrepare      initialize_psi      3.88   1        3.88   3.03   
 DiagoIterAssist diag_subspace       20.48  19232    0.00   16.00  
 Operator        hPsi                91.55  891563   0.00   71.52  
 Operator        veff_pw             90.28  891563   0.00   70.53  
 PW_Basis_K      recip2real          53.90  1333899  0.00   42.11  
 PW_Basis_K      gathers_copy_pack   2.13   1333899  0.00   1.67   
 PW_Basis_K      gathers_zero_mpi    4.30   1333899  0.00   3.36   
 PW_Basis_K      gathers_copy_unpack 2.06   1333899  0.00   1.61   
 PW_Basis_K      real2recip          41.12  1103115  0.00   32.12  
 PW_Basis_K      gatherp_copy_pack   1.69   1103115  0.00   1.32   
 PW_Basis_K      gatherp_copy_unpack 3.11   1103115  0.00   2.43   
 ESolver_KS_PW   hamilt2rho_single   123.75 8        15.47  96.67  
 HSolverPW       solve               123.75 8        15.47  96.67  
 HSolverPW       solve_psik          112.77 19232    0.01   88.09  
 DiagoCG         diag_once           94.52  19232    0.00   73.84  
 ElecStatePW     psiToRho            10.80  8        1.35   8.43   
-------------------------------------------------------------------


 START  Time  : Wed Aug  5 15:20:56 2026
 FINISH Time  : Wed Aug  5 15:23:04 2026
 TOTAL  Time  : 128
 SEE INFORMATION IN : OUT.s1_mg_ksdft_sigma0p00734986/
