
                     ▄████▄ █████▄ ▄████▄ ▄█████ ██  ██ ▄█████ 
                     ██▄▄██ ██▄▄██ ██▄▄██ ██     ██  ██ ▀▀▀▄▄▄ 
                     ██  ██ ██▄▄█▀ ██  ██ ▀█████ ▀████▀ █████▀ 

                                                                                     
                                v3.11.0-beta.5

               Atomic-orbital Based Ab-initio Computation at UStc                    

                     Website: http://abacus.ustc.edu.cn/                             
               Documentation: https://abacus.deepmodeling.com/                       
                  Repository: https://github.com/abacusmodeling/abacus-develop       
                              https://github.com/deepmodeling/abacus-develop         
                      Commit: unknown

 Fri Aug  7 08:34:38 2026
 MAKE THE DIR         : OUT.g1tlr4_al_v090_quarter/
 RUNNING WITH DEVICE  : CPU / Intel(R) Xeon(R) Platinum 8368Q CPU @ 2.60GHz (x2)
 NAME OF ELEMENT      : Al
 DFT FUNC. (PSEUDO)   : PBE
 DFT FUNC. (SET TO)   : XC_GGA_X_PBE+XC_GGA_C_PBE
 MAKE SURE THIS DFT FUNCTIONAL IS WHAT YOU NEED
 UNIFORM GRID DIM     : 24 * 24 * 24
 UNIFORM GRID DIM(BIG): 24 * 24 * 24
 DONE(0.0835713  SEC) : SETUP UNITCELL
 DONE(0.792063   SEC) : INIT K-POINTS
 ----------------------------------------------------------------
 Self-consistent calculations for electrons
 ----------------------------------------------------------------
 SPIN    KPOINTS         PROCESSES   THREADS/PROC  THREADS/TOTAL 
 1       10980           4           1             4             
 ----------------------------------------------------------------
 Use plane wave basis
 ----------------------------------------------------------------
 ELEMENT NATOM       
 Al      1           
 ----------------------------------------------------------------
 Initial plane wave basis and FFT box
 ----------------------------------------------------------------
 DONE(0.868194   SEC) : INIT PLANEWAVE
 START CHARGE         : ATOMIC
 DONE(0.874408   SEC) : LOCAL POTENTIAL
not allowed!
i1*i2*i3 must be positive! i1*i2*i3 is 0
i2 must be positive! i2 is 0
i3 must be positive! i3 is 0
 DONE(0.874909   SEC) : NON-LOCAL POTENTIAL
 MEMORY FOR PSI (MB)  : 249.302
 WARNING: init_wfc = atomic requires atomic pseudo wavefunctions(PP_PSWFC),
 but none available. Automatically switch to random initialization.
 DONE(0.875275   SEC) : INIT BASIS

 ================================================================
 SELF-CONSISTENT: 
 ================================================================
 DONE(7.23598    SEC) : INIT SCF
 ITER       ETOT/eV          EDIFF/eV         DRHO     TIME/s
 CG1     -5.67233986e+01   0.00000000e+00   9.3057e-02  59.50
 CG2     -5.71222938e+01  -3.98895201e-01   3.5723e-02  20.58
 CG3     -5.71471348e+01  -2.48409403e-02   4.9323e-05  20.87
 CG4     -5.71470235e+01   1.11332381e-04   1.6520e-05  40.82
 CG5     -5.71484255e+01  -1.40208499e-03   1.9731e-06  26.57
 CG6     -5.71484534e+01  -2.78372753e-05   1.0204e-08  27.46
 CG7     -5.71484537e+01  -3.27717825e-07   2.5257e-09  35.38
 CG8     -5.71484537e+01  -2.32971767e-09   3.8134e-11  22.58
 ----------------------------------------------------------------
              Stress_x             Stress_y             Stress_z 
 ----------------------------------------------------------------
        101.9699049880        -0.0000076504         0.0000011331 
         -0.0000076504       101.9698992482         0.0000090491 
          0.0000011331         0.0000090491       101.9698976994 
 ----------------------------------------------------------------
 TOTAL-PRESSURE (EXCLUDE KINETIC PART OF IONS): 101.969901 kbar

 TIME STATISTICS
-------------------------------------------------------------------
   CLASS_NAME           NAME         TIME/s  CALLS   AVG/s  PER/%  
-------------------------------------------------------------------
                 total               267.83 15       17.86  100.00 
 Driver          atomic_world        267.83 1        267.83 100.00 
 Relax_Driver    relax_driver        266.94 1        266.94 99.67  
 ESolver_KS      runner              266.81 1        266.81 99.62  
 ESolver_KS_PW   before_scf          6.36   1        6.36   2.37   
 PSIPrepare      initialize_psi      6.36   1        6.36   2.37   
 DiagoIterAssist diag_subspace       41.56  87840    0.00   15.52  
 Operator        hPsi                174.71 4115330  0.00   65.23  
 Operator        veff_pw             170.45 4115330  0.00   63.64  
 PW_Basis_K      recip2real          101.20 6135650  0.00   37.78  
 PW_Basis_K      gathers_copy_pack   5.76   6135650  0.00   2.15   
 PW_Basis_K      gathers_zero_mpi    7.49   6135650  0.00   2.80   
 PW_Basis_K      gathers_copy_unpack 5.61   6135650  0.00   2.09   
 PW_Basis_K      real2recip          76.37  5081570  0.00   28.51  
 PW_Basis_K      gatherp_copy_pack   4.49   5081570  0.00   1.68   
 PW_Basis_K      gatherp_copy_unpack 5.18   5081570  0.00   1.94   
 DiagoIterAssist diag_hegvd          3.23   87840    0.00   1.21   
 ESolver_KS_PW   hamilt2rho_single   253.72 8        31.71  94.73  
 HSolverPW       solve               253.72 8        31.71  94.73  
 HSolverPW       solve_psik          234.98 87840    0.00   87.74  
 DiagoCG         diag_once           197.23 87840    0.00   73.64  
 ElecStatePW     psiToRho            18.40  8        2.30   6.87   
 ESolver_KS_PW   after_scf           6.69   1        6.69   2.50   
 ModuleIO        write_eig_file      6.68   1        6.68   2.49   
-------------------------------------------------------------------


 START  Time  : Fri Aug  7 08:34:38 2026
 FINISH Time  : Fri Aug  7 08:39:06 2026
 TOTAL  Time  : 268
 SEE INFORMATION IN : OUT.g1tlr4_al_v090_quarter/
