
                     ▄████▄ █████▄ ▄████▄ ▄█████ ██  ██ ▄█████ 
                     ██▄▄██ ██▄▄██ ██▄▄██ ██     ██  ██ ▀▀▀▄▄▄ 
                     ██  ██ ██▄▄█▀ ██  ██ ▀█████ ▀████▀ █████▀ 

                                                                                     
                                v3.11.0-beta.5

               Atomic-orbital Based Ab-initio Computation at UStc                    

                     Website: http://abacus.ustc.edu.cn/                             
               Documentation: https://abacus.deepmodeling.com/                       
                  Repository: https://github.com/abacusmodeling/abacus-develop       
                              https://github.com/deepmodeling/abacus-develop         
                      Commit: unknown

 Wed Aug  5 18:00:54 2026
 MAKE THE DIR         : OUT.s1_al_v097_ofdft_next_cutoff/
 RUNNING WITH DEVICE  : CPU / Intel(R) Xeon(R) Platinum 8368Q CPU @ 2.60GHz (x2)
 NAME OF ELEMENT      : Al
 DFT FUNC. (PSEUDO)   : PBE
 DFT FUNC. (SET TO)   : XC_GGA_X_PBE+XC_GGA_C_PBE
 MAKE SURE THIS DFT FUNCTIONAL IS WHAT YOU NEED
 UNIFORM GRID DIM     : 20 * 20 * 20
 UNIFORM GRID DIM(BIG): 20 * 20 * 20
 DONE(0.0374963  SEC) : SETUP UNITCELL
 DONE(0.0388193  SEC) : INIT K-POINTS
 ----------------------------------------------------------------
 Self-consistent calculations for electrons
 ----------------------------------------------------------------
 SPIN    KPOINTS         PROCESSES   THREADS/PROC  THREADS/TOTAL 
 1       1               4           1             4             
 ----------------------------------------------------------------
 Use plane wave basis
 ----------------------------------------------------------------
 ELEMENT NATOM       
 Al      1           
 ----------------------------------------------------------------
 Initial plane wave basis and FFT box
 ----------------------------------------------------------------
 DONE(0.0390957  SEC) : SETUP UNITCELL
 START CHARGE         : ATOMIC
 DONE(0.0577111  SEC) : LOCAL POTENTIAL
 DONE(0.0633252  SEC) : INIT POTENTIAL
 DONE(0.0633806  SEC) : INIT KEDF
 DONE(0.0633898  SEC) : INIT OPTIMIZATION
 DONE(0.0633996  SEC) : INIT PHI

 ================================================================
 SELF-CONSISTENT: 
 ================================================================
 ============================= Running OFDFT ==============================
 ITER       ETOT/eV           EDIFF/eV        EFERMI/eV    POTNORM   TIME/s
 TN0     -5.48543722e+01   -5.48543722e+01   8.9667e+00   2.1722e-01   0.00  
 TN1     -5.50965033e+01   -2.42131151e-01   8.8781e+00   2.5073e-01   0.05  
 TN2     -5.53986657e+01   -3.02162385e-01   8.7619e+00   2.8651e-01   0.05  
 TN3     -5.67166166e+01   -1.31795084e+00   8.3088e+00   2.5021e-01   0.05  
 TN4     -5.71689720e+01   -4.52355463e-01   8.1499e+00   3.3775e-02   0.03  
 TN5     -5.71767733e+01   -7.80132202e-03   8.1481e+00   3.8747e-03   0.03  
 TN6     -5.71769041e+01   -1.30751866e-04   8.1480e+00   4.9590e-04   0.05  
 TN7     -5.71769067e+01   -2.58048413e-06   8.1479e+00   6.8512e-05   0.04  
 TN8     -5.71769067e+01   -5.26255609e-08   8.1479e+00   8.1307e-06   0.06  
 TN9     -5.71769067e+01   -6.56865607e-10   8.1479e+00   1.0171e-06   0.04  
 TN10    -5.71769067e+01   -1.67850751e-11   8.1479e+00   1.2827e-07   0.06  
 ----------------------------------------------------------------
              Stress_x             Stress_y             Stress_z 
 ----------------------------------------------------------------
         34.7561054229         0.0000026976         0.0000026976 
          0.0000026976        34.7561054229         0.0000026976 
          0.0000026976         0.0000026976        34.7561054229 
 ----------------------------------------------------------------
 TOTAL-PRESSURE (EXCLUDE KINETIC PART OF IONS): 34.756105 kbar

 TIME STATISTICS
-----------------------------------------------------------------------
     CLASS_NAME             NAME         TIME/s  CALLS   AVG/s  PER/%  
-----------------------------------------------------------------------
                     total               0.54   17       0.03   100.00 
 Driver              atomic_world        0.54   1        0.54   100.00 
 Driver              reading             0.02   1        0.02   3.84   
 Charge              atomic_rho          0.02   2        0.01   3.31   
 PW_Basis_Sup        recip2real          0.10   2230     0.00   17.91  
 PW_Basis_Sup        recip2real_copy_g   0.01   2230     0.00   1.80   
 PW_Basis_Sup        gathers_copy_pack   0.01   2230     0.00   1.12   
 PW_Basis_Sup        gathers_copy_unpack 0.01   2230     0.00   1.02   
 ppcell_vl           init_vloc           0.01   1        0.01   1.10   
 Potential           cal_veff            0.32   247      0.00   58.99  
 H_Hartree_pw        v_hartree           0.02   247      0.00   4.47   
 PW_Basis_Sup        real2recip          0.11   2719     0.00   20.13  
 PW_Basis_Sup        real2recip_copy_r   0.01   2719     0.00   1.18   
 PW_Basis_Sup        gatherp_copy_pack   0.01   2719     0.00   1.34   
 PW_Basis_Sup        gatherp_copy_unpack 0.01   2719     0.00   2.34   
 PW_Basis_Sup        real2recip_copy_g   0.01   2719     0.00   1.12   
 PotXC               cal_veff            0.29   247      0.00   54.41  
 XC_Functional_Libxc v_xc_libxc          0.29   247      0.00   54.34  
 Libxc               xc_lda/gga_exc_vxc  0.12   494      0.00   22.06  
 Relax_Driver        relax_driver        0.48   1        0.48   88.21  
 ESolver_OF          runner              0.46   1        0.46   85.89  
 KEDF_Manager        get_potential       0.13   245      0.00   24.90  
 KEDF_TF             tf_potential        0.02   245      0.00   3.87   
 KEDF_WT             wt_potential        0.09   245      0.00   16.88  
 KEDF_vW             vw_potential        0.02   245      0.00   4.06   
 OF_Stress_PW        cal_stress          0.01   1        0.01   2.18   
 Stress              stress_loc          0.01   1        0.01   1.67   
-----------------------------------------------------------------------


 START  Time  : Wed Aug  5 18:00:54 2026
 FINISH Time  : Wed Aug  5 18:00:54 2026
 TOTAL  Time  : 0
 SEE INFORMATION IN : OUT.s1_al_v097_ofdft_next_cutoff/
