                                                                                     
                              ABACUS v3.11.0-beta.5

               Atomic-orbital Based Ab-initio Computation at UStc                    

                     Website: http://abacus.ustc.edu.cn/                             
               Documentation: https://abacus.deepmodeling.com/                       
                  Repository: https://github.com/abacusmodeling/abacus-develop       
                              https://github.com/deepmodeling/abacus-develop         
                      Commit: unknown

    Start Time is Wed Aug  5 18:00:42 2026
                                                                                     
 ------------------------------------------------------------------------------------

 READING GENERAL INFORMATION
                           global_out_dir = OUT.s1_al_v090_ofdft_next_cutoff/
                           global_in_card = INPUT
                               pseudo_dir = ./
                              orbital_dir = 
                                    DRANK = 1
                                    DSIZE = 4
                                   DCOLOR = 1
                                    GRANK = 1
                                    GSIZE = 1


 >>>>>>>>>>>>>>>>>>>>>>>>>>>>>>>>>>>>>>>>>>>>>>>>>>>>>>>>>>>>>>>>>>>>>>
 |                                                                    |
 |                        #Setup Unitcell#                            |
 | From the input file and the structure file we know the number of   |
 | different elments in this unitcell, then we list the detail        |
 | information for each element, especially the zeta and polar atomic |
 | orbital number for each element. The total atom number is counted. |
 | We calculate the nearest atom distance for each atom and show the  |
 | Cartesian and Direct coordinates for each atom. We list the file   |
 | address for atomic orbitals. The volume and the lattice vectors    |
 | in real and reciprocal space is also shown.                        |
 |                                                                    |
 <<<<<<<<<<<<<<<<<<<<<<<<<<<<<<<<<<<<<<<<<<<<<<<<<<<<<<<<<<<<<<<<<<<<<<

 READING UNITCELL INFORMATION
                       Number of elements = 1
                  Lattice constant (Bohr) = 1.88973
              Lattice constant (Angstrom) = 1

 READING ATOM TYPE 1
                               Atom label = Al
                      L=0, number of zeta = 1
                      L=1, number of zeta = 1
                      L=2, number of zeta = 1
            Number of atoms for this type = 1

                        TOTAL ATOM NUMBER = 1

 DIRECT COORDINATES
 atom                  x                  y                  z     mag
   Al     0.000000000000     0.000000000000     0.000000000000  0.0000

 ATOMIC VELOCITIES
 atom                 vx                 vy                 vz
   Al                  0                  0                  0

                     Cell volume (Bohr^3) = 100.866
                        Cell volume (A^3) = 14.9468

 Lattice vectors: (Cartesian coordinate: in unit of a_0)
                   +0            +1.95512            +1.95512
             +1.95512                  +0            +1.95512
             +1.95512            +1.95512                  +0
 Reciprocal vectors: (Cartesian coordinate: in unit of 2 pi/a_0)
            -0.255739           +0.255739           +0.255739
            +0.255739           -0.255739           +0.255739
            +0.255739           +0.255739           -0.255739

 #ENERGY SOLVER# ofdft
 RUNNING WITH DEVICE  : CPU / Intel(R) Xeon(R) Platinum 8368Q CPU @ 2.60GHz (x2)


 >>>>>>>>>>>>>>>>>>>>>>>>>>>>>>>>>>>>>>>>>>>>>>>>>>>>>>>>>>>>>>>>>>>>>>
 |                                                                    |
 |                 #Read Pseudopotentials Files#                      |
 | ABACUS supports norm-conserving (NC) pseudopotentials for both     |
 | plane wave basis and numerical atomic orbital basis sets.          |
 | In addition, ABACUS supports ultrasoft pseudopotentials (USPP)     |
 | for plane wave basis set.                                          |
 |                                                                    |
 <<<<<<<<<<<<<<<<<<<<<<<<<<<<<<<<<<<<<<<<<<<<<<<<<<<<<<<<<<<<<<<<<<<<<<

                PAO radial cut off (Bohr) = 16

                     Pseudopotential file = al.gga.psp
                     Pseudopotential type = 
          Exchange-correlation functional = PBE
                 Nonlocal core correction = 0
                        Valence electrons = 3
                                     Lmax = 0
                           Number of zeta = 0
                     Number of projectors = 0
                    DFT functional set to = XC_GGA_X_PBE+XC_GGA_C_PBE
         Number of pseudo atomic orbitals = 0
            Electron number of element Al = 3
      Total electron number of element Al = 3
          Autoset the number of electrons = 3
               Occupied electronic states = 2
     Number of electronic states (NBANDS) = 12


 >>>>>>>>>>>>>>>>>>>>>>>>>>>>>>>>>>>>>>>>>>>>>>>>>>>>>>>>>>>>>>>>>>>>>>
 |                                                                    |
 |           #Setup Plane Waves of Charge/Potential#                  |
 | Use the kinetic energy cutoff and the lattice vectors to generate  |
 | the dimensions of FFT grid, which is used to represent the charge  |
 | density or potential. If USPP is used, a double grid technique     |
 | is applied.                                                        |
 |                                                                    |
 <<<<<<<<<<<<<<<<<<<<<<<<<<<<<<<<<<<<<<<<<<<<<<<<<<<<<<<<<<<<<<<<<<<<<

 SETUP PLANE WAVES FOR CHARGE/POTENTIAL
  Energy cutoff for charge/potential (Ry) = 120
            FFT grid for charge/potential = [ 20, 20, 20 ]
           Number of FFT grids this proc. = 2000
                Division for big FFT grid = [ 1, 1, 1 ]
      FFT (big) grid for charge/potential = [ 20, 20, 20 ]
     Number of FFT (big) grids this proc. = 2000
                    Number of plane waves = 8000
        Number of sticks on FFT x-y plane = 400

 PARALLEL PW FOR CHARGE/POTENTIAL
     PROC   COLUMNS(POT)             PW
        1            100           2000
        2            100           2000
        3            100           2000
        4            100           2000
 --------------- SUM -------------------
        4            400           8000

                            Number of |g| = 221
                                  Max |g| = 65.5988
                                  Min |g| = 0.523221
 DONE : SETUP UNITCELL Time : 0.0316298 (SEC)


 >>>>>>>>>>>>>>>>>>>>>>>>>>>>>>>>>>>>>>>>>>>>>>>>>>>>>>>>>>>>>>>>>>>>>>
 |                                                                    |
 |                       #Setup K-points#                             |
 | We setup the k-points according to input parameters.               |
 | The reduced k-points are set according to symmetry operations.     |
 | We treat the spin as another set of k-points.                      |
 |                                                                    |
 <<<<<<<<<<<<<<<<<<<<<<<<<<<<<<<<<<<<<<<<<<<<<<<<<<<<<<<<<<<<<<<<<<<<<<


 SETUP K-POINTS
                                    nspin = 1
                   Input type of k points = Monkhorst-Pack(Gamma)
                                   nkstot = 1
           Number of irreducible k-points = 1

 K-POINTS REDUCTION ACCORDING TO SYMMETRY
     IBZ    DIRECT_X    DIRECT_Y    DIRECT_Z  WEIGHT  ibz2bz
       1  0.00000000  0.00000000  0.00000000  1.0000       0

                               nkstot now = 1
 K-POINTS DIRECT COORDINATES
 KPOINTS    DIRECT_X    DIRECT_Y    DIRECT_Z  WEIGHT
       1  0.00000000  0.00000000  0.00000000  1.0000


       Number of k-points in this process = 1
       Minimum distributed k-point number = 1

 K-POINTS CARTESIAN COORDINATES
 KPOINTS CARTESIAN_X CARTESIAN_Y CARTESIAN_Z  WEIGHT
       1  0.00000000  0.00000000  0.00000000  2.0000


 K-POINTS DIRECT COORDINATES
 KPOINTS    DIRECT_X    DIRECT_Y    DIRECT_Z  WEIGHT
       1  0.00000000  0.00000000  0.00000000  2.0000

 DONE : INIT K-POINTS Time : 0.0334046 (SEC)

 Libxc v7.0.0
	S. Lehtola, C. Steigemann, M. J.T. Oliveira, and M. A.L. Marques.,  SoftwareX 7, 1–5 (2018)
 XC: Perdew, Burke & Ernzerhof
	J. P. Perdew, K. Burke, and M. Ernzerhof.,  Phys. Rev. Lett. 77, 3865 (1996)
	J. P. Perdew, K. Burke, and M. Ernzerhof.,  Phys. Rev. Lett. 78, 1396 (1997)
 XC: Perdew, Burke & Ernzerhof
	J. P. Perdew, K. Burke, and M. Ernzerhof.,  Phys. Rev. Lett. 77, 3865 (1996)
	J. P. Perdew, K. Burke, and M. Ernzerhof.,  Phys. Rev. Lett. 78, 1396 (1997)

 DONE : SETUP UNITCELL Time : 0.0337149 (SEC)

                                 init_chg = atomic
 DONE : LOCAL POTENTIAL Time : 0.0535599 (SEC)

 DONE : INIT POTENTIAL Time : 0.0582057 (SEC)

 DONE : INIT KEDF Time : 0.0582774 (SEC)

 DONE : INIT OPTIMIZATION Time : 0.0582876 (SEC)

 DONE : INIT PHI Time : 0.0583013 (SEC)

 ================================================================
 SELF-CONSISTENT
 ================================================================

Iter0: the norm of potential is 0.234893341134
----------------------------------------------------------------
        Energy              Rydberg                 eV          
----------------------------------------------------------------
              E_Total      -4.013257475415     -54.603169206740 
              E_Fermi       0.725160271538       9.866311656140 
----------------------------------------------------------------


Iter1: the norm of potential is 0.26314611186
----------------------------------------------------------------
        Energy              Rydberg                 eV          
----------------------------------------------------------------
              E_Total      -4.023652113916     -54.744595519000 
              E_Fermi       0.721347065349       9.814430324327 
----------------------------------------------------------------


Iter2: the norm of potential is 0.133913302859
----------------------------------------------------------------
        Energy              Rydberg                 eV          
----------------------------------------------------------------
              E_Total      -4.192569934116     -57.042840367461 
              E_Fermi       0.661264691817       8.996967694929 
----------------------------------------------------------------


Iter3: the norm of potential is 0.0174825339585
----------------------------------------------------------------
        Energy              Rydberg                 eV          
----------------------------------------------------------------
              E_Total      -4.198338846386     -57.121330445598 
              E_Fermi       0.660017050083       8.979992658277 
----------------------------------------------------------------


Iter4: the norm of potential is 0.00214956192129
----------------------------------------------------------------
        Energy              Rydberg                 eV          
----------------------------------------------------------------
              E_Total      -4.198479855263     -57.123248969789 
              E_Fermi       0.659878746735       8.978110944701 
----------------------------------------------------------------


Iter5: the norm of potential is 0.000196081425175
----------------------------------------------------------------
        Energy              Rydberg                 eV          
----------------------------------------------------------------
              E_Total      -4.198481801264     -57.123275446490 
              E_Fermi       0.659872079314       8.978020229776 
----------------------------------------------------------------


Iter6: the norm of potential is 1.94301419805e-05
----------------------------------------------------------------
        Energy              Rydberg                 eV          
----------------------------------------------------------------
              E_Total      -4.198481836842     -57.123275930559 
              E_Fermi       0.659870511813       8.977998902832 
----------------------------------------------------------------


Iter7: the norm of potential is 5.88948017429e-06
----------------------------------------------------------------
        Energy              Rydberg                 eV          
----------------------------------------------------------------
              E_Total      -4.198481837100     -57.123275934071 
              E_Fermi       0.659870395675       8.977997322690 
----------------------------------------------------------------


Iter8: the norm of potential is 7.15099758489e-07
----------------------------------------------------------------
        Energy              Rydberg                 eV          
----------------------------------------------------------------
              E_Total      -4.198481837115     -57.123275934266 
              E_Fermi       0.659870397806       8.977997351693 
----------------------------------------------------------------

 #SCF IS CONVERGED#
 #TOTAL ENERGY# -57.123275934 eV



 #TOTAL-FORCE (eV/Angstrom)#
 -------------------------------------------------------------------------
     Atoms              Force_x              Force_y              Force_z 
 -------------------------------------------------------------------------
       Al1         0.0000000000         0.0000000000         0.0000000000 
 -------------------------------------------------------------------------

 #TOTAL-STRESS (kbar)#
 ----------------------------------------------------------------
              Stress_x             Stress_y             Stress_z 
 ----------------------------------------------------------------
        118.5215344455         0.0000000749         0.0000000749 
          0.0000000749       118.5215344452         0.0000000753 
          0.0000000749         0.0000000753       118.5215344452 
 ----------------------------------------------------------------
 #TOTAL-PRESSURE# (EXCLUDE KINETIC PART OF IONS): 118.521534 kbar

 --------------------------------------------
 !FINAL_ETOT_IS -57.1232759342661396 eV
 --------------------------------------------



 TIME STATISTICS
-----------------------------------------------------------------------
     CLASS_NAME             NAME         TIME/s  CALLS   AVG/s  PER/%  
-----------------------------------------------------------------------
                     total               0.43   17       0.03   100.00 
 Driver              atomic_world        0.43   1        0.43   100.00 
 Driver              reading             0.01   1        0.01   2.01   
 PW_Basis_Sup        setuptransform      0.01   1        0.01   1.29   
 Charge              atomic_rho          0.02   2        0.01   4.14   
 PW_Basis_Sup        recip2real          0.08   1708     0.00   17.67  
 PW_Basis_Sup        recip2real_copy_g   0.01   1708     0.00   1.77   
 PW_Basis_Sup        gathers_copy_pack   0.00   1708     0.00   1.08   
 ppcell_vl           init_vloc           0.01   1        0.01   1.66   
 Potential           init_pot            0.01   2        0.00   1.21   
 Potential           cal_veff            0.25   189      0.00   57.07  
 H_Hartree_pw        v_hartree           0.02   189      0.00   4.25   
 PW_Basis_Sup        real2recip          0.08   2081     0.00   19.66  
 PW_Basis_Sup        real2recip_copy_r   0.00   2081     0.00   1.00   
 PW_Basis_Sup        gatherp_copy_pack   0.01   2081     0.00   1.29   
 PW_Basis_Sup        gatherp_copy_unpack 0.01   2081     0.00   2.21   
 PW_Basis_Sup        real2recip_copy_g   0.00   2081     0.00   1.08   
 PotXC               cal_veff            0.23   189      0.00   52.71  
 XC_Functional_Libxc v_xc_libxc          0.23   189      0.00   52.63  
 Libxc               xc_lda/gga_exc_vxc  0.09   378      0.00   21.07  
 Relax_Driver        relax_driver        0.37   1        0.37   86.44  
 ESolver_OF          runner              0.36   1        0.36   83.52  
 KEDF_Manager        get_potential       0.10   187      0.00   24.37  
 KEDF_TF             tf_potential        0.02   187      0.00   3.76   
 KEDF_WT             wt_potential        0.07   187      0.00   16.57  
 KEDF_vW             vw_potential        0.02   187      0.00   3.95   
 ESolver_OF          after_opt           0.01   1        0.01   1.21   
 OF_Stress_PW        cal_stress          0.01   1        0.01   2.73   
 Stress              stress_loc          0.01   1        0.01   2.08   
-----------------------------------------------------------------------


 NAME-------------------------|MEMORY(MB)------------------
                         total         1.0451
 -------------   < 1.0 MB has been ignored ----------------
 ----------------------------------------------------------

 Start  Time  : Wed Aug  5 18:00:42 2026
 Finish Time  : Wed Aug  5 18:00:42 2026
 Total  Time  : 0 h 0 mins 0 secs 
