
                     ▄████▄ █████▄ ▄████▄ ▄█████ ██  ██ ▄█████ 
                     ██▄▄██ ██▄▄██ ██▄▄██ ██     ██  ██ ▀▀▀▄▄▄ 
                     ██  ██ ██▄▄█▀ ██  ██ ▀█████ ▀████▀ █████▀ 

                                                                                     
                                v3.11.0-beta.5

               Atomic-orbital Based Ab-initio Computation at UStc                    

                     Website: http://abacus.ustc.edu.cn/                             
               Documentation: https://abacus.deepmodeling.com/                       
                  Repository: https://github.com/abacusmodeling/abacus-develop       
                              https://github.com/deepmodeling/abacus-develop         
                      Commit: unknown

 Fri Aug  7 11:37:55 2026
 MAKE THE DIR         : OUT.g1tlr4_al_v110_half/
 RUNNING WITH DEVICE  : CPU / Intel(R) Xeon(R) Platinum 8368Q CPU @ 2.60GHz (x2)
 NAME OF ELEMENT      : Al
 DFT FUNC. (PSEUDO)   : PBE
 DFT FUNC. (SET TO)   : XC_GGA_X_PBE+XC_GGA_C_PBE
 MAKE SURE THIS DFT FUNCTIONAL IS WHAT YOU NEED
 UNIFORM GRID DIM     : 24 * 24 * 24
 UNIFORM GRID DIM(BIG): 24 * 24 * 24
 DONE(0.0686517  SEC) : SETUP UNITCELL
 DONE(0.79578    SEC) : INIT K-POINTS
 ----------------------------------------------------------------
 Self-consistent calculations for electrons
 ----------------------------------------------------------------
 SPIN    KPOINTS         PROCESSES   THREADS/PROC  THREADS/TOTAL 
 1       10980           4           1             4             
 ----------------------------------------------------------------
 Use plane wave basis
 ----------------------------------------------------------------
 ELEMENT NATOM       
 Al      1           
 ----------------------------------------------------------------
 Initial plane wave basis and FFT box
 ----------------------------------------------------------------
 DONE(0.882483   SEC) : INIT PLANEWAVE
 START CHARGE         : ATOMIC
 DONE(0.890585   SEC) : LOCAL POTENTIAL
not allowed!
i1*i2*i3 must be positive! i1*i2*i3 is 0
i2 must be positive! i2 is 0
i3 must be positive! i3 is 0
 DONE(0.891065   SEC) : NON-LOCAL POTENTIAL
 MEMORY FOR PSI (MB)  : 277.449
 WARNING: init_wfc = atomic requires atomic pseudo wavefunctions(PP_PSWFC),
 but none available. Automatically switch to random initialization.
 DONE(0.89144    SEC) : INIT BASIS

 ================================================================
 SELF-CONSISTENT: 
 ================================================================
 DONE(7.61072    SEC) : INIT SCF
 ITER       ETOT/eV          EDIFF/eV         DRHO     TIME/s
 CG1     -5.66049601e+01   0.00000000e+00   7.6273e-02  60.20
 CG2     -5.71354378e+01  -5.30477701e-01   2.9244e-02  21.51
 CG3     -5.71603966e+01  -2.49587791e-02   6.8262e-05  21.35
 CG4     -5.71602130e+01   1.83541688e-04   3.0491e-05  40.31
 CG5     -5.71619317e+01  -1.71866618e-03   6.3262e-06  25.68
 CG6     -5.71619852e+01  -5.35469316e-05   8.4264e-09  26.39
 CG7     -5.71619860e+01  -7.31259187e-07   2.8360e-09  40.08
 CG8     -5.71619860e+01  -1.14399894e-08   1.5399e-11  26.42
 ----------------------------------------------------------------
              Stress_x             Stress_y             Stress_z 
 ----------------------------------------------------------------
        -59.1207202842        -0.0000048641        -0.0000095227 
         -0.0000048641       -59.1207206612         0.0000051790 
         -0.0000095227         0.0000051790       -59.1207202847 
 ----------------------------------------------------------------
 TOTAL-PRESSURE (EXCLUDE KINETIC PART OF IONS): -59.120720 kbar

 TIME STATISTICS
-------------------------------------------------------------------
   CLASS_NAME           NAME         TIME/s  CALLS   AVG/s  PER/%  
-------------------------------------------------------------------
                 total               277.02 15       18.47  100.00 
 Driver          atomic_world        277.02 1        277.02 100.00 
 Relax_Driver    relax_driver        276.11 1        276.11 99.67  
 ESolver_KS      runner              275.93 1        275.93 99.61  
 ESolver_KS_PW   before_scf          6.72   1        6.72   2.43   
 PSIPrepare      initialize_psi      6.71   1        6.71   2.42   
 DiagoIterAssist diag_subspace       42.38  87840    0.00   15.30  
 Operator        hPsi                180.27 4180070  0.00   65.07  
 Operator        veff_pw             175.74 4180070  0.00   63.44  
 PW_Basis_K      recip2real          104.75 6200390  0.00   37.81  
 PW_Basis_K      gathers_copy_pack   5.93   6200390  0.00   2.14   
 PW_Basis_K      gathers_zero_mpi    7.75   6200390  0.00   2.80   
 PW_Basis_K      gathers_copy_unpack 6.12   6200390  0.00   2.21   
 PW_Basis_K      real2recip          78.95  5146310  0.00   28.50  
 PW_Basis_K      gatherp_copy_pack   4.80   5146310  0.00   1.73   
 PW_Basis_K      gatherp_copy_unpack 5.44   5146310  0.00   1.96   
 DiagoIterAssist diag_hegvd          3.19   87840    0.00   1.15   
 ESolver_KS_PW   hamilt2rho_single   261.89 8        32.74  94.54  
 HSolverPW       solve               261.89 8        32.74  94.54  
 HSolverPW       solve_psik          242.13 87840    0.00   87.40  
 DiagoCG         diag_once           203.44 87840    0.00   73.44  
 ElecStatePW     psiToRho            19.36  8        2.42   6.99   
 ESolver_KS_PW   after_scf           7.28   1        7.28   2.63   
 ModuleIO        write_eig_file      7.27   1        7.27   2.62   
-------------------------------------------------------------------


 START  Time  : Fri Aug  7 11:37:55 2026
 FINISH Time  : Fri Aug  7 11:42:32 2026
 TOTAL  Time  : 277
 SEE INFORMATION IN : OUT.g1tlr4_al_v110_half/
