
                     ▄████▄ █████▄ ▄████▄ ▄█████ ██  ██ ▄█████ 
                     ██▄▄██ ██▄▄██ ██▄▄██ ██     ██  ██ ▀▀▀▄▄▄ 
                     ██  ██ ██▄▄█▀ ██  ██ ▀█████ ▀████▀ █████▀ 

                                                                                     
                                v3.11.0-beta.5

               Atomic-orbital Based Ab-initio Computation at UStc                    

                     Website: http://abacus.ustc.edu.cn/                             
               Documentation: https://abacus.deepmodeling.com/                       
                  Repository: https://github.com/abacusmodeling/abacus-develop       
                              https://github.com/deepmodeling/abacus-develop         
                      Commit: unknown

 Wed Aug  5 18:15:50 2026
 MAKE THE DIR         : OUT.s1_al_v100_ksdft_next_cutoff/
 RUNNING WITH DEVICE  : CPU / Intel(R) Xeon(R) Platinum 8368Q CPU @ 2.60GHz (x2)
 NAME OF ELEMENT      : Al
 DFT FUNC. (PSEUDO)   : PBE
 DFT FUNC. (SET TO)   : XC_GGA_X_PBE+XC_GGA_C_PBE
 MAKE SURE THIS DFT FUNCTIONAL IS WHAT YOU NEED
 UNIFORM GRID DIM     : 27 * 27 * 27
 UNIFORM GRID DIM(BIG): 27 * 27 * 27
 DONE(0.0377418  SEC) : SETUP UNITCELL
 DONE(0.353184   SEC) : INIT K-POINTS
 ----------------------------------------------------------------
 Self-consistent calculations for electrons
 ----------------------------------------------------------------
 SPIN    KPOINTS         PROCESSES   THREADS/PROC  THREADS/TOTAL 
 1       6916            4           1             4             
 ----------------------------------------------------------------
 Use plane wave basis
 ----------------------------------------------------------------
 ELEMENT NATOM       
 Al      1           
 ----------------------------------------------------------------
 Initial plane wave basis and FFT box
 ----------------------------------------------------------------
 DONE(0.437317   SEC) : INIT PLANEWAVE
 START CHARGE         : ATOMIC
 DONE(0.4457     SEC) : LOCAL POTENTIAL
not allowed!
i1*i2*i3 must be positive! i1*i2*i3 is 0
i2 must be positive! i2 is 0
i3 must be positive! i3 is 0
 DONE(0.445733   SEC) : NON-LOCAL POTENTIAL
 MEMORY FOR PSI (MB)  : 297.594
 WARNING: init_wfc = atomic requires atomic pseudo wavefunctions(PP_PSWFC),
 but none available. Automatically switch to random initialization.
 DONE(0.445771   SEC) : INIT BASIS

 ================================================================
 SELF-CONSISTENT: 
 ================================================================
 DONE(7.38018    SEC) : INIT SCF
 ITER       ETOT/eV          EDIFF/eV         DRHO     TIME/s
 CG1     -5.65095594e+01   0.00000000e+00   8.3306e-02  58.34
 CG2     -5.71717342e+01  -6.62174815e-01   3.2544e-02  21.27
 CG3     -5.71962009e+01  -2.44666916e-02   5.2400e-05  21.42
 CG4     -5.72000700e+01  -3.86911461e-03   2.9908e-05  40.70
 CG5     -5.72009665e+01  -8.96553948e-04   4.0353e-06  24.22
 CG6     -5.72010025e+01  -3.59816855e-05   1.4796e-07  26.91
 CG7     -5.72010038e+01  -1.30350473e-06   3.6872e-09  30.33
 CG8     -5.72010039e+01  -2.20417280e-08   1.6556e-09  30.46
 CG9     -5.72010039e+01  -2.88246506e-10   6.3496e-11  20.49
 ----------------------------------------------------------------
              Stress_x             Stress_y             Stress_z 
 ----------------------------------------------------------------
         -1.1382195666        -0.0000039244        -0.0000024322 
         -0.0000039244        -1.1382193507        -0.0000015198 
         -0.0000024322        -0.0000015198        -1.1382191077 
 ----------------------------------------------------------------
 TOTAL-PRESSURE (EXCLUDE KINETIC PART OF IONS): -1.138219 kbar

 TIME STATISTICS
-------------------------------------------------------------------
   CLASS_NAME           NAME         TIME/s  CALLS   AVG/s  PER/%  
-------------------------------------------------------------------
                 total               281.85 15       18.79  100.00 
 Driver          atomic_world        281.85 1        281.85 100.00 
 Relax_Driver    relax_driver        281.38 1        281.38 99.83  
 ESolver_KS      runner              281.21 1        281.21 99.77  
 ESolver_KS_PW   before_scf          6.93   1        6.93   2.46   
 PSIPrepare      initialize_psi      6.93   1        6.93   2.46   
 DiagoIterAssist diag_subspace       49.23  62244    0.00   17.46  
 Operator        hPsi                209.50 2752248  0.00   74.33  
 Operator        veff_pw             206.29 2752248  0.00   73.19  
 PW_Basis_K      recip2real          123.23 4183860  0.00   43.72  
 PW_Basis_K      gathers_copy_pack   5.94   4183860  0.00   2.11   
 PW_Basis_K      gathers_zero_mpi    7.65   4183860  0.00   2.71   
 PW_Basis_K      gathers_copy_unpack 5.95   4183860  0.00   2.11   
 PW_Basis_K      real2recip          92.22  3436932  0.00   32.72  
 PW_Basis_K      gatherp_copy_pack   4.84   3436932  0.00   1.72   
 PW_Basis_K      gatherp_copy_unpack 5.11   3436932  0.00   1.81   
 ESolver_KS_PW   hamilt2rho_single   274.11 9        30.46  97.25  
 HSolverPW       solve               274.11 9        30.46  97.25  
 HSolverPW       solve_psik          250.81 62244    0.00   88.99  
 DiagoCG         diag_once           205.29 62244    0.00   72.84  
 ElecStatePW     psiToRho            22.89  9        2.54   8.12   
-------------------------------------------------------------------


 START  Time  : Wed Aug  5 18:15:50 2026
 FINISH Time  : Wed Aug  5 18:20:32 2026
 TOTAL  Time  : 282
 SEE INFORMATION IN : OUT.s1_al_v100_ksdft_next_cutoff/
