                                                                                     
                              ABACUS v3.11.0-beta.5

               Atomic-orbital Based Ab-initio Computation at UStc                    

                     Website: http://abacus.ustc.edu.cn/                             
               Documentation: https://abacus.deepmodeling.com/                       
                  Repository: https://github.com/abacusmodeling/abacus-develop       
                              https://github.com/deepmodeling/abacus-develop         
                      Commit: unknown

    Start Time is Wed Aug  5 16:49:20 2026
                                                                                     
 ------------------------------------------------------------------------------------

 READING GENERAL INFORMATION
                           global_out_dir = OUT.g1_ne_127_from_035/
                           global_in_card = INPUT
                               pseudo_dir = ./
                              orbital_dir = 
                                    DRANK = 1
                                    DSIZE = 4
                                   DCOLOR = 1
                                    GRANK = 1
                                    GSIZE = 1


 >>>>>>>>>>>>>>>>>>>>>>>>>>>>>>>>>>>>>>>>>>>>>>>>>>>>>>>>>>>>>>>>>>>>>>
 |                                                                    |
 |                        #Setup Unitcell#                            |
 | From the input file and the structure file we know the number of   |
 | different elments in this unitcell, then we list the detail        |
 | information for each element, especially the zeta and polar atomic |
 | orbital number for each element. The total atom number is counted. |
 | We calculate the nearest atom distance for each atom and show the  |
 | Cartesian and Direct coordinates for each atom. We list the file   |
 | address for atomic orbitals. The volume and the lattice vectors    |
 | in real and reciprocal space is also shown.                        |
 |                                                                    |
 <<<<<<<<<<<<<<<<<<<<<<<<<<<<<<<<<<<<<<<<<<<<<<<<<<<<<<<<<<<<<<<<<<<<<<

 READING UNITCELL INFORMATION
                       Number of elements = 1
                  Lattice constant (Bohr) = 1.88973
              Lattice constant (Angstrom) = 1

 READING ATOM TYPE 1
                               Atom label = Al
                      L=0, number of zeta = 1
                      L=1, number of zeta = 1
                      L=2, number of zeta = 1
            Number of atoms for this type = 1

                        TOTAL ATOM NUMBER = 1

 DIRECT COORDINATES
 atom                  x                  y                  z     mag
   Al     0.000000000000     0.000000000000     0.000000000000  0.0000

 ATOMIC VELOCITIES
 atom                 vx                 vy                 vz
   Al                  0                  0                  0

                     Cell volume (Bohr^3) = 123.28
                        Cell volume (A^3) = 18.2683

 Lattice vectors: (Cartesian coordinate: in unit of a_0)
                   +0            +2.09037            +2.09037
             +2.09037                  +0            +2.09037
             +2.09037            +2.09037                  +0
 Reciprocal vectors: (Cartesian coordinate: in unit of 2 pi/a_0)
            -0.239192           +0.239192           +0.239192
            +0.239192           -0.239192           +0.239192
            +0.239192           +0.239192           -0.239192

 #ENERGY SOLVER# ofdft
 RUNNING WITH DEVICE  : CPU / Intel(R) Xeon(R) Platinum 8368Q CPU @ 2.60GHz (x2)


 >>>>>>>>>>>>>>>>>>>>>>>>>>>>>>>>>>>>>>>>>>>>>>>>>>>>>>>>>>>>>>>>>>>>>>
 |                                                                    |
 |                 #Read Pseudopotentials Files#                      |
 | ABACUS supports norm-conserving (NC) pseudopotentials for both     |
 | plane wave basis and numerical atomic orbital basis sets.          |
 | In addition, ABACUS supports ultrasoft pseudopotentials (USPP)     |
 | for plane wave basis set.                                          |
 |                                                                    |
 <<<<<<<<<<<<<<<<<<<<<<<<<<<<<<<<<<<<<<<<<<<<<<<<<<<<<<<<<<<<<<<<<<<<<<

                PAO radial cut off (Bohr) = 16

                     Pseudopotential file = al.gga.psp
                     Pseudopotential type = 
          Exchange-correlation functional = PBE
                 Nonlocal core correction = 0
                        Valence electrons = 3
                                     Lmax = 0
                           Number of zeta = 0
                     Number of projectors = 0
                    DFT functional set to = XC_GGA_X_PBE+XC_GGA_C_PBE
         Number of pseudo atomic orbitals = 0
            Electron number of element Al = 3
      Total electron number of element Al = 3
          Autoset the number of electrons = 3
               Occupied electronic states = 2
     Number of electronic states (NBANDS) = 12


 >>>>>>>>>>>>>>>>>>>>>>>>>>>>>>>>>>>>>>>>>>>>>>>>>>>>>>>>>>>>>>>>>>>>>>
 |                                                                    |
 |           #Setup Plane Waves of Charge/Potential#                  |
 | Use the kinetic energy cutoff and the lattice vectors to generate  |
 | the dimensions of FFT grid, which is used to represent the charge  |
 | density or potential. If USPP is used, a double grid technique     |
 | is applied.                                                        |
 |                                                                    |
 <<<<<<<<<<<<<<<<<<<<<<<<<<<<<<<<<<<<<<<<<<<<<<<<<<<<<<<<<<<<<<<<<<<<<

 SETUP PLANE WAVES FOR CHARGE/POTENTIAL
  Energy cutoff for charge/potential (Ry) = 80
            FFT grid for charge/potential = [ 15, 15, 15 ]
           Number of FFT grids this proc. = 900
                Division for big FFT grid = [ 1, 1, 1 ]
      FFT (big) grid for charge/potential = [ 15, 15, 15 ]
     Number of FFT (big) grids this proc. = 900
                    Number of plane waves = 3375
        Number of sticks on FFT x-y plane = 225

 PARALLEL PW FOR CHARGE/POTENTIAL
     PROC   COLUMNS(POT)             PW
        1             56            840
        2             56            840
        3             57            855
        4             56            840
 --------------- SUM -------------------
        4            225           3375

                            Number of |g| = 115
                                  Max |g| = 30.8378
                                  Min |g| = 0
 DONE : SETUP UNITCELL Time : 0.0934038 (SEC)


 >>>>>>>>>>>>>>>>>>>>>>>>>>>>>>>>>>>>>>>>>>>>>>>>>>>>>>>>>>>>>>>>>>>>>>
 |                                                                    |
 |                       #Setup K-points#                             |
 | We setup the k-points according to input parameters.               |
 | The reduced k-points are set according to symmetry operations.     |
 | We treat the spin as another set of k-points.                      |
 |                                                                    |
 <<<<<<<<<<<<<<<<<<<<<<<<<<<<<<<<<<<<<<<<<<<<<<<<<<<<<<<<<<<<<<<<<<<<<<


 SETUP K-POINTS
                                    nspin = 1
                   Input type of k points = Monkhorst-Pack(Gamma)
                                   nkstot = 1
           Number of irreducible k-points = 1

 K-POINTS REDUCTION ACCORDING TO SYMMETRY
     IBZ    DIRECT_X    DIRECT_Y    DIRECT_Z  WEIGHT  ibz2bz
       1  0.00000000  0.00000000  0.00000000  1.0000       0

                               nkstot now = 1
 K-POINTS DIRECT COORDINATES
 KPOINTS    DIRECT_X    DIRECT_Y    DIRECT_Z  WEIGHT
       1  0.00000000  0.00000000  0.00000000  1.0000


       Number of k-points in this process = 1
       Minimum distributed k-point number = 1

 K-POINTS CARTESIAN COORDINATES
 KPOINTS CARTESIAN_X CARTESIAN_Y CARTESIAN_Z  WEIGHT
       1  0.00000000  0.00000000  0.00000000  2.0000


 K-POINTS DIRECT COORDINATES
 KPOINTS    DIRECT_X    DIRECT_Y    DIRECT_Z  WEIGHT
       1  0.00000000  0.00000000  0.00000000  2.0000

 DONE : INIT K-POINTS Time : 0.0951324 (SEC)

 Libxc v7.0.0
	S. Lehtola, C. Steigemann, M. J.T. Oliveira, and M. A.L. Marques.,  SoftwareX 7, 1–5 (2018)
 XC: Perdew, Burke & Ernzerhof
	J. P. Perdew, K. Burke, and M. Ernzerhof.,  Phys. Rev. Lett. 77, 3865 (1996)
	J. P. Perdew, K. Burke, and M. Ernzerhof.,  Phys. Rev. Lett. 78, 1396 (1997)
 XC: Perdew, Burke & Ernzerhof
	J. P. Perdew, K. Burke, and M. Ernzerhof.,  Phys. Rev. Lett. 77, 3865 (1996)
	J. P. Perdew, K. Burke, and M. Ernzerhof.,  Phys. Rev. Lett. 78, 1396 (1997)

 DONE : SETUP UNITCELL Time : 0.0963507 (SEC)

                                 init_chg = atomic
 DONE : LOCAL POTENTIAL Time : 0.112893 (SEC)

 DONE : INIT POTENTIAL Time : 0.115114 (SEC)

 DONE : INIT KEDF Time : 0.115315 (SEC)

 DONE : INIT OPTIMIZATION Time : 0.115488 (SEC)

 DONE : INIT PHI Time : 0.115679 (SEC)

 ================================================================
 SELF-CONSISTENT
 ================================================================

Iter0: the norm of potential is 0.191534172436
----------------------------------------------------------------
        Energy              Rydberg                 eV          
----------------------------------------------------------------
              E_Total      -4.045536033080     -55.042341514211 
              E_Fermi       0.558013088853       7.592157566985 
----------------------------------------------------------------


Iter1: the norm of potential is 0.215355073046
----------------------------------------------------------------
        Energy              Rydberg                 eV          
----------------------------------------------------------------
              E_Total      -4.110184994784     -55.921935763169 
              E_Fermi       0.535073674104       7.280050817614 
----------------------------------------------------------------


Iter2: the norm of potential is 0.212112570483
----------------------------------------------------------------
        Energy              Rydberg                 eV          
----------------------------------------------------------------
              E_Total      -4.135327127529     -56.264012028361 
              E_Fermi       0.526766577080       7.167026964246 
----------------------------------------------------------------


Iter3: the norm of potential is 0.180019909158
----------------------------------------------------------------
        Energy              Rydberg                 eV          
----------------------------------------------------------------
              E_Total      -4.161409328707     -56.618878580769 
              E_Fermi       0.517005443769       7.034219932277 
----------------------------------------------------------------


Iter4: the norm of potential is 0.134285525293
----------------------------------------------------------------
        Energy              Rydberg                 eV          
----------------------------------------------------------------
              E_Total      -4.189008781532     -56.994388400878 
              E_Fermi       0.508178461760       6.914122680816 
----------------------------------------------------------------


Iter5: the norm of potential is 0.0118175284488
----------------------------------------------------------------
        Energy              Rydberg                 eV          
----------------------------------------------------------------
              E_Total      -4.200494242593     -57.150656115454 
              E_Fermi       0.503628607201       6.852218733737 
----------------------------------------------------------------


Iter6: the norm of potential is 0.000914638512981
----------------------------------------------------------------
        Energy              Rydberg                 eV          
----------------------------------------------------------------
              E_Total      -4.200879563795     -57.155898679366 
              E_Fermi       0.503383301079       6.848881172727 
----------------------------------------------------------------


Iter7: the norm of potential is 9.29315360409e-05
----------------------------------------------------------------
        Energy              Rydberg                 eV          
----------------------------------------------------------------
              E_Total      -4.200881086289     -57.155919393965 
              E_Fermi       0.503381098458       6.848851204530 
----------------------------------------------------------------


Iter8: the norm of potential is 8.25327228525e-06
----------------------------------------------------------------
        Energy              Rydberg                 eV          
----------------------------------------------------------------
              E_Total      -4.200881096120     -57.155919527724 
              E_Fermi       0.503380191445       6.848838863979 
----------------------------------------------------------------


Iter9: the norm of potential is 1.00106783477e-06
----------------------------------------------------------------
        Energy              Rydberg                 eV          
----------------------------------------------------------------
              E_Total      -4.200881096205     -57.155919528878 
              E_Fermi       0.503380193342       6.848838889793 
----------------------------------------------------------------


Iter10: the norm of potential is 9.38521147059e-08
----------------------------------------------------------------
        Energy              Rydberg                 eV          
----------------------------------------------------------------
              E_Total      -4.200881096206     -57.155919528893 
              E_Fermi       0.503380184094       6.848838763973 
----------------------------------------------------------------

 #SCF IS CONVERGED#
 #TOTAL ENERGY# -57.155919529 eV
 Write data to file: OUT.g1_ne_127_from_035/chg.cube



 #TOTAL-FORCE (eV/Angstrom)#
 -------------------------------------------------------------------------
     Atoms              Force_x              Force_y              Force_z 
 -------------------------------------------------------------------------
       Al1         0.0000000000         0.0000000000         0.0000000000 
 -------------------------------------------------------------------------

 #TOTAL-STRESS (kbar)#
 ----------------------------------------------------------------
              Stress_x             Stress_y             Stress_z 
 ----------------------------------------------------------------
        -54.7416920830        -0.0002426913        -0.0002426869 
         -0.0002426913       -54.7416919637        -0.0002427205 
         -0.0002426869        -0.0002427205       -54.7416919672 
 ----------------------------------------------------------------
 #TOTAL-PRESSURE# (EXCLUDE KINETIC PART OF IONS): -54.741692 kbar

 --------------------------------------------
 !FINAL_ETOT_IS -57.1559195288931079 eV
 --------------------------------------------



 TIME STATISTICS
-----------------------------------------------------------------------
     CLASS_NAME             NAME         TIME/s  CALLS   AVG/s  PER/%  
-----------------------------------------------------------------------
                     total               0.35   17       0.02   100.00 
 Driver              atomic_world        0.35   1        0.35   100.00 
 Driver              reading             0.05   1        0.05   13.84  
 PW_Basis_Sup        setuptransform      0.01   1        0.01   2.40   
 Charge              atomic_rho          0.01   2        0.01   3.42   
 PW_Basis_Sup        recip2real          0.04   1978     0.00   10.92  
 PW_Basis_Sup        recip2real_copy_g   0.01   1978     0.00   1.57   
 ppcell_vl           init_vloc           0.01   1        0.01   2.09   
 Potential           init_pot            0.00   2        0.00   1.09   
 Potential           cal_veff            0.15   219      0.00   43.28  
 H_Hartree_pw        v_hartree           0.01   219      0.00   3.04   
 PW_Basis_Sup        real2recip          0.04   2411     0.00   12.13  
 PW_Basis_Sup        gatherp_copy_unpack 0.00   2411     0.00   1.20   
 PW_Basis_Sup        real2recip_copy_g   0.00   2411     0.00   1.03   
 PotXC               cal_veff            0.14   219      0.00   40.13  
 XC_Functional_Libxc v_xc_libxc          0.14   219      0.00   40.04  
 Libxc               xc_lda/gga_exc_vxc  0.06   438      0.00   18.17  
 Relax_Driver        relax_driver        0.23   1        0.23   66.40  
 ESolver_OF          runner              0.22   1        0.22   64.44  
 KEDF_Manager        get_potential       0.06   217      0.00   18.28  
 KEDF_TF             tf_potential        0.01   217      0.00   3.14   
 KEDF_WT             wt_potential        0.04   217      0.00   12.36  
 KEDF_vW             vw_potential        0.01   217      0.00   2.68   
 ESolver_OF          after_opt           0.00   1        0.00   1.37   
 OF_Stress_PW        cal_stress          0.01   1        0.01   1.72   
 Stress              stress_loc          0.00   1        0.00   1.25   
-----------------------------------------------------------------------


 NAME-------------------------|MEMORY(MB)------------------
                         total         0.4434
 -------------   < 1.0 MB has been ignored ----------------
 ----------------------------------------------------------

 Start  Time  : Wed Aug  5 16:49:20 2026
 Finish Time  : Wed Aug  5 16:49:20 2026
 Total  Time  : 0 h 0 mins 0 secs 
