
                     ▄████▄ █████▄ ▄████▄ ▄█████ ██  ██ ▄█████ 
                     ██▄▄██ ██▄▄██ ██▄▄██ ██     ██  ██ ▀▀▀▄▄▄ 
                     ██  ██ ██▄▄█▀ ██  ██ ▀█████ ▀████▀ █████▀ 

                                                                                     
                                v3.11.0-beta.5

               Atomic-orbital Based Ab-initio Computation at UStc                    

                     Website: http://abacus.ustc.edu.cn/                             
               Documentation: https://abacus.deepmodeling.com/                       
                  Repository: https://github.com/abacusmodeling/abacus-develop       
                              https://github.com/deepmodeling/abacus-develop         
                      Commit: unknown

 Wed Aug  5 16:40:29 2026
 MAKE THE DIR         : OUT.s1_al_v100_ksdft_half/
 RUNNING WITH DEVICE  : CPU / Intel(R) Xeon(R) Platinum 8368Q CPU @ 2.60GHz (x2)
 NAME OF ELEMENT      : Al
 DFT FUNC. (PSEUDO)   : PBE
 DFT FUNC. (SET TO)   : XC_GGA_X_PBE+XC_GGA_C_PBE
 MAKE SURE THIS DFT FUNCTIONAL IS WHAT YOU NEED
 UNIFORM GRID DIM     : 24 * 24 * 24
 UNIFORM GRID DIM(BIG): 24 * 24 * 24
 DONE(0.0605585  SEC) : SETUP UNITCELL
 DONE(0.398431   SEC) : INIT K-POINTS
 ----------------------------------------------------------------
 Self-consistent calculations for electrons
 ----------------------------------------------------------------
 SPIN    KPOINTS         PROCESSES   THREADS/PROC  THREADS/TOTAL 
 1       6916            4           1             4             
 ----------------------------------------------------------------
 Use plane wave basis
 ----------------------------------------------------------------
 ELEMENT NATOM       
 Al      1           
 ----------------------------------------------------------------
 Initial plane wave basis and FFT box
 ----------------------------------------------------------------
 DONE(0.450734   SEC) : INIT PLANEWAVE
 START CHARGE         : ATOMIC
 DONE(0.455828   SEC) : LOCAL POTENTIAL
not allowed!
i1*i2*i3 must be positive! i1*i2*i3 is 0
i2 must be positive! i2 is 0
i3 must be positive! i3 is 0
 DONE(0.455872   SEC) : NON-LOCAL POTENTIAL
 MEMORY FOR PSI (MB)  : 177.29
 WARNING: init_wfc = atomic requires atomic pseudo wavefunctions(PP_PSWFC),
 but none available. Automatically switch to random initialization.
 DONE(0.455904   SEC) : INIT BASIS

 ================================================================
 SELF-CONSISTENT: 
 ================================================================
 DONE(4.605      SEC) : INIT SCF
 ITER       ETOT/eV          EDIFF/eV         DRHO     TIME/s
 CG1     -5.67336347e+01   0.00000000e+00   8.3412e-02  38.18
 CG2     -5.71699883e+01  -4.36353600e-01   3.2161e-02  13.43
 CG3     -5.71938217e+01  -2.38333594e-02   6.1822e-05  13.53
 CG4     -5.71939613e+01  -1.39649023e-04   2.5311e-05  25.67
 CG5     -5.71956257e+01  -1.66439103e-03   3.9985e-06  16.55
 CG6     -5.71956647e+01  -3.89818034e-05   3.0534e-09  17.00
 CG7     -5.71956653e+01  -5.82228831e-07   1.5647e-09  27.12
 CG8     -5.71956653e+01  -5.66707156e-09   1.8465e-12  16.37
 ----------------------------------------------------------------
              Stress_x             Stress_y             Stress_z 
 ----------------------------------------------------------------
         -1.2960623415         0.0000060870        -0.0000039981 
          0.0000060870        -1.2960625048        -0.0000009133 
         -0.0000039981        -0.0000009133        -1.2960625597 
 ----------------------------------------------------------------
 TOTAL-PRESSURE (EXCLUDE KINETIC PART OF IONS): -1.296062 kbar

 TIME STATISTICS
-------------------------------------------------------------------
   CLASS_NAME           NAME         TIME/s  CALLS   AVG/s  PER/%  
-------------------------------------------------------------------
                 total               172.68 15       11.51  100.00 
 Driver          atomic_world        172.68 1        172.68 100.00 
 Relax_Driver    relax_driver        172.21 1        172.21 99.73  
 ESolver_KS      runner              172.13 1        172.13 99.68  
 ESolver_KS_PW   before_scf          4.15   1        4.15   2.40   
 PSIPrepare      initialize_psi      4.15   1        4.15   2.40   
 DiagoIterAssist diag_subspace       26.77  55328    0.00   15.50  
 Operator        hPsi                118.99 2679549  0.00   68.91  
 Operator        veff_pw             116.12 2679549  0.00   67.25  
 PW_Basis_K      recip2real          68.90  3952093  0.00   39.90  
 PW_Basis_K      gathers_copy_pack   3.76   3952093  0.00   2.18   
 PW_Basis_K      gathers_zero_mpi    4.90   3952093  0.00   2.84   
 PW_Basis_K      gathers_copy_unpack 3.93   3952093  0.00   2.27   
 PW_Basis_K      real2recip          51.65  3288157  0.00   29.91  
 PW_Basis_K      gatherp_copy_pack   3.14   3288157  0.00   1.82   
 PW_Basis_K      gatherp_copy_unpack 3.27   3288157  0.00   1.89   
 DiagoIterAssist diag_hegvd          1.96   55328    0.00   1.13   
 ESolver_KS_PW   hamilt2rho_single   167.83 8        20.98  97.19  
 HSolverPW       solve               167.83 8        20.98  97.19  
 HSolverPW       solve_psik          155.37 55328    0.00   89.98  
 DiagoCG         diag_once           131.02 55328    0.00   75.87  
 ElecStatePW     psiToRho            12.20  8        1.53   7.07   
-------------------------------------------------------------------


 START  Time  : Wed Aug  5 16:40:29 2026
 FINISH Time  : Wed Aug  5 16:43:22 2026
 TOTAL  Time  : 173
 SEE INFORMATION IN : OUT.s1_al_v100_ksdft_half/
