
                     ▄████▄ █████▄ ▄████▄ ▄█████ ██  ██ ▄█████ 
                     ██▄▄██ ██▄▄██ ██▄▄██ ██     ██  ██ ▀▀▀▄▄▄ 
                     ██  ██ ██▄▄█▀ ██  ██ ▀█████ ▀████▀ █████▀ 

                                                                                     
                                v3.11.0-beta.5

               Atomic-orbital Based Ab-initio Computation at UStc                    

                     Website: http://abacus.ustc.edu.cn/                             
               Documentation: https://abacus.deepmodeling.com/                       
                  Repository: https://github.com/abacusmodeling/abacus-develop       
                              https://github.com/deepmodeling/abacus-develop         
                      Commit: unknown

 Wed Aug  5 16:10:51 2026
 MAKE THE DIR         : OUT.s1_al_v094_ofdft/
 RUNNING WITH DEVICE  : CPU / Intel(R) Xeon(R) Platinum 8368Q CPU @ 2.60GHz (x2)
 NAME OF ELEMENT      : Al
 DFT FUNC. (PSEUDO)   : PBE
 DFT FUNC. (SET TO)   : XC_GGA_X_PBE+XC_GGA_C_PBE
 MAKE SURE THIS DFT FUNCTIONAL IS WHAT YOU NEED
 UNIFORM GRID DIM     : 15 * 15 * 15
 UNIFORM GRID DIM(BIG): 15 * 15 * 15
 DONE(0.0899461  SEC) : SETUP UNITCELL
 DONE(0.0902985  SEC) : INIT K-POINTS
 ----------------------------------------------------------------
 Self-consistent calculations for electrons
 ----------------------------------------------------------------
 SPIN    KPOINTS         PROCESSES   THREADS/PROC  THREADS/TOTAL 
 1       1               4           1             4             
 ----------------------------------------------------------------
 Use plane wave basis
 ----------------------------------------------------------------
 ELEMENT NATOM       
 Al      1           
 ----------------------------------------------------------------
 Initial plane wave basis and FFT box
 ----------------------------------------------------------------
 DONE(0.0906907  SEC) : SETUP UNITCELL
 START CHARGE         : ATOMIC
 DONE(0.108755   SEC) : LOCAL POTENTIAL
 DONE(0.110899   SEC) : INIT POTENTIAL
 DONE(0.110961   SEC) : INIT KEDF
 DONE(0.110976   SEC) : INIT OPTIMIZATION
 DONE(0.110996   SEC) : INIT PHI

 ================================================================
 SELF-CONSISTENT: 
 ================================================================
 ============================= Running OFDFT ==============================
 ITER       ETOT/eV           EDIFF/eV        EFERMI/eV    POTNORM   TIME/s
 TN0     -5.47624718e+01   -5.47624718e+01   9.3363e+00   2.2440e-01   0.00  
 TN1     -5.51219833e+01   -3.59511472e-01   9.2043e+00   2.5484e-01   0.03  
 TN2     -5.61963139e+01   -1.07433061e+00   8.8141e+00   2.6862e-01   0.02  
 TN3     -5.71382423e+01   -9.41928460e-01   8.4968e+00   5.0762e-02   0.01  
 TN4     -5.71605810e+01   -2.23386740e-02   8.4898e+00   7.2909e-03   0.01  
 TN5     -5.71612693e+01   -6.88239757e-04   8.4905e+00   1.0344e-03   0.02  
 TN6     -5.71612830e+01   -1.37195329e-05   8.4906e+00   1.4006e-04   0.02  
 TN7     -5.71612832e+01   -2.48650345e-07   8.4906e+00   1.7995e-05   0.02  
 TN8     -5.71612832e+01   -4.06925084e-09   8.4906e+00   2.4577e-06   0.01  
 TN9     -5.71612832e+01   -7.27836627e-11   8.4906e+00   3.0618e-07   0.02  
 ----------------------------------------------------------------
              Stress_x             Stress_y             Stress_z 
 ----------------------------------------------------------------
         66.6910710775         0.0003542558         0.0003542557 
          0.0003542558        66.6910710771         0.0003542559 
          0.0003542557         0.0003542559        66.6910710772 
 ----------------------------------------------------------------
 TOTAL-PRESSURE (EXCLUDE KINETIC PART OF IONS): 66.691071 kbar

 TIME STATISTICS
-----------------------------------------------------------------------
     CLASS_NAME             NAME         TIME/s  CALLS   AVG/s  PER/%  
-----------------------------------------------------------------------
                     total               0.27   17       0.02   100.00 
 Driver              atomic_world        0.27   1        0.27   100.00 
 Driver              reading             0.01   1        0.01   2.06   
 PW_Basis_Sup        setuptransform      0.01   1        0.01   2.71   
 Charge              atomic_rho          0.01   2        0.01   4.55   
 PW_Basis_Sup        recip2real          0.03   1627     0.00   10.15  
 PW_Basis_Sup        recip2real_copy_g   0.00   1627     0.00   1.42   
 ppcell_vl           init_vloc           0.01   1        0.01   2.94   
 Potential           init_pot            0.00   2        0.00   1.40   
 Potential           cal_veff            0.11   180      0.00   39.19  
 H_Hartree_pw        v_hartree           0.01   180      0.00   2.76   
 PW_Basis_Sup        real2recip          0.03   1982     0.00   11.22  
 PW_Basis_Sup        gatherp_copy_unpack 0.00   1982     0.00   1.12   
 PotXC               cal_veff            0.10   180      0.00   36.33  
 XC_Functional_Libxc v_xc_libxc          0.10   180      0.00   36.26  
 Libxc               xc_lda/gga_exc_vxc  0.04   360      0.00   16.26  
 Relax_Driver        relax_driver        0.16   1        0.16   59.57  
 ESolver_OF          runner              0.16   1        0.16   57.30  
 KEDF_Manager        get_potential       0.05   178      0.00   16.52  
 KEDF_TF             tf_potential        0.01   178      0.00   2.80   
 KEDF_WT             wt_potential        0.03   178      0.00   11.27  
 KEDF_vW             vw_potential        0.01   178      0.00   2.37   
 OF_Stress_PW        cal_stress          0.01   1        0.01   2.15   
 Stress              stress_loc          0.00   1        0.00   1.62   
-----------------------------------------------------------------------


 START  Time  : Wed Aug  5 16:10:51 2026
 FINISH Time  : Wed Aug  5 16:10:51 2026
 TOTAL  Time  : 0
 SEE INFORMATION IN : OUT.s1_al_v094_ofdft/
