
                     ▄████▄ █████▄ ▄████▄ ▄█████ ██  ██ ▄█████ 
                     ██▄▄██ ██▄▄██ ██▄▄██ ██     ██  ██ ▀▀▀▄▄▄ 
                     ██  ██ ██▄▄█▀ ██  ██ ▀█████ ▀████▀ █████▀ 

                                                                                     
                                v3.11.0-beta.5

               Atomic-orbital Based Ab-initio Computation at UStc                    

                     Website: http://abacus.ustc.edu.cn/                             
               Documentation: https://abacus.deepmodeling.com/                       
                  Repository: https://github.com/abacusmodeling/abacus-develop       
                              https://github.com/deepmodeling/abacus-develop         
                      Commit: unknown

 Wed Aug  5 16:46:26 2026
 MAKE THE DIR         : OUT.s1_al_v106_ksdft_half/
 RUNNING WITH DEVICE  : CPU / Intel(R) Xeon(R) Platinum 8368Q CPU @ 2.60GHz (x2)
 NAME OF ELEMENT      : Al
 DFT FUNC. (PSEUDO)   : PBE
 DFT FUNC. (SET TO)   : XC_GGA_X_PBE+XC_GGA_C_PBE
 MAKE SURE THIS DFT FUNCTIONAL IS WHAT YOU NEED
 UNIFORM GRID DIM     : 24 * 24 * 24
 UNIFORM GRID DIM(BIG): 24 * 24 * 24
 DONE(0.0553729  SEC) : SETUP UNITCELL
 DONE(0.383664   SEC) : INIT K-POINTS
 ----------------------------------------------------------------
 Self-consistent calculations for electrons
 ----------------------------------------------------------------
 SPIN    KPOINTS         PROCESSES   THREADS/PROC  THREADS/TOTAL 
 1       6916            4           1             4             
 ----------------------------------------------------------------
 Use plane wave basis
 ----------------------------------------------------------------
 ELEMENT NATOM       
 Al      1           
 ----------------------------------------------------------------
 Initial plane wave basis and FFT box
 ----------------------------------------------------------------
 DONE(0.436862   SEC) : INIT PLANEWAVE
 START CHARGE         : ATOMIC
 DONE(0.442923   SEC) : LOCAL POTENTIAL
not allowed!
i1*i2*i3 must be positive! i1*i2*i3 is 0
i2 must be positive! i2 is 0
i3 must be positive! i3 is 0
 DONE(0.443036   SEC) : NON-LOCAL POTENTIAL
 MEMORY FOR PSI (MB)  : 170.958
 WARNING: init_wfc = atomic requires atomic pseudo wavefunctions(PP_PSWFC),
 but none available. Automatically switch to random initialization.
 DONE(0.443073   SEC) : INIT BASIS

 ================================================================
 SELF-CONSISTENT: 
 ================================================================
 DONE(4.61708    SEC) : INIT SCF
 ITER       ETOT/eV          EDIFF/eV         DRHO     TIME/s
 CG1     -5.66584413e+01   0.00000000e+00   7.9313e-02  38.16
 CG2     -5.71554290e+01  -4.96987735e-01   3.0305e-02  13.50
 CG3     -5.71809454e+01  -2.55163452e-02   6.2841e-05  13.55
 CG4     -5.71805725e+01   3.72850814e-04   2.4745e-05  25.76
 CG5     -5.71821691e+01  -1.59658323e-03   3.7867e-06  16.56
 CG6     -5.71822087e+01  -3.95960880e-05   1.3613e-08  17.07
 CG7     -5.71822093e+01  -6.26394521e-07   3.4596e-09  23.44
 CG8     -5.71822093e+01  -1.07689610e-08   1.5231e-11  16.33
 ----------------------------------------------------------------
              Stress_x             Stress_y             Stress_z 
 ----------------------------------------------------------------
        -39.8735044775        -0.0000021427        -0.0000135532 
         -0.0000021427       -39.8735043157        -0.0000090731 
         -0.0000135532        -0.0000090731       -39.8735047370 
 ----------------------------------------------------------------
 TOTAL-PRESSURE (EXCLUDE KINETIC PART OF IONS): -39.873505 kbar

 TIME STATISTICS
-------------------------------------------------------------------
   CLASS_NAME           NAME         TIME/s  CALLS   AVG/s  PER/%  
-------------------------------------------------------------------
                 total               169.20 15       11.28  100.00 
 Driver          atomic_world        169.20 1        169.20 100.00 
 Relax_Driver    relax_driver        168.74 1        168.74 99.73  
 ESolver_KS      runner              168.66 1        168.66 99.68  
 ESolver_KS_PW   before_scf          4.17   1        4.17   2.47   
 PSIPrepare      initialize_psi      4.17   1        4.17   2.47   
 DiagoIterAssist diag_subspace       26.89  55328    0.00   15.89  
 Operator        hPsi                115.92 2605019  0.00   68.51  
 Operator        veff_pw             113.21 2605019  0.00   66.90  
 PW_Basis_K      recip2real          66.50  3877563  0.00   39.30  
 PW_Basis_K      gathers_copy_pack   3.70   3877563  0.00   2.19   
 PW_Basis_K      gathers_zero_mpi    4.79   3877563  0.00   2.83   
 PW_Basis_K      gathers_copy_unpack 3.83   3877563  0.00   2.26   
 PW_Basis_K      real2recip          49.73  3213627  0.00   29.39  
 PW_Basis_K      gatherp_copy_pack   2.96   3213627  0.00   1.75   
 PW_Basis_K      gatherp_copy_unpack 3.10   3213627  0.00   1.83   
 DiagoIterAssist diag_hegvd          2.02   55328    0.00   1.20   
 ESolver_KS_PW   hamilt2rho_single   164.33 8        20.54  97.12  
 HSolverPW       solve               164.33 8        20.54  97.12  
 HSolverPW       solve_psik          151.99 55328    0.00   89.83  
 DiagoCG         diag_once           127.51 55328    0.00   75.36  
 ElecStatePW     psiToRho            12.09  8        1.51   7.14   
-------------------------------------------------------------------


 START  Time  : Wed Aug  5 16:46:26 2026
 FINISH Time  : Wed Aug  5 16:49:15 2026
 TOTAL  Time  : 169
 SEE INFORMATION IN : OUT.s1_al_v106_ksdft_half/
