
                     ▄████▄ █████▄ ▄████▄ ▄█████ ██  ██ ▄█████ 
                     ██▄▄██ ██▄▄██ ██▄▄██ ██     ██  ██ ▀▀▀▄▄▄ 
                     ██  ██ ██▄▄█▀ ██  ██ ▀█████ ▀████▀ █████▀ 

                                                                                     
                                v3.11.0-beta.5

               Atomic-orbital Based Ab-initio Computation at UStc                    

                     Website: http://abacus.ustc.edu.cn/                             
               Documentation: https://abacus.deepmodeling.com/                       
                  Repository: https://github.com/abacusmodeling/abacus-develop       
                              https://github.com/deepmodeling/abacus-develop         
                      Commit: unknown

 Wed Aug  5 14:44:16 2026
 MAKE THE DIR         : OUT.s1_al_ksdft_ecut060/
 RUNNING WITH DEVICE  : CPU / Intel(R) Xeon(R) Platinum 8368Q CPU @ 2.60GHz (x2)
 NAME OF ELEMENT      : Al
 DFT FUNC. (PSEUDO)   : PBE
 DFT FUNC. (SET TO)   : XC_GGA_X_PBE+XC_GGA_C_PBE
 MAKE SURE THIS DFT FUNCTIONAL IS WHAT YOU NEED
 UNIFORM GRID DIM     : 27 * 27 * 27
 UNIFORM GRID DIM(BIG): 27 * 27 * 27
 DONE(0.0289739  SEC) : SETUP UNITCELL
 DONE(0.0900616  SEC) : INIT K-POINTS
 ----------------------------------------------------------------
 Self-consistent calculations for electrons
 ----------------------------------------------------------------
 SPIN    KPOINTS         PROCESSES   THREADS/PROC  THREADS/TOTAL 
 1       2052            4           1             4             
 ----------------------------------------------------------------
 Use plane wave basis
 ----------------------------------------------------------------
 ELEMENT NATOM       
 Al      1           
 ----------------------------------------------------------------
 Initial plane wave basis and FFT box
 ----------------------------------------------------------------
 DONE(0.1152     SEC) : INIT PLANEWAVE
 START CHARGE         : ATOMIC
 DONE(0.121132   SEC) : LOCAL POTENTIAL
not allowed!
i1*i2*i3 must be positive! i1*i2*i3 is 0
i2 must be positive! i2 is 0
i3 must be positive! i3 is 0
 DONE(0.121238   SEC) : NON-LOCAL POTENTIAL
 MEMORY FOR PSI (MB)  : 85.667
 WARNING: init_wfc = atomic requires atomic pseudo wavefunctions(PP_PSWFC),
 but none available. Automatically switch to random initialization.
 DONE(0.121271   SEC) : INIT BASIS

 ================================================================
 SELF-CONSISTENT: 
 ================================================================
 DONE(2.15981    SEC) : INIT SCF
 ITER       ETOT/eV          EDIFF/eV         DRHO     TIME/s
 CG1     -5.65107185e+01   0.00000000e+00   8.3457e-02  17.11
 CG2     -5.71779976e+01  -6.67279041e-01   3.2505e-02   6.27
 CG3     -5.72020889e+01  -2.40913661e-02   4.9292e-05   6.31
 CG4     -5.72058351e+01  -3.74618324e-03   2.8728e-05  12.07
 CG5     -5.72067736e+01  -9.38435086e-04   4.1284e-06   7.15
 CG6     -5.72068122e+01  -3.86293716e-05   1.1923e-07   7.82
 CG7     -5.72068135e+01  -1.35332889e-06   3.6178e-09   9.11
 CG8     -5.72068136e+01  -2.00414885e-08   1.3715e-09   8.78
 CG9     -5.72068136e+01  -1.30548973e-09   7.4150e-11   6.04
 ----------------------------------------------------------------
              Stress_x             Stress_y             Stress_z 
 ----------------------------------------------------------------
         -1.8156685275        -0.0000052380        -0.0000017365 
         -0.0000052380        -1.8156711008        -0.0000045250 
         -0.0000017365        -0.0000045250        -1.8156693558 
 ----------------------------------------------------------------
 TOTAL-PRESSURE (EXCLUDE KINETIC PART OF IONS): -1.815670 kbar

 TIME STATISTICS
-------------------------------------------------------------------
   CLASS_NAME           NAME         TIME/s  CALLS   AVG/s  PER/%  
-------------------------------------------------------------------
                 total               82.94  15       5.53   100.00 
 Driver          atomic_world        82.94  1        82.94  100.00 
 Relax_Driver    relax_driver        82.82  1        82.82  99.85  
 ESolver_KS      runner              82.76  1        82.76  99.78  
 ESolver_KS_PW   before_scf          2.04   1        2.04   2.46   
 PSIPrepare      initialize_psi      2.04   1        2.04   2.45   
 DiagoIterAssist diag_subspace       14.50  18468    0.00   17.48  
 Operator        hPsi                61.48  816741   0.00   74.12  
 Operator        veff_pw             60.53  816741   0.00   72.97  
 PW_Basis_K      recip2real          36.59  1241505  0.00   44.12  
 PW_Basis_K      gathers_copy_pack   1.84   1241505  0.00   2.22   
 PW_Basis_K      gathers_zero_mpi    2.26   1241505  0.00   2.73   
 PW_Basis_K      gathers_copy_unpack 1.74   1241505  0.00   2.10   
 PW_Basis_K      real2recip          26.69  1019889  0.00   32.18  
 PW_Basis_K      gatherp_copy_pack   1.42   1019889  0.00   1.71   
 PW_Basis_K      gatherp_copy_unpack 1.54   1019889  0.00   1.86   
 ESolver_KS_PW   hamilt2rho_single   80.64  9        8.96   97.23  
 HSolverPW       solve               80.64  9        8.96   97.23  
 HSolverPW       solve_psik          73.62  18468    0.00   88.76  
 DiagoCG         diag_once           60.26  18468    0.00   72.66  
 ElecStatePW     psiToRho            6.90   9        0.77   8.32   
-------------------------------------------------------------------


 START  Time  : Wed Aug  5 14:44:16 2026
 FINISH Time  : Wed Aug  5 14:45:39 2026
 TOTAL  Time  : 83
 SEE INFORMATION IN : OUT.s1_al_ksdft_ecut060/
