
                     ▄████▄ █████▄ ▄████▄ ▄█████ ██  ██ ▄█████ 
                     ██▄▄██ ██▄▄██ ██▄▄██ ██     ██  ██ ▀▀▀▄▄▄ 
                     ██  ██ ██▄▄█▀ ██  ██ ▀█████ ▀████▀ █████▀ 

                                                                                     
                                v3.11.0-beta.5

               Atomic-orbital Based Ab-initio Computation at UStc                    

                     Website: http://abacus.ustc.edu.cn/                             
               Documentation: https://abacus.deepmodeling.com/                       
                  Repository: https://github.com/abacusmodeling/abacus-develop       
                              https://github.com/deepmodeling/abacus-develop         
                      Commit: unknown

 Wed Aug  5 17:12:55 2026
 MAKE THE DIR         : OUT.s1_mg_v100_ksdft_half/
 RUNNING WITH DEVICE  : CPU / Intel(R) Xeon(R) Platinum 8368Q CPU @ 2.60GHz (x2)
 NAME OF ELEMENT      : Mg
 DFT FUNC. (PSEUDO)   : PZ
 DFT FUNC. (SET TO)   : XC_LDA_X+XC_LDA_C_PZ
 MAKE SURE THIS DFT FUNCTIONAL IS WHAT YOU NEED
 UNIFORM GRID DIM     : 25 * 25 * 40
 UNIFORM GRID DIM(BIG): 25 * 25 * 40
 DONE(0.0681211  SEC) : SETUP UNITCELL
 DONE(0.147583   SEC) : INIT K-POINTS
 ----------------------------------------------------------------
 Self-consistent calculations for electrons
 ----------------------------------------------------------------
 SPIN    KPOINTS         PROCESSES   THREADS/PROC  THREADS/TOTAL 
 1       2404            4           1             4             
 ----------------------------------------------------------------
 Use plane wave basis
 ----------------------------------------------------------------
 ELEMENT NATOM       
 Mg      2           
 ----------------------------------------------------------------
 Initial plane wave basis and FFT box
 ----------------------------------------------------------------
 DONE(0.1914     SEC) : INIT PLANEWAVE
 START CHARGE         : ATOMIC
 DONE(0.213966   SEC) : LOCAL POTENTIAL
not allowed!
i1*i2*i3 must be positive! i1*i2*i3 is 0
i2 must be positive! i2 is 0
i3 must be positive! i3 is 0
 DONE(0.213997   SEC) : NON-LOCAL POTENTIAL
 MEMORY FOR PSI (MB)  : 150.984
 WARNING: init_wfc = atomic requires atomic pseudo wavefunctions(PP_PSWFC),
 but none available. Automatically switch to random initialization.
 DONE(0.214035   SEC) : INIT BASIS

 ================================================================
 SELF-CONSISTENT: 
 ================================================================
 DONE(3.2968     SEC) : INIT SCF
 ITER       ETOT/eV          EDIFF/eV         DRHO     TIME/s
 CG1     -4.90444269e+01   0.00000000e+00   9.1149e-02  24.53
 CG2     -4.92933864e+01  -2.48959558e-01   3.6739e-02   9.33
 CG3     -4.93047702e+01  -1.13838344e-02   3.8869e-05   8.88
 CG4     -4.93072339e+01  -2.46363885e-03   7.9397e-06  18.66
 CG5     -4.93072580e+01  -2.41261238e-05   3.5443e-07   9.84
 CG6     -4.93072602e+01  -2.21857637e-06   2.1693e-08  12.11
 CG7     -4.93072603e+01  -5.30680875e-08   1.8435e-09  11.18
 CG8     -4.93072603e+01  -5.09588960e-09   5.0578e-11  11.53
 ----------------------------------------------------------------
              Stress_x             Stress_y             Stress_z 
 ----------------------------------------------------------------
        -31.5527272438         0.0000022823         0.0000004339 
          0.0000022823       -31.5527241768         0.0000000013 
          0.0000004339         0.0000000013       -26.0145372780 
 ----------------------------------------------------------------
 TOTAL-PRESSURE (EXCLUDE KINETIC PART OF IONS): -29.706663 kbar

 TIME STATISTICS
-------------------------------------------------------------------
   CLASS_NAME           NAME         TIME/s  CALLS   AVG/s  PER/%  
-------------------------------------------------------------------
                 total               109.53 15       7.30   100.00 
 Driver          atomic_world        109.53 1        109.53 100.00 
 Relax_Driver    relax_driver        109.31 1        109.31 99.79  
 ESolver_KS      runner              109.20 1        109.20 99.69  
 ESolver_KS_PW   before_scf          3.08   1        3.08   2.81   
 PSIPrepare      initialize_psi      3.08   1        3.08   2.81   
 DiagoIterAssist diag_subspace       18.59  19232    0.00   16.97  
 Operator        hPsi                81.28  891265   0.00   74.21  
 Operator        veff_pw             80.15  891265   0.00   73.18  
 PW_Basis_K      recip2real          47.35  1333601  0.00   43.23  
 PW_Basis_K      gathers_copy_pack   1.96   1333601  0.00   1.79   
 PW_Basis_K      gathers_zero_mpi    3.92   1333601  0.00   3.58   
 PW_Basis_K      gathers_copy_unpack 1.97   1333601  0.00   1.80   
 PW_Basis_K      real2recip          36.15  1102817  0.00   33.00  
 PW_Basis_K      gatherp_copy_pack   1.64   1102817  0.00   1.50   
 PW_Basis_K      gatherp_copy_unpack 2.77   1102817  0.00   2.53   
 ESolver_KS_PW   hamilt2rho_single   106.04 8        13.26  96.81  
 HSolverPW       solve               106.04 8        13.26  96.81  
 HSolverPW       solve_psik          97.08  19232    0.01   88.63  
 DiagoCG         diag_once           80.25  19232    0.00   73.26  
 ElecStatePW     psiToRho            8.80   8        1.10   8.04   
-------------------------------------------------------------------


 START  Time  : Wed Aug  5 17:12:55 2026
 FINISH Time  : Wed Aug  5 17:14:44 2026
 TOTAL  Time  : 109
 SEE INFORMATION IN : OUT.s1_mg_v100_ksdft_half/
