 NAME OF ELEMENT      : Al
 DFT FUNC. (PSEUDO)   : PBE
 DFT FUNC. (SET TO)   : XC_GGA_X_PBE+XC_GGA_C_PBE
 MAKE SURE THIS DFT FUNCTIONAL IS WHAT YOU NEED
 AUTO_SET NBANDS to 12
                            startmag_type = 2
                       charge from rho_at = 3
                         charge should be = 3

 SETUP ATOMIC RHO FOR SPIN 1
                 Electron number from rho = 2.99937
           total electron number from rho = 2.99937
                                should be = 3
                 charge before normalized = 3.00000000000002
                  charge after normalized = 3.00000000000001
                            startmag_type = 2
                       charge from rho_at = 2.99999999999999
                         charge should be = 3

 SETUP ATOMIC RHO FOR SPIN 1
                 Electron number from rho = 2.999375
           total electron number from rho = 2.999375
                                should be = 3
