                                                                                     
                              ABACUS v3.11.0-beta.5

               Atomic-orbital Based Ab-initio Computation at UStc                    

                     Website: http://abacus.ustc.edu.cn/                             
               Documentation: https://abacus.deepmodeling.com/                       
                  Repository: https://github.com/abacusmodeling/abacus-develop       
                              https://github.com/deepmodeling/abacus-develop         
                      Commit: unknown

    Start Time is Wed Aug  5 14:26:02 2026
                                                                                     
 ------------------------------------------------------------------------------------

 READING GENERAL INFORMATION
                           global_out_dir = OUT.s1_al_ofdft_ecut020/
                           global_in_card = INPUT
                               pseudo_dir = ./
                              orbital_dir = 
                                    DRANK = 1
                                    DSIZE = 4
                                   DCOLOR = 1
                                    GRANK = 1
                                    GSIZE = 1


 >>>>>>>>>>>>>>>>>>>>>>>>>>>>>>>>>>>>>>>>>>>>>>>>>>>>>>>>>>>>>>>>>>>>>>
 |                                                                    |
 |                        #Setup Unitcell#                            |
 | From the input file and the structure file we know the number of   |
 | different elments in this unitcell, then we list the detail        |
 | information for each element, especially the zeta and polar atomic |
 | orbital number for each element. The total atom number is counted. |
 | We calculate the nearest atom distance for each atom and show the  |
 | Cartesian and Direct coordinates for each atom. We list the file   |
 | address for atomic orbitals. The volume and the lattice vectors    |
 | in real and reciprocal space is also shown.                        |
 |                                                                    |
 <<<<<<<<<<<<<<<<<<<<<<<<<<<<<<<<<<<<<<<<<<<<<<<<<<<<<<<<<<<<<<<<<<<<<<

 READING UNITCELL INFORMATION
                       Number of elements = 1
                  Lattice constant (Bohr) = 1.88973
              Lattice constant (Angstrom) = 1

 READING ATOM TYPE 1
                               Atom label = Al
                      L=0, number of zeta = 1
                      L=1, number of zeta = 1
                      L=2, number of zeta = 1
            Number of atoms for this type = 1

                        TOTAL ATOM NUMBER = 1

 DIRECT COORDINATES
 atom                  x                  y                  z     mag
   Al     0.000000000000     0.000000000000     0.000000000000  0.0000

 ATOMIC VELOCITIES
 atom                 vx                 vy                 vz
   Al                  0                  0                  0

                     Cell volume (Bohr^3) = 112.073
                        Cell volume (A^3) = 16.6075

 Lattice vectors: (Cartesian coordinate: in unit of a_0)
                   +0              +2.025              +2.025
               +2.025                  +0              +2.025
               +2.025              +2.025                  +0
 Reciprocal vectors: (Cartesian coordinate: in unit of 2 pi/a_0)
            -0.246914           +0.246914           +0.246914
            +0.246914           -0.246914           +0.246914
            +0.246914           +0.246914           -0.246914

 #ENERGY SOLVER# ofdft
 RUNNING WITH DEVICE  : CPU / Intel(R) Xeon(R) Platinum 8368Q CPU @ 2.60GHz (x2)


 >>>>>>>>>>>>>>>>>>>>>>>>>>>>>>>>>>>>>>>>>>>>>>>>>>>>>>>>>>>>>>>>>>>>>>
 |                                                                    |
 |                 #Read Pseudopotentials Files#                      |
 | ABACUS supports norm-conserving (NC) pseudopotentials for both     |
 | plane wave basis and numerical atomic orbital basis sets.          |
 | In addition, ABACUS supports ultrasoft pseudopotentials (USPP)     |
 | for plane wave basis set.                                          |
 |                                                                    |
 <<<<<<<<<<<<<<<<<<<<<<<<<<<<<<<<<<<<<<<<<<<<<<<<<<<<<<<<<<<<<<<<<<<<<<

                PAO radial cut off (Bohr) = 16

                     Pseudopotential file = al.gga.psp
                     Pseudopotential type = 
          Exchange-correlation functional = PBE
                 Nonlocal core correction = 0
                        Valence electrons = 3
                                     Lmax = 0
                           Number of zeta = 0
                     Number of projectors = 0
                    DFT functional set to = XC_GGA_X_PBE+XC_GGA_C_PBE
         Number of pseudo atomic orbitals = 0
            Electron number of element Al = 3
      Total electron number of element Al = 3
          Autoset the number of electrons = 3
               Occupied electronic states = 2
     Number of electronic states (NBANDS) = 12


 >>>>>>>>>>>>>>>>>>>>>>>>>>>>>>>>>>>>>>>>>>>>>>>>>>>>>>>>>>>>>>>>>>>>>>
 |                                                                    |
 |           #Setup Plane Waves of Charge/Potential#                  |
 | Use the kinetic energy cutoff and the lattice vectors to generate  |
 | the dimensions of FFT grid, which is used to represent the charge  |
 | density or potential. If USPP is used, a double grid technique     |
 | is applied.                                                        |
 |                                                                    |
 <<<<<<<<<<<<<<<<<<<<<<<<<<<<<<<<<<<<<<<<<<<<<<<<<<<<<<<<<<<<<<<<<<<<<

 SETUP PLANE WAVES FOR CHARGE/POTENTIAL
  Energy cutoff for charge/potential (Ry) = 80
            FFT grid for charge/potential = [ 15, 15, 15 ]
           Number of FFT grids this proc. = 900
                Division for big FFT grid = [ 1, 1, 1 ]
      FFT (big) grid for charge/potential = [ 15, 15, 15 ]
     Number of FFT (big) grids this proc. = 900
                    Number of plane waves = 3375
        Number of sticks on FFT x-y plane = 225

 PARALLEL PW FOR CHARGE/POTENTIAL
     PROC   COLUMNS(POT)             PW
        1             56            840
        2             56            840
        3             57            855
        4             56            840
 --------------- SUM -------------------
        4            225           3375

                            Number of |g| = 115
                                  Max |g| = 32.8608
                                  Min |g| = 0
 DONE : SETUP UNITCELL Time : 0.0632096 (SEC)


 >>>>>>>>>>>>>>>>>>>>>>>>>>>>>>>>>>>>>>>>>>>>>>>>>>>>>>>>>>>>>>>>>>>>>>
 |                                                                    |
 |                       #Setup K-points#                             |
 | We setup the k-points according to input parameters.               |
 | The reduced k-points are set according to symmetry operations.     |
 | We treat the spin as another set of k-points.                      |
 |                                                                    |
 <<<<<<<<<<<<<<<<<<<<<<<<<<<<<<<<<<<<<<<<<<<<<<<<<<<<<<<<<<<<<<<<<<<<<<


 SETUP K-POINTS
                                    nspin = 1
                   Input type of k points = Monkhorst-Pack(Gamma)
                                   nkstot = 1
           Number of irreducible k-points = 1

 K-POINTS REDUCTION ACCORDING TO SYMMETRY
     IBZ    DIRECT_X    DIRECT_Y    DIRECT_Z  WEIGHT  ibz2bz
       1  0.00000000  0.00000000  0.00000000  1.0000       0

                               nkstot now = 1
 K-POINTS DIRECT COORDINATES
 KPOINTS    DIRECT_X    DIRECT_Y    DIRECT_Z  WEIGHT
       1  0.00000000  0.00000000  0.00000000  1.0000


       Number of k-points in this process = 1
       Minimum distributed k-point number = 1

 K-POINTS CARTESIAN COORDINATES
 KPOINTS CARTESIAN_X CARTESIAN_Y CARTESIAN_Z  WEIGHT
       1  0.00000000  0.00000000  0.00000000  2.0000


 K-POINTS DIRECT COORDINATES
 KPOINTS    DIRECT_X    DIRECT_Y    DIRECT_Z  WEIGHT
       1  0.00000000  0.00000000  0.00000000  2.0000

 DONE : INIT K-POINTS Time : 0.0639479 (SEC)

 Libxc v7.0.0
	S. Lehtola, C. Steigemann, M. J.T. Oliveira, and M. A.L. Marques.,  SoftwareX 7, 1–5 (2018)
 XC: Perdew, Burke & Ernzerhof
	J. P. Perdew, K. Burke, and M. Ernzerhof.,  Phys. Rev. Lett. 77, 3865 (1996)
	J. P. Perdew, K. Burke, and M. Ernzerhof.,  Phys. Rev. Lett. 78, 1396 (1997)
 XC: Perdew, Burke & Ernzerhof
	J. P. Perdew, K. Burke, and M. Ernzerhof.,  Phys. Rev. Lett. 77, 3865 (1996)
	J. P. Perdew, K. Burke, and M. Ernzerhof.,  Phys. Rev. Lett. 78, 1396 (1997)

 DONE : SETUP UNITCELL Time : 0.0641832 (SEC)

                                 init_chg = atomic
 DONE : LOCAL POTENTIAL Time : 0.0749975 (SEC)

 DONE : INIT POTENTIAL Time : 0.0779033 (SEC)

 DONE : INIT KEDF Time : 0.0779488 (SEC)

 DONE : INIT OPTIMIZATION Time : 0.0779594 (SEC)

 DONE : INIT PHI Time : 0.0779718 (SEC)

 ================================================================
 SELF-CONSISTENT
 ================================================================

Iter0: the norm of potential is 0.210559769746
----------------------------------------------------------------
        Energy              Rydberg                 eV          
----------------------------------------------------------------
              E_Total      -4.036960326182     -54.925663036013 
              E_Fermi       0.633460899629       8.618677695155 
----------------------------------------------------------------


Iter1: the norm of potential is 0.238555759175
----------------------------------------------------------------
        Energy              Rydberg                 eV          
----------------------------------------------------------------
              E_Total      -4.066877943003     -55.332713095355 
              E_Fermi       0.622547855610       8.470198113971 
----------------------------------------------------------------


Iter2: the norm of potential is 0.25107810025
----------------------------------------------------------------
        Energy              Rydberg                 eV          
----------------------------------------------------------------
              E_Total      -4.147826250827     -56.434071325224 
              E_Fermi       0.593541420861       8.075545322728 
----------------------------------------------------------------


Iter3: the norm of potential is 0.0285872059763
----------------------------------------------------------------
        Energy              Rydberg                 eV          
----------------------------------------------------------------
              E_Total      -4.202383941283     -57.176366785144 
              E_Fermi       0.575139209281       7.825170389443 
----------------------------------------------------------------


Iter4: the norm of potential is 0.00329871432453
----------------------------------------------------------------
        Energy              Rydberg                 eV          
----------------------------------------------------------------
              E_Total      -4.202894295080     -57.183310504788 
              E_Fermi       0.574962906916       7.822771672700 
----------------------------------------------------------------


Iter5: the norm of potential is 0.000354416210507
----------------------------------------------------------------
        Energy              Rydberg                 eV          
----------------------------------------------------------------
              E_Total      -4.202901812596     -57.183412785830 
              E_Fermi       0.574970704846       7.822877768980 
----------------------------------------------------------------


Iter6: the norm of potential is 4.05754142085e-05
----------------------------------------------------------------
        Energy              Rydberg                 eV          
----------------------------------------------------------------
              E_Total      -4.202901926078     -57.183414329831 
              E_Fermi       0.574970503713       7.822875032427 
----------------------------------------------------------------


Iter7: the norm of potential is 4.80264149094e-06
----------------------------------------------------------------
        Energy              Rydberg                 eV          
----------------------------------------------------------------
              E_Total      -4.202901927402     -57.183414347854 
              E_Fermi       0.574970487471       7.822874811438 
----------------------------------------------------------------


Iter8: the norm of potential is 5.42551513907e-07
----------------------------------------------------------------
        Energy              Rydberg                 eV          
----------------------------------------------------------------
              E_Total      -4.202901927423     -57.183414348141 
              E_Fermi       0.574970450992       7.822874315123 
----------------------------------------------------------------


Iter9: the norm of potential is 5.37750886957e-08
----------------------------------------------------------------
        Energy              Rydberg                 eV          
----------------------------------------------------------------
              E_Total      -4.202901927424     -57.183414348146 
              E_Fermi       0.574970449291       7.822874291972 
----------------------------------------------------------------

 #SCF IS CONVERGED#
 #TOTAL ENERGY# -57.183414348 eV



 #TOTAL-FORCE (eV/Angstrom)#
 -------------------------------------------------------------------------
     Atoms              Force_x              Force_y              Force_z 
 -------------------------------------------------------------------------
       Al1         0.0000000000         0.0000000000         0.0000000000 
 -------------------------------------------------------------------------

 #TOTAL-STRESS (kbar)#
 ----------------------------------------------------------------
              Stress_x             Stress_y             Stress_z 
 ----------------------------------------------------------------
          7.7893888290         0.0001519023         0.0001519024 
          0.0001519023         7.7893888289         0.0001519023 
          0.0001519024         0.0001519023         7.7893888289 
 ----------------------------------------------------------------
 #TOTAL-PRESSURE# (EXCLUDE KINETIC PART OF IONS): 7.789389 kbar

 --------------------------------------------
 !FINAL_ETOT_IS -57.1834143481460089 eV
 --------------------------------------------



 TIME STATISTICS
-----------------------------------------------------------------------
     CLASS_NAME             NAME         TIME/s  CALLS   AVG/s  PER/%  
-----------------------------------------------------------------------
                     total               0.24   17       0.01   100.00 
 Driver              atomic_world        0.24   1        0.24   100.00 
 Driver              reading             0.02   1        0.02   10.08  
 PW_Basis_Sup        setuptransform      0.00   1        0.00   2.04   
 Charge              atomic_rho          0.01   2        0.00   3.89   
 PW_Basis_Sup        recip2real          0.03   1636     0.00   12.73  
 PW_Basis_Sup        recip2real_copy_g   0.00   1636     0.00   1.46   
 ppcell_vl           init_vloc           0.00   1        0.00   1.73   
 Potential           init_pot            0.00   2        0.00   1.20   
 Potential           cal_veff            0.10   181      0.00   43.87  
 H_Hartree_pw        v_hartree           0.01   181      0.00   3.17   
 PW_Basis_Sup        real2recip          0.03   1993     0.00   13.59  
 PW_Basis_Sup        gatherp_copy_unpack 0.00   1993     0.00   1.18   
 PotXC               cal_veff            0.10   181      0.00   40.60  
 XC_Functional_Libxc v_xc_libxc          0.10   181      0.00   40.51  
 Libxc               xc_lda/gga_exc_vxc  0.04   362      0.00   17.02  
 Relax_Driver        relax_driver        0.16   1        0.16   67.06  
 ESolver_OF          runner              0.15   1        0.15   64.29  
 KEDF_Manager        get_potential       0.04   179      0.00   18.32  
 KEDF_TF             tf_potential        0.01   179      0.00   3.08   
 KEDF_WT             wt_potential        0.03   179      0.00   12.37  
 KEDF_vW             vw_potential        0.01   179      0.00   2.78   
 ESolver_OF          after_opt           0.00   1        0.00   1.08   
 OF_Stress_PW        cal_stress          0.01   1        0.01   2.63   
 Stress              stress_loc          0.00   1        0.00   1.98   
-----------------------------------------------------------------------


 NAME-------------------------|MEMORY(MB)------------------
                         total         0.4434
 -------------   < 1.0 MB has been ignored ----------------
 ----------------------------------------------------------

 Start  Time  : Wed Aug  5 14:26:02 2026
 Finish Time  : Wed Aug  5 14:26:02 2026
 Total  Time  : 0 h 0 mins 0 secs 
