
                     ▄████▄ █████▄ ▄████▄ ▄█████ ██  ██ ▄█████ 
                     ██▄▄██ ██▄▄██ ██▄▄██ ██     ██  ██ ▀▀▀▄▄▄ 
                     ██  ██ ██▄▄█▀ ██  ██ ▀█████ ▀████▀ █████▀ 

                                                                                     
                                v3.11.0-beta.5

               Atomic-orbital Based Ab-initio Computation at UStc                    

                     Website: http://abacus.ustc.edu.cn/                             
               Documentation: https://abacus.deepmodeling.com/                       
                  Repository: https://github.com/abacusmodeling/abacus-develop       
                              https://github.com/deepmodeling/abacus-develop         
                      Commit: unknown

 Wed Aug  5 15:23:17 2026
 MAKE THE DIR         : OUT.s1_mg_ksdft_sigma0p00367493/
 RUNNING WITH DEVICE  : CPU / Intel(R) Xeon(R) Platinum 8368Q CPU @ 2.60GHz (x2)
 NAME OF ELEMENT      : Mg
 DFT FUNC. (PSEUDO)   : PZ
 DFT FUNC. (SET TO)   : XC_LDA_X+XC_LDA_C_PZ
 MAKE SURE THIS DFT FUNCTIONAL IS WHAT YOU NEED
 UNIFORM GRID DIM     : 25 * 25 * 40
 UNIFORM GRID DIM(BIG): 25 * 25 * 40
 DONE(0.0257333  SEC) : SETUP UNITCELL
 DONE(0.0927422  SEC) : INIT K-POINTS
 ----------------------------------------------------------------
 Self-consistent calculations for electrons
 ----------------------------------------------------------------
 SPIN    KPOINTS         PROCESSES   THREADS/PROC  THREADS/TOTAL 
 1       2404            4           1             4             
 ----------------------------------------------------------------
 Use plane wave basis
 ----------------------------------------------------------------
 ELEMENT NATOM       
 Mg      2           
 ----------------------------------------------------------------
 Initial plane wave basis and FFT box
 ----------------------------------------------------------------
 DONE(0.140313   SEC) : INIT PLANEWAVE
 START CHARGE         : ATOMIC
 DONE(0.163644   SEC) : LOCAL POTENTIAL
not allowed!
i1*i2*i3 must be positive! i1*i2*i3 is 0
i2 must be positive! i2 is 0
i3 must be positive! i3 is 0
 DONE(0.163707   SEC) : NON-LOCAL POTENTIAL
 MEMORY FOR PSI (MB)  : 150.984
 WARNING: init_wfc = atomic requires atomic pseudo wavefunctions(PP_PSWFC),
 but none available. Automatically switch to random initialization.
 DONE(0.163752   SEC) : INIT BASIS

 ================================================================
 SELF-CONSISTENT: 
 ================================================================
 DONE(3.24619    SEC) : INIT SCF
 ITER       ETOT/eV          EDIFF/eV         DRHO     TIME/s
 CG1     -4.90444269e+01   0.00000000e+00   9.1149e-02  24.29
 CG2     -4.92933864e+01  -2.48959558e-01   3.6739e-02   9.30
 CG3     -4.93047702e+01  -1.13838344e-02   3.8869e-05   8.85
 CG4     -4.93072339e+01  -2.46363885e-03   7.9397e-06  18.57
 CG5     -4.93072580e+01  -2.41261238e-05   3.5443e-07   9.83
 CG6     -4.93072602e+01  -2.21857637e-06   2.1693e-08  12.05
 CG7     -4.93072603e+01  -5.30680875e-08   1.8435e-09  11.19
 CG8     -4.93072603e+01  -5.09588960e-09   5.0578e-11  11.46
 ----------------------------------------------------------------
              Stress_x             Stress_y             Stress_z 
 ----------------------------------------------------------------
        -31.5527272438         0.0000022823         0.0000004339 
          0.0000022823       -31.5527241768         0.0000000013 
          0.0000004339         0.0000000013       -26.0145372780 
 ----------------------------------------------------------------
 TOTAL-PRESSURE (EXCLUDE KINETIC PART OF IONS): -29.706663 kbar

 TIME STATISTICS
-------------------------------------------------------------------
   CLASS_NAME           NAME         TIME/s  CALLS   AVG/s  PER/%  
-------------------------------------------------------------------
                 total               108.96 15       7.26   100.00 
 Driver          atomic_world        108.96 1        108.96 100.00 
 Relax_Driver    relax_driver        108.78 1        108.78 99.84  
 ESolver_KS      runner              108.67 1        108.67 99.74  
 ESolver_KS_PW   before_scf          3.08   1        3.08   2.83   
 PSIPrepare      initialize_psi      3.08   1        3.08   2.83   
 DiagoIterAssist diag_subspace       18.57  19232    0.00   17.04  
 Operator        hPsi                81.32  891265   0.00   74.63  
 Operator        veff_pw             80.17  891265   0.00   73.57  
 PW_Basis_K      recip2real          47.43  1333601  0.00   43.53  
 PW_Basis_K      gathers_copy_pack   1.97   1333601  0.00   1.81   
 PW_Basis_K      gathers_zero_mpi    3.88   1333601  0.00   3.56   
 PW_Basis_K      gathers_copy_unpack 1.99   1333601  0.00   1.83   
 PW_Basis_K      real2recip          36.02  1102817  0.00   33.05  
 PW_Basis_K      gatherp_copy_pack   1.64   1102817  0.00   1.51   
 PW_Basis_K      gatherp_copy_unpack 2.69   1102817  0.00   2.47   
 ESolver_KS_PW   hamilt2rho_single   105.52 8        13.19  96.84  
 HSolverPW       solve               105.52 8        13.19  96.84  
 HSolverPW       solve_psik          96.60  19232    0.01   88.66  
 DiagoCG         diag_once           79.64  19232    0.00   73.09  
 ElecStatePW     psiToRho            8.76   8        1.10   8.04   
-------------------------------------------------------------------


 START  Time  : Wed Aug  5 15:23:17 2026
 FINISH Time  : Wed Aug  5 15:25:06 2026
 TOTAL  Time  : 109
 SEE INFORMATION IN : OUT.s1_mg_ksdft_sigma0p00367493/
