
                     ▄████▄ █████▄ ▄████▄ ▄█████ ██  ██ ▄█████ 
                     ██▄▄██ ██▄▄██ ██▄▄██ ██     ██  ██ ▀▀▀▄▄▄ 
                     ██  ██ ██▄▄█▀ ██  ██ ▀█████ ▀████▀ █████▀ 

                                                                                     
                                v3.11.0-beta.5

               Atomic-orbital Based Ab-initio Computation at UStc                    

                     Website: http://abacus.ustc.edu.cn/                             
               Documentation: https://abacus.deepmodeling.com/                       
                  Repository: https://github.com/abacusmodeling/abacus-develop       
                              https://github.com/deepmodeling/abacus-develop         
                      Commit: unknown

 Wed Aug  5 15:08:42 2026
 MAKE THE DIR         : OUT.s1_mg_ksdft_k020x020x012/
 RUNNING WITH DEVICE  : CPU / Intel(R) Xeon(R) Platinum 8368Q CPU @ 2.60GHz (x2)
 NAME OF ELEMENT      : Mg
 DFT FUNC. (PSEUDO)   : PZ
 DFT FUNC. (SET TO)   : XC_LDA_X+XC_LDA_C_PZ
 MAKE SURE THIS DFT FUNCTIONAL IS WHAT YOU NEED
 UNIFORM GRID DIM     : 25 * 25 * 40
 UNIFORM GRID DIM(BIG): 25 * 25 * 40
 DONE(0.0301296  SEC) : SETUP UNITCELL
 DONE(0.0841576  SEC) : INIT K-POINTS
 ----------------------------------------------------------------
 Self-consistent calculations for electrons
 ----------------------------------------------------------------
 SPIN    KPOINTS         PROCESSES   THREADS/PROC  THREADS/TOTAL 
 1       2404            4           1             4             
 ----------------------------------------------------------------
 Use plane wave basis
 ----------------------------------------------------------------
 ELEMENT NATOM       
 Mg      2           
 ----------------------------------------------------------------
 Initial plane wave basis and FFT box
 ----------------------------------------------------------------
 DONE(0.130275   SEC) : INIT PLANEWAVE
 START CHARGE         : ATOMIC
 DONE(0.154261   SEC) : LOCAL POTENTIAL
not allowed!
i1*i2*i3 must be positive! i1*i2*i3 is 0
i2 must be positive! i2 is 0
i3 must be positive! i3 is 0
 DONE(0.154289   SEC) : NON-LOCAL POTENTIAL
 MEMORY FOR PSI (MB)  : 150.984
 WARNING: init_wfc = atomic requires atomic pseudo wavefunctions(PP_PSWFC),
 but none available. Automatically switch to random initialization.
 DONE(0.154319   SEC) : INIT BASIS

 ================================================================
 SELF-CONSISTENT: 
 ================================================================
 DONE(3.2        SEC) : INIT SCF
 ITER       ETOT/eV          EDIFF/eV         DRHO     TIME/s
 CG1     -4.90542107e+01   0.00000000e+00   9.1127e-02  24.05
 CG2     -4.93030455e+01  -2.48834836e-01   3.6758e-02   9.22
 CG3     -4.93144135e+01  -1.13680582e-02   3.8635e-05   8.74
 CG4     -4.93168806e+01  -2.46708616e-03   7.9853e-06  18.41
 CG5     -4.93169062e+01  -2.55805535e-05   3.6260e-07  10.88
 CG6     -4.93169084e+01  -2.18383126e-06   2.1298e-08  14.48
 CG7     -4.93169085e+01  -5.39200479e-08   1.8922e-09  16.19
 CG8     -4.93169085e+01  -5.87956771e-09   6.9821e-11  13.66
 ----------------------------------------------------------------
              Stress_x             Stress_y             Stress_z 
 ----------------------------------------------------------------
        -30.9005001417         0.0000018633         0.0000006028 
          0.0000018633       -30.9004975921        -0.0000000225 
          0.0000006028        -0.0000000225       -26.8154329872 
 ----------------------------------------------------------------
 TOTAL-PRESSURE (EXCLUDE KINETIC PART OF IONS): -29.538810 kbar

 TIME STATISTICS
-------------------------------------------------------------------
   CLASS_NAME           NAME         TIME/s  CALLS   AVG/s  PER/%  
-------------------------------------------------------------------
                 total               119.06 15       7.94   100.00 
 Driver          atomic_world        119.06 1        119.06 100.00 
 Relax_Driver    relax_driver        118.89 1        118.89 99.86  
 ESolver_KS      runner              118.74 1        118.74 99.73  
 ESolver_KS_PW   before_scf          3.05   1        3.05   2.56   
 PSIPrepare      initialize_psi      3.04   1        3.04   2.56   
 DiagoIterAssist diag_subspace       20.12  19232    0.00   16.90  
 Operator        hPsi                84.45  891563   0.00   70.93  
 Operator        veff_pw             83.25  891563   0.00   69.93  
 PW_Basis_K      recip2real          50.49  1333899  0.00   42.40  
 PW_Basis_K      gathers_copy_pack   2.03   1333899  0.00   1.71   
 PW_Basis_K      gathers_zero_mpi    4.20   1333899  0.00   3.53   
 PW_Basis_K      gathers_copy_unpack 2.06   1333899  0.00   1.73   
 PW_Basis_K      real2recip          38.75  1103115  0.00   32.55  
 PW_Basis_K      gatherp_copy_pack   1.68   1103115  0.00   1.41   
 PW_Basis_K      gatherp_copy_unpack 3.00   1103115  0.00   2.52   
 ESolver_KS_PW   hamilt2rho_single   115.62 8        14.45  97.11  
 HSolverPW       solve               115.62 8        14.45  97.11  
 HSolverPW       solve_psik          104.96 19232    0.01   88.16  
 DiagoCG         diag_once           86.43  19232    0.00   72.59  
 ElecStatePW     psiToRho            10.45  8        1.31   8.78   
-------------------------------------------------------------------


 START  Time  : Wed Aug  5 15:08:42 2026
 FINISH Time  : Wed Aug  5 15:10:41 2026
 TOTAL  Time  : 119
 SEE INFORMATION IN : OUT.s1_mg_ksdft_k020x020x012/
