
                     ▄████▄ █████▄ ▄████▄ ▄█████ ██  ██ ▄█████ 
                     ██▄▄██ ██▄▄██ ██▄▄██ ██     ██  ██ ▀▀▀▄▄▄ 
                     ██  ██ ██▄▄█▀ ██  ██ ▀█████ ▀████▀ █████▀ 

                                                                                     
                                v3.11.0-beta.5

               Atomic-orbital Based Ab-initio Computation at UStc                    

                     Website: http://abacus.ustc.edu.cn/                             
               Documentation: https://abacus.deepmodeling.com/                       
                  Repository: https://github.com/abacusmodeling/abacus-develop       
                              https://github.com/deepmodeling/abacus-develop         
                      Commit: unknown

 Wed Aug  5 19:27:23 2026
 MAKE THE DIR         : OUT.s1_mg_v110_ksdft_next_cutoff/
 RUNNING WITH DEVICE  : CPU / Intel(R) Xeon(R) Platinum 8368Q CPU @ 2.60GHz (x2)
 NAME OF ELEMENT      : Mg
 DFT FUNC. (PSEUDO)   : PZ
 DFT FUNC. (SET TO)   : XC_LDA_X+XC_LDA_C_PZ
 MAKE SURE THIS DFT FUNCTIONAL IS WHAT YOU NEED
 UNIFORM GRID DIM     : 32 * 32 * 54
 UNIFORM GRID DIM(BIG): 32 * 32 * 54
 DONE(0.0980129  SEC) : SETUP UNITCELL
 DONE(0.195197   SEC) : INIT K-POINTS
 ----------------------------------------------------------------
 Self-consistent calculations for electrons
 ----------------------------------------------------------------
 SPIN    KPOINTS         PROCESSES   THREADS/PROC  THREADS/TOTAL 
 1       2404            4           1             4             
 ----------------------------------------------------------------
 Use plane wave basis
 ----------------------------------------------------------------
 ELEMENT NATOM       
 Mg      2           
 ----------------------------------------------------------------
 Initial plane wave basis and FFT box
 ----------------------------------------------------------------
 DONE(0.286243   SEC) : INIT PLANEWAVE
 START CHARGE         : ATOMIC
 DONE(0.323619   SEC) : LOCAL POTENTIAL
not allowed!
i1*i2*i3 must be positive! i1*i2*i3 is 0
i2 must be positive! i2 is 0
i3 must be positive! i3 is 0
 DONE(0.324353   SEC) : NON-LOCAL POTENTIAL
 MEMORY FOR PSI (MB)  : 318.254
 WARNING: init_wfc = atomic requires atomic pseudo wavefunctions(PP_PSWFC),
 but none available. Automatically switch to random initialization.
 DONE(0.324392   SEC) : INIT BASIS

 ================================================================
 SELF-CONSISTENT: 
 ================================================================
 DONE(5.73678    SEC) : INIT SCF
 ITER       ETOT/eV          EDIFF/eV         DRHO     TIME/s
 CG1     -4.89066799e+01   0.00000000e+00   8.5288e-02  38.79
 CG2     -4.91851213e+01  -2.78441357e-01   3.4375e-02  15.24
 CG3     -4.91972219e+01  -1.21006112e-02   3.8770e-05  14.30
 CG4     -4.91994268e+01  -2.20486795e-03   8.5261e-06  29.78
 CG5     -4.91994553e+01  -2.84908995e-05   4.4261e-07  15.20
 CG6     -4.91994577e+01  -2.46223047e-06   3.0214e-08  19.10
 CG7     -4.91994578e+01  -1.04515606e-07   2.3611e-09  17.93
 CG8     -4.91994578e+01  -7.38861122e-09   5.3410e-11  18.08
 ----------------------------------------------------------------
              Stress_x             Stress_y             Stress_z 
 ----------------------------------------------------------------
        -50.7055188729        -0.0000008347        -0.0000001551 
         -0.0000008347       -50.7055232890         0.0000003583 
         -0.0000001551         0.0000003583       -47.2636831288 
 ----------------------------------------------------------------
 TOTAL-PRESSURE (EXCLUDE KINETIC PART OF IONS): -49.558242 kbar

 TIME STATISTICS
-------------------------------------------------------------------
   CLASS_NAME           NAME         TIME/s  CALLS   AVG/s  PER/%  
-------------------------------------------------------------------
                 total               174.52 15       11.63  100.00 
 Driver          atomic_world        174.52 1        174.52 100.00 
 Relax_Driver    relax_driver        174.17 1        174.17 99.80  
 ESolver_KS      runner              173.90 1        173.90 99.64  
 ESolver_KS_PW   before_scf          5.41   1        5.41   3.10   
 PSIPrepare      initialize_psi      5.41   1        5.41   3.10   
 DiagoIterAssist diag_subspace       29.76  19232    0.00   17.05  
 Operator        hPsi                129.43 885963   0.00   74.16  
 Operator        veff_pw             127.95 885963   0.00   73.32  
 PW_Basis_K      recip2real          76.33  1328299  0.00   43.73  
 PW_Basis_K      gathers_copy_pack   3.73   1328299  0.00   2.14   
 PW_Basis_K      gathers_zero_mpi    8.29   1328299  0.00   4.75   
 PW_Basis_K      gathers_copy_unpack 3.45   1328299  0.00   1.97   
 PW_Basis_K      real2recip          57.22  1097515  0.00   32.78  
 PW_Basis_K      gatherp_copy_pack   2.82   1097515  0.00   1.61   
 PW_Basis_K      gatherp_copy_unpack 5.29   1097515  0.00   3.03   
 ESolver_KS_PW   hamilt2rho_single   168.39 8        21.05  96.49  
 HSolverPW       solve               168.39 8        21.05  96.49  
 HSolverPW       solve_psik          152.60 19232    0.01   87.44  
 DiagoCG         diag_once           125.59 19232    0.01   71.96  
 ElecStatePW     psiToRho            15.51  8        1.94   8.88   
-------------------------------------------------------------------


 START  Time  : Wed Aug  5 19:27:23 2026
 FINISH Time  : Wed Aug  5 19:30:18 2026
 TOTAL  Time  : 175
 SEE INFORMATION IN : OUT.s1_mg_v110_ksdft_next_cutoff/
