
                     ▄████▄ █████▄ ▄████▄ ▄█████ ██  ██ ▄█████ 
                     ██▄▄██ ██▄▄██ ██▄▄██ ██     ██  ██ ▀▀▀▄▄▄ 
                     ██  ██ ██▄▄█▀ ██  ██ ▀█████ ▀████▀ █████▀ 

                                                                                     
                                v3.11.0-beta.5

               Atomic-orbital Based Ab-initio Computation at UStc                    

                     Website: http://abacus.ustc.edu.cn/                             
               Documentation: https://abacus.deepmodeling.com/                       
                  Repository: https://github.com/abacusmodeling/abacus-develop       
                              https://github.com/deepmodeling/abacus-develop         
                      Commit: unknown

 Wed Aug  5 16:52:57 2026
 MAKE THE DIR         : OUT.s1_mg_v090_ksdft_standard/
 RUNNING WITH DEVICE  : CPU / Intel(R) Xeon(R) Platinum 8368Q CPU @ 2.60GHz (x2)
 NAME OF ELEMENT      : Mg
 DFT FUNC. (PSEUDO)   : PZ
 DFT FUNC. (SET TO)   : XC_LDA_X+XC_LDA_C_PZ
 MAKE SURE THIS DFT FUNCTIONAL IS WHAT YOU NEED
 UNIFORM GRID DIM     : 24 * 24 * 40
 UNIFORM GRID DIM(BIG): 24 * 24 * 40
 DONE(0.041412   SEC) : SETUP UNITCELL
 DONE(0.121284   SEC) : INIT K-POINTS
 ----------------------------------------------------------------
 Self-consistent calculations for electrons
 ----------------------------------------------------------------
 SPIN    KPOINTS         PROCESSES   THREADS/PROC  THREADS/TOTAL 
 1       2404            4           1             4             
 ----------------------------------------------------------------
 Use plane wave basis
 ----------------------------------------------------------------
 ELEMENT NATOM       
 Mg      2           
 ----------------------------------------------------------------
 Initial plane wave basis and FFT box
 ----------------------------------------------------------------
 DONE(0.160839   SEC) : INIT PLANEWAVE
 START CHARGE         : ATOMIC
 DONE(0.180331   SEC) : LOCAL POTENTIAL
not allowed!
i1*i2*i3 must be positive! i1*i2*i3 is 0
i2 must be positive! i2 is 0
i3 must be positive! i3 is 0
 DONE(0.180609   SEC) : NON-LOCAL POTENTIAL
 MEMORY FOR PSI (MB)  : 139.539
 WARNING: init_wfc = atomic requires atomic pseudo wavefunctions(PP_PSWFC),
 but none available. Automatically switch to random initialization.
 DONE(0.180643   SEC) : INIT BASIS

 ================================================================
 SELF-CONSISTENT: 
 ================================================================
 DONE(2.89727    SEC) : INIT SCF
 ITER       ETOT/eV          EDIFF/eV         DRHO     TIME/s
 CG1     -4.91125010e+01   0.00000000e+00   9.7557e-02  21.86
 CG2     -4.93434553e+01  -2.30954254e-01   3.9327e-02   8.18
 CG3     -4.93542974e+01  -1.08421310e-02   3.9245e-05   7.85
 CG4     -4.93567700e+01  -2.47262657e-03   7.7954e-06  16.53
 CG5     -4.93567951e+01  -2.51075381e-05   3.1513e-07   8.93
 CG6     -4.93567969e+01  -1.74386254e-06   1.7204e-08  10.64
 CG7     -4.93567970e+01  -1.63268649e-07   2.9927e-09  10.14
 CG8     -4.93567970e+01  -9.15594429e-09   2.9875e-10   8.74
 CG9     -4.93567970e+01  -8.81591057e-10   3.7032e-12  10.19
 ----------------------------------------------------------------
              Stress_x             Stress_y             Stress_z 
 ----------------------------------------------------------------
          3.4184338126        -0.0000010834        -0.0000011375 
         -0.0000010834         3.4184327004        -0.0000001120 
         -0.0000011375        -0.0000001120         8.6300162822 
 ----------------------------------------------------------------
 TOTAL-PRESSURE (EXCLUDE KINETIC PART OF IONS): 5.155628 kbar

 TIME STATISTICS
-------------------------------------------------------------------
   CLASS_NAME           NAME         TIME/s  CALLS   AVG/s  PER/%  
-------------------------------------------------------------------
                 total               106.16 15       7.08   100.00 
 Driver          atomic_world        106.16 1        106.16 100.00 
 Relax_Driver    relax_driver        105.98 1        105.98 99.82  
 ESolver_KS      runner              105.84 1        105.84 99.70  
 ESolver_KS_PW   before_scf          2.72   1        2.72   2.56   
 PSIPrepare      initialize_psi      2.72   1        2.72   2.56   
 DiagoIterAssist diag_subspace       18.24  21636    0.00   17.18  
 Operator        hPsi                76.61  966020   0.00   72.16  
 Operator        veff_pw             75.41  966020   0.00   71.03  
 PW_Basis_K      recip2real          44.77  1463648  0.00   42.17  
 PW_Basis_K      gathers_copy_pack   2.03   1463648  0.00   1.91   
 PW_Basis_K      gathers_zero_mpi    3.99   1463648  0.00   3.75   
 PW_Basis_K      gathers_copy_unpack 2.05   1463648  0.00   1.93   
 PW_Basis_K      real2recip          34.93  1204016  0.00   32.90  
 PW_Basis_K      gatherp_copy_pack   1.62   1204016  0.00   1.53   
 PW_Basis_K      gatherp_copy_unpack 2.64   1204016  0.00   2.49   
 ESolver_KS_PW   hamilt2rho_single   103.05 9        11.45  97.07  
 HSolverPW       solve               103.05 9        11.45  97.07  
 HSolverPW       solve_psik          93.92  21636    0.00   88.47  
 DiagoCG         diag_once           76.99  21636    0.00   72.52  
 ElecStatePW     psiToRho            8.94   9        0.99   8.42   
-------------------------------------------------------------------


 START  Time  : Wed Aug  5 16:52:57 2026
 FINISH Time  : Wed Aug  5 16:54:43 2026
 TOTAL  Time  : 106
 SEE INFORMATION IN : OUT.s1_mg_v090_ksdft_standard/
