
                     ▄████▄ █████▄ ▄████▄ ▄█████ ██  ██ ▄█████ 
                     ██▄▄██ ██▄▄██ ██▄▄██ ██     ██  ██ ▀▀▀▄▄▄ 
                     ██  ██ ██▄▄█▀ ██  ██ ▀█████ ▀████▀ █████▀ 

                                                                                     
                                v3.11.0-beta.5

               Atomic-orbital Based Ab-initio Computation at UStc                    

                     Website: http://abacus.ustc.edu.cn/                             
               Documentation: https://abacus.deepmodeling.com/                       
                  Repository: https://github.com/abacusmodeling/abacus-develop       
                              https://github.com/deepmodeling/abacus-develop         
                      Commit: unknown

 Mon Aug 10 04:45:17 2026
 MAKE THE DIR         : OUT.g1dsr1_mg_211/
 RUNNING WITH DEVICE  : CPU / Intel(R) Xeon(R) Platinum 8368Q CPU @ 2.60GHz (x2)
 NAME OF ELEMENT      : Mg
 DFT FUNC. (PSEUDO)   : PZ
 DFT FUNC. (SET TO)   : XC_LDA_X+XC_LDA_C_PZ
 MAKE SURE THIS DFT FUNCTIONAL IS WHAT YOU NEED
 UNIFORM GRID DIM     : 25 * 25 * 40
 UNIFORM GRID DIM(BIG): 25 * 25 * 40
 DONE(0.0301644  SEC) : SETUP UNITCELL
 DONE(0.178261   SEC) : INIT K-POINTS
 ----------------------------------------------------------------
 Self-consistent calculations for electrons
 ----------------------------------------------------------------
 SPIN    KPOINTS         PROCESSES   THREADS/PROC  THREADS/TOTAL 
 1       4612            4           1             4             
 ----------------------------------------------------------------
 Use plane wave basis
 ----------------------------------------------------------------
 ELEMENT NATOM       
 Mg      2           
 ----------------------------------------------------------------
 Initial plane wave basis and FFT box
 ----------------------------------------------------------------
 DONE(0.261234   SEC) : INIT PLANEWAVE
 START CHARGE         : ATOMIC
 DONE(0.282428   SEC) : LOCAL POTENTIAL
not allowed!
i1*i2*i3 must be positive! i1*i2*i3 is 0
i2 must be positive! i2 is 0
i3 must be positive! i3 is 0
 DONE(0.282459   SEC) : NON-LOCAL POTENTIAL
 MEMORY FOR PSI (MB)  : 289.657
 WARNING: init_wfc = atomic requires atomic pseudo wavefunctions(PP_PSWFC),
 but none available. Automatically switch to random initialization.
 DONE(0.282498   SEC) : INIT BASIS

 ================================================================
 SELF-CONSISTENT: 
 ================================================================
 DONE(6.12155    SEC) : INIT SCF
 ITER       ETOT/eV          EDIFF/eV         DRHO     TIME/s
 CG1     -4.90372657e+01   0.00000000e+00   9.1314e-02  46.29
 CG2     -4.92912273e+01  -2.53961679e-01   3.6828e-02  17.57
 CG3     -4.93029148e+01  -1.16874322e-02   4.8615e-05  16.71
 CG4     -4.93050501e+01  -2.13529388e-03   6.7671e-06  34.59
 CG5     -4.93053344e+01  -2.84384409e-04   7.1298e-07  18.41
 CG6     -4.93053359e+01  -1.43466613e-06   3.6748e-08  21.38
 CG7     -4.93053364e+01  -5.18046752e-07   8.7177e-09  21.52
 CG8     -4.93053364e+01  -4.76684049e-09   1.0854e-10  17.18
 CG9     -4.93053364e+01  -8.75367649e-10   5.5130e-12  28.56
 ----------------------------------------------------------------
              Stress_x             Stress_y             Stress_z 
 ----------------------------------------------------------------
        -30.2218076952         0.0000007310         0.0000000922 
          0.0000007310       -30.2218051707        -0.0000000096 
          0.0000000922        -0.0000000096       -29.7798203157 
 ----------------------------------------------------------------
 TOTAL-PRESSURE (EXCLUDE KINETIC PART OF IONS): -30.074478 kbar

 TIME STATISTICS
-------------------------------------------------------------------
   CLASS_NAME           NAME         TIME/s  CALLS   AVG/s  PER/%  
-------------------------------------------------------------------
                 total               228.59 15       15.24  100.00 
 Driver          atomic_world        228.59 1        228.59 100.00 
 Relax_Driver    relax_driver        228.29 1        228.29 99.87  
 ESolver_KS      runner              228.17 1        228.17 99.81  
 ESolver_KS_PW   before_scf          5.84   1        5.84   2.55   
 PSIPrepare      initialize_psi      5.84   1        5.84   2.55   
 DiagoIterAssist diag_subspace       39.15  41508    0.00   17.12  
 Operator        hPsi                169.14 1892820  0.00   73.99  
 Operator        veff_pw             166.71 1892820  0.00   72.93  
 PW_Basis_K      recip2real          100.23 2847504  0.00   43.85  
 PW_Basis_K      gathers_copy_pack   4.19   2847504  0.00   1.83   
 PW_Basis_K      gathers_zero_mpi    8.17   2847504  0.00   3.57   
 PW_Basis_K      gathers_copy_unpack 4.28   2847504  0.00   1.87   
 PW_Basis_K      real2recip          76.66  2349408  0.00   33.54  
 PW_Basis_K      gatherp_copy_pack   3.44   2349408  0.00   1.50   
 PW_Basis_K      gatherp_copy_unpack 5.66   2349408  0.00   2.48   
 ESolver_KS_PW   hamilt2rho_single   222.20 9        24.69  97.20  
 HSolverPW       solve               222.20 9        24.69  97.20  
 HSolverPW       solve_psik          203.48 41508    0.00   89.01  
 DiagoCG         diag_once           167.56 41508    0.00   73.30  
 ElecStatePW     psiToRho            18.44  9        2.05   8.06   
-------------------------------------------------------------------


 START  Time  : Mon Aug 10 04:45:17 2026
 FINISH Time  : Mon Aug 10 04:49:06 2026
 TOTAL  Time  : 229
 SEE INFORMATION IN : OUT.g1dsr1_mg_211/
