
                     ▄████▄ █████▄ ▄████▄ ▄█████ ██  ██ ▄█████ 
                     ██▄▄██ ██▄▄██ ██▄▄██ ██     ██  ██ ▀▀▀▄▄▄ 
                     ██  ██ ██▄▄█▀ ██  ██ ▀█████ ▀████▀ █████▀ 

                                                                                     
                                v3.11.0-beta.5

               Atomic-orbital Based Ab-initio Computation at UStc                    

                     Website: http://abacus.ustc.edu.cn/                             
               Documentation: https://abacus.deepmodeling.com/                       
                  Repository: https://github.com/abacusmodeling/abacus-develop       
                              https://github.com/deepmodeling/abacus-develop         
                      Commit: unknown

 Wed Aug  5 17:02:39 2026
 MAKE THE DIR         : OUT.s1_mg_v106_ksdft_standard/
 RUNNING WITH DEVICE  : CPU / Intel(R) Xeon(R) Platinum 8368Q CPU @ 2.60GHz (x2)
 NAME OF ELEMENT      : Mg
 DFT FUNC. (PSEUDO)   : PZ
 DFT FUNC. (SET TO)   : XC_LDA_X+XC_LDA_C_PZ
 MAKE SURE THIS DFT FUNCTIONAL IS WHAT YOU NEED
 UNIFORM GRID DIM     : 25 * 25 * 45
 UNIFORM GRID DIM(BIG): 25 * 25 * 45
 DONE(0.0660849  SEC) : SETUP UNITCELL
 DONE(0.144459   SEC) : INIT K-POINTS
 ----------------------------------------------------------------
 Self-consistent calculations for electrons
 ----------------------------------------------------------------
 SPIN    KPOINTS         PROCESSES   THREADS/PROC  THREADS/TOTAL 
 1       2404            4           1             4             
 ----------------------------------------------------------------
 Use plane wave basis
 ----------------------------------------------------------------
 ELEMENT NATOM       
 Mg      2           
 ----------------------------------------------------------------
 Initial plane wave basis and FFT box
 ----------------------------------------------------------------
 DONE(0.190302   SEC) : INIT PLANEWAVE
 START CHARGE         : ATOMIC
 DONE(0.213868   SEC) : LOCAL POTENTIAL
not allowed!
i1*i2*i3 must be positive! i1*i2*i3 is 0
i2 must be positive! i2 is 0
i3 must be positive! i3 is 0
 DONE(0.2139     SEC) : NON-LOCAL POTENTIAL
 MEMORY FOR PSI (MB)  : 167.711
 WARNING: init_wfc = atomic requires atomic pseudo wavefunctions(PP_PSWFC),
 but none available. Automatically switch to random initialization.
 DONE(0.21394    SEC) : INIT BASIS

 ================================================================
 SELF-CONSISTENT: 
 ================================================================
 DONE(3.69261    SEC) : INIT SCF
 ITER       ETOT/eV          EDIFF/eV         DRHO     TIME/s
 CG1     -4.89782502e+01   0.00000000e+00   8.7098e-02  27.62
 CG2     -4.92387918e+01  -2.60541599e-01   3.5212e-02  10.75
 CG3     -4.92506431e+01  -1.18513387e-02   3.7344e-05  10.13
 CG4     -4.92532109e+01  -2.56775076e-03   8.0729e-06  21.24
 CG5     -4.92532350e+01  -2.41023010e-05   3.7896e-07  11.20
 CG6     -4.92532373e+01  -2.29528232e-06   2.5877e-08  13.74
 CG7     -4.92532373e+01  -5.43482606e-08   1.9275e-09  12.63
 CG8     -4.92532374e+01  -7.10859412e-09   6.7386e-11  13.85
 ----------------------------------------------------------------
              Stress_x             Stress_y             Stress_z 
 ----------------------------------------------------------------
        -44.0988016554         0.0000007901         0.0000007835 
          0.0000007901       -44.0988012168        -0.0000004091 
          0.0000007835        -0.0000004091       -40.4313105097 
 ----------------------------------------------------------------
 TOTAL-PRESSURE (EXCLUDE KINETIC PART OF IONS): -42.876304 kbar

 TIME STATISTICS
-------------------------------------------------------------------
   CLASS_NAME           NAME         TIME/s  CALLS   AVG/s  PER/%  
-------------------------------------------------------------------
                 total               125.08 15       8.34   100.00 
 Driver          atomic_world        125.08 1        125.08 100.00 
 Relax_Driver    relax_driver        124.85 1        124.85 99.82  
 ESolver_KS      runner              124.69 1        124.69 99.69  
 ESolver_KS_PW   before_scf          3.48   1        3.48   2.78   
 PSIPrepare      initialize_psi      3.48   1        3.48   2.78   
 DiagoIterAssist diag_subspace       21.24  19232    0.00   16.98  
 Operator        hPsi                92.57  899763   0.00   74.01  
 Operator        veff_pw             91.39  899763   0.00   73.06  
 PW_Basis_K      recip2real          53.28  1342099  0.00   42.60  
 PW_Basis_K      gathers_copy_pack   2.53   1342099  0.00   2.03   
 PW_Basis_K      gathers_zero_mpi    4.60   1342099  0.00   3.68   
 PW_Basis_K      gathers_copy_unpack 2.35   1342099  0.00   1.88   
 PW_Basis_K      real2recip          43.35  1111315  0.00   34.66  
 PW_Basis_K      gatherp_copy_pack   1.88   1111315  0.00   1.50   
 PW_Basis_K      gatherp_copy_unpack 3.61   1111315  0.00   2.89   
 ESolver_KS_PW   hamilt2rho_single   121.14 8        15.14  96.85  
 HSolverPW       solve               121.14 8        15.14  96.85  
 HSolverPW       solve_psik          110.48 19232    0.01   88.33  
 DiagoCG         diag_once           91.20  19232    0.00   72.91  
 ElecStatePW     psiToRho            10.48  8        1.31   8.38   
-------------------------------------------------------------------


 START  Time  : Wed Aug  5 17:02:39 2026
 FINISH Time  : Wed Aug  5 17:04:45 2026
 TOTAL  Time  : 126
 SEE INFORMATION IN : OUT.s1_mg_v106_ksdft_standard/
