                                                                                     
                              ABACUS v3.11.0-beta.5

               Atomic-orbital Based Ab-initio Computation at UStc                    

                     Website: http://abacus.ustc.edu.cn/                             
               Documentation: https://abacus.deepmodeling.com/                       
                  Repository: https://github.com/abacusmodeling/abacus-develop       
                              https://github.com/deepmodeling/abacus-develop         
                      Commit: unknown

    Start Time is Wed Aug  5 18:37:54 2026
                                                                                     
 ------------------------------------------------------------------------------------

 READING GENERAL INFORMATION
                           global_out_dir = OUT.g1_ne_147_from_097/
                           global_in_card = INPUT
                               pseudo_dir = ./
                              orbital_dir = 
                                    DRANK = 1
                                    DSIZE = 4
                                   DCOLOR = 1
                                    GRANK = 1
                                    GSIZE = 1


 >>>>>>>>>>>>>>>>>>>>>>>>>>>>>>>>>>>>>>>>>>>>>>>>>>>>>>>>>>>>>>>>>>>>>>
 |                                                                    |
 |                        #Setup Unitcell#                            |
 | From the input file and the structure file we know the number of   |
 | different elments in this unitcell, then we list the detail        |
 | information for each element, especially the zeta and polar atomic |
 | orbital number for each element. The total atom number is counted. |
 | We calculate the nearest atom distance for each atom and show the  |
 | Cartesian and Direct coordinates for each atom. We list the file   |
 | address for atomic orbitals. The volume and the lattice vectors    |
 | in real and reciprocal space is also shown.                        |
 |                                                                    |
 <<<<<<<<<<<<<<<<<<<<<<<<<<<<<<<<<<<<<<<<<<<<<<<<<<<<<<<<<<<<<<<<<<<<<<

 READING UNITCELL INFORMATION
                       Number of elements = 1
                  Lattice constant (Bohr) = 1.88973
              Lattice constant (Angstrom) = 1

 READING ATOM TYPE 1
                               Atom label = Mg
                      L=0, number of zeta = 1
                      L=1, number of zeta = 1
                      L=2, number of zeta = 1
            Number of atoms for this type = 2

                        TOTAL ATOM NUMBER = 2

 DIRECT COORDINATES
 atom                  x                  y                  z     mag
   Mg     0.000000000000     0.000000000000     0.000000000000  0.0000
   Mg     0.666666666666     0.333333333334     0.500000000000  0.0000

 ATOMIC VELOCITIES
 atom                 vx                 vy                 vz
   Mg                  0                  0                  0
   Mg                  0                  0                  0

                     Cell volume (Bohr^3) = 332.495
                        Cell volume (A^3) = 49.2706

 Lattice vectors: (Cartesian coordinate: in unit of a_0)
             +3.27235                  +0                  +0
             -1.63617            +2.83393                  +0
                   +0                  +0              +5.313
 Reciprocal vectors: (Cartesian coordinate: in unit of 2 pi/a_0)
            +0.305591           +0.176433                  -0
                   +0           +0.352866                  -0
                   +0                  -0           +0.188218

 #ENERGY SOLVER# ofdft
 RUNNING WITH DEVICE  : CPU / Intel(R) Xeon(R) Platinum 8368Q CPU @ 2.60GHz (x2)


 >>>>>>>>>>>>>>>>>>>>>>>>>>>>>>>>>>>>>>>>>>>>>>>>>>>>>>>>>>>>>>>>>>>>>>
 |                                                                    |
 |                 #Read Pseudopotentials Files#                      |
 | ABACUS supports norm-conserving (NC) pseudopotentials for both     |
 | plane wave basis and numerical atomic orbital basis sets.          |
 | In addition, ABACUS supports ultrasoft pseudopotentials (USPP)     |
 | for plane wave basis set.                                          |
 |                                                                    |
 <<<<<<<<<<<<<<<<<<<<<<<<<<<<<<<<<<<<<<<<<<<<<<<<<<<<<<<<<<<<<<<<<<<<<<

                PAO radial cut off (Bohr) = 16

                     Pseudopotential file = mg.lda.lps
                     Pseudopotential type = 
          Exchange-correlation functional = PZ
                 Nonlocal core correction = 0
                        Valence electrons = 2
                                     Lmax = 0
                           Number of zeta = 0
                     Number of projectors = 0
                    DFT functional set to = XC_LDA_X+XC_LDA_C_PZ
         Number of pseudo atomic orbitals = 0
            Electron number of element Mg = 2
      Total electron number of element Mg = 4
          Autoset the number of electrons = 4
               Occupied electronic states = 2
     Number of electronic states (NBANDS) = 12


 >>>>>>>>>>>>>>>>>>>>>>>>>>>>>>>>>>>>>>>>>>>>>>>>>>>>>>>>>>>>>>>>>>>>>>
 |                                                                    |
 |           #Setup Plane Waves of Charge/Potential#                  |
 | Use the kinetic energy cutoff and the lattice vectors to generate  |
 | the dimensions of FFT grid, which is used to represent the charge  |
 | density or potential. If USPP is used, a double grid technique     |
 | is applied.                                                        |
 |                                                                    |
 <<<<<<<<<<<<<<<<<<<<<<<<<<<<<<<<<<<<<<<<<<<<<<<<<<<<<<<<<<<<<<<<<<<<<

 SETUP PLANE WAVES FOR CHARGE/POTENTIAL
  Energy cutoff for charge/potential (Ry) = 160
            FFT grid for charge/potential = [ 25, 25, 45 ]
           Number of FFT grids this proc. = 7500
                Division for big FFT grid = [ 1, 1, 1 ]
      FFT (big) grid for charge/potential = [ 25, 25, 45 ]
     Number of FFT (big) grids this proc. = 7500
                    Number of plane waves = 28125
        Number of sticks on FFT x-y plane = 625

 PARALLEL PW FOR CHARGE/POTENTIAL
     PROC   COLUMNS(POT)             PW
        1            156           7020
        2            156           7020
        3            157           7065
        4            156           7020
 --------------- SUM -------------------
        4            625          28125

                            Number of |g| = 966
                                  Max |g| = 70.9365
                                  Min |g| = 0
 DONE : SETUP UNITCELL Time : 0.138712 (SEC)


 >>>>>>>>>>>>>>>>>>>>>>>>>>>>>>>>>>>>>>>>>>>>>>>>>>>>>>>>>>>>>>>>>>>>>>
 |                                                                    |
 |                       #Setup K-points#                             |
 | We setup the k-points according to input parameters.               |
 | The reduced k-points are set according to symmetry operations.     |
 | We treat the spin as another set of k-points.                      |
 |                                                                    |
 <<<<<<<<<<<<<<<<<<<<<<<<<<<<<<<<<<<<<<<<<<<<<<<<<<<<<<<<<<<<<<<<<<<<<<


 SETUP K-POINTS
                                    nspin = 1
                   Input type of k points = Monkhorst-Pack(Gamma)
                                   nkstot = 1
           Number of irreducible k-points = 1

 K-POINTS REDUCTION ACCORDING TO SYMMETRY
     IBZ    DIRECT_X    DIRECT_Y    DIRECT_Z  WEIGHT  ibz2bz
       1  0.00000000  0.00000000  0.00000000  1.0000       0

                               nkstot now = 1
 K-POINTS DIRECT COORDINATES
 KPOINTS    DIRECT_X    DIRECT_Y    DIRECT_Z  WEIGHT
       1  0.00000000  0.00000000  0.00000000  1.0000


       Number of k-points in this process = 1
       Minimum distributed k-point number = 1

 K-POINTS CARTESIAN COORDINATES
 KPOINTS CARTESIAN_X CARTESIAN_Y CARTESIAN_Z  WEIGHT
       1  0.00000000  0.00000000  0.00000000  2.0000


 K-POINTS DIRECT COORDINATES
 KPOINTS    DIRECT_X    DIRECT_Y    DIRECT_Z  WEIGHT
       1  0.00000000  0.00000000  0.00000000  2.0000

 DONE : INIT K-POINTS Time : 0.140947 (SEC)

 Libxc v7.0.0
	S. Lehtola, C. Steigemann, M. J.T. Oliveira, and M. A.L. Marques.,  SoftwareX 7, 1–5 (2018)
 XC: Slater exchange
	P. A. M. Dirac.,  Math. Proc. Cambridge Philos. Soc. 26, 376 (1930)
	F. Bloch.,  Z. Phys. 57, 545 (1929)
 XC: Perdew & Zunger
	J. P. Perdew and A. Zunger.,  Phys. Rev. B 23, 5048 (1981)

 DONE : SETUP UNITCELL Time : 0.143844 (SEC)

                                 init_chg = atomic
 DONE : LOCAL POTENTIAL Time : 0.222341 (SEC)

 DONE : INIT POTENTIAL Time : 0.225335 (SEC)

 DONE : INIT KEDF Time : 0.225659 (SEC)

 DONE : INIT OPTIMIZATION Time : 0.225848 (SEC)

 DONE : INIT PHI Time : 0.226009 (SEC)

 ================================================================
 SELF-CONSISTENT
 ================================================================

Iter0: the norm of potential is 0.112819282591
----------------------------------------------------------------
        Energy              Rydberg                 eV          
----------------------------------------------------------------
              E_Total      -3.443747231005     -46.854584813391 
              E_Fermi       0.265045077550       3.606123281529 
----------------------------------------------------------------


Iter1: the norm of potential is 0.0684636599029
----------------------------------------------------------------
        Energy              Rydberg                 eV          
----------------------------------------------------------------
              E_Total      -3.609293296781     -49.106954589428 
              E_Fermi       0.221115069482       3.008424858621 
----------------------------------------------------------------


Iter2: the norm of potential is 0.0250799846656
----------------------------------------------------------------
        Energy              Rydberg                 eV          
----------------------------------------------------------------
              E_Total      -3.616227401539     -49.201297924669 
              E_Fermi       0.219779134005       2.990248523975 
----------------------------------------------------------------


Iter3: the norm of potential is 0.00921449800783
----------------------------------------------------------------
        Energy              Rydberg                 eV          
----------------------------------------------------------------
              E_Total      -3.616974139851     -49.211457820624 
              E_Fermi       0.219673697712       2.988813989610 
----------------------------------------------------------------


Iter4: the norm of potential is 0.00679874467571
----------------------------------------------------------------
        Energy              Rydberg                 eV          
----------------------------------------------------------------
              E_Total      -3.617147849180     -49.213821257296 
              E_Fermi       0.219669428066       2.988755898102 
----------------------------------------------------------------


Iter5: the norm of potential is 0.00308852671215
----------------------------------------------------------------
        Energy              Rydberg                 eV          
----------------------------------------------------------------
              E_Total      -3.617203780001     -49.214582235153 
              E_Fermi       0.219667040824       2.988723418001 
----------------------------------------------------------------


Iter6: the norm of potential is 0.000218244067583
----------------------------------------------------------------
        Energy              Rydberg                 eV          
----------------------------------------------------------------
              E_Total      -3.617249496154     -49.215204235324 
              E_Fermi       0.219654521817       2.988553088182 
----------------------------------------------------------------


Iter7: the norm of potential is 2.28533682303e-05
----------------------------------------------------------------
        Energy              Rydberg                 eV          
----------------------------------------------------------------
              E_Total      -3.617249644310     -49.215206251086 
              E_Fermi       0.219654170285       2.988548305333 
----------------------------------------------------------------


Iter8: the norm of potential is 1.16484392781e-05
----------------------------------------------------------------
        Energy              Rydberg                 eV          
----------------------------------------------------------------
              E_Total      -3.617249645271     -49.215206264161 
              E_Fermi       0.219654124672       2.988547684743 
----------------------------------------------------------------


Iter9: the norm of potential is 6.56368969728e-06
----------------------------------------------------------------
        Energy              Rydberg                 eV          
----------------------------------------------------------------
              E_Total      -3.617249645508     -49.215206267393 
              E_Fermi       0.219654112321       2.988547516696 
----------------------------------------------------------------


Iter10: the norm of potential is 5.18096894824e-06
----------------------------------------------------------------
        Energy              Rydberg                 eV          
----------------------------------------------------------------
              E_Total      -3.617249645601     -49.215206268655 
              E_Fermi       0.219654107853       2.988547455905 
----------------------------------------------------------------


Iter11: the norm of potential is 5.9422113462e-07
----------------------------------------------------------------
        Energy              Rydberg                 eV          
----------------------------------------------------------------
              E_Total      -3.617249645685     -49.215206269796 
              E_Fermi       0.219654105399       2.988547422512 
----------------------------------------------------------------

 #SCF IS CONVERGED#
 #TOTAL ENERGY# -49.21520627 eV
 Write data to file: OUT.g1_ne_147_from_097/chg.cube



 #TOTAL-FORCE (eV/Angstrom)#
 -------------------------------------------------------------------------
     Atoms              Force_x              Force_y              Force_z 
 -------------------------------------------------------------------------
       Mg1         0.0000000000         0.0000000000         0.0000000000 
       Mg2         0.0000000000         0.0000000000         0.0000000000 
 -------------------------------------------------------------------------

 #TOTAL-STRESS (kbar)#
 ----------------------------------------------------------------
              Stress_x             Stress_y             Stress_z 
 ----------------------------------------------------------------
        -40.7090037702        -0.0000027347         0.0000000001 
         -0.0000027347       -40.7090069281         0.0000000001 
          0.0000000001         0.0000000001       -38.5150656975 
 ----------------------------------------------------------------
 #TOTAL-PRESSURE# (EXCLUDE KINETIC PART OF IONS): -39.977692 kbar

 --------------------------------------------
 !FINAL_ETOT_IS -49.2152062697960204 eV
 --------------------------------------------



 TIME STATISTICS
----------------------------------------------------------------------
     CLASS_NAME             NAME        TIME/s  CALLS   AVG/s  PER/%  
----------------------------------------------------------------------
                     total              1.23   17       0.07   100.00 
 Driver              atomic_world       1.23   1        1.23   100.00 
 Driver              reading            0.05   1        0.05   4.33   
 Charge              atomic_rho         0.08   2        0.04   6.20   
 PW_Basis_Sup        recip2real         0.21   928      0.00   17.08  
 PW_Basis_Sup        recip2real_copy_g  0.01   928      0.00   1.12   
 ppcell_vl           init_vloc          0.03   1        0.03   2.40   
 Potential           cal_veff           0.31   231      0.00   25.57  
 H_Hartree_pw        v_hartree          0.12   231      0.00   9.53   
 PW_Basis_Sup        real2recip         0.20   924      0.00   16.64  
 PotXC               cal_veff           0.19   231      0.00   15.88  
 XC_Functional_Libxc v_xc_libxc         0.19   231      0.00   15.79  
 Libxc               xc_lda/gga_exc_vxc 0.17   462      0.00   13.73  
 Relax_Driver        relax_driver       1.00   1        1.00   81.52  
 ESolver_OF          runner             0.95   1        0.95   77.17  
 KEDF_Manager        get_potential      0.57   229      0.00   46.41  
 KEDF_TF             tf_potential       0.07   229      0.00   5.82   
 KEDF_WT             wt_potential       0.39   229      0.00   31.66  
 KEDF_vW             vw_potential       0.11   229      0.00   8.84   
 ESolver_OF          after_opt          0.04   1        0.04   3.25   
 ModuleIO            ctrl_output_fp     0.01   1        0.01   1.01   
 OF_Stress_PW        cal_stress         0.05   1        0.05   3.99   
 Stress              stress_loc         0.05   1        0.05   3.90   
----------------------------------------------------------------------


 NAME-------------------------|MEMORY(MB)------------------
                         total         3.6712
 -------------   < 1.0 MB has been ignored ----------------
 ----------------------------------------------------------

 Start  Time  : Wed Aug  5 18:37:54 2026
 Finish Time  : Wed Aug  5 18:37:55 2026
 Total  Time  : 0 h 0 mins 1 secs 
