
                     ▄████▄ █████▄ ▄████▄ ▄█████ ██  ██ ▄█████ 
                     ██▄▄██ ██▄▄██ ██▄▄██ ██     ██  ██ ▀▀▀▄▄▄ 
                     ██  ██ ██▄▄█▀ ██  ██ ▀█████ ▀████▀ █████▀ 

                                                                                     
                                v3.11.0-beta.5

               Atomic-orbital Based Ab-initio Computation at UStc                    

                     Website: http://abacus.ustc.edu.cn/                             
               Documentation: https://abacus.deepmodeling.com/                       
                  Repository: https://github.com/abacusmodeling/abacus-develop       
                              https://github.com/deepmodeling/abacus-develop         
                      Commit: unknown

 Wed Aug  5 16:14:16 2026
 MAKE THE DIR         : OUT.s1_al_v094_ksdft_standard/
 RUNNING WITH DEVICE  : CPU / Intel(R) Xeon(R) Platinum 8368Q CPU @ 2.60GHz (x2)
 NAME OF ELEMENT      : Al
 DFT FUNC. (PSEUDO)   : PBE
 DFT FUNC. (SET TO)   : XC_GGA_X_PBE+XC_GGA_C_PBE
 MAKE SURE THIS DFT FUNCTIONAL IS WHAT YOU NEED
 UNIFORM GRID DIM     : 24 * 24 * 24
 UNIFORM GRID DIM(BIG): 24 * 24 * 24
 DONE(0.0571884  SEC) : SETUP UNITCELL
 DONE(0.380315   SEC) : INIT K-POINTS
 ----------------------------------------------------------------
 Self-consistent calculations for electrons
 ----------------------------------------------------------------
 SPIN    KPOINTS         PROCESSES   THREADS/PROC  THREADS/TOTAL 
 1       6916            4           1             4             
 ----------------------------------------------------------------
 Use plane wave basis
 ----------------------------------------------------------------
 ELEMENT NATOM       
 Al      1           
 ----------------------------------------------------------------
 Initial plane wave basis and FFT box
 ----------------------------------------------------------------
 DONE(0.426824   SEC) : INIT PLANEWAVE
 START CHARGE         : ATOMIC
 DONE(0.432282   SEC) : LOCAL POTENTIAL
not allowed!
i1*i2*i3 must be positive! i1*i2*i3 is 0
i2 must be positive! i2 is 0
i3 must be positive! i3 is 0
 DONE(0.432326   SEC) : NON-LOCAL POTENTIAL
 MEMORY FOR PSI (MB)  : 160.827
 WARNING: init_wfc = atomic requires atomic pseudo wavefunctions(PP_PSWFC),
 but none available. Automatically switch to random initialization.
 DONE(0.432358   SEC) : INIT BASIS

 ================================================================
 SELF-CONSISTENT: 
 ================================================================
 DONE(4.42589    SEC) : INIT SCF
 ITER       ETOT/eV          EDIFF/eV         DRHO     TIME/s
 CG1     -5.67429444e+01   0.00000000e+00   8.9089e-02  37.33
 CG2     -5.71599711e+01  -4.17026640e-01   3.4270e-02  13.04
 CG3     -5.71818315e+01  -2.18604645e-02   4.8557e-05  13.21
 CG4     -5.71840498e+01  -2.21825859e-03   2.1063e-05  25.56
 CG5     -5.71854619e+01  -1.41206799e-03   2.3159e-06  16.42
 CG6     -5.71854876e+01  -2.57468101e-05   3.0278e-09  17.03
 CG7     -5.71854880e+01  -3.79501908e-07   6.6686e-10  25.56
 CG8     -5.71854880e+01  -3.21926623e-09   1.0878e-12  16.35
 ----------------------------------------------------------------
              Stress_x             Stress_y             Stress_z 
 ----------------------------------------------------------------
         53.7735783595        -0.0000112724         0.0000085402 
         -0.0000112724        53.7735779146         0.0000021209 
          0.0000085402         0.0000021209        53.7735781589 
 ----------------------------------------------------------------
 TOTAL-PRESSURE (EXCLUDE KINETIC PART OF IONS): 53.773578 kbar

 TIME STATISTICS
-------------------------------------------------------------------
   CLASS_NAME           NAME         TIME/s  CALLS   AVG/s  PER/%  
-------------------------------------------------------------------
                 total               169.18 15       11.28  100.00 
 Driver          atomic_world        169.18 1        169.18 100.00 
 Relax_Driver    relax_driver        168.73 1        168.73 99.74  
 ESolver_KS      runner              168.63 1        168.63 99.67  
 ESolver_KS_PW   before_scf          3.99   1        3.99   2.36   
 PSIPrepare      initialize_psi      3.99   1        3.99   2.36   
 DiagoIterAssist diag_subspace       26.18  55328    0.00   15.48  
 Operator        hPsi                116.75 2683422  0.00   69.01  
 Operator        veff_pw             113.91 2683422  0.00   67.33  
 PW_Basis_K      recip2real          66.68  3955966  0.00   39.41  
 PW_Basis_K      gathers_copy_pack   3.54   3955966  0.00   2.09   
 PW_Basis_K      gathers_zero_mpi    4.90   3955966  0.00   2.90   
 PW_Basis_K      gathers_copy_unpack 3.64   3955966  0.00   2.15   
 PW_Basis_K      real2recip          49.64  3292030  0.00   29.34  
 PW_Basis_K      gatherp_copy_pack   2.91   3292030  0.00   1.72   
 PW_Basis_K      gatherp_copy_unpack 3.09   3292030  0.00   1.83   
 DiagoIterAssist diag_hegvd          2.00   55328    0.00   1.18   
 ESolver_KS_PW   hamilt2rho_single   164.48 8        20.56  97.22  
 HSolverPW       solve               164.48 8        20.56  97.22  
 HSolverPW       solve_psik          152.03 55328    0.00   89.87  
 DiagoCG         diag_once           128.12 55328    0.00   75.73  
 ElecStatePW     psiToRho            12.16  8        1.52   7.19   
-------------------------------------------------------------------


 START  Time  : Wed Aug  5 16:14:16 2026
 FINISH Time  : Wed Aug  5 16:17:05 2026
 TOTAL  Time  : 169
 SEE INFORMATION IN : OUT.s1_al_v094_ksdft_standard/
