
                     ▄████▄ █████▄ ▄████▄ ▄█████ ██  ██ ▄█████ 
                     ██▄▄██ ██▄▄██ ██▄▄██ ██     ██  ██ ▀▀▀▄▄▄ 
                     ██  ██ ██▄▄█▀ ██  ██ ▀█████ ▀████▀ █████▀ 

                                                                                     
                                v3.11.0-beta.5

               Atomic-orbital Based Ab-initio Computation at UStc                    

                     Website: http://abacus.ustc.edu.cn/                             
               Documentation: https://abacus.deepmodeling.com/                       
                  Repository: https://github.com/abacusmodeling/abacus-develop       
                              https://github.com/deepmodeling/abacus-develop         
                      Commit: unknown

 Wed Aug  5 14:43:03 2026
 MAKE THE DIR         : OUT.s1_al_ksdft_ecut040/
 RUNNING WITH DEVICE  : CPU / Intel(R) Xeon(R) Platinum 8368Q CPU @ 2.60GHz (x2)
 NAME OF ELEMENT      : Al
 DFT FUNC. (PSEUDO)   : PBE
 DFT FUNC. (SET TO)   : XC_GGA_X_PBE+XC_GGA_C_PBE
 MAKE SURE THIS DFT FUNCTIONAL IS WHAT YOU NEED
 UNIFORM GRID DIM     : 24 * 24 * 24
 UNIFORM GRID DIM(BIG): 24 * 24 * 24
 DONE(0.0426426  SEC) : SETUP UNITCELL
 DONE(0.10253    SEC) : INIT K-POINTS
 ----------------------------------------------------------------
 Self-consistent calculations for electrons
 ----------------------------------------------------------------
 SPIN    KPOINTS         PROCESSES   THREADS/PROC  THREADS/TOTAL 
 1       2052            4           1             4             
 ----------------------------------------------------------------
 Use plane wave basis
 ----------------------------------------------------------------
 ELEMENT NATOM       
 Al      1           
 ----------------------------------------------------------------
 Initial plane wave basis and FFT box
 ----------------------------------------------------------------
 DONE(0.120039   SEC) : INIT PLANEWAVE
 START CHARGE         : ATOMIC
 DONE(0.124344   SEC) : LOCAL POTENTIAL
not allowed!
i1*i2*i3 must be positive! i1*i2*i3 is 0
i2 must be positive! i2 is 0
i3 must be positive! i3 is 0
 DONE(0.124374   SEC) : NON-LOCAL POTENTIAL
 MEMORY FOR PSI (MB)  : 52.6025
 WARNING: init_wfc = atomic requires atomic pseudo wavefunctions(PP_PSWFC),
 but none available. Automatically switch to random initialization.
 DONE(0.124412   SEC) : INIT BASIS

 ================================================================
 SELF-CONSISTENT: 
 ================================================================
 DONE(1.37534    SEC) : INIT SCF
 ITER       ETOT/eV          EDIFF/eV         DRHO     TIME/s
 CG1     -5.67378879e+01   0.00000000e+00   8.3446e-02  11.24
 CG2     -5.71810575e+01  -4.43169642e-01   3.2165e-02   3.99
 CG3     -5.72047668e+01  -2.37092881e-02   6.0431e-05   4.00
 CG4     -5.72050215e+01  -2.54681616e-04   2.4955e-05   7.64
 CG5     -5.72066491e+01  -1.62762281e-03   3.7641e-06   4.92
 CG6     -5.72066871e+01  -3.79390441e-05   2.8986e-09   5.02
 CG7     -5.72066876e+01  -5.70644519e-07   1.5402e-09   8.02
 CG8     -5.72066876e+01  -6.40776587e-09   1.7011e-12   4.82
 ----------------------------------------------------------------
              Stress_x             Stress_y             Stress_z 
 ----------------------------------------------------------------
         -1.8799673682        -0.0000173677         0.0000021203 
         -0.0000173677        -1.8799667039         0.0000030122 
          0.0000021203         0.0000030122        -1.8799661279 
 ----------------------------------------------------------------
 TOTAL-PRESSURE (EXCLUDE KINETIC PART OF IONS): -1.879967 kbar

 TIME STATISTICS
-------------------------------------------------------------------
   CLASS_NAME           NAME         TIME/s  CALLS   AVG/s  PER/%  
-------------------------------------------------------------------
                 total               51.12  15       3.41   100.00 
 Driver          atomic_world        51.12  1        51.12  100.00 
 Relax_Driver    relax_driver        50.99  1        50.99  99.75  
 ESolver_KS      runner              50.95  1        50.95  99.67  
 ESolver_KS_PW   before_scf          1.25   1        1.25   2.45   
 PSIPrepare      initialize_psi      1.25   1        1.25   2.44   
 DiagoIterAssist diag_subspace       7.92   16416    0.00   15.49  
 Operator        hPsi                34.27  792523   0.00   67.03  
 Operator        veff_pw             33.44  792523   0.00   65.41  
 PW_Basis_K      recip2real          19.73  1170091  0.00   38.60  
 PW_Basis_K      gathers_copy_pack   1.14   1170091  0.00   2.24   
 PW_Basis_K      gathers_zero_mpi    1.46   1170091  0.00   2.86   
 PW_Basis_K      gathers_copy_unpack 1.18   1170091  0.00   2.31   
 PW_Basis_K      real2recip          15.06  973099   0.00   29.45  
 PW_Basis_K      gatherp_copy_pack   0.90   973099   0.00   1.75   
 PW_Basis_K      gatherp_copy_unpack 0.98   973099   0.00   1.91   
 DiagoIterAssist diag_hegvd          0.61   16416    0.00   1.19   
 ESolver_KS_PW   hamilt2rho_single   49.64  8        6.21   97.11  
 HSolverPW       solve               49.64  8        6.21   97.11  
 HSolverPW       solve_psik          45.87  16416    0.00   89.74  
 DiagoCG         diag_once           38.68  16416    0.00   75.65  
 ElecStatePW     psiToRho            3.68   8        0.46   7.20   
-------------------------------------------------------------------


 START  Time  : Wed Aug  5 14:43:03 2026
 FINISH Time  : Wed Aug  5 14:43:54 2026
 TOTAL  Time  : 51
 SEE INFORMATION IN : OUT.s1_al_ksdft_ecut040/
