
                     ▄████▄ █████▄ ▄████▄ ▄█████ ██  ██ ▄█████ 
                     ██▄▄██ ██▄▄██ ██▄▄██ ██     ██  ██ ▀▀▀▄▄▄ 
                     ██  ██ ██▄▄█▀ ██  ██ ▀█████ ▀████▀ █████▀ 

                                                                                     
                                v3.11.0-beta.5

               Atomic-orbital Based Ab-initio Computation at UStc                    

                     Website: http://abacus.ustc.edu.cn/                             
               Documentation: https://abacus.deepmodeling.com/                       
                  Repository: https://github.com/abacusmodeling/abacus-develop       
                              https://github.com/deepmodeling/abacus-develop         
                      Commit: unknown

 Wed Aug  5 18:00:42 2026
 MAKE THE DIR         : OUT.s1_al_v090_ofdft_next_cutoff/
 RUNNING WITH DEVICE  : CPU / Intel(R) Xeon(R) Platinum 8368Q CPU @ 2.60GHz (x2)
 NAME OF ELEMENT      : Al
 DFT FUNC. (PSEUDO)   : PBE
 DFT FUNC. (SET TO)   : XC_GGA_X_PBE+XC_GGA_C_PBE
 MAKE SURE THIS DFT FUNCTIONAL IS WHAT YOU NEED
 UNIFORM GRID DIM     : 20 * 20 * 20
 UNIFORM GRID DIM(BIG): 20 * 20 * 20
 DONE(0.0316404  SEC) : SETUP UNITCELL
 DONE(0.0334102  SEC) : INIT K-POINTS
 ----------------------------------------------------------------
 Self-consistent calculations for electrons
 ----------------------------------------------------------------
 SPIN    KPOINTS         PROCESSES   THREADS/PROC  THREADS/TOTAL 
 1       1               4           1             4             
 ----------------------------------------------------------------
 Use plane wave basis
 ----------------------------------------------------------------
 ELEMENT NATOM       
 Al      1           
 ----------------------------------------------------------------
 Initial plane wave basis and FFT box
 ----------------------------------------------------------------
 DONE(0.0337205  SEC) : SETUP UNITCELL
 START CHARGE         : ATOMIC
 DONE(0.05357    SEC) : LOCAL POTENTIAL
 DONE(0.0582254  SEC) : INIT POTENTIAL
 DONE(0.0582805  SEC) : INIT KEDF
 DONE(0.0582903  SEC) : INIT OPTIMIZATION
 DONE(0.0583039  SEC) : INIT PHI

 ================================================================
 SELF-CONSISTENT: 
 ================================================================
 ============================= Running OFDFT ==============================
 ITER       ETOT/eV           EDIFF/eV        EFERMI/eV    POTNORM   TIME/s
 TN0     -5.46031692e+01   -5.46031692e+01   9.8663e+00   2.3489e-01   0.00  
 TN1     -5.47445955e+01   -1.41426312e-01   9.8144e+00   2.6315e-01   0.05  
 TN2     -5.70428404e+01   -2.29824485e+00   8.9970e+00   1.3391e-01   0.04  
 TN3     -5.71213304e+01   -7.84900781e-02   8.9800e+00   1.7483e-02   0.04  
 TN4     -5.71232490e+01   -1.91852419e-03   8.9781e+00   2.1496e-03   0.05  
 TN5     -5.71232754e+01   -2.64767013e-05   8.9780e+00   1.9608e-04   0.04  
 TN6     -5.71232759e+01   -4.84069023e-07   8.9780e+00   1.9430e-05   0.05  
 TN7     -5.71232759e+01   -3.51144013e-09   8.9780e+00   5.8895e-06   0.03  
 TN8     -5.71232759e+01   -1.95439179e-10   8.9780e+00   7.1510e-07   0.05  
 ----------------------------------------------------------------
              Stress_x             Stress_y             Stress_z 
 ----------------------------------------------------------------
        118.5215344455         0.0000000749         0.0000000749 
          0.0000000749       118.5215344452         0.0000000753 
          0.0000000749         0.0000000753       118.5215344452 
 ----------------------------------------------------------------
 TOTAL-PRESSURE (EXCLUDE KINETIC PART OF IONS): 118.521534 kbar

 TIME STATISTICS
-----------------------------------------------------------------------
     CLASS_NAME             NAME         TIME/s  CALLS   AVG/s  PER/%  
-----------------------------------------------------------------------
                     total               0.43   17       0.03   100.00 
 Driver              atomic_world        0.43   1        0.43   100.00 
 Driver              reading             0.01   1        0.01   2.01   
 PW_Basis_Sup        setuptransform      0.01   1        0.01   1.29   
 Charge              atomic_rho          0.02   2        0.01   4.14   
 PW_Basis_Sup        recip2real          0.08   1708     0.00   17.67  
 PW_Basis_Sup        recip2real_copy_g   0.01   1708     0.00   1.77   
 PW_Basis_Sup        gathers_copy_pack   0.00   1708     0.00   1.08   
 ppcell_vl           init_vloc           0.01   1        0.01   1.66   
 Potential           init_pot            0.01   2        0.00   1.21   
 Potential           cal_veff            0.25   189      0.00   57.07  
 H_Hartree_pw        v_hartree           0.02   189      0.00   4.25   
 PW_Basis_Sup        real2recip          0.08   2081     0.00   19.66  
 PW_Basis_Sup        real2recip_copy_r   0.00   2081     0.00   1.00   
 PW_Basis_Sup        gatherp_copy_pack   0.01   2081     0.00   1.29   
 PW_Basis_Sup        gatherp_copy_unpack 0.01   2081     0.00   2.21   
 PW_Basis_Sup        real2recip_copy_g   0.00   2081     0.00   1.08   
 PotXC               cal_veff            0.23   189      0.00   52.71  
 XC_Functional_Libxc v_xc_libxc          0.23   189      0.00   52.63  
 Libxc               xc_lda/gga_exc_vxc  0.09   378      0.00   21.07  
 Relax_Driver        relax_driver        0.37   1        0.37   86.44  
 ESolver_OF          runner              0.36   1        0.36   83.52  
 KEDF_Manager        get_potential       0.10   187      0.00   24.37  
 KEDF_TF             tf_potential        0.02   187      0.00   3.76   
 KEDF_WT             wt_potential        0.07   187      0.00   16.57  
 KEDF_vW             vw_potential        0.02   187      0.00   3.95   
 ESolver_OF          after_opt           0.01   1        0.01   1.21   
 OF_Stress_PW        cal_stress          0.01   1        0.01   2.73   
 Stress              stress_loc          0.01   1        0.01   2.08   
-----------------------------------------------------------------------


 START  Time  : Wed Aug  5 18:00:42 2026
 FINISH Time  : Wed Aug  5 18:00:42 2026
 TOTAL  Time  : 0
 SEE INFORMATION IN : OUT.s1_al_v090_ofdft_next_cutoff/
