
                     ▄████▄ █████▄ ▄████▄ ▄█████ ██  ██ ▄█████ 
                     ██▄▄██ ██▄▄██ ██▄▄██ ██     ██  ██ ▀▀▀▄▄▄ 
                     ██  ██ ██▄▄█▀ ██  ██ ▀█████ ▀████▀ █████▀ 

                                                                                     
                                v3.11.0-beta.5

               Atomic-orbital Based Ab-initio Computation at UStc                    

                     Website: http://abacus.ustc.edu.cn/                             
               Documentation: https://abacus.deepmodeling.com/                       
                  Repository: https://github.com/abacusmodeling/abacus-develop       
                              https://github.com/deepmodeling/abacus-develop         
                      Commit: unknown

 Fri Aug  7 11:09:20 2026
 MAKE THE DIR         : OUT.g1tlr4_al_v094_half/
 RUNNING WITH DEVICE  : CPU / Intel(R) Xeon(R) Platinum 8368Q CPU @ 2.60GHz (x2)
 NAME OF ELEMENT      : Al
 DFT FUNC. (PSEUDO)   : PBE
 DFT FUNC. (SET TO)   : XC_GGA_X_PBE+XC_GGA_C_PBE
 MAKE SURE THIS DFT FUNCTIONAL IS WHAT YOU NEED
 UNIFORM GRID DIM     : 24 * 24 * 24
 UNIFORM GRID DIM(BIG): 24 * 24 * 24
 DONE(0.09117    SEC) : SETUP UNITCELL
 DONE(0.830505   SEC) : INIT K-POINTS
 ----------------------------------------------------------------
 Self-consistent calculations for electrons
 ----------------------------------------------------------------
 SPIN    KPOINTS         PROCESSES   THREADS/PROC  THREADS/TOTAL 
 1       10980           4           1             4             
 ----------------------------------------------------------------
 Use plane wave basis
 ----------------------------------------------------------------
 ELEMENT NATOM       
 Al      1           
 ----------------------------------------------------------------
 Initial plane wave basis and FFT box
 ----------------------------------------------------------------
 DONE(0.909489   SEC) : INIT PLANEWAVE
 START CHARGE         : ATOMIC
 DONE(0.916229   SEC) : LOCAL POTENTIAL
not allowed!
i1*i2*i3 must be positive! i1*i2*i3 is 0
i2 must be positive! i2 is 0
i3 must be positive! i3 is 0
 DONE(0.916723   SEC) : NON-LOCAL POTENTIAL
 MEMORY FOR PSI (MB)  : 245.281
 WARNING: init_wfc = atomic requires atomic pseudo wavefunctions(PP_PSWFC),
 but none available. Automatically switch to random initialization.
 DONE(0.91709    SEC) : INIT BASIS

 ================================================================
 SELF-CONSISTENT: 
 ================================================================
 DONE(7.40056    SEC) : INIT SCF
 ITER       ETOT/eV          EDIFF/eV         DRHO     TIME/s
 CG1     -5.67374285e+01   0.00000000e+00   8.9160e-02  60.25
 CG2     -5.71559428e+01  -4.18514344e-01   3.4268e-02  20.96
 CG3     -5.71790225e+01  -2.30797129e-02   4.7186e-05  21.25
 CG4     -5.71798888e+01  -8.66238659e-04   1.9590e-05  41.49
 CG5     -5.71813372e+01  -1.44843727e-03   2.6308e-06  26.64
 CG6     -5.71813654e+01  -2.81499075e-05   2.2840e-09  27.29
 CG7     -5.71813657e+01  -3.58852568e-07   8.8101e-10  42.56
 CG8     -5.71813657e+01  -2.28772478e-09   1.3394e-12  26.03
 ----------------------------------------------------------------
              Stress_x             Stress_y             Stress_z 
 ----------------------------------------------------------------
         53.1144565568         0.0000020725         0.0000047071 
          0.0000020725        53.1144566227         0.0000034792 
          0.0000047071         0.0000034792        53.1144563545 
 ----------------------------------------------------------------
 TOTAL-PRESSURE (EXCLUDE KINETIC PART OF IONS): 53.114457 kbar

 TIME STATISTICS
-------------------------------------------------------------------
   CLASS_NAME           NAME         TIME/s  CALLS   AVG/s  PER/%  
-------------------------------------------------------------------
                 total               281.02 15       18.73  100.00 
 Driver          atomic_world        281.02 1        281.02 100.00 
 Relax_Driver    relax_driver        280.08 1        280.08 99.67  
 ESolver_KS      runner              279.92 1        279.92 99.61  
 ESolver_KS_PW   before_scf          6.48   1        6.48   2.31   
 PSIPrepare      initialize_psi      6.48   1        6.48   2.31   
 DiagoIterAssist diag_subspace       42.17  87840    0.00   15.01  
 Operator        hPsi                187.90 4285905  0.00   66.86  
 Operator        veff_pw             183.34 4285905  0.00   65.24  
 PW_Basis_K      recip2real          108.54 6306225  0.00   38.62  
 PW_Basis_K      gathers_copy_pack   5.92   6306225  0.00   2.11   
 PW_Basis_K      gathers_zero_mpi    7.83   6306225  0.00   2.79   
 PW_Basis_K      gathers_copy_unpack 6.19   6306225  0.00   2.20   
 PW_Basis_K      real2recip          82.49  5252145  0.00   29.35  
 PW_Basis_K      gatherp_copy_pack   4.78   5252145  0.00   1.70   
 PW_Basis_K      gatherp_copy_unpack 5.12   5252145  0.00   1.82   
 DiagoIterAssist diag_hegvd          3.09   87840    0.00   1.10   
 ESolver_KS_PW   hamilt2rho_single   266.44 8        33.31  94.81  
 HSolverPW       solve               266.44 8        33.31  94.81  
 HSolverPW       solve_psik          246.97 87840    0.00   87.88  
 DiagoCG         diag_once           208.55 87840    0.00   74.21  
 ElecStatePW     psiToRho            19.09  8        2.39   6.79   
 ESolver_KS_PW   after_scf           6.95   1        6.95   2.47   
 ModuleIO        write_eig_file      6.94   1        6.94   2.47   
-------------------------------------------------------------------


 START  Time  : Fri Aug  7 11:09:20 2026
 FINISH Time  : Fri Aug  7 11:14:01 2026
 TOTAL  Time  : 281
 SEE INFORMATION IN : OUT.g1tlr4_al_v094_half/
