
                     ▄████▄ █████▄ ▄████▄ ▄█████ ██  ██ ▄█████ 
                     ██▄▄██ ██▄▄██ ██▄▄██ ██     ██  ██ ▀▀▀▄▄▄ 
                     ██  ██ ██▄▄█▀ ██  ██ ▀█████ ▀████▀ █████▀ 

                                                                                     
                                v3.11.0-beta.5

               Atomic-orbital Based Ab-initio Computation at UStc                    

                     Website: http://abacus.ustc.edu.cn/                             
               Documentation: https://abacus.deepmodeling.com/                       
                  Repository: https://github.com/abacusmodeling/abacus-develop       
                              https://github.com/deepmodeling/abacus-develop         
                      Commit: unknown

 Wed Aug  5 16:41:58 2026
 MAKE THE DIR         : OUT.g1_ne_126_from_034/
 RUNNING WITH DEVICE  : CPU / Intel(R) Xeon(R) Platinum 8368Q CPU @ 2.60GHz (x2)
 NAME OF ELEMENT      : Al
 DFT FUNC. (PSEUDO)   : PBE
 DFT FUNC. (SET TO)   : XC_GGA_X_PBE+XC_GGA_C_PBE
 MAKE SURE THIS DFT FUNCTIONAL IS WHAT YOU NEED
 UNIFORM GRID DIM     : 15 * 15 * 15
 UNIFORM GRID DIM(BIG): 15 * 15 * 15
 DONE(0.0990506  SEC) : SETUP UNITCELL
 DONE(0.101144   SEC) : INIT K-POINTS
 ----------------------------------------------------------------
 Self-consistent calculations for electrons
 ----------------------------------------------------------------
 SPIN    KPOINTS         PROCESSES   THREADS/PROC  THREADS/TOTAL 
 1       1               4           1             4             
 ----------------------------------------------------------------
 Use plane wave basis
 ----------------------------------------------------------------
 ELEMENT NATOM       
 Al      1           
 ----------------------------------------------------------------
 Initial plane wave basis and FFT box
 ----------------------------------------------------------------
 DONE(0.102432   SEC) : SETUP UNITCELL
 START CHARGE         : ATOMIC
 DONE(0.120254   SEC) : LOCAL POTENTIAL
 DONE(0.122727   SEC) : INIT POTENTIAL
 DONE(0.122937   SEC) : INIT KEDF
 DONE(0.123087   SEC) : INIT OPTIMIZATION
 DONE(0.123234   SEC) : INIT PHI

 ================================================================
 SELF-CONSISTENT: 
 ================================================================
 ============================= Running OFDFT ==============================
 ITER       ETOT/eV           EDIFF/eV        EFERMI/eV    POTNORM   TIME/s
 TN0     -5.50154750e+01   -5.50154750e+01   7.9801e+00   1.9861e-01   0.00  
 TN1     -5.57345156e+01   -7.19040613e-01   7.7249e+00   2.1846e-01   0.03  
 TN2     -5.69468164e+01   -1.21230085e+00   7.2970e+00   1.5372e-01   0.03  
 TN3     -5.71717388e+01   -2.24922307e-01   7.2214e+00   1.4050e-02   0.02  
 TN4     -5.71744669e+01   -2.72811477e-03   7.2201e+00   1.5685e-03   0.02  
 TN5     -5.71744942e+01   -2.73330732e-05   7.2200e+00   6.4096e-04   0.01  
 TN6     -5.71744982e+01   -4.00040541e-06   7.2199e+00   4.7285e-05   0.02  
 TN7     -5.71744982e+01   -2.22726588e-08   7.2199e+00   4.8868e-06   0.02  
 TN8     -5.71744982e+01   -4.75891320e-10   7.2199e+00   3.9942e-07   0.02  
 ----------------------------------------------------------------
              Stress_x             Stress_y             Stress_z 
 ----------------------------------------------------------------
        -34.0416434477        -0.0000995202        -0.0000995207 
         -0.0000995202       -34.0416434461        -0.0000995198 
         -0.0000995207        -0.0000995198       -34.0416434468 
 ----------------------------------------------------------------
 TOTAL-PRESSURE (EXCLUDE KINETIC PART OF IONS): -34.041643 kbar

 TIME STATISTICS
-----------------------------------------------------------------------
     CLASS_NAME             NAME         TIME/s  CALLS   AVG/s  PER/%  
-----------------------------------------------------------------------
                     total               0.32   17       0.02   100.00 
 Driver              atomic_world        0.32   1        0.32   100.00 
 Driver              reading             0.05   1        0.05   16.18  
 PW_Basis_Sup        setuptransform      0.01   1        0.01   2.73   
 Charge              atomic_rho          0.01   2        0.01   4.13   
 PW_Basis_Sup        recip2real          0.03   1429     0.00   9.84   
 PW_Basis_Sup        recip2real_copy_g   0.00   1429     0.00   1.45   
 ppcell_vl           init_vloc           0.01   1        0.01   2.41   
 Potential           init_pot            0.00   2        0.00   1.34   
 Potential           cal_veff            0.12   158      0.00   39.47  
 H_Hartree_pw        v_hartree           0.01   158      0.00   2.71   
 PW_Basis_Sup        real2recip          0.03   1740     0.00   10.90  
 PW_Basis_Sup        gatherp_copy_unpack 0.00   1740     0.00   1.16   
 PotXC               cal_veff            0.12   158      0.00   36.66  
 XC_Functional_Libxc v_xc_libxc          0.12   158      0.00   36.58  
 Libxc               xc_lda/gga_exc_vxc  0.05   316      0.00   16.67  
 Relax_Driver        relax_driver        0.19   1        0.19   60.92  
 ESolver_OF          runner              0.19   1        0.19   58.63  
 KEDF_Manager        get_potential       0.05   156      0.00   16.37  
 KEDF_TF             tf_potential        0.01   156      0.00   2.87   
 KEDF_WT             wt_potential        0.03   156      0.00   11.03  
 KEDF_vW             vw_potential        0.01   156      0.00   2.38   
 ESolver_OF          after_opt           0.01   1        0.01   1.63   
 OF_Stress_PW        cal_stress          0.01   1        0.01   2.04   
 Stress              stress_loc          0.00   1        0.00   1.53   
-----------------------------------------------------------------------


 START  Time  : Wed Aug  5 16:41:58 2026
 FINISH Time  : Wed Aug  5 16:41:58 2026
 TOTAL  Time  : 0
 SEE INFORMATION IN : OUT.g1_ne_126_from_034/
