                                                                                     
                              ABACUS v3.11.0-beta.5

               Atomic-orbital Based Ab-initio Computation at UStc                    

                     Website: http://abacus.ustc.edu.cn/                             
               Documentation: https://abacus.deepmodeling.com/                       
                  Repository: https://github.com/abacusmodeling/abacus-develop       
                              https://github.com/deepmodeling/abacus-develop         
                      Commit: unknown

    Start Time is Wed Aug  5 18:34:06 2026
                                                                                     
 ------------------------------------------------------------------------------------

 READING GENERAL INFORMATION
                           global_out_dir = OUT.g1_ne_146_from_096/
                           global_in_card = INPUT
                               pseudo_dir = ./
                              orbital_dir = 
                                    DRANK = 1
                                    DSIZE = 4
                                   DCOLOR = 1
                                    GRANK = 1
                                    GSIZE = 1


 >>>>>>>>>>>>>>>>>>>>>>>>>>>>>>>>>>>>>>>>>>>>>>>>>>>>>>>>>>>>>>>>>>>>>>
 |                                                                    |
 |                        #Setup Unitcell#                            |
 | From the input file and the structure file we know the number of   |
 | different elments in this unitcell, then we list the detail        |
 | information for each element, especially the zeta and polar atomic |
 | orbital number for each element. The total atom number is counted. |
 | We calculate the nearest atom distance for each atom and show the  |
 | Cartesian and Direct coordinates for each atom. We list the file   |
 | address for atomic orbitals. The volume and the lattice vectors    |
 | in real and reciprocal space is also shown.                        |
 |                                                                    |
 <<<<<<<<<<<<<<<<<<<<<<<<<<<<<<<<<<<<<<<<<<<<<<<<<<<<<<<<<<<<<<<<<<<<<<

 READING UNITCELL INFORMATION
                       Number of elements = 1
                  Lattice constant (Bohr) = 1.88973
              Lattice constant (Angstrom) = 1

 READING ATOM TYPE 1
                               Atom label = Mg
                      L=0, number of zeta = 1
                      L=1, number of zeta = 1
                      L=2, number of zeta = 1
            Number of atoms for this type = 2

                        TOTAL ATOM NUMBER = 2

 DIRECT COORDINATES
 atom                  x                  y                  z     mag
   Mg     0.000000000000     0.000000000000     0.000000000000  0.0000
   Mg     0.666666666666     0.333333333334     0.500000000000  0.0000

 ATOMIC VELOCITIES
 atom                 vx                 vy                 vz
   Mg                  0                  0                  0
   Mg                  0                  0                  0

                     Cell volume (Bohr^3) = 323.085
                        Cell volume (A^3) = 47.8762

 Lattice vectors: (Cartesian coordinate: in unit of a_0)
             +3.24118                  +0                  +0
             -1.62059            +2.80694                  +0
                   +0                  +0             +5.2624
 Reciprocal vectors: (Cartesian coordinate: in unit of 2 pi/a_0)
             +0.30853            +0.17813                  -0
                   +0           +0.356259                  -0
                   +0                  -0           +0.190028

 #ENERGY SOLVER# ofdft
 RUNNING WITH DEVICE  : CPU / Intel(R) Xeon(R) Platinum 8368Q CPU @ 2.60GHz (x2)


 >>>>>>>>>>>>>>>>>>>>>>>>>>>>>>>>>>>>>>>>>>>>>>>>>>>>>>>>>>>>>>>>>>>>>>
 |                                                                    |
 |                 #Read Pseudopotentials Files#                      |
 | ABACUS supports norm-conserving (NC) pseudopotentials for both     |
 | plane wave basis and numerical atomic orbital basis sets.          |
 | In addition, ABACUS supports ultrasoft pseudopotentials (USPP)     |
 | for plane wave basis set.                                          |
 |                                                                    |
 <<<<<<<<<<<<<<<<<<<<<<<<<<<<<<<<<<<<<<<<<<<<<<<<<<<<<<<<<<<<<<<<<<<<<<

                PAO radial cut off (Bohr) = 16

                     Pseudopotential file = mg.lda.lps
                     Pseudopotential type = 
          Exchange-correlation functional = PZ
                 Nonlocal core correction = 0
                        Valence electrons = 2
                                     Lmax = 0
                           Number of zeta = 0
                     Number of projectors = 0
                    DFT functional set to = XC_LDA_X+XC_LDA_C_PZ
         Number of pseudo atomic orbitals = 0
            Electron number of element Mg = 2
      Total electron number of element Mg = 4
          Autoset the number of electrons = 4
               Occupied electronic states = 2
     Number of electronic states (NBANDS) = 12


 >>>>>>>>>>>>>>>>>>>>>>>>>>>>>>>>>>>>>>>>>>>>>>>>>>>>>>>>>>>>>>>>>>>>>>
 |                                                                    |
 |           #Setup Plane Waves of Charge/Potential#                  |
 | Use the kinetic energy cutoff and the lattice vectors to generate  |
 | the dimensions of FFT grid, which is used to represent the charge  |
 | density or potential. If USPP is used, a double grid technique     |
 | is applied.                                                        |
 |                                                                    |
 <<<<<<<<<<<<<<<<<<<<<<<<<<<<<<<<<<<<<<<<<<<<<<<<<<<<<<<<<<<<<<<<<<<<<

 SETUP PLANE WAVES FOR CHARGE/POTENTIAL
  Energy cutoff for charge/potential (Ry) = 160
            FFT grid for charge/potential = [ 25, 25, 45 ]
           Number of FFT grids this proc. = 7500
                Division for big FFT grid = [ 1, 1, 1 ]
      FFT (big) grid for charge/potential = [ 25, 25, 45 ]
     Number of FFT (big) grids this proc. = 7500
                    Number of plane waves = 28125
        Number of sticks on FFT x-y plane = 625

 PARALLEL PW FOR CHARGE/POTENTIAL
     PROC   COLUMNS(POT)             PW
        1            156           7020
        2            156           7020
        3            157           7065
        4            156           7020
 --------------- SUM -------------------
        4            625          28125

                            Number of |g| = 966
                                  Max |g| = 72.3073
                                  Min |g| = 0
 DONE : SETUP UNITCELL Time : 0.0921715 (SEC)


 >>>>>>>>>>>>>>>>>>>>>>>>>>>>>>>>>>>>>>>>>>>>>>>>>>>>>>>>>>>>>>>>>>>>>>
 |                                                                    |
 |                       #Setup K-points#                             |
 | We setup the k-points according to input parameters.               |
 | The reduced k-points are set according to symmetry operations.     |
 | We treat the spin as another set of k-points.                      |
 |                                                                    |
 <<<<<<<<<<<<<<<<<<<<<<<<<<<<<<<<<<<<<<<<<<<<<<<<<<<<<<<<<<<<<<<<<<<<<<


 SETUP K-POINTS
                                    nspin = 1
                   Input type of k points = Monkhorst-Pack(Gamma)
                                   nkstot = 1
           Number of irreducible k-points = 1

 K-POINTS REDUCTION ACCORDING TO SYMMETRY
     IBZ    DIRECT_X    DIRECT_Y    DIRECT_Z  WEIGHT  ibz2bz
       1  0.00000000  0.00000000  0.00000000  1.0000       0

                               nkstot now = 1
 K-POINTS DIRECT COORDINATES
 KPOINTS    DIRECT_X    DIRECT_Y    DIRECT_Z  WEIGHT
       1  0.00000000  0.00000000  0.00000000  1.0000


       Number of k-points in this process = 1
       Minimum distributed k-point number = 1

 K-POINTS CARTESIAN COORDINATES
 KPOINTS CARTESIAN_X CARTESIAN_Y CARTESIAN_Z  WEIGHT
       1  0.00000000  0.00000000  0.00000000  2.0000


 K-POINTS DIRECT COORDINATES
 KPOINTS    DIRECT_X    DIRECT_Y    DIRECT_Z  WEIGHT
       1  0.00000000  0.00000000  0.00000000  2.0000

 DONE : INIT K-POINTS Time : 0.0942629 (SEC)

 Libxc v7.0.0
	S. Lehtola, C. Steigemann, M. J.T. Oliveira, and M. A.L. Marques.,  SoftwareX 7, 1–5 (2018)
 XC: Slater exchange
	P. A. M. Dirac.,  Math. Proc. Cambridge Philos. Soc. 26, 376 (1930)
	F. Bloch.,  Z. Phys. 57, 545 (1929)
 XC: Perdew & Zunger
	J. P. Perdew and A. Zunger.,  Phys. Rev. B 23, 5048 (1981)

 DONE : SETUP UNITCELL Time : 0.0975984 (SEC)

                                 init_chg = atomic
 DONE : LOCAL POTENTIAL Time : 0.178659 (SEC)

 DONE : INIT POTENTIAL Time : 0.182244 (SEC)

 DONE : INIT KEDF Time : 0.182513 (SEC)

 DONE : INIT OPTIMIZATION Time : 0.182734 (SEC)

 DONE : INIT PHI Time : 0.182908 (SEC)

 ================================================================
 SELF-CONSISTENT
 ================================================================

Iter0: the norm of potential is 0.116241847293
----------------------------------------------------------------
        Energy              Rydberg                 eV          
----------------------------------------------------------------
              E_Total      -3.439813799338     -46.801067730028 
              E_Fermi       0.278902921925       3.794668927027 
----------------------------------------------------------------


Iter1: the norm of potential is 0.0744936103159
----------------------------------------------------------------
        Energy              Rydberg                 eV          
----------------------------------------------------------------
              E_Total      -3.606639619994     -49.070849464468 
              E_Fermi       0.234810822766       3.194765141681 
----------------------------------------------------------------


Iter2: the norm of potential is 0.00577731137314
----------------------------------------------------------------
        Energy              Rydberg                 eV          
----------------------------------------------------------------
              E_Total      -3.619529376780     -49.246223602594 
              E_Fermi       0.231800630403       3.153809373476 
----------------------------------------------------------------


Iter3: the norm of potential is 0.0018744312323
----------------------------------------------------------------
        Energy              Rydberg                 eV          
----------------------------------------------------------------
              E_Total      -3.619604710359     -49.247248568521 
              E_Fermi       0.231794688731       3.153728532882 
----------------------------------------------------------------


Iter4: the norm of potential is 0.000193973565053
----------------------------------------------------------------
        Energy              Rydberg                 eV          
----------------------------------------------------------------
              E_Total      -3.619614506759     -49.247381855386 
              E_Fermi       0.231802951416       3.153840952478 
----------------------------------------------------------------


Iter5: the norm of potential is 6.77207901292e-05
----------------------------------------------------------------
        Energy              Rydberg                 eV          
----------------------------------------------------------------
              E_Total      -3.619614592607     -49.247383023411 
              E_Fermi       0.231804486633       3.153861840179 
----------------------------------------------------------------


Iter6: the norm of potential is 4.45588514362e-06
----------------------------------------------------------------
        Energy              Rydberg                 eV          
----------------------------------------------------------------
              E_Total      -3.619614605520     -49.247383199093 
              E_Fermi       0.231804752671       3.153865459800 
----------------------------------------------------------------


Iter7: the norm of potential is 1.22014260836e-06
----------------------------------------------------------------
        Energy              Rydberg                 eV          
----------------------------------------------------------------
              E_Total      -3.619614605544     -49.247383199416 
              E_Fermi       0.231804747697       3.153865392127 
----------------------------------------------------------------


Iter8: the norm of potential is 1.05185708818e-07
----------------------------------------------------------------
        Energy              Rydberg                 eV          
----------------------------------------------------------------
              E_Total      -3.619614605547     -49.247383199461 
              E_Fermi       0.231804746929       3.153865381686 
----------------------------------------------------------------

 #SCF IS CONVERGED#
 #TOTAL ENERGY# -49.247383199 eV
 Write data to file: OUT.g1_ne_146_from_096/chg.cube



 #TOTAL-FORCE (eV/Angstrom)#
 -------------------------------------------------------------------------
     Atoms              Force_x              Force_y              Force_z 
 -------------------------------------------------------------------------
       Mg1         0.0000000000         0.0000000000         0.0000000000 
       Mg2         0.0000000000         0.0000000000         0.0000000000 
 -------------------------------------------------------------------------

 #TOTAL-STRESS (kbar)#
 ----------------------------------------------------------------
              Stress_x             Stress_y             Stress_z 
 ----------------------------------------------------------------
        -34.5632876321        -0.0000012422         0.0000000000 
         -0.0000012422       -34.5632890664        -0.0000000000 
          0.0000000000        -0.0000000000       -32.2594506883 
 ----------------------------------------------------------------
 #TOTAL-PRESSURE# (EXCLUDE KINETIC PART OF IONS): -33.795342 kbar

 --------------------------------------------
 !FINAL_ETOT_IS -49.2473831994609554 eV
 --------------------------------------------



 TIME STATISTICS
----------------------------------------------------------------------
     CLASS_NAME             NAME        TIME/s  CALLS   AVG/s  PER/%  
----------------------------------------------------------------------
                     total              1.19   17       0.07   100.00 
 Driver              atomic_world       1.19   1        1.19   100.00 
 Driver              reading            0.04   1        0.04   3.36   
 Charge              atomic_rho         0.08   2        0.04   6.53   
 PW_Basis_Sup        recip2real         0.21   932      0.00   17.55  
 PW_Basis_Sup        recip2real_copy_g  0.01   932      0.00   1.09   
 ppcell_vl           init_vloc          0.03   1        0.03   2.56   
 Potential           cal_veff           0.31   232      0.00   26.42  
 H_Hartree_pw        v_hartree          0.12   232      0.00   9.83   
 PW_Basis_Sup        real2recip         0.21   928      0.00   17.27  
 PotXC               cal_veff           0.20   232      0.00   16.42  
 XC_Functional_Libxc v_xc_libxc         0.19   232      0.00   16.33  
 Libxc               xc_lda/gga_exc_vxc 0.17   464      0.00   14.19  
 Relax_Driver        relax_driver       1.01   1        1.01   84.55  
 ESolver_OF          runner             0.95   1        0.95   79.65  
 KEDF_Manager        get_potential      0.57   230      0.00   48.00  
 KEDF_TF             tf_potential       0.07   230      0.00   6.19   
 KEDF_WT             wt_potential       0.39   230      0.00   32.54  
 KEDF_vW             vw_potential       0.11   230      0.00   9.18   
 ESolver_OF          after_opt          0.04   1        0.04   3.41   
 ModuleIO            ctrl_output_fp     0.01   1        0.01   1.09   
 OF_Stress_PW        cal_stress         0.05   1        0.05   4.54   
 Stress              stress_loc         0.05   1        0.05   4.44   
----------------------------------------------------------------------


 NAME-------------------------|MEMORY(MB)------------------
                         total         3.6712
 -------------   < 1.0 MB has been ignored ----------------
 ----------------------------------------------------------

 Start  Time  : Wed Aug  5 18:34:06 2026
 Finish Time  : Wed Aug  5 18:34:07 2026
 Total  Time  : 0 h 0 mins 1 secs 
