 NAME OF ELEMENT      : Mg
 DFT FUNC. (PSEUDO)   : PZ
 DFT FUNC. (SET TO)   : XC_LDA_X+XC_LDA_C_PZ
 MAKE SURE THIS DFT FUNCTIONAL IS WHAT YOU NEED
 AUTO_SET NBANDS to 12
                            startmag_type = 2
                       charge from rho_at = 2
                         charge should be = 2
 Warning: negative or imaginary starting charge :  neg = -0.0124073 ima = 8.21208e-16 SPIN = 0

 SETUP ATOMIC RHO FOR SPIN 1
                 Electron number from rho = 3.99917
           total electron number from rho = 3.99917
                                should be = 4
                 charge before normalized = 4
                  charge after normalized = 4
                 charge before normalized = 4
                  charge after normalized = 4
                            startmag_type = 2
                       charge from rho_at = 2.00000000000003
                         charge should be = 2
 Warning: negative or imaginary starting charge :  neg = -0.012407280370255 ima = 8.21208359746923e-16 SPIN = 0

 SETUP ATOMIC RHO FOR SPIN 1
                 Electron number from rho = 3.99916666666659
           total electron number from rho = 3.99916666666659
                                should be = 4
