
                     ▄████▄ █████▄ ▄████▄ ▄█████ ██  ██ ▄█████ 
                     ██▄▄██ ██▄▄██ ██▄▄██ ██     ██  ██ ▀▀▀▄▄▄ 
                     ██  ██ ██▄▄█▀ ██  ██ ▀█████ ▀████▀ █████▀ 

                                                                                     
                                v3.11.0-beta.5

               Atomic-orbital Based Ab-initio Computation at UStc                    

                     Website: http://abacus.ustc.edu.cn/                             
               Documentation: https://abacus.deepmodeling.com/                       
                  Repository: https://github.com/abacusmodeling/abacus-develop       
                              https://github.com/deepmodeling/abacus-develop         
                      Commit: unknown

 Thu Aug  6 07:17:48 2026
 MAKE THE DIR         : OUT.g1tlr1_mg_v110_quarter/
 RUNNING WITH DEVICE  : CPU / Intel(R) Xeon(R) Platinum 8368Q CPU @ 2.60GHz (x2)
 NAME OF ELEMENT      : Mg
 DFT FUNC. (PSEUDO)   : PZ
 DFT FUNC. (SET TO)   : XC_LDA_X+XC_LDA_C_PZ
 MAKE SURE THIS DFT FUNCTIONAL IS WHAT YOU NEED
 UNIFORM GRID DIM     : 25 * 25 * 45
 UNIFORM GRID DIM(BIG): 25 * 25 * 45
 DONE(0.0892861  SEC) : SETUP UNITCELL
 DONE(0.283371   SEC) : INIT K-POINTS
 ----------------------------------------------------------------
 Self-consistent calculations for electrons
 ----------------------------------------------------------------
 SPIN    KPOINTS         PROCESSES   THREADS/PROC  THREADS/TOTAL 
 1       4612            4           1             4             
 ----------------------------------------------------------------
 Use plane wave basis
 ----------------------------------------------------------------
 ELEMENT NATOM       
 Mg      2           
 ----------------------------------------------------------------
 Initial plane wave basis and FFT box
 ----------------------------------------------------------------
 DONE(0.373091   SEC) : INIT PLANEWAVE
 START CHARGE         : ATOMIC
 DONE(0.397873   SEC) : LOCAL POTENTIAL
not allowed!
i1*i2*i3 must be positive! i1*i2*i3 is 0
i2 must be positive! i2 is 0
i3 must be positive! i3 is 0
 DONE(0.398386   SEC) : NON-LOCAL POTENTIAL
 MEMORY FOR PSI (MB)  : 317.525
 WARNING: init_wfc = atomic requires atomic pseudo wavefunctions(PP_PSWFC),
 but none available. Automatically switch to random initialization.
 DONE(0.39878    SEC) : INIT BASIS

 ================================================================
 SELF-CONSISTENT: 
 ================================================================
 DONE(30.1252    SEC) : INIT SCF
 ITER       ETOT/eV          EDIFF/eV         DRHO     TIME/s
 CG1     -4.88961637e+01   0.00000000e+00   8.4709e-02 269.88
 CG2     -4.91713215e+01  -2.75157789e-01   3.4182e-02 107.44
 CG3     -4.91838486e+01  -1.25271151e-02   3.7146e-05 104.40
 CG4     -4.91864311e+01  -2.58247146e-03   8.1357e-06 211.55
 CG5     -4.91864579e+01  -2.68212340e-05   4.4410e-07 116.19
 CG6     -4.91864603e+01  -2.37531320e-06   3.2841e-08 143.70
 CG7     -4.91864604e+01  -5.41769054e-08   2.1087e-09 127.27
 CG8     -4.91864604e+01  -1.14679645e-08   2.2971e-10 141.33
 CG9     -4.91864604e+01  -8.12154742e-10   5.7353e-12 129.17
 ----------------------------------------------------------------
              Stress_x             Stress_y             Stress_z 
 ----------------------------------------------------------------
        -50.0248360758        -0.0000005309         0.0000000241 
         -0.0000005309       -50.0248359934         0.0000000518 
          0.0000000241         0.0000000518       -50.1421742519 
 ----------------------------------------------------------------
 TOTAL-PRESSURE (EXCLUDE KINETIC PART OF IONS): -50.063949 kbar

 TIME STATISTICS
---------------------------------------------------------------------
   CLASS_NAME           NAME         TIME/s   CALLS    AVG/s  PER/%  
---------------------------------------------------------------------
                 total               1384.20 15       92.28   100.00 
 Driver          atomic_world        1384.20 1        1384.20 100.00 
 Relax_Driver    relax_driver        1383.78 1        1383.78 99.97  
 ESolver_KS      runner              1383.58 1        1383.58 99.96  
 ESolver_KS_PW   before_scf          29.73   1        29.73   2.15   
 PSIPrepare      initialize_psi      29.72   1        29.72   2.15   
 DiagoIterAssist diag_subspace       256.79  41508    0.01    18.55  
 Operator        hPsi                1162.11 1894155  0.00    83.96  
 Operator        veff_pw             1154.71 1894155  0.00    83.42  
 PW_Basis_K      recip2real          670.89  2848839  0.00    48.47  
 PW_Basis_K      gathers_copy_pack   15.41   2848839  0.00    1.11   
 PW_Basis_K      gathers_zero_mpi    23.66   2848839  0.00    1.71   
 PW_Basis_K      real2recip          563.26  2350743  0.00    40.69  
 PW_Basis_K      gatherp_copy_unpack 16.96   2350743  0.00    1.23   
 ESolver_KS_PW   hamilt2rho_single   1350.85 9        150.09  97.59  
 HSolverPW       solve               1350.85 9        150.09  97.59  
 HSolverPW       solve_psik          1241.13 41508    0.03    89.66  
 DiagoCG         diag_once           1005.68 41508    0.02    72.65  
 ElecStatePW     psiToRho            108.78  9        12.09   7.86   
---------------------------------------------------------------------


 START  Time  : Thu Aug  6 07:17:48 2026
 FINISH Time  : Thu Aug  6 07:40:52 2026
 TOTAL  Time  : 1384
 SEE INFORMATION IN : OUT.g1tlr1_mg_v110_quarter/
