
                     ▄████▄ █████▄ ▄████▄ ▄█████ ██  ██ ▄█████ 
                     ██▄▄██ ██▄▄██ ██▄▄██ ██     ██  ██ ▀▀▀▄▄▄ 
                     ██  ██ ██▄▄█▀ ██  ██ ▀█████ ▀████▀ █████▀ 

                                                                                     
                                v3.11.0-beta.5

               Atomic-orbital Based Ab-initio Computation at UStc                    

                     Website: http://abacus.ustc.edu.cn/                             
               Documentation: https://abacus.deepmodeling.com/                       
                  Repository: https://github.com/abacusmodeling/abacus-develop       
                              https://github.com/deepmodeling/abacus-develop         
                      Commit: unknown

 Wed Aug  5 16:11:13 2026
 MAKE THE DIR         : OUT.s1_al_v106_ofdft/
 RUNNING WITH DEVICE  : CPU / Intel(R) Xeon(R) Platinum 8368Q CPU @ 2.60GHz (x2)
 NAME OF ELEMENT      : Al
 DFT FUNC. (PSEUDO)   : PBE
 DFT FUNC. (SET TO)   : XC_GGA_X_PBE+XC_GGA_C_PBE
 MAKE SURE THIS DFT FUNCTIONAL IS WHAT YOU NEED
 UNIFORM GRID DIM     : 15 * 15 * 15
 UNIFORM GRID DIM(BIG): 15 * 15 * 15
 DONE(0.0750186  SEC) : SETUP UNITCELL
 DONE(0.0752488  SEC) : INIT K-POINTS
 ----------------------------------------------------------------
 Self-consistent calculations for electrons
 ----------------------------------------------------------------
 SPIN    KPOINTS         PROCESSES   THREADS/PROC  THREADS/TOTAL 
 1       1               4           1             4             
 ----------------------------------------------------------------
 Use plane wave basis
 ----------------------------------------------------------------
 ELEMENT NATOM       
 Al      1           
 ----------------------------------------------------------------
 Initial plane wave basis and FFT box
 ----------------------------------------------------------------
 DONE(0.0755343  SEC) : SETUP UNITCELL
 START CHARGE         : ATOMIC
 DONE(0.0861534  SEC) : LOCAL POTENTIAL
 DONE(0.087742   SEC) : INIT POTENTIAL
 DONE(0.0877928  SEC) : INIT KEDF
 DONE(0.0878051  SEC) : INIT OPTIMIZATION
 DONE(0.0878215  SEC) : INIT PHI

 ================================================================
 SELF-CONSISTENT: 
 ================================================================
 ============================= Running OFDFT ==============================
 ITER       ETOT/eV           EDIFF/eV        EFERMI/eV    POTNORM   TIME/s
 TN0     -5.50154750e+01   -5.50154750e+01   7.9801e+00   1.9861e-01   0.00  
 TN1     -5.57345156e+01   -7.19040613e-01   7.7249e+00   2.1846e-01   0.02  
 TN2     -5.69468164e+01   -1.21230085e+00   7.2970e+00   1.5372e-01   0.02  
 TN3     -5.71717388e+01   -2.24922307e-01   7.2214e+00   1.4050e-02   0.01  
 TN4     -5.71744669e+01   -2.72811477e-03   7.2201e+00   1.5685e-03   0.02  
 TN5     -5.71744942e+01   -2.73330732e-05   7.2200e+00   6.4096e-04   0.01  
 TN6     -5.71744982e+01   -4.00040541e-06   7.2199e+00   4.7285e-05   0.01  
 TN7     -5.71744982e+01   -2.22726588e-08   7.2199e+00   4.8868e-06   0.01  
 TN8     -5.71744982e+01   -4.75891320e-10   7.2199e+00   3.9942e-07   0.02  
 ----------------------------------------------------------------
              Stress_x             Stress_y             Stress_z 
 ----------------------------------------------------------------
        -34.0416434477        -0.0000995202        -0.0000995207 
         -0.0000995202       -34.0416434461        -0.0000995198 
         -0.0000995207        -0.0000995198       -34.0416434468 
 ----------------------------------------------------------------
 TOTAL-PRESSURE (EXCLUDE KINETIC PART OF IONS): -34.041643 kbar

 TIME STATISTICS
-----------------------------------------------------------------------
     CLASS_NAME             NAME         TIME/s  CALLS   AVG/s  PER/%  
-----------------------------------------------------------------------
                     total               0.23   17       0.01   100.00 
 Driver              atomic_world        0.23   1        0.23   100.00 
 Driver              reading             0.02   1        0.02   8.96   
 PW_Basis_Sup        setuptransform      0.00   1        0.00   2.05   
 Charge              atomic_rho          0.01   2        0.00   3.52   
 PW_Basis_Sup        recip2real          0.02   1429     0.00   10.46  
 PW_Basis_Sup        recip2real_copy_g   0.00   1429     0.00   1.44   
 ppcell_vl           init_vloc           0.01   1        0.01   2.20   
 Potential           init_pot            0.00   2        0.00   1.26   
 Potential           cal_veff            0.09   158      0.00   40.25  
 H_Hartree_pw        v_hartree           0.01   158      0.00   2.88   
 PW_Basis_Sup        real2recip          0.03   1740     0.00   11.45  
 PW_Basis_Sup        gatherp_copy_unpack 0.00   1740     0.00   1.08   
 PotXC               cal_veff            0.09   158      0.00   37.28  
 XC_Functional_Libxc v_xc_libxc          0.09   158      0.00   37.21  
 Libxc               xc_lda/gga_exc_vxc  0.04   316      0.00   16.69  
 Relax_Driver        relax_driver        0.14   1        0.14   61.79  
 ESolver_OF          runner              0.14   1        0.14   59.15  
 KEDF_Manager        get_potential       0.04   156      0.00   16.97  
 KEDF_TF             tf_potential        0.01   156      0.00   2.88   
 KEDF_WT             wt_potential        0.03   156      0.00   11.50  
 KEDF_vW             vw_potential        0.01   156      0.00   2.51   
 ESolver_OF          after_opt           0.00   1        0.00   1.12   
 OF_Stress_PW        cal_stress          0.01   1        0.01   2.50   
 Stress              stress_loc          0.00   1        0.00   1.88   
-----------------------------------------------------------------------


 START  Time  : Wed Aug  5 16:11:13 2026
 FINISH Time  : Wed Aug  5 16:11:14 2026
 TOTAL  Time  : 1
 SEE INFORMATION IN : OUT.s1_al_v106_ofdft/
