
                     ▄████▄ █████▄ ▄████▄ ▄█████ ██  ██ ▄█████ 
                     ██▄▄██ ██▄▄██ ██▄▄██ ██     ██  ██ ▀▀▀▄▄▄ 
                     ██  ██ ██▄▄█▀ ██  ██ ▀█████ ▀████▀ █████▀ 

                                                                                     
                                v3.11.0-beta.5

               Atomic-orbital Based Ab-initio Computation at UStc                    

                     Website: http://abacus.ustc.edu.cn/                             
               Documentation: https://abacus.deepmodeling.com/                       
                  Repository: https://github.com/abacusmodeling/abacus-develop       
                              https://github.com/deepmodeling/abacus-develop         
                      Commit: unknown

 Thu Aug  6 06:24:50 2026
 MAKE THE DIR         : OUT.g1tlr1_al_v110_extraquarter/
 RUNNING WITH DEVICE  : CPU / Intel(R) Xeon(R) Platinum 8368Q CPU @ 2.60GHz (x2)
 NAME OF ELEMENT      : Al
 DFT FUNC. (PSEUDO)   : PBE
 DFT FUNC. (SET TO)   : XC_GGA_X_PBE+XC_GGA_C_PBE
 MAKE SURE THIS DFT FUNCTIONAL IS WHAT YOU NEED
 UNIFORM GRID DIM     : 24 * 24 * 24
 UNIFORM GRID DIM(BIG): 24 * 24 * 24
 DONE(0.0953617  SEC) : SETUP UNITCELL
 DONE(1.57741    SEC) : INIT K-POINTS
 ----------------------------------------------------------------
 Self-consistent calculations for electrons
 ----------------------------------------------------------------
 SPIN    KPOINTS         PROCESSES   THREADS/PROC  THREADS/TOTAL 
 1       16388           4           1             4             
 ----------------------------------------------------------------
 Use plane wave basis
 ----------------------------------------------------------------
 ELEMENT NATOM       
 Al      1           
 ----------------------------------------------------------------
 Initial plane wave basis and FFT box
 ----------------------------------------------------------------
 DONE(1.70247    SEC) : INIT PLANEWAVE
 START CHARGE         : ATOMIC
 DONE(1.70967    SEC) : LOCAL POTENTIAL
not allowed!
i1*i2*i3 must be positive! i1*i2*i3 is 0
i2 must be positive! i2 is 0
i3 must be positive! i3 is 0
 DONE(1.71037    SEC) : NON-LOCAL POTENTIAL
 MEMORY FOR PSI (MB)  : 414.101
 WARNING: init_wfc = atomic requires atomic pseudo wavefunctions(PP_PSWFC),
 but none available. Automatically switch to random initialization.
 DONE(1.71081    SEC) : INIT BASIS

 ================================================================
 SELF-CONSISTENT: 
 ================================================================
 DONE(11.7232    SEC) : INIT SCF
 ITER       ETOT/eV          EDIFF/eV         DRHO     TIME/s
 CG1     -5.66023560e+01   0.00000000e+00   7.6311e-02  90.87
 CG2     -5.71347168e+01  -5.32360751e-01   2.9252e-02  32.17
 CG3     -5.71595910e+01  -2.48742415e-02   6.6589e-05  32.19
 CG4     -5.71594056e+01   1.85454789e-04   2.9981e-05  60.68
 CG5     -5.71611481e+01  -1.74252018e-03   6.2599e-06  38.73
 CG6     -5.71612024e+01  -5.42894810e-05   9.4847e-09  39.58
 CG7     -5.71612031e+01  -7.24020542e-07   3.1331e-09  59.50
 CG8     -5.71612031e+01  -1.20542821e-08   1.7142e-11  39.49
 ----------------------------------------------------------------
              Stress_x             Stress_y             Stress_z 
 ----------------------------------------------------------------
        -59.7815201042        -0.0000004280         0.0000029955 
         -0.0000004280       -59.7815195285        -0.0000000136 
          0.0000029955        -0.0000000136       -59.7815197949 
 ----------------------------------------------------------------
 TOTAL-PRESSURE (EXCLUDE KINETIC PART OF IONS): -59.781520 kbar

 TIME STATISTICS
-------------------------------------------------------------------
   CLASS_NAME           NAME         TIME/s  CALLS   AVG/s  PER/%  
-------------------------------------------------------------------
                 total               415.78 15       27.72  100.00 
 Driver          atomic_world        415.78 1        415.78 100.00 
 Relax_Driver    relax_driver        414.05 1        414.05 99.58  
 ESolver_KS      runner              413.87 1        413.87 99.54  
 ESolver_KS_PW   before_scf          10.01  1        10.01  2.41   
 PSIPrepare      initialize_psi      10.01  1        10.01  2.41   
 DiagoIterAssist diag_subspace       63.95  131104   0.00   15.38  
 Operator        hPsi                277.35 6225374  0.00   66.71  
 Operator        veff_pw             270.90 6225374  0.00   65.15  
 PW_Basis_K      recip2real          159.80 9240766  0.00   38.43  
 PW_Basis_K      gathers_copy_pack   8.85   9240766  0.00   2.13   
 PW_Basis_K      gathers_zero_mpi    11.26  9240766  0.00   2.71   
 PW_Basis_K      gathers_copy_unpack 9.11   9240766  0.00   2.19   
 PW_Basis_K      real2recip          118.98 7667518  0.00   28.61  
 PW_Basis_K      gatherp_copy_pack   7.16   7667518  0.00   1.72   
 PW_Basis_K      gatherp_copy_unpack 7.30   7667518  0.00   1.76   
 DiagoIterAssist diag_hegvd          4.88   131104   0.00   1.17   
 ESolver_KS_PW   hamilt2rho_single   393.18 8        49.15  94.56  
 HSolverPW       solve               393.18 8        49.15  94.56  
 HSolverPW       solve_psik          364.14 131104   0.00   87.58  
 DiagoCG         diag_once           305.75 131104   0.00   73.54  
 ElecStatePW     psiToRho            28.49  8        3.56   6.85   
 ESolver_KS_PW   after_scf           10.63  1        10.63  2.56   
 ModuleIO        write_eig_file      10.62  1        10.62  2.55   
-------------------------------------------------------------------


 START  Time  : Thu Aug  6 06:24:50 2026
 FINISH Time  : Thu Aug  6 06:31:46 2026
 TOTAL  Time  : 416
 SEE INFORMATION IN : OUT.g1tlr1_al_v110_extraquarter/
