
                     ▄████▄ █████▄ ▄████▄ ▄█████ ██  ██ ▄█████ 
                     ██▄▄██ ██▄▄██ ██▄▄██ ██     ██  ██ ▀▀▀▄▄▄ 
                     ██  ██ ██▄▄█▀ ██  ██ ▀█████ ▀████▀ █████▀ 

                                                                                     
                                v3.11.0-beta.5

               Atomic-orbital Based Ab-initio Computation at UStc                    

                     Website: http://abacus.ustc.edu.cn/                             
               Documentation: https://abacus.deepmodeling.com/                       
                  Repository: https://github.com/abacusmodeling/abacus-develop       
                              https://github.com/deepmodeling/abacus-develop         
                      Commit: unknown

 Thu Aug  6 06:12:21 2026
 MAKE THE DIR         : OUT.g1tlr1_al_v090_extraquarter/
 RUNNING WITH DEVICE  : CPU / Intel(R) Xeon(R) Platinum 8368Q CPU @ 2.60GHz (x2)
 NAME OF ELEMENT      : Al
 DFT FUNC. (PSEUDO)   : PBE
 DFT FUNC. (SET TO)   : XC_GGA_X_PBE+XC_GGA_C_PBE
 MAKE SURE THIS DFT FUNCTIONAL IS WHAT YOU NEED
 UNIFORM GRID DIM     : 24 * 24 * 24
 UNIFORM GRID DIM(BIG): 24 * 24 * 24
 DONE(0.11109    SEC) : SETUP UNITCELL
 DONE(1.5986     SEC) : INIT K-POINTS
 ----------------------------------------------------------------
 Self-consistent calculations for electrons
 ----------------------------------------------------------------
 SPIN    KPOINTS         PROCESSES   THREADS/PROC  THREADS/TOTAL 
 1       16388           4           1             4             
 ----------------------------------------------------------------
 Use plane wave basis
 ----------------------------------------------------------------
 ELEMENT NATOM       
 Al      1           
 ----------------------------------------------------------------
 Initial plane wave basis and FFT box
 ----------------------------------------------------------------
 DONE(1.70636    SEC) : INIT PLANEWAVE
 START CHARGE         : ATOMIC
 DONE(1.71309    SEC) : LOCAL POTENTIAL
not allowed!
i1*i2*i3 must be positive! i1*i2*i3 is 0
i2 must be positive! i2 is 0
i3 must be positive! i3 is 0
 DONE(1.7136     SEC) : NON-LOCAL POTENTIAL
 MEMORY FOR PSI (MB)  : 372.091
 WARNING: init_wfc = atomic requires atomic pseudo wavefunctions(PP_PSWFC),
 but none available. Automatically switch to random initialization.
 DONE(1.71398    SEC) : INIT BASIS

 ================================================================
 SELF-CONSISTENT: 
 ================================================================
 DONE(11.1796    SEC) : INIT SCF
 ITER       ETOT/eV          EDIFF/eV         DRHO     TIME/s
 CG1     -5.67236087e+01   0.00000000e+00   9.3072e-02  89.47
 CG2     -5.71232355e+01  -3.99626778e-01   3.5739e-02  30.83
 CG3     -5.71481198e+01  -2.48843095e-02   5.0275e-05  31.58
 CG4     -5.71480309e+01   8.88868685e-05   1.7089e-05  61.15
 CG5     -5.71494542e+01  -1.42332189e-03   2.1137e-06  39.89
 CG6     -5.71494829e+01  -2.86769622e-05   8.8979e-09  41.20
 CG7     -5.71494832e+01  -3.30638766e-07   2.3975e-09  54.30
 CG8     -5.71494832e+01  -2.17555842e-09   3.3795e-11  34.11
 ----------------------------------------------------------------
              Stress_x             Stress_y             Stress_z 
 ----------------------------------------------------------------
        102.1760126128        -0.0000005693        -0.0000005441 
         -0.0000005693       102.1760135579         0.0000003515 
         -0.0000005441         0.0000003515       102.1760155686 
 ----------------------------------------------------------------
 TOTAL-PRESSURE (EXCLUDE KINETIC PART OF IONS): 102.176014 kbar

 TIME STATISTICS
-------------------------------------------------------------------
   CLASS_NAME           NAME         TIME/s  CALLS   AVG/s  PER/%  
-------------------------------------------------------------------
                 total               404.31 15       26.95  100.00 
 Driver          atomic_world        404.31 1        404.31 100.00 
 Relax_Driver    relax_driver        402.58 1        402.58 99.57  
 ESolver_KS      runner              402.42 1        402.42 99.53  
 ESolver_KS_PW   before_scf          9.47   1        9.47   2.34   
 PSIPrepare      initialize_psi      9.46   1        9.46   2.34   
 DiagoIterAssist diag_subspace       62.44  131104   0.00   15.44  
 Operator        hPsi                271.45 6155341  0.00   67.14  
 Operator        veff_pw             265.19 6155341  0.00   65.59  
 PW_Basis_K      recip2real          155.57 9170733  0.00   38.48  
 PW_Basis_K      gathers_copy_pack   8.31   9170733  0.00   2.06   
 PW_Basis_K      gathers_zero_mpi    11.42  9170733  0.00   2.82   
 PW_Basis_K      gathers_copy_unpack 8.55   9170733  0.00   2.12   
 PW_Basis_K      real2recip          116.37 7597485  0.00   28.78  
 PW_Basis_K      gatherp_copy_pack   6.70   7597485  0.00   1.66   
 PW_Basis_K      gatherp_copy_unpack 7.09   7597485  0.00   1.75   
 DiagoIterAssist diag_hegvd          4.78   131104   0.00   1.18   
 ESolver_KS_PW   hamilt2rho_single   382.50 8        47.81  94.61  
 HSolverPW       solve               382.50 8        47.81  94.61  
 HSolverPW       solve_psik          354.37 131104   0.00   87.65  
 DiagoCG         diag_once           297.45 131104   0.00   73.57  
 ElecStatePW     psiToRho            27.61  8        3.45   6.83   
 ESolver_KS_PW   after_scf           10.40  1        10.40  2.57   
 ModuleIO        write_eig_file      10.39  1        10.39  2.57   
-------------------------------------------------------------------


 START  Time  : Thu Aug  6 06:12:21 2026
 FINISH Time  : Thu Aug  6 06:19:06 2026
 TOTAL  Time  : 405
 SEE INFORMATION IN : OUT.g1tlr1_al_v090_extraquarter/
