
                     ▄████▄ █████▄ ▄████▄ ▄█████ ██  ██ ▄█████ 
                     ██▄▄██ ██▄▄██ ██▄▄██ ██     ██  ██ ▀▀▀▄▄▄ 
                     ██  ██ ██▄▄█▀ ██  ██ ▀█████ ▀████▀ █████▀ 

                                                                                     
                                v3.11.0-beta.5

               Atomic-orbital Based Ab-initio Computation at UStc                    

                     Website: http://abacus.ustc.edu.cn/                             
               Documentation: https://abacus.deepmodeling.com/                       
                  Repository: https://github.com/abacusmodeling/abacus-develop       
                              https://github.com/deepmodeling/abacus-develop         
                      Commit: unknown

 Thu Aug  6 05:05:40 2026
 MAKE THE DIR         : OUT.g1tlr1_al_v100_extraquarter/
 RUNNING WITH DEVICE  : CPU / Intel(R) Xeon(R) Platinum 8368Q CPU @ 2.60GHz (x2)
 NAME OF ELEMENT      : Al
 DFT FUNC. (PSEUDO)   : PBE
 DFT FUNC. (SET TO)   : XC_GGA_X_PBE+XC_GGA_C_PBE
 MAKE SURE THIS DFT FUNCTIONAL IS WHAT YOU NEED
 UNIFORM GRID DIM     : 24 * 24 * 24
 UNIFORM GRID DIM(BIG): 24 * 24 * 24
 DONE(0.0815925  SEC) : SETUP UNITCELL
 DONE(1.56785    SEC) : INIT K-POINTS
 ----------------------------------------------------------------
 Self-consistent calculations for electrons
 ----------------------------------------------------------------
 SPIN    KPOINTS         PROCESSES   THREADS/PROC  THREADS/TOTAL 
 1       16388           4           1             4             
 ----------------------------------------------------------------
 Use plane wave basis
 ----------------------------------------------------------------
 ELEMENT NATOM       
 Al      1           
 ----------------------------------------------------------------
 Initial plane wave basis and FFT box
 ----------------------------------------------------------------
 DONE(1.69072    SEC) : INIT PLANEWAVE
 START CHARGE         : ATOMIC
 DONE(1.6962     SEC) : LOCAL POTENTIAL
not allowed!
i1*i2*i3 must be positive! i1*i2*i3 is 0
i2 must be positive! i2 is 0
i3 must be positive! i3 is 0
 DONE(1.6967     SEC) : NON-LOCAL POTENTIAL
 MEMORY FOR PSI (MB)  : 420.103
 WARNING: init_wfc = atomic requires atomic pseudo wavefunctions(PP_PSWFC),
 but none available. Automatically switch to random initialization.
 DONE(1.69703    SEC) : INIT BASIS

 ================================================================
 SELF-CONSISTENT: 
 ================================================================
 DONE(11.5674    SEC) : INIT SCF
 ITER       ETOT/eV          EDIFF/eV         DRHO     TIME/s
 CG1     -5.67314531e+01   0.00000000e+00   8.3396e-02  90.76
 CG2     -5.71704119e+01  -4.38958810e-01   3.2218e-02  31.92
 CG3     -5.71940146e+01  -2.36026626e-02   6.0835e-05  32.33
 CG4     -5.71941530e+01  -1.38414808e-04   2.5799e-05  61.29
 CG5     -5.71960423e+01  -1.88927939e-03   4.7188e-06  39.83
 CG6     -5.71960873e+01  -4.50026015e-05   3.2211e-09  40.19
 CG7     -5.71960878e+01  -5.66297100e-07   1.5769e-09  65.19
 CG8     -5.71960878e+01  -4.62452384e-09   2.6755e-12  39.40
 ----------------------------------------------------------------
              Stress_x             Stress_y             Stress_z 
 ----------------------------------------------------------------
         -2.0416922194         0.0000009764         0.0000067924 
          0.0000009764        -2.0416925029         0.0000069216 
          0.0000067924         0.0000069216        -2.0416922694 
 ----------------------------------------------------------------
 TOTAL-PRESSURE (EXCLUDE KINETIC PART OF IONS): -2.041692 kbar

 TIME STATISTICS
-------------------------------------------------------------------
   CLASS_NAME           NAME         TIME/s  CALLS   AVG/s  PER/%  
-------------------------------------------------------------------
                 total               423.46 15       28.23  100.00 
 Driver          atomic_world        423.46 1        423.46 100.00 
 Relax_Driver    relax_driver        421.74 1        421.74 99.59  
 ESolver_KS      runner              421.57 1        421.57 99.55  
 ESolver_KS_PW   before_scf          9.87   1        9.87   2.33   
 PSIPrepare      initialize_psi      9.87   1        9.87   2.33   
 DiagoIterAssist diag_subspace       64.28  131104   0.00   15.18  
 Operator        hPsi                286.50 6363353  0.00   67.66  
 Operator        veff_pw             279.65 6363353  0.00   66.04  
 PW_Basis_K      recip2real          164.01 9378745  0.00   38.73  
 PW_Basis_K      gathers_copy_pack   9.33   9378745  0.00   2.20   
 PW_Basis_K      gathers_zero_mpi    11.64  9378745  0.00   2.75   
 PW_Basis_K      gathers_copy_unpack 9.24   9378745  0.00   2.18   
 PW_Basis_K      real2recip          122.76 7805497  0.00   28.99  
 PW_Basis_K      gatherp_copy_pack   7.27   7805497  0.00   1.72   
 PW_Basis_K      gatherp_copy_unpack 8.18   7805497  0.00   1.93   
 DiagoIterAssist diag_hegvd          4.87   131104   0.00   1.15   
 ESolver_KS_PW   hamilt2rho_single   400.87 8        50.11  94.67  
 HSolverPW       solve               400.87 8        50.11  94.67  
 HSolverPW       solve_psik          371.98 131104   0.00   87.84  
 DiagoCG         diag_once           313.27 131104   0.00   73.98  
 ElecStatePW     psiToRho            28.36  8        3.54   6.70   
 ESolver_KS_PW   after_scf           10.79  1        10.79  2.55   
 ModuleIO        write_eig_file      10.77  1        10.77  2.54   
-------------------------------------------------------------------


 START  Time  : Thu Aug  6 05:05:40 2026
 FINISH Time  : Thu Aug  6 05:12:43 2026
 TOTAL  Time  : 423
 SEE INFORMATION IN : OUT.g1tlr1_al_v100_extraquarter/
