
                     ▄████▄ █████▄ ▄████▄ ▄█████ ██  ██ ▄█████ 
                     ██▄▄██ ██▄▄██ ██▄▄██ ██     ██  ██ ▀▀▀▄▄▄ 
                     ██  ██ ██▄▄█▀ ██  ██ ▀█████ ▀████▀ █████▀ 

                                                                                     
                                v3.11.0-beta.5

               Atomic-orbital Based Ab-initio Computation at UStc                    

                     Website: http://abacus.ustc.edu.cn/                             
               Documentation: https://abacus.deepmodeling.com/                       
                  Repository: https://github.com/abacusmodeling/abacus-develop       
                              https://github.com/deepmodeling/abacus-develop         
                      Commit: unknown

 Fri Aug  7 11:03:34 2026
 MAKE THE DIR         : OUT.g1tlr4_al_v090_half/
 RUNNING WITH DEVICE  : CPU / Intel(R) Xeon(R) Platinum 8368Q CPU @ 2.60GHz (x2)
 NAME OF ELEMENT      : Al
 DFT FUNC. (PSEUDO)   : PBE
 DFT FUNC. (SET TO)   : XC_GGA_X_PBE+XC_GGA_C_PBE
 MAKE SURE THIS DFT FUNCTIONAL IS WHAT YOU NEED
 UNIFORM GRID DIM     : 24 * 24 * 24
 UNIFORM GRID DIM(BIG): 24 * 24 * 24
 DONE(0.116369   SEC) : SETUP UNITCELL
 DONE(0.863566   SEC) : INIT K-POINTS
 ----------------------------------------------------------------
 Self-consistent calculations for electrons
 ----------------------------------------------------------------
 SPIN    KPOINTS         PROCESSES   THREADS/PROC  THREADS/TOTAL 
 1       10980           4           1             4             
 ----------------------------------------------------------------
 Use plane wave basis
 ----------------------------------------------------------------
 ELEMENT NATOM       
 Al      1           
 ----------------------------------------------------------------
 Initial plane wave basis and FFT box
 ----------------------------------------------------------------
 DONE(0.938724   SEC) : INIT PLANEWAVE
 START CHARGE         : ATOMIC
 DONE(0.947118   SEC) : LOCAL POTENTIAL
not allowed!
i1*i2*i3 must be positive! i1*i2*i3 is 0
i2 must be positive! i2 is 0
i3 must be positive! i3 is 0
 DONE(0.947647   SEC) : NON-LOCAL POTENTIAL
 MEMORY FOR PSI (MB)  : 249.302
 WARNING: init_wfc = atomic requires atomic pseudo wavefunctions(PP_PSWFC),
 but none available. Automatically switch to random initialization.
 DONE(0.948158   SEC) : INIT BASIS

 ================================================================
 SELF-CONSISTENT: 
 ================================================================
 DONE(7.2858     SEC) : INIT SCF
 ITER       ETOT/eV          EDIFF/eV         DRHO     TIME/s
 CG1     -5.67246240e+01   0.00000000e+00   9.3056e-02  59.20
 CG2     -5.71233280e+01  -3.98704020e-01   3.5733e-02  20.47
 CG3     -5.71481619e+01  -2.48339062e-02   5.0088e-05  20.72
 CG4     -5.71481138e+01   4.81238701e-05   1.7106e-05  40.55
 CG5     -5.71495205e+01  -1.40667537e-03   2.0590e-06  26.43
 CG6     -5.71495483e+01  -2.78234193e-05   7.9258e-09  27.23
 CG7     -5.71495486e+01  -3.31255548e-07   2.1838e-09  35.89
 CG8     -5.71495486e+01  -2.63203029e-09   3.4812e-11  22.80
 ----------------------------------------------------------------
              Stress_x             Stress_y             Stress_z 
 ----------------------------------------------------------------
        102.1694716891        -0.0000075539         0.0000013188 
         -0.0000075539       102.1694664372         0.0000084553 
          0.0000013188         0.0000084553       102.1694653916 
 ----------------------------------------------------------------
 TOTAL-PRESSURE (EXCLUDE KINETIC PART OF IONS): 102.169468 kbar

 TIME STATISTICS
-------------------------------------------------------------------
   CLASS_NAME           NAME         TIME/s  CALLS   AVG/s  PER/%  
-------------------------------------------------------------------
                 total               267.58 15       17.84  100.00 
 Driver          atomic_world        267.58 1        267.58 100.00 
 Relax_Driver    relax_driver        266.61 1        266.61 99.64  
 ESolver_KS      runner              266.46 1        266.46 99.58  
 ESolver_KS_PW   before_scf          6.34   1        6.34   2.37   
 PSIPrepare      initialize_psi      6.33   1        6.33   2.37   
 DiagoIterAssist diag_subspace       41.24  87840    0.00   15.41  
 Operator        hPsi                174.22 4133542  0.00   65.11  
 Operator        veff_pw             170.09 4133542  0.00   63.57  
 PW_Basis_K      recip2real          102.50 6153862  0.00   38.31  
 PW_Basis_K      gathers_copy_pack   5.74   6153862  0.00   2.15   
 PW_Basis_K      gathers_zero_mpi    7.62   6153862  0.00   2.85   
 PW_Basis_K      gathers_copy_unpack 5.65   6153862  0.00   2.11   
 PW_Basis_K      real2recip          74.79  5099782  0.00   27.95  
 PW_Basis_K      gatherp_copy_pack   4.45   5099782  0.00   1.66   
 PW_Basis_K      gatherp_copy_unpack 4.50   5099782  0.00   1.68   
 DiagoIterAssist diag_hegvd          3.13   87840    0.00   1.17   
 ESolver_KS_PW   hamilt2rho_single   253.25 8        31.66  94.64  
 HSolverPW       solve               253.25 8        31.66  94.64  
 HSolverPW       solve_psik          234.24 87840    0.00   87.54  
 DiagoCG         diag_once           196.74 87840    0.00   73.53  
 ElecStatePW     psiToRho            18.64  8        2.33   6.97   
 ESolver_KS_PW   after_scf           6.83   1        6.83   2.55   
 ModuleIO        write_eig_file      6.82   1        6.82   2.55   
-------------------------------------------------------------------


 START  Time  : Fri Aug  7 11:03:34 2026
 FINISH Time  : Fri Aug  7 11:08:01 2026
 TOTAL  Time  : 267
 SEE INFORMATION IN : OUT.g1tlr4_al_v090_half/
