                                                                                     
                              ABACUS v3.11.0-beta.5

               Atomic-orbital Based Ab-initio Computation at UStc                    

                     Website: http://abacus.ustc.edu.cn/                             
               Documentation: https://abacus.deepmodeling.com/                       
                  Repository: https://github.com/abacusmodeling/abacus-develop       
                              https://github.com/deepmodeling/abacus-develop         
                      Commit: unknown

    Start Time is Wed Aug  5 14:33:13 2026
                                                                                     
 ------------------------------------------------------------------------------------

 READING GENERAL INFORMATION
                           global_out_dir = OUT.s1_mg_ofdft_ecut060/
                           global_in_card = INPUT
                               pseudo_dir = ./
                              orbital_dir = 
                                    DRANK = 1
                                    DSIZE = 4
                                   DCOLOR = 1
                                    GRANK = 1
                                    GSIZE = 1


 >>>>>>>>>>>>>>>>>>>>>>>>>>>>>>>>>>>>>>>>>>>>>>>>>>>>>>>>>>>>>>>>>>>>>>
 |                                                                    |
 |                        #Setup Unitcell#                            |
 | From the input file and the structure file we know the number of   |
 | different elments in this unitcell, then we list the detail        |
 | information for each element, especially the zeta and polar atomic |
 | orbital number for each element. The total atom number is counted. |
 | We calculate the nearest atom distance for each atom and show the  |
 | Cartesian and Direct coordinates for each atom. We list the file   |
 | address for atomic orbitals. The volume and the lattice vectors    |
 | in real and reciprocal space is also shown.                        |
 |                                                                    |
 <<<<<<<<<<<<<<<<<<<<<<<<<<<<<<<<<<<<<<<<<<<<<<<<<<<<<<<<<<<<<<<<<<<<<<

 READING UNITCELL INFORMATION
                       Number of elements = 1
                  Lattice constant (Bohr) = 1.88973
              Lattice constant (Angstrom) = 1

 READING ATOM TYPE 1
                               Atom label = Mg
                      L=0, number of zeta = 1
                      L=1, number of zeta = 1
                      L=2, number of zeta = 1
            Number of atoms for this type = 2

                        TOTAL ATOM NUMBER = 2

 DIRECT COORDINATES
 atom                  x                  y                  z     mag
   Mg     0.000000000000     0.000000000000     0.000000000000  0.0000
   Mg     0.666666666666     0.333333333334     0.500000000000  0.0000

 ATOMIC VELOCITIES
 atom                 vx                 vy                 vz
   Mg                  0                  0                  0
   Mg                  0                  0                  0

                     Cell volume (Bohr^3) = 313.675
                        Cell volume (A^3) = 46.4817

 Lattice vectors: (Cartesian coordinate: in unit of a_0)
              +3.2094                  +0                  +0
              -1.6047            +2.77942                  +0
                   +0                  +0             +5.2108
 Reciprocal vectors: (Cartesian coordinate: in unit of 2 pi/a_0)
            +0.311585           +0.179894                  -0
                   +0           +0.359787                  -0
                   +0                  -0           +0.191909

 #ENERGY SOLVER# ofdft
 RUNNING WITH DEVICE  : CPU / Intel(R) Xeon(R) Platinum 8368Q CPU @ 2.60GHz (x2)


 >>>>>>>>>>>>>>>>>>>>>>>>>>>>>>>>>>>>>>>>>>>>>>>>>>>>>>>>>>>>>>>>>>>>>>
 |                                                                    |
 |                 #Read Pseudopotentials Files#                      |
 | ABACUS supports norm-conserving (NC) pseudopotentials for both     |
 | plane wave basis and numerical atomic orbital basis sets.          |
 | In addition, ABACUS supports ultrasoft pseudopotentials (USPP)     |
 | for plane wave basis set.                                          |
 |                                                                    |
 <<<<<<<<<<<<<<<<<<<<<<<<<<<<<<<<<<<<<<<<<<<<<<<<<<<<<<<<<<<<<<<<<<<<<<

                PAO radial cut off (Bohr) = 16

                     Pseudopotential file = mg.lda.lps
                     Pseudopotential type = 
          Exchange-correlation functional = PZ
                 Nonlocal core correction = 0
                        Valence electrons = 2
                                     Lmax = 0
                           Number of zeta = 0
                     Number of projectors = 0
                    DFT functional set to = XC_LDA_X+XC_LDA_C_PZ
         Number of pseudo atomic orbitals = 0
            Electron number of element Mg = 2
      Total electron number of element Mg = 4
          Autoset the number of electrons = 4
               Occupied electronic states = 2
     Number of electronic states (NBANDS) = 12


 >>>>>>>>>>>>>>>>>>>>>>>>>>>>>>>>>>>>>>>>>>>>>>>>>>>>>>>>>>>>>>>>>>>>>>
 |                                                                    |
 |           #Setup Plane Waves of Charge/Potential#                  |
 | Use the kinetic energy cutoff and the lattice vectors to generate  |
 | the dimensions of FFT grid, which is used to represent the charge  |
 | density or potential. If USPP is used, a double grid technique     |
 | is applied.                                                        |
 |                                                                    |
 <<<<<<<<<<<<<<<<<<<<<<<<<<<<<<<<<<<<<<<<<<<<<<<<<<<<<<<<<<<<<<<<<<<<<

 SETUP PLANE WAVES FOR CHARGE/POTENTIAL
  Energy cutoff for charge/potential (Ry) = 240
            FFT grid for charge/potential = [ 30, 30, 50 ]
           Number of FFT grids this proc. = 11700
                Division for big FFT grid = [ 1, 1, 1 ]
      FFT (big) grid for charge/potential = [ 30, 30, 50 ]
     Number of FFT (big) grids this proc. = 11700
                    Number of plane waves = 45000
        Number of sticks on FFT x-y plane = 900

 PARALLEL PW FOR CHARGE/POTENTIAL
     PROC   COLUMNS(POT)             PW
        1            225          11250
        2            225          11250
        3            225          11250
        4            225          11250
 --------------- SUM -------------------
        4            900          45000

                            Number of |g| = 2210
                                  Max |g| = 99.2623
                                  Min |g| = 0.129447
 DONE : SETUP UNITCELL Time : 0.0277637 (SEC)


 >>>>>>>>>>>>>>>>>>>>>>>>>>>>>>>>>>>>>>>>>>>>>>>>>>>>>>>>>>>>>>>>>>>>>>
 |                                                                    |
 |                       #Setup K-points#                             |
 | We setup the k-points according to input parameters.               |
 | The reduced k-points are set according to symmetry operations.     |
 | We treat the spin as another set of k-points.                      |
 |                                                                    |
 <<<<<<<<<<<<<<<<<<<<<<<<<<<<<<<<<<<<<<<<<<<<<<<<<<<<<<<<<<<<<<<<<<<<<<


 SETUP K-POINTS
                                    nspin = 1
                   Input type of k points = Monkhorst-Pack(Gamma)
                                   nkstot = 1
           Number of irreducible k-points = 1

 K-POINTS REDUCTION ACCORDING TO SYMMETRY
     IBZ    DIRECT_X    DIRECT_Y    DIRECT_Z  WEIGHT  ibz2bz
       1  0.00000000  0.00000000  0.00000000  1.0000       0

                               nkstot now = 1
 K-POINTS DIRECT COORDINATES
 KPOINTS    DIRECT_X    DIRECT_Y    DIRECT_Z  WEIGHT
       1  0.00000000  0.00000000  0.00000000  1.0000


       Number of k-points in this process = 1
       Minimum distributed k-point number = 1

 K-POINTS CARTESIAN COORDINATES
 KPOINTS CARTESIAN_X CARTESIAN_Y CARTESIAN_Z  WEIGHT
       1  0.00000000  0.00000000  0.00000000  2.0000


 K-POINTS DIRECT COORDINATES
 KPOINTS    DIRECT_X    DIRECT_Y    DIRECT_Z  WEIGHT
       1  0.00000000  0.00000000  0.00000000  2.0000

 DONE : INIT K-POINTS Time : 0.0334382 (SEC)

 Libxc v7.0.0
	S. Lehtola, C. Steigemann, M. J.T. Oliveira, and M. A.L. Marques.,  SoftwareX 7, 1–5 (2018)
 XC: Slater exchange
	P. A. M. Dirac.,  Math. Proc. Cambridge Philos. Soc. 26, 376 (1930)
	F. Bloch.,  Z. Phys. 57, 545 (1929)
 XC: Perdew & Zunger
	J. P. Perdew and A. Zunger.,  Phys. Rev. B 23, 5048 (1981)

 DONE : SETUP UNITCELL Time : 0.0348699 (SEC)

                                 init_chg = atomic
 DONE : LOCAL POTENTIAL Time : 0.162667 (SEC)

 DONE : INIT POTENTIAL Time : 0.167118 (SEC)

 DONE : INIT KEDF Time : 0.167239 (SEC)

 DONE : INIT OPTIMIZATION Time : 0.167249 (SEC)

 DONE : INIT PHI Time : 0.167258 (SEC)

 ================================================================
 SELF-CONSISTENT
 ================================================================

Iter0: the norm of potential is 0.119903041322
----------------------------------------------------------------
        Energy              Rydberg                 eV          
----------------------------------------------------------------
              E_Total      -3.434752434206     -46.732204324572 
              E_Fermi       0.293592546946       3.994531528800 
----------------------------------------------------------------


Iter1: the norm of potential is 0.0833819114557
----------------------------------------------------------------
        Energy              Rydberg                 eV          
----------------------------------------------------------------
              E_Total      -3.611934753734     -49.142893455008 
              E_Fermi       0.246698717718       3.356508250257 
----------------------------------------------------------------


Iter2: the norm of potential is 0.00761538831825
----------------------------------------------------------------
        Energy              Rydberg                 eV          
----------------------------------------------------------------
              E_Total      -3.621450177912     -49.272357442723 
              E_Fermi       0.244578809579       3.327665420329 
----------------------------------------------------------------


Iter3: the norm of potential is 0.00298492514723
----------------------------------------------------------------
        Energy              Rydberg                 eV          
----------------------------------------------------------------
              E_Total      -3.621530659022     -49.273452444388 
              E_Fermi       0.244582478570       3.327715339517 
----------------------------------------------------------------


Iter4: the norm of potential is 0.00186308045806
----------------------------------------------------------------
        Energy              Rydberg                 eV          
----------------------------------------------------------------
              E_Total      -3.621544973208     -49.273647198887 
              E_Fermi       0.244587555580       3.327784415773 
----------------------------------------------------------------


Iter5: the norm of potential is 0.000167992909665
----------------------------------------------------------------
        Energy              Rydberg                 eV          
----------------------------------------------------------------
              E_Total      -3.621550249907     -49.273718992061 
              E_Fermi       0.244595793391       3.327896496947 
----------------------------------------------------------------


Iter6: the norm of potential is 5.94187388912e-05
----------------------------------------------------------------
        Energy              Rydberg                 eV          
----------------------------------------------------------------
              E_Total      -3.621550269002     -49.273719251864 
              E_Fermi       0.244595126080       3.327887417721 
----------------------------------------------------------------


Iter7: the norm of potential is 3.90303439302e-05
----------------------------------------------------------------
        Energy              Rydberg                 eV          
----------------------------------------------------------------
              E_Total      -3.621550273941     -49.273719319062 
              E_Fermi       0.244594962480       3.327885191819 
----------------------------------------------------------------


Iter8: the norm of potential is 3.49856361001e-06
----------------------------------------------------------------
        Energy              Rydberg                 eV          
----------------------------------------------------------------
              E_Total      -3.621550277997     -49.273719374250 
              E_Fermi       0.244594631372       3.327880686865 
----------------------------------------------------------------


Iter9: the norm of potential is 7.07266895342e-07
----------------------------------------------------------------
        Energy              Rydberg                 eV          
----------------------------------------------------------------
              E_Total      -3.621550278019     -49.273719374548 
              E_Fermi       0.244594659249       3.327881066148 
----------------------------------------------------------------

 #SCF IS CONVERGED#
 #TOTAL ENERGY# -49.273719375 eV



 #TOTAL-FORCE (eV/Angstrom)#
 -------------------------------------------------------------------------
     Atoms              Force_x              Force_y              Force_z 
 -------------------------------------------------------------------------
       Mg1         0.0000000000         0.0000000000         0.0000000000 
       Mg2         0.0000000000         0.0000000000         0.0000000000 
 -------------------------------------------------------------------------

 #TOTAL-STRESS (kbar)#
 ----------------------------------------------------------------
              Stress_x             Stress_y             Stress_z 
 ----------------------------------------------------------------
        -27.3431301229        -0.0000002474         0.0000000006 
         -0.0000002474       -27.3431304085         0.0000000011 
          0.0000000006         0.0000000011       -24.9004097742 
 ----------------------------------------------------------------
 #TOTAL-PRESSURE# (EXCLUDE KINETIC PART OF IONS): -26.528890 kbar

 --------------------------------------------
 !FINAL_ETOT_IS -49.2737193745481008 eV
 --------------------------------------------



 TIME STATISTICS
-----------------------------------------------------------------------
     CLASS_NAME             NAME         TIME/s  CALLS   AVG/s  PER/%  
-----------------------------------------------------------------------
                     total               1.40   17       0.08   100.00 
 Driver              atomic_world        1.40   1        1.40   100.00 
 Charge              atomic_rho          0.13   2        0.07   9.49   
 PW_Basis_Sup        recip2real          0.18   1020     0.00   12.84  
 PW_Basis_Sup        recip2real_copy_g   0.02   1020     0.00   1.41   
 ppcell_vl           init_vloc           0.04   1        0.04   3.20   
 Potential           cal_veff            0.40   254      0.00   28.85  
 H_Hartree_pw        v_hartree           0.09   254      0.00   6.67   
 PW_Basis_Sup        real2recip          0.17   1016     0.00   11.95  
 PW_Basis_Sup        gatherp_copy_unpack 0.02   1016     0.00   1.27   
 PotXC               cal_veff            0.31   254      0.00   21.94  
 XC_Functional_Libxc v_xc_libxc          0.31   254      0.00   21.86  
 Libxc               xc_lda/gga_exc_vxc  0.27   508      0.00   19.20  
 Relax_Driver        relax_driver        1.23   1        1.23   88.02  
 ESolver_OF          runner              1.14   1        1.14   81.08  
 KEDF_Manager        get_potential       0.65   252      0.00   46.35  
 KEDF_TF             tf_potential        0.10   252      0.00   6.89   
 KEDF_WT             wt_potential        0.44   252      0.00   31.42  
 KEDF_vW             vw_potential        0.11   252      0.00   7.91   
 ESolver_OF          after_opt           0.05   1        0.05   3.57   
 OF_Stress_PW        cal_stress          0.09   1        0.09   6.66   
 Stress              stress_loc          0.09   1        0.09   6.57   
-----------------------------------------------------------------------


 NAME-------------------------|MEMORY(MB)------------------
                         total         5.8635
 -------------   < 1.0 MB has been ignored ----------------
 ----------------------------------------------------------

 Start  Time  : Wed Aug  5 14:33:13 2026
 Finish Time  : Wed Aug  5 14:33:15 2026
 Total  Time  : 0 h 0 mins 2 secs 
