
                     ▄████▄ █████▄ ▄████▄ ▄█████ ██  ██ ▄█████ 
                     ██▄▄██ ██▄▄██ ██▄▄██ ██     ██  ██ ▀▀▀▄▄▄ 
                     ██  ██ ██▄▄█▀ ██  ██ ▀█████ ▀████▀ █████▀ 

                                                                                     
                                v3.11.0-beta.5

               Atomic-orbital Based Ab-initio Computation at UStc                    

                     Website: http://abacus.ustc.edu.cn/                             
               Documentation: https://abacus.deepmodeling.com/                       
                  Repository: https://github.com/abacusmodeling/abacus-develop       
                              https://github.com/deepmodeling/abacus-develop         
                      Commit: unknown

 Wed Aug  5 17:10:51 2026
 MAKE THE DIR         : OUT.s1_mg_v097_ksdft_half/
 RUNNING WITH DEVICE  : CPU / Intel(R) Xeon(R) Platinum 8368Q CPU @ 2.60GHz (x2)
 NAME OF ELEMENT      : Mg
 DFT FUNC. (PSEUDO)   : PZ
 DFT FUNC. (SET TO)   : XC_LDA_X+XC_LDA_C_PZ
 MAKE SURE THIS DFT FUNCTIONAL IS WHAT YOU NEED
 UNIFORM GRID DIM     : 25 * 25 * 40
 UNIFORM GRID DIM(BIG): 25 * 25 * 40
 DONE(0.0414483  SEC) : SETUP UNITCELL
 DONE(0.111333   SEC) : INIT K-POINTS
 ----------------------------------------------------------------
 Self-consistent calculations for electrons
 ----------------------------------------------------------------
 SPIN    KPOINTS         PROCESSES   THREADS/PROC  THREADS/TOTAL 
 1       2404            4           1             4             
 ----------------------------------------------------------------
 Use plane wave basis
 ----------------------------------------------------------------
 ELEMENT NATOM       
 Mg      2           
 ----------------------------------------------------------------
 Initial plane wave basis and FFT box
 ----------------------------------------------------------------
 DONE(0.156325   SEC) : INIT PLANEWAVE
 START CHARGE         : ATOMIC
 DONE(0.177698   SEC) : LOCAL POTENTIAL
not allowed!
i1*i2*i3 must be positive! i1*i2*i3 is 0
i2 must be positive! i2 is 0
i3 must be positive! i3 is 0
 DONE(0.177732   SEC) : NON-LOCAL POTENTIAL
 MEMORY FOR PSI (MB)  : 150.984
 WARNING: init_wfc = atomic requires atomic pseudo wavefunctions(PP_PSWFC),
 but none available. Automatically switch to random initialization.
 DONE(0.177765   SEC) : INIT BASIS

 ================================================================
 SELF-CONSISTENT: 
 ================================================================
 DONE(3.19232    SEC) : INIT SCF
 ITER       ETOT/eV          EDIFF/eV         DRHO     TIME/s
 CG1     -4.90733486e+01   0.00000000e+00   9.3111e-02  24.24
 CG2     -4.93159847e+01  -2.42636124e-01   3.7546e-02   9.20
 CG3     -4.93270152e+01  -1.10305127e-02   3.9074e-05   8.79
 CG4     -4.93294812e+01  -2.46594982e-03   7.9790e-06  18.43
 CG5     -4.93295068e+01  -2.56159346e-05   3.4413e-07   9.84
 CG6     -4.93295088e+01  -1.94224467e-06   2.0891e-08  11.96
 CG7     -4.93295089e+01  -1.07876155e-07   2.7277e-09  11.08
 CG8     -4.93295089e+01  -1.14057425e-08   3.4297e-10  10.50
 CG9     -4.93295089e+01  -9.00152522e-10   3.3034e-12  10.79
 ----------------------------------------------------------------
              Stress_x             Stress_y             Stress_z 
 ----------------------------------------------------------------
        -23.1504440892        -0.0000001494        -0.0000003956 
         -0.0000001494       -23.1504439665        -0.0000000548 
         -0.0000003956        -0.0000000548       -17.2663916047 
 ----------------------------------------------------------------
 TOTAL-PRESSURE (EXCLUDE KINETIC PART OF IONS): -21.189093 kbar

 TIME STATISTICS
-------------------------------------------------------------------
   CLASS_NAME           NAME         TIME/s  CALLS   AVG/s  PER/%  
-------------------------------------------------------------------
                 total               118.19 15       7.88   100.00 
 Driver          atomic_world        118.19 1        118.19 100.00 
 Relax_Driver    relax_driver        118.01 1        118.01 99.84  
 ESolver_KS      runner              117.90 1        117.90 99.75  
 ESolver_KS_PW   before_scf          3.01   1        3.01   2.55   
 PSIPrepare      initialize_psi      3.01   1        3.01   2.55   
 DiagoIterAssist diag_subspace       20.57  21636    0.00   17.40  
 Operator        hPsi                87.71  966362   0.00   74.21  
 Operator        veff_pw             86.50  966362   0.00   73.19  
 PW_Basis_K      recip2real          52.54  1463990  0.00   44.45  
 PW_Basis_K      gathers_copy_pack   2.19   1463990  0.00   1.85   
 PW_Basis_K      gathers_zero_mpi    4.23   1463990  0.00   3.58   
 PW_Basis_K      gathers_copy_unpack 2.21   1463990  0.00   1.87   
 PW_Basis_K      real2recip          39.30  1204358  0.00   33.25  
 PW_Basis_K      gatherp_copy_pack   1.76   1204358  0.00   1.49   
 PW_Basis_K      gatherp_copy_unpack 3.06   1204358  0.00   2.59   
 ESolver_KS_PW   hamilt2rho_single   114.81 9        12.76  97.14  
 HSolverPW       solve               114.81 9        12.76  97.14  
 HSolverPW       solve_psik          104.72 21636    0.00   88.60  
 DiagoCG         diag_once           85.77  21636    0.00   72.57  
 ElecStatePW     psiToRho            9.92   9        1.10   8.39   
-------------------------------------------------------------------


 START  Time  : Wed Aug  5 17:10:51 2026
 FINISH Time  : Wed Aug  5 17:12:49 2026
 TOTAL  Time  : 118
 SEE INFORMATION IN : OUT.s1_mg_v097_ksdft_half/
