                                                                                     
                              ABACUS v3.11.0-beta.5

               Atomic-orbital Based Ab-initio Computation at UStc                    

                     Website: http://abacus.ustc.edu.cn/                             
               Documentation: https://abacus.deepmodeling.com/                       
                  Repository: https://github.com/abacusmodeling/abacus-develop       
                              https://github.com/deepmodeling/abacus-develop         
                      Commit: unknown

    Start Time is Wed Aug  5 16:37:24 2026
                                                                                     
 ------------------------------------------------------------------------------------

 READING GENERAL INFORMATION
                           global_out_dir = OUT.g1_ne_121_from_029/
                           global_in_card = INPUT
                               pseudo_dir = ./
                              orbital_dir = 
                                    DRANK = 1
                                    DSIZE = 4
                                   DCOLOR = 1
                                    GRANK = 1
                                    GSIZE = 1


 >>>>>>>>>>>>>>>>>>>>>>>>>>>>>>>>>>>>>>>>>>>>>>>>>>>>>>>>>>>>>>>>>>>>>>
 |                                                                    |
 |                        #Setup Unitcell#                            |
 | From the input file and the structure file we know the number of   |
 | different elments in this unitcell, then we list the detail        |
 | information for each element, especially the zeta and polar atomic |
 | orbital number for each element. The total atom number is counted. |
 | We calculate the nearest atom distance for each atom and show the  |
 | Cartesian and Direct coordinates for each atom. We list the file   |
 | address for atomic orbitals. The volume and the lattice vectors    |
 | in real and reciprocal space is also shown.                        |
 |                                                                    |
 <<<<<<<<<<<<<<<<<<<<<<<<<<<<<<<<<<<<<<<<<<<<<<<<<<<<<<<<<<<<<<<<<<<<<<

 READING UNITCELL INFORMATION
                       Number of elements = 1
                  Lattice constant (Bohr) = 1.88973
              Lattice constant (Angstrom) = 1

 READING ATOM TYPE 1
                               Atom label = Al
                      L=0, number of zeta = 1
                      L=1, number of zeta = 1
                      L=2, number of zeta = 1
            Number of atoms for this type = 1

                        TOTAL ATOM NUMBER = 1

 DIRECT COORDINATES
 atom                  x                  y                  z     mag
   Al     0.000000000000     0.000000000000     0.000000000000  0.0000

 ATOMIC VELOCITIES
 atom                 vx                 vy                 vz
   Al                  0                  0                  0

                     Cell volume (Bohr^3) = 100.866
                        Cell volume (A^3) = 14.9468

 Lattice vectors: (Cartesian coordinate: in unit of a_0)
                   +0            +1.95512            +1.95512
             +1.95512                  +0            +1.95512
             +1.95512            +1.95512                  +0
 Reciprocal vectors: (Cartesian coordinate: in unit of 2 pi/a_0)
            -0.255739           +0.255739           +0.255739
            +0.255739           -0.255739           +0.255739
            +0.255739           +0.255739           -0.255739

 #ENERGY SOLVER# ofdft
 RUNNING WITH DEVICE  : CPU / Intel(R) Xeon(R) Platinum 8368Q CPU @ 2.60GHz (x2)


 >>>>>>>>>>>>>>>>>>>>>>>>>>>>>>>>>>>>>>>>>>>>>>>>>>>>>>>>>>>>>>>>>>>>>>
 |                                                                    |
 |                 #Read Pseudopotentials Files#                      |
 | ABACUS supports norm-conserving (NC) pseudopotentials for both     |
 | plane wave basis and numerical atomic orbital basis sets.          |
 | In addition, ABACUS supports ultrasoft pseudopotentials (USPP)     |
 | for plane wave basis set.                                          |
 |                                                                    |
 <<<<<<<<<<<<<<<<<<<<<<<<<<<<<<<<<<<<<<<<<<<<<<<<<<<<<<<<<<<<<<<<<<<<<<

                PAO radial cut off (Bohr) = 16

                     Pseudopotential file = al.gga.psp
                     Pseudopotential type = 
          Exchange-correlation functional = PBE
                 Nonlocal core correction = 0
                        Valence electrons = 3
                                     Lmax = 0
                           Number of zeta = 0
                     Number of projectors = 0
                    DFT functional set to = XC_GGA_X_PBE+XC_GGA_C_PBE
         Number of pseudo atomic orbitals = 0
            Electron number of element Al = 3
      Total electron number of element Al = 3
          Autoset the number of electrons = 3
               Occupied electronic states = 2
     Number of electronic states (NBANDS) = 12


 >>>>>>>>>>>>>>>>>>>>>>>>>>>>>>>>>>>>>>>>>>>>>>>>>>>>>>>>>>>>>>>>>>>>>>
 |                                                                    |
 |           #Setup Plane Waves of Charge/Potential#                  |
 | Use the kinetic energy cutoff and the lattice vectors to generate  |
 | the dimensions of FFT grid, which is used to represent the charge  |
 | density or potential. If USPP is used, a double grid technique     |
 | is applied.                                                        |
 |                                                                    |
 <<<<<<<<<<<<<<<<<<<<<<<<<<<<<<<<<<<<<<<<<<<<<<<<<<<<<<<<<<<<<<<<<<<<<

 SETUP PLANE WAVES FOR CHARGE/POTENTIAL
  Energy cutoff for charge/potential (Ry) = 80
            FFT grid for charge/potential = [ 15, 15, 15 ]
           Number of FFT grids this proc. = 900
                Division for big FFT grid = [ 1, 1, 1 ]
      FFT (big) grid for charge/potential = [ 15, 15, 15 ]
     Number of FFT (big) grids this proc. = 900
                    Number of plane waves = 3375
        Number of sticks on FFT x-y plane = 225

 PARALLEL PW FOR CHARGE/POTENTIAL
     PROC   COLUMNS(POT)             PW
        1             56            840
        2             56            840
        3             57            855
        4             56            840
 --------------- SUM -------------------
        4            225           3375

                            Number of |g| = 115
                                  Max |g| = 35.252
                                  Min |g| = 0
 DONE : SETUP UNITCELL Time : 0.105815 (SEC)


 >>>>>>>>>>>>>>>>>>>>>>>>>>>>>>>>>>>>>>>>>>>>>>>>>>>>>>>>>>>>>>>>>>>>>>
 |                                                                    |
 |                       #Setup K-points#                             |
 | We setup the k-points according to input parameters.               |
 | The reduced k-points are set according to symmetry operations.     |
 | We treat the spin as another set of k-points.                      |
 |                                                                    |
 <<<<<<<<<<<<<<<<<<<<<<<<<<<<<<<<<<<<<<<<<<<<<<<<<<<<<<<<<<<<<<<<<<<<<<


 SETUP K-POINTS
                                    nspin = 1
                   Input type of k points = Monkhorst-Pack(Gamma)
                                   nkstot = 1
           Number of irreducible k-points = 1

 K-POINTS REDUCTION ACCORDING TO SYMMETRY
     IBZ    DIRECT_X    DIRECT_Y    DIRECT_Z  WEIGHT  ibz2bz
       1  0.00000000  0.00000000  0.00000000  1.0000       0

                               nkstot now = 1
 K-POINTS DIRECT COORDINATES
 KPOINTS    DIRECT_X    DIRECT_Y    DIRECT_Z  WEIGHT
       1  0.00000000  0.00000000  0.00000000  1.0000


       Number of k-points in this process = 1
       Minimum distributed k-point number = 1

 K-POINTS CARTESIAN COORDINATES
 KPOINTS CARTESIAN_X CARTESIAN_Y CARTESIAN_Z  WEIGHT
       1  0.00000000  0.00000000  0.00000000  2.0000


 K-POINTS DIRECT COORDINATES
 KPOINTS    DIRECT_X    DIRECT_Y    DIRECT_Z  WEIGHT
       1  0.00000000  0.00000000  0.00000000  2.0000

 DONE : INIT K-POINTS Time : 0.108292 (SEC)

 Libxc v7.0.0
	S. Lehtola, C. Steigemann, M. J.T. Oliveira, and M. A.L. Marques.,  SoftwareX 7, 1–5 (2018)
 XC: Perdew, Burke & Ernzerhof
	J. P. Perdew, K. Burke, and M. Ernzerhof.,  Phys. Rev. Lett. 77, 3865 (1996)
	J. P. Perdew, K. Burke, and M. Ernzerhof.,  Phys. Rev. Lett. 78, 1396 (1997)
 XC: Perdew, Burke & Ernzerhof
	J. P. Perdew, K. Burke, and M. Ernzerhof.,  Phys. Rev. Lett. 77, 3865 (1996)
	J. P. Perdew, K. Burke, and M. Ernzerhof.,  Phys. Rev. Lett. 78, 1396 (1997)

 DONE : SETUP UNITCELL Time : 0.109838 (SEC)

                                 init_chg = atomic
 DONE : LOCAL POTENTIAL Time : 0.127806 (SEC)

 DONE : INIT POTENTIAL Time : 0.130445 (SEC)

 DONE : INIT KEDF Time : 0.130733 (SEC)

 DONE : INIT OPTIMIZATION Time : 0.130938 (SEC)

 DONE : INIT PHI Time : 0.131136 (SEC)

 ================================================================
 SELF-CONSISTENT
 ================================================================

Iter0: the norm of potential is 0.234893334053
----------------------------------------------------------------
        Energy              Rydberg                 eV          
----------------------------------------------------------------
              E_Total      -4.013257477448     -54.603169234393 
              E_Fermi       0.725160271538       9.866311656140 
----------------------------------------------------------------


Iter1: the norm of potential is 0.277068493039
----------------------------------------------------------------
        Energy              Rydberg                 eV          
----------------------------------------------------------------
              E_Total      -4.096348156344     -55.733675918079 
              E_Fermi       0.694780834455       9.452978209781 
----------------------------------------------------------------


Iter2: the norm of potential is 0.278853079197
----------------------------------------------------------------
        Energy              Rydberg                 eV          
----------------------------------------------------------------
              E_Total      -4.101424084231     -55.802737459977 
              E_Fermi       0.693625053565       9.437253004039 
----------------------------------------------------------------


Iter3: the norm of potential is 0.24001163792
----------------------------------------------------------------
        Energy              Rydberg                 eV          
----------------------------------------------------------------
              E_Total      -4.151550367514     -56.484740532182 
              E_Fermi       0.675964714278       9.196971761121 
----------------------------------------------------------------


Iter4: the norm of potential is 0.0359519375378
----------------------------------------------------------------
        Energy              Rydberg                 eV          
----------------------------------------------------------------
              E_Total      -4.197574400459     -57.110929625171 
              E_Fermi       0.660309711145       8.983974516308 
----------------------------------------------------------------


Iter5: the norm of potential is 0.00553878606952
----------------------------------------------------------------
        Energy              Rydberg                 eV          
----------------------------------------------------------------
              E_Total      -4.198456495789     -57.122931147843 
              E_Fermi       0.659920591891       8.978680277254 
----------------------------------------------------------------


Iter6: the norm of potential is 0.000829893665616
----------------------------------------------------------------
        Energy              Rydberg                 eV          
----------------------------------------------------------------
              E_Total      -4.198481940394     -57.123277339452 
              E_Fermi       0.659880002286       8.978128027344 
----------------------------------------------------------------


Iter7: the norm of potential is 0.000370282218688
----------------------------------------------------------------
        Energy              Rydberg                 eV          
----------------------------------------------------------------
              E_Total      -4.198482461600     -57.123284430830 
              E_Fermi       0.659873776059       8.978043315184 
----------------------------------------------------------------


Iter8: the norm of potential is 5.46504374289e-05
----------------------------------------------------------------
        Energy              Rydberg                 eV          
----------------------------------------------------------------
              E_Total      -4.198482550257     -57.123285637064 
              E_Fermi       0.659870807915       8.978002931514 
----------------------------------------------------------------


Iter9: the norm of potential is 7.85852417813e-06
----------------------------------------------------------------
        Energy              Rydberg                 eV          
----------------------------------------------------------------
              E_Total      -4.198482552235     -57.123285663975 
              E_Fermi       0.659870308023       8.977996130134 
----------------------------------------------------------------


Iter10: the norm of potential is 1.13504985152e-06
----------------------------------------------------------------
        Energy              Rydberg                 eV          
----------------------------------------------------------------
              E_Total      -4.198482552279     -57.123285664573 
              E_Fermi       0.659870251637       8.977995362961 
----------------------------------------------------------------


Iter11: the norm of potential is 1.6889343617e-07
----------------------------------------------------------------
        Energy              Rydberg                 eV          
----------------------------------------------------------------
              E_Total      -4.198482552280     -57.123285664585 
              E_Fermi       0.659870243540       8.977995252790 
----------------------------------------------------------------

 #SCF IS CONVERGED#
 #TOTAL ENERGY# -57.123285665 eV
 Write data to file: OUT.g1_ne_121_from_029/chg.cube



 #TOTAL-FORCE (eV/Angstrom)#
 -------------------------------------------------------------------------
     Atoms              Force_x              Force_y              Force_z 
 -------------------------------------------------------------------------
       Al1         0.0000000000         0.0000000000         0.0000000000 
 -------------------------------------------------------------------------

 #TOTAL-STRESS (kbar)#
 ----------------------------------------------------------------
              Stress_x             Stress_y             Stress_z 
 ----------------------------------------------------------------
        118.5232365563         0.0004181369         0.0004181369 
          0.0004181369       118.5232365458         0.0004181499 
          0.0004181369         0.0004181499       118.5232365458 
 ----------------------------------------------------------------
 #TOTAL-PRESSURE# (EXCLUDE KINETIC PART OF IONS): 118.523237 kbar

 --------------------------------------------
 !FINAL_ETOT_IS -57.1232856645852323 eV
 --------------------------------------------



 TIME STATISTICS
-----------------------------------------------------------------------
     CLASS_NAME             NAME         TIME/s  CALLS   AVG/s  PER/%  
-----------------------------------------------------------------------
                     total               0.37   17       0.02   100.00 
 Driver              atomic_world        0.37   1        0.37   100.00 
 Driver              reading             0.06   1        0.06   14.96  
 PW_Basis_Sup        setuptransform      0.01   1        0.01   2.51   
 Charge              atomic_rho          0.01   2        0.01   3.44   
 PW_Basis_Sup        recip2real          0.04   1915     0.00   10.63  
 PW_Basis_Sup        recip2real_copy_g   0.01   1915     0.00   1.49   
 ppcell_vl           init_vloc           0.01   1        0.01   2.10   
 Potential           init_pot            0.00   2        0.00   1.20   
 Potential           cal_veff            0.15   212      0.00   41.80  
 H_Hartree_pw        v_hartree           0.01   212      0.00   2.93   
 PW_Basis_Sup        real2recip          0.04   2334     0.00   12.14  
 PW_Basis_Sup        gatherp_copy_unpack 0.00   2334     0.00   1.27   
 PotXC               cal_veff            0.14   212      0.00   38.77  
 XC_Functional_Libxc v_xc_libxc          0.14   212      0.00   38.68  
 Libxc               xc_lda/gga_exc_vxc  0.06   424      0.00   17.30  
 Relax_Driver        relax_driver        0.24   1        0.24   64.26  
 ESolver_OF          runner              0.23   1        0.23   62.35  
 KEDF_Manager        get_potential       0.06   210      0.00   17.59  
 KEDF_TF             tf_potential        0.01   210      0.00   3.02   
 KEDF_WT             wt_potential        0.04   210      0.00   11.87  
 KEDF_vW             vw_potential        0.01   210      0.00   2.62   
 ESolver_OF          after_opt           0.01   1        0.01   1.52   
 OF_Stress_PW        cal_stress          0.01   1        0.01   1.64   
 Stress              stress_loc          0.00   1        0.00   1.19   
-----------------------------------------------------------------------


 NAME-------------------------|MEMORY(MB)------------------
                         total         0.4434
 -------------   < 1.0 MB has been ignored ----------------
 ----------------------------------------------------------

 Start  Time  : Wed Aug  5 16:37:24 2026
 Finish Time  : Wed Aug  5 16:37:24 2026
 Total  Time  : 0 h 0 mins 0 secs 
