
                     ▄████▄ █████▄ ▄████▄ ▄█████ ██  ██ ▄█████ 
                     ██▄▄██ ██▄▄██ ██▄▄██ ██     ██  ██ ▀▀▀▄▄▄ 
                     ██  ██ ██▄▄█▀ ██  ██ ▀█████ ▀████▀ █████▀ 

                                                                                     
                                v3.11.0-beta.5

               Atomic-orbital Based Ab-initio Computation at UStc                    

                     Website: http://abacus.ustc.edu.cn/                             
               Documentation: https://abacus.deepmodeling.com/                       
                  Repository: https://github.com/abacusmodeling/abacus-develop       
                              https://github.com/deepmodeling/abacus-develop         
                      Commit: unknown

 Mon Aug 10 07:47:21 2026
 MAKE THE DIR         : OUT.g1tlr2_al_v106_normal_common/
 RUNNING WITH DEVICE  : CPU / Intel(R) Xeon(R) Platinum 8368Q CPU @ 2.60GHz (x2)
 WARNING: some of potential function is set to zero cause of less than 1e-30.
 UNIFORM GRID DIM     : 24 * 24 * 24
 UNIFORM GRID DIM(BIG): 24 * 24 * 24
 DONE(0.050003   SEC) : SETUP UNITCELL
 DONE(0.744267   SEC) : INIT K-POINTS
 ----------------------------------------------------------------
 Self-consistent calculations for electrons
 ----------------------------------------------------------------
 SPIN    KPOINTS         PROCESSES   THREADS/PROC  THREADS/TOTAL 
 1       10980           4           1             4             
 ----------------------------------------------------------------
 Use plane wave basis
 ----------------------------------------------------------------
 ELEMENT NATOM       
 Al      1           
 ----------------------------------------------------------------
 Initial plane wave basis and FFT box
 ----------------------------------------------------------------
 DONE(0.827118   SEC) : INIT PLANEWAVE
 START CHARGE         : ATOMIC
 DONE(0.834998   SEC) : LOCAL POTENTIAL
 DONE(0.850179   SEC) : NON-LOCAL POTENTIAL
 MEMORY FOR PSI (MB)  : 271.417
 DONE(0.891111   SEC) : INIT BASIS

 ================================================================
 SELF-CONSISTENT: 
 ================================================================
 DONE(8.29624    SEC) : INIT SCF
 ITER       ETOT/eV          EDIFF/eV         DRHO     TIME/s
 CG1     -6.30535149e+01   0.00000000e+00   5.7176e-03 113.44
 CG2     -6.30454550e+01   8.05991438e-03   2.2646e-03  22.63
 CG3     -6.30461253e+01  -6.70344359e-04   1.6919e-06  22.79
 CG4     -6.30462233e+01  -9.79487650e-05   1.3584e-06  53.83
 CG5     -6.30462225e+01   7.94540685e-07   2.6901e-07  22.59
 CG6     -6.30462228e+01  -3.10640298e-07   2.8219e-08  23.02
 CG7     -6.30462228e+01  -9.29128227e-09   2.1601e-09  26.60
 CG8     -6.30462228e+01  -2.31120455e-09   1.8548e-10  29.53
 CG9     -6.30462228e+01  -7.69527418e-10   4.1428e-12  31.52
 ----------------------------------------------------------------
              Stress_x             Stress_y             Stress_z 
 ----------------------------------------------------------------
        -46.0725885490         0.0000009528        -0.0000009678 
          0.0000009528       -46.0725886237        -0.0000001773 
         -0.0000009678        -0.0000001773       -46.0725905287 
 ----------------------------------------------------------------
 TOTAL-PRESSURE (EXCLUDE KINETIC PART OF IONS): -46.072589 kbar

 TIME STATISTICS
-------------------------------------------------------------------
   CLASS_NAME           NAME         TIME/s  CALLS   AVG/s  PER/%  
-------------------------------------------------------------------
                 total               361.37 15       24.09  100.00 
 Driver          atomic_world        361.37 1        361.37 100.00 
 Relax_Driver    relax_driver        360.46 1        360.46 99.75  
 ESolver_KS      runner              353.57 1        353.57 97.84  
 ESolver_KS_PW   before_scf          7.41   1        7.41   2.05   
 PSIPrepare      initialize_psi      7.40   1        7.40   2.05   
 Nonlocal        getvnl              8.14   120780   0.00   2.25   
 pp_cell_vnl     getvnl              8.10   120780   0.00   2.24   
 DiagoIterAssist diag_subspace       49.20  98820    0.00   13.62  
 Operator        hPsi                250.29 4992694  0.00   69.26  
 Operator        veff_pw             211.66 4992694  0.00   58.57  
 PW_Basis_K      recip2real          125.62 7397314  0.00   34.76  
 PW_Basis_K      gathers_copy_pack   6.90   7397314  0.00   1.91   
 PW_Basis_K      gathers_zero_mpi    9.03   7397314  0.00   2.50   
 PW_Basis_K      gathers_copy_unpack 7.22   7397314  0.00   2.00   
 PW_Basis_K      real2recip          92.13  6079714  0.00   25.49  
 PW_Basis_K      gatherp_copy_pack   5.56   6079714  0.00   1.54   
 PW_Basis_K      gatherp_copy_unpack 5.77   6079714  0.00   1.60   
 Operator        nonlocal_pw         33.91  4992694  0.00   9.38   
 Nonlocal        add_nonlocal_pp     13.49  4992694  0.00   3.73   
 ESolver_KS_PW   hamilt2rho_single   345.93 10       34.59  95.73  
 HSolverPW       solve               345.93 10       34.59  95.73  
 HSolverPW       solve_psik          314.85 109800   0.00   87.13  
 DiagoCG         diag_once           269.09 109800   0.00   74.46  
 ElecStatePW     psiToRho            23.23  10       2.32   6.43   
 Stress_PW       cal_stress          5.95   1        5.95   1.65   
 Stress          stress_nl           5.86   1        5.86   1.62   
-------------------------------------------------------------------


 START  Time  : Mon Aug 10 07:47:21 2026
 FINISH Time  : Mon Aug 10 07:53:22 2026
 TOTAL  Time  : 361
 SEE INFORMATION IN : OUT.g1tlr2_al_v106_normal_common/
