
                     ▄████▄ █████▄ ▄████▄ ▄█████ ██  ██ ▄█████ 
                     ██▄▄██ ██▄▄██ ██▄▄██ ██     ██  ██ ▀▀▀▄▄▄ 
                     ██  ██ ██▄▄█▀ ██  ██ ▀█████ ▀████▀ █████▀ 

                                                                                     
                                v3.11.0-beta.5

               Atomic-orbital Based Ab-initio Computation at UStc                    

                     Website: http://abacus.ustc.edu.cn/                             
               Documentation: https://abacus.deepmodeling.com/                       
                  Repository: https://github.com/abacusmodeling/abacus-develop       
                              https://github.com/deepmodeling/abacus-develop         
                      Commit: unknown

 Mon Aug 10 11:03:55 2026
 MAKE THE DIR         : OUT.g1tlfu4_al_v090_high_extra/
 RUNNING WITH DEVICE  : CPU / Intel(R) Xeon(R) Platinum 8368Q CPU @ 2.60GHz (x2)
 WARNING: some of potential function is set to zero cause of less than 1e-30.
 UNIFORM GRID DIM     : 24 * 24 * 24
 UNIFORM GRID DIM(BIG): 24 * 24 * 24
 DONE(0.0704001  SEC) : SETUP UNITCELL
 DONE(1.41661    SEC) : INIT K-POINTS
 ----------------------------------------------------------------
 Self-consistent calculations for electrons
 ----------------------------------------------------------------
 SPIN    KPOINTS         PROCESSES   THREADS/PROC  THREADS/TOTAL 
 1       16388           4           1             4             
 ----------------------------------------------------------------
 Use plane wave basis
 ----------------------------------------------------------------
 ELEMENT NATOM       
 Al      1           
 ----------------------------------------------------------------
 Initial plane wave basis and FFT box
 ----------------------------------------------------------------
 DONE(1.56013    SEC) : INIT PLANEWAVE
 START CHARGE         : ATOMIC
 DONE(1.57108    SEC) : LOCAL POTENTIAL
 DONE(1.58759    SEC) : NON-LOCAL POTENTIAL
 MEMORY FOR PSI (MB)  : 525.128
 DONE(1.63423    SEC) : INIT BASIS

 ================================================================
 SELF-CONSISTENT: 
 ================================================================
 DONE(13.9383    SEC) : INIT SCF
 ITER       ETOT/eV          EDIFF/eV         DRHO     TIME/s
 CG1     -6.30332591e+01   0.00000000e+00   5.7490e-03 181.12
 CG2     -6.30248052e+01   8.45384577e-03   2.2516e-03  36.06
 CG3     -6.30254087e+01  -6.03448234e-04   1.3221e-06  36.29
 CG4     -6.30255054e+01  -9.66835528e-05   1.1834e-06  86.16
 CG5     -6.30255047e+01   6.41305263e-07   1.9949e-07  36.17
 CG6     -6.30255052e+01  -4.49260088e-07   4.1311e-08  36.95
 CG7     -6.30255052e+01  -3.77972340e-09   1.3965e-09  39.44
 CG8     -6.30255052e+01  -1.01240951e-09   4.6248e-10  50.98
 CG9     -6.30255052e+01  -8.55398364e-10   1.5084e-10  42.73
 CG10    -6.30255052e+01  -1.52720015e-09   5.1785e-14  38.30
 ----------------------------------------------------------------
              Stress_x             Stress_y             Stress_z 
 ----------------------------------------------------------------
         92.6563244443        -0.0000007899        -0.0000008154 
         -0.0000007899        92.6563243936         0.0000007472 
         -0.0000008154         0.0000007472        92.6563242196 
 ----------------------------------------------------------------
 TOTAL-PRESSURE (EXCLUDE KINETIC PART OF IONS): 92.656324 kbar

 TIME STATISTICS
-------------------------------------------------------------------
   CLASS_NAME           NAME         TIME/s  CALLS   AVG/s  PER/%  
-------------------------------------------------------------------
                 total               611.44 15       40.76  100.00 
 Driver          atomic_world        611.44 1        611.44 100.00 
 Relax_Driver    relax_driver        609.77 1        609.77 99.73  
 ESolver_KS      runner              596.82 1        596.82 97.61  
 ESolver_KS_PW   before_scf          12.30  1        12.30  2.01   
 PSIPrepare      initialize_psi      12.30  1        12.30  2.01   
 Nonlocal        getvnl              16.57  196656   0.00   2.71   
 pp_cell_vnl     getvnl              16.50  196656   0.00   2.70   
 DiagoIterAssist diag_subspace       87.31  163880   0.00   14.28  
 Operator        hPsi                420.54 7815657  0.00   68.78  
 Operator        veff_pw             352.78 7815657  0.00   57.70  
 PW_Basis_K      recip2real          210.54 11781553 0.00   34.43  
 PW_Basis_K      gathers_copy_pack   12.19  11781553 0.00   1.99   
 PW_Basis_K      gathers_zero_mpi    14.44  11781553 0.00   2.36   
 PW_Basis_K      gathers_copy_unpack 12.62  11781553 0.00   2.06   
 PW_Basis_K      real2recip          156.00 9618337  0.00   25.51  
 PW_Basis_K      gatherp_copy_pack   9.65   9618337  0.00   1.58   
 PW_Basis_K      gatherp_copy_unpack 10.99  9618337  0.00   1.80   
 Operator        nonlocal_pw         59.73  7815657  0.00   9.77   
 Nonlocal        add_nonlocal_pp     24.44  7815657  0.00   4.00   
 ESolver_KS_PW   hamilt2rho_single   584.17 11       53.11  95.54  
 HSolverPW       solve               584.17 11       53.11  95.54  
 HSolverPW       solve_psik          527.83 180268   0.00   86.33  
 DiagoCG         diag_once           444.89 180268   0.00   72.76  
 ElecStatePW     psiToRho            40.36  11       3.67   6.60   
 Stress_PW       cal_stress          11.21  1        11.21  1.83   
 Stress          stress_nl           11.07  1        11.07  1.81   
-------------------------------------------------------------------


 START  Time  : Mon Aug 10 11:03:55 2026
 FINISH Time  : Mon Aug 10 11:14:06 2026
 TOTAL  Time  : 611
 SEE INFORMATION IN : OUT.g1tlfu4_al_v090_high_extra/
