
                     ▄████▄ █████▄ ▄████▄ ▄█████ ██  ██ ▄█████ 
                     ██▄▄██ ██▄▄██ ██▄▄██ ██     ██  ██ ▀▀▀▄▄▄ 
                     ██  ██ ██▄▄█▀ ██  ██ ▀█████ ▀████▀ █████▀ 

                                                                                     
                                v3.11.0-beta.5

               Atomic-orbital Based Ab-initio Computation at UStc                    

                     Website: http://abacus.ustc.edu.cn/                             
               Documentation: https://abacus.deepmodeling.com/                       
                  Repository: https://github.com/abacusmodeling/abacus-develop       
                              https://github.com/deepmodeling/abacus-develop         
                      Commit: unknown

 Wed Aug  5 16:23:02 2026
 MAKE THE DIR         : OUT.s1_al_v103_ksdft_standard/
 RUNNING WITH DEVICE  : CPU / Intel(R) Xeon(R) Platinum 8368Q CPU @ 2.60GHz (x2)
 NAME OF ELEMENT      : Al
 DFT FUNC. (PSEUDO)   : PBE
 DFT FUNC. (SET TO)   : XC_GGA_X_PBE+XC_GGA_C_PBE
 MAKE SURE THIS DFT FUNCTIONAL IS WHAT YOU NEED
 UNIFORM GRID DIM     : 24 * 24 * 24
 UNIFORM GRID DIM(BIG): 24 * 24 * 24
 DONE(0.0373567  SEC) : SETUP UNITCELL
 DONE(0.333272   SEC) : INIT K-POINTS
 ----------------------------------------------------------------
 Self-consistent calculations for electrons
 ----------------------------------------------------------------
 SPIN    KPOINTS         PROCESSES   THREADS/PROC  THREADS/TOTAL 
 1       6916            4           1             4             
 ----------------------------------------------------------------
 Use plane wave basis
 ----------------------------------------------------------------
 ELEMENT NATOM       
 Al      1           
 ----------------------------------------------------------------
 Initial plane wave basis and FFT box
 ----------------------------------------------------------------
 DONE(0.386416   SEC) : INIT PLANEWAVE
 START CHARGE         : ATOMIC
 DONE(0.391503   SEC) : LOCAL POTENTIAL
not allowed!
i1*i2*i3 must be positive! i1*i2*i3 is 0
i2 must be positive! i2 is 0
i3 must be positive! i3 is 0
 DONE(0.391602   SEC) : NON-LOCAL POTENTIAL
 MEMORY FOR PSI (MB)  : 183.622
 WARNING: init_wfc = atomic requires atomic pseudo wavefunctions(PP_PSWFC),
 but none available. Automatically switch to random initialization.
 DONE(0.391635   SEC) : INIT BASIS

 ================================================================
 SELF-CONSISTENT: 
 ================================================================
 DONE(4.56371    SEC) : INIT SCF
 ITER       ETOT/eV          EDIFF/eV         DRHO     TIME/s
 CG1     -5.67220287e+01   0.00000000e+00   8.0907e-02  38.12
 CG2     -5.71714261e+01  -4.49397421e-01   3.1227e-02  13.47
 CG3     -5.71952727e+01  -2.38465598e-02   6.5747e-05  13.49
 CG4     -5.71953025e+01  -2.98229427e-05   2.8203e-05  25.43
 CG5     -5.71971191e+01  -1.81664075e-03   4.9168e-06  16.40
 CG6     -5.71971622e+01  -4.30834372e-05   3.4609e-09  16.85
 CG7     -5.71971629e+01  -6.52135564e-07   1.3496e-09  27.32
 CG8     -5.71971629e+01  -5.81847560e-09   6.0747e-12  16.63
 ----------------------------------------------------------------
              Stress_x             Stress_y             Stress_z 
 ----------------------------------------------------------------
        -22.2009851317         0.0000084232        -0.0000002198 
          0.0000084232       -22.2009845091         0.0000152189 
         -0.0000002198         0.0000152189       -22.2009849681 
 ----------------------------------------------------------------
 TOTAL-PRESSURE (EXCLUDE KINETIC PART OF IONS): -22.200985 kbar

 TIME STATISTICS
-------------------------------------------------------------------
   CLASS_NAME           NAME         TIME/s  CALLS   AVG/s  PER/%  
-------------------------------------------------------------------
                 total               172.53 15       11.50  100.00 
 Driver          atomic_world        172.53 1        172.53 100.00 
 Relax_Driver    relax_driver        172.12 1        172.12 99.76  
 ESolver_KS      runner              172.00 1        172.00 99.70  
 ESolver_KS_PW   before_scf          4.17   1        4.17   2.42   
 PSIPrepare      initialize_psi      4.17   1        4.17   2.42   
 DiagoIterAssist diag_subspace       26.67  55328    0.00   15.46  
 Operator        hPsi                118.78 2678672  0.00   68.85  
 Operator        veff_pw             115.94 2678672  0.00   67.20  
 PW_Basis_K      recip2real          68.30  3951216  0.00   39.59  
 PW_Basis_K      gathers_copy_pack   3.86   3951216  0.00   2.23   
 PW_Basis_K      gathers_zero_mpi    4.91   3951216  0.00   2.84   
 PW_Basis_K      gathers_copy_unpack 3.89   3951216  0.00   2.25   
 PW_Basis_K      real2recip          50.65  3287280  0.00   29.36  
 PW_Basis_K      gatherp_copy_pack   2.97   3287280  0.00   1.72   
 PW_Basis_K      gatherp_copy_unpack 3.34   3287280  0.00   1.94   
 DiagoIterAssist diag_hegvd          2.02   55328    0.00   1.17   
 ESolver_KS_PW   hamilt2rho_single   167.68 8        20.96  97.19  
 HSolverPW       solve               167.68 8        20.96  97.19  
 HSolverPW       solve_psik          155.00 55328    0.00   89.84  
 DiagoCG         diag_once           130.62 55328    0.00   75.71  
 ElecStatePW     psiToRho            12.39  8        1.55   7.18   
-------------------------------------------------------------------


 START  Time  : Wed Aug  5 16:23:02 2026
 FINISH Time  : Wed Aug  5 16:25:54 2026
 TOTAL  Time  : 172
 SEE INFORMATION IN : OUT.s1_al_v103_ksdft_standard/
