
                     ▄████▄ █████▄ ▄████▄ ▄█████ ██  ██ ▄█████ 
                     ██▄▄██ ██▄▄██ ██▄▄██ ██     ██  ██ ▀▀▀▄▄▄ 
                     ██  ██ ██▄▄█▀ ██  ██ ▀█████ ▀████▀ █████▀ 

                                                                                     
                                v3.11.0-beta.5

               Atomic-orbital Based Ab-initio Computation at UStc                    

                     Website: http://abacus.ustc.edu.cn/                             
               Documentation: https://abacus.deepmodeling.com/                       
                  Repository: https://github.com/abacusmodeling/abacus-develop       
                              https://github.com/deepmodeling/abacus-develop         
                      Commit: unknown

 Thu Aug  6 06:07:19 2026
 MAKE THE DIR         : OUT.g1tlr1_al_v090_quarter/
 RUNNING WITH DEVICE  : CPU / Intel(R) Xeon(R) Platinum 8368Q CPU @ 2.60GHz (x2)
 NAME OF ELEMENT      : Al
 DFT FUNC. (PSEUDO)   : PBE
 DFT FUNC. (SET TO)   : XC_GGA_X_PBE+XC_GGA_C_PBE
 MAKE SURE THIS DFT FUNCTIONAL IS WHAT YOU NEED
 UNIFORM GRID DIM     : 24 * 24 * 24
 UNIFORM GRID DIM(BIG): 24 * 24 * 24
 DONE(0.0907342  SEC) : SETUP UNITCELL
 DONE(0.83434    SEC) : INIT K-POINTS
 ----------------------------------------------------------------
 Self-consistent calculations for electrons
 ----------------------------------------------------------------
 SPIN    KPOINTS         PROCESSES   THREADS/PROC  THREADS/TOTAL 
 1       10980           4           1             4             
 ----------------------------------------------------------------
 Use plane wave basis
 ----------------------------------------------------------------
 ELEMENT NATOM       
 Al      1           
 ----------------------------------------------------------------
 Initial plane wave basis and FFT box
 ----------------------------------------------------------------
 DONE(0.907925   SEC) : INIT PLANEWAVE
 START CHARGE         : ATOMIC
 DONE(0.912752   SEC) : LOCAL POTENTIAL
not allowed!
i1*i2*i3 must be positive! i1*i2*i3 is 0
i2 must be positive! i2 is 0
i3 must be positive! i3 is 0
 DONE(0.913227   SEC) : NON-LOCAL POTENTIAL
 MEMORY FOR PSI (MB)  : 249.302
 WARNING: init_wfc = atomic requires atomic pseudo wavefunctions(PP_PSWFC),
 but none available. Automatically switch to random initialization.
 DONE(0.913614   SEC) : INIT BASIS

 ================================================================
 SELF-CONSISTENT: 
 ================================================================
 DONE(7.20001    SEC) : INIT SCF
 ITER       ETOT/eV          EDIFF/eV         DRHO     TIME/s
 CG1     -5.67233986e+01   0.00000000e+00   9.3057e-02  59.67
 CG2     -5.71222938e+01  -3.98895201e-01   3.5723e-02  20.65
 CG3     -5.71471348e+01  -2.48409403e-02   4.9323e-05  20.94
 CG4     -5.71470235e+01   1.11332381e-04   1.6520e-05  40.86
 CG5     -5.71484255e+01  -1.40208499e-03   1.9731e-06  26.61
 CG6     -5.71484534e+01  -2.78372753e-05   1.0204e-08  27.46
 CG7     -5.71484537e+01  -3.27717825e-07   2.5257e-09  35.46
 CG8     -5.71484537e+01  -2.32971767e-09   3.8134e-11  22.69
 ----------------------------------------------------------------
              Stress_x             Stress_y             Stress_z 
 ----------------------------------------------------------------
        101.9699049880        -0.0000076504         0.0000011331 
         -0.0000076504       101.9698992482         0.0000090491 
          0.0000011331         0.0000090491       101.9698976994 
 ----------------------------------------------------------------
 TOTAL-PRESSURE (EXCLUDE KINETIC PART OF IONS): 101.969901 kbar

 TIME STATISTICS
-------------------------------------------------------------------
   CLASS_NAME           NAME         TIME/s  CALLS   AVG/s  PER/%  
-------------------------------------------------------------------
                 total               267.90 15       17.86  100.00 
 Driver          atomic_world        267.90 1        267.90 100.00 
 Relax_Driver    relax_driver        266.98 1        266.98 99.65  
 ESolver_KS      runner              266.85 1        266.85 99.61  
 ESolver_KS_PW   before_scf          6.29   1        6.29   2.35   
 PSIPrepare      initialize_psi      6.28   1        6.28   2.34   
 DiagoIterAssist diag_subspace       41.73  87840    0.00   15.58  
 Operator        hPsi                178.49 4115330  0.00   66.62  
 Operator        veff_pw             174.24 4115330  0.00   65.04  
 PW_Basis_K      recip2real          103.65 6135650  0.00   38.69  
 PW_Basis_K      gathers_copy_pack   5.55   6135650  0.00   2.07   
 PW_Basis_K      gathers_zero_mpi    7.57   6135650  0.00   2.83   
 PW_Basis_K      gathers_copy_unpack 5.65   6135650  0.00   2.11   
 PW_Basis_K      real2recip          77.47  5081570  0.00   28.92  
 PW_Basis_K      gatherp_copy_pack   4.36   5081570  0.00   1.63   
 PW_Basis_K      gatherp_copy_unpack 4.61   5081570  0.00   1.72   
 DiagoIterAssist diag_hegvd          3.22   87840    0.00   1.20   
 ESolver_KS_PW   hamilt2rho_single   254.30 8        31.79  94.92  
 HSolverPW       solve               254.30 8        31.79  94.92  
 HSolverPW       solve_psik          235.63 87840    0.00   87.95  
 DiagoCG         diag_once           197.64 87840    0.00   73.77  
 ElecStatePW     psiToRho            18.34  8        2.29   6.85   
 ESolver_KS_PW   after_scf           6.22   1        6.22   2.32   
 ModuleIO        write_eig_file      6.21   1        6.21   2.32   
-------------------------------------------------------------------


 START  Time  : Thu Aug  6 06:07:20 2026
 FINISH Time  : Thu Aug  6 06:11:47 2026
 TOTAL  Time  : 267
 SEE INFORMATION IN : OUT.g1tlr1_al_v090_quarter/
