                                                                                     
                              ABACUS v3.11.0-beta.5

               Atomic-orbital Based Ab-initio Computation at UStc                    

                     Website: http://abacus.ustc.edu.cn/                             
               Documentation: https://abacus.deepmodeling.com/                       
                  Repository: https://github.com/abacusmodeling/abacus-develop       
                              https://github.com/deepmodeling/abacus-develop         
                      Commit: unknown

    Start Time is Wed Aug  5 16:10:57 2026
                                                                                     
 ------------------------------------------------------------------------------------

 READING GENERAL INFORMATION
                           global_out_dir = OUT.s1_al_v097_ofdft/
                           global_in_card = INPUT
                               pseudo_dir = ./
                              orbital_dir = 
                                    DRANK = 1
                                    DSIZE = 4
                                   DCOLOR = 1
                                    GRANK = 1
                                    GSIZE = 1


 >>>>>>>>>>>>>>>>>>>>>>>>>>>>>>>>>>>>>>>>>>>>>>>>>>>>>>>>>>>>>>>>>>>>>>
 |                                                                    |
 |                        #Setup Unitcell#                            |
 | From the input file and the structure file we know the number of   |
 | different elments in this unitcell, then we list the detail        |
 | information for each element, especially the zeta and polar atomic |
 | orbital number for each element. The total atom number is counted. |
 | We calculate the nearest atom distance for each atom and show the  |
 | Cartesian and Direct coordinates for each atom. We list the file   |
 | address for atomic orbitals. The volume and the lattice vectors    |
 | in real and reciprocal space is also shown.                        |
 |                                                                    |
 <<<<<<<<<<<<<<<<<<<<<<<<<<<<<<<<<<<<<<<<<<<<<<<<<<<<<<<<<<<<<<<<<<<<<<

 READING UNITCELL INFORMATION
                       Number of elements = 1
                  Lattice constant (Bohr) = 1.88973
              Lattice constant (Angstrom) = 1

 READING ATOM TYPE 1
                               Atom label = Al
                      L=0, number of zeta = 1
                      L=1, number of zeta = 1
                      L=2, number of zeta = 1
            Number of atoms for this type = 1

                        TOTAL ATOM NUMBER = 1

 DIRECT COORDINATES
 atom                  x                  y                  z     mag
   Al     0.000000000000     0.000000000000     0.000000000000  0.0000

 ATOMIC VELOCITIES
 atom                 vx                 vy                 vz
   Al                  0                  0                  0

                     Cell volume (Bohr^3) = 108.711
                        Cell volume (A^3) = 16.1093

 Lattice vectors: (Cartesian coordinate: in unit of a_0)
                   +0            +2.00454            +2.00454
             +2.00454                  +0            +2.00454
             +2.00454            +2.00454                  +0
 Reciprocal vectors: (Cartesian coordinate: in unit of 2 pi/a_0)
            -0.249433           +0.249433           +0.249433
            +0.249433           -0.249433           +0.249433
            +0.249433           +0.249433           -0.249433

 #ENERGY SOLVER# ofdft
 RUNNING WITH DEVICE  : CPU / Intel(R) Xeon(R) Platinum 8368Q CPU @ 2.60GHz (x2)


 >>>>>>>>>>>>>>>>>>>>>>>>>>>>>>>>>>>>>>>>>>>>>>>>>>>>>>>>>>>>>>>>>>>>>>
 |                                                                    |
 |                 #Read Pseudopotentials Files#                      |
 | ABACUS supports norm-conserving (NC) pseudopotentials for both     |
 | plane wave basis and numerical atomic orbital basis sets.          |
 | In addition, ABACUS supports ultrasoft pseudopotentials (USPP)     |
 | for plane wave basis set.                                          |
 |                                                                    |
 <<<<<<<<<<<<<<<<<<<<<<<<<<<<<<<<<<<<<<<<<<<<<<<<<<<<<<<<<<<<<<<<<<<<<<

                PAO radial cut off (Bohr) = 16

                     Pseudopotential file = al.gga.psp
                     Pseudopotential type = 
          Exchange-correlation functional = PBE
                 Nonlocal core correction = 0
                        Valence electrons = 3
                                     Lmax = 0
                           Number of zeta = 0
                     Number of projectors = 0
                    DFT functional set to = XC_GGA_X_PBE+XC_GGA_C_PBE
         Number of pseudo atomic orbitals = 0
            Electron number of element Al = 3
      Total electron number of element Al = 3
          Autoset the number of electrons = 3
               Occupied electronic states = 2
     Number of electronic states (NBANDS) = 12


 >>>>>>>>>>>>>>>>>>>>>>>>>>>>>>>>>>>>>>>>>>>>>>>>>>>>>>>>>>>>>>>>>>>>>>
 |                                                                    |
 |           #Setup Plane Waves of Charge/Potential#                  |
 | Use the kinetic energy cutoff and the lattice vectors to generate  |
 | the dimensions of FFT grid, which is used to represent the charge  |
 | density or potential. If USPP is used, a double grid technique     |
 | is applied.                                                        |
 |                                                                    |
 <<<<<<<<<<<<<<<<<<<<<<<<<<<<<<<<<<<<<<<<<<<<<<<<<<<<<<<<<<<<<<<<<<<<<

 SETUP PLANE WAVES FOR CHARGE/POTENTIAL
  Energy cutoff for charge/potential (Ry) = 80
            FFT grid for charge/potential = [ 15, 15, 15 ]
           Number of FFT grids this proc. = 900
                Division for big FFT grid = [ 1, 1, 1 ]
      FFT (big) grid for charge/potential = [ 15, 15, 15 ]
     Number of FFT (big) grids this proc. = 900
                    Number of plane waves = 3375
        Number of sticks on FFT x-y plane = 225

 PARALLEL PW FOR CHARGE/POTENTIAL
     PROC   COLUMNS(POT)             PW
        1             56            840
        2             56            840
        3             57            855
        4             56            840
 --------------- SUM -------------------
        4            225           3375

                            Number of |g| = 115
                                  Max |g| = 33.5349
                                  Min |g| = 0
 DONE : SETUP UNITCELL Time : 0.027167 (SEC)


 >>>>>>>>>>>>>>>>>>>>>>>>>>>>>>>>>>>>>>>>>>>>>>>>>>>>>>>>>>>>>>>>>>>>>>
 |                                                                    |
 |                       #Setup K-points#                             |
 | We setup the k-points according to input parameters.               |
 | The reduced k-points are set according to symmetry operations.     |
 | We treat the spin as another set of k-points.                      |
 |                                                                    |
 <<<<<<<<<<<<<<<<<<<<<<<<<<<<<<<<<<<<<<<<<<<<<<<<<<<<<<<<<<<<<<<<<<<<<<


 SETUP K-POINTS
                                    nspin = 1
                   Input type of k points = Monkhorst-Pack(Gamma)
                                   nkstot = 1
           Number of irreducible k-points = 1

 K-POINTS REDUCTION ACCORDING TO SYMMETRY
     IBZ    DIRECT_X    DIRECT_Y    DIRECT_Z  WEIGHT  ibz2bz
       1  0.00000000  0.00000000  0.00000000  1.0000       0

                               nkstot now = 1
 K-POINTS DIRECT COORDINATES
 KPOINTS    DIRECT_X    DIRECT_Y    DIRECT_Z  WEIGHT
       1  0.00000000  0.00000000  0.00000000  1.0000


       Number of k-points in this process = 1
       Minimum distributed k-point number = 1

 K-POINTS CARTESIAN COORDINATES
 KPOINTS CARTESIAN_X CARTESIAN_Y CARTESIAN_Z  WEIGHT
       1  0.00000000  0.00000000  0.00000000  2.0000


 K-POINTS DIRECT COORDINATES
 KPOINTS    DIRECT_X    DIRECT_Y    DIRECT_Z  WEIGHT
       1  0.00000000  0.00000000  0.00000000  2.0000

 DONE : INIT K-POINTS Time : 0.0284759 (SEC)

 Libxc v7.0.0
	S. Lehtola, C. Steigemann, M. J.T. Oliveira, and M. A.L. Marques.,  SoftwareX 7, 1–5 (2018)
 XC: Perdew, Burke & Ernzerhof
	J. P. Perdew, K. Burke, and M. Ernzerhof.,  Phys. Rev. Lett. 77, 3865 (1996)
	J. P. Perdew, K. Burke, and M. Ernzerhof.,  Phys. Rev. Lett. 78, 1396 (1997)
 XC: Perdew, Burke & Ernzerhof
	J. P. Perdew, K. Burke, and M. Ernzerhof.,  Phys. Rev. Lett. 77, 3865 (1996)
	J. P. Perdew, K. Burke, and M. Ernzerhof.,  Phys. Rev. Lett. 78, 1396 (1997)

 DONE : SETUP UNITCELL Time : 0.0287464 (SEC)

                                 init_chg = atomic
 DONE : LOCAL POTENTIAL Time : 0.0408525 (SEC)

 DONE : INIT POTENTIAL Time : 0.0438132 (SEC)

 DONE : INIT KEDF Time : 0.0438793 (SEC)

 DONE : INIT OPTIMIZATION Time : 0.0438995 (SEC)

 DONE : INIT PHI Time : 0.0439249 (SEC)

 ================================================================
 SELF-CONSISTENT
 ================================================================

Iter0: the norm of potential is 0.217219036901
----------------------------------------------------------------
        Energy              Rydberg                 eV          
----------------------------------------------------------------
              E_Total      -4.031720552436     -54.854372256836 
              E_Fermi       0.659041804944       8.966723767447 
----------------------------------------------------------------


Iter1: the norm of potential is 0.245113241789
----------------------------------------------------------------
        Energy              Rydberg                 eV          
----------------------------------------------------------------
              E_Total      -4.053494444899     -55.150621261977 
              E_Fermi       0.651065634511       8.858202401328 
----------------------------------------------------------------


Iter2: the norm of potential is 0.0618942627198
----------------------------------------------------------------
        Energy              Rydberg                 eV          
----------------------------------------------------------------
              E_Total      -4.200186415630     -57.146467914765 
              E_Fermi       0.599987066935       8.163242836629 
----------------------------------------------------------------


Iter3: the norm of potential is 0.00791237403271
----------------------------------------------------------------
        Energy              Rydberg                 eV          
----------------------------------------------------------------
              E_Total      -4.202375305846     -57.176249294001 
              E_Fermi       0.598962121986       8.149297745177 
----------------------------------------------------------------


Iter4: the norm of potential is 0.00101205134033
----------------------------------------------------------------
        Energy              Rydberg                 eV          
----------------------------------------------------------------
              E_Total      -4.202423604890     -57.176906436210 
              E_Fermi       0.598869608493       8.148039034533 
----------------------------------------------------------------


Iter5: the norm of potential is 0.000117742430588
----------------------------------------------------------------
        Energy              Rydberg                 eV          
----------------------------------------------------------------
              E_Total      -4.202424416727     -57.176917481816 
              E_Fermi       0.598860915567       8.147920761201 
----------------------------------------------------------------


Iter6: the norm of potential is 1.29465058044e-05
----------------------------------------------------------------
        Energy              Rydberg                 eV          
----------------------------------------------------------------
              E_Total      -4.202424427714     -57.176917631306 
              E_Fermi       0.598860150751       8.147910355350 
----------------------------------------------------------------


Iter7: the norm of potential is 1.64290984911e-06
----------------------------------------------------------------
        Energy              Rydberg                 eV          
----------------------------------------------------------------
              E_Total      -4.202424427852     -57.176917633181 
              E_Fermi       0.598860064708       8.147909184682 
----------------------------------------------------------------


Iter8: the norm of potential is 1.92391158399e-07
----------------------------------------------------------------
        Energy              Rydberg                 eV          
----------------------------------------------------------------
              E_Total      -4.202424427855     -57.176917633212 
              E_Fermi       0.598860051243       8.147909001481 
----------------------------------------------------------------

 #SCF IS CONVERGED#
 #TOTAL ENERGY# -57.176917633 eV



 #TOTAL-FORCE (eV/Angstrom)#
 -------------------------------------------------------------------------
     Atoms              Force_x              Force_y              Force_z 
 -------------------------------------------------------------------------
       Al1         0.0000000000         0.0000000000         0.0000000000 
 -------------------------------------------------------------------------

 #TOTAL-STRESS (kbar)#
 ----------------------------------------------------------------
              Stress_x             Stress_y             Stress_z 
 ----------------------------------------------------------------
         34.7573657377         0.0002650492         0.0002650493 
          0.0002650492        34.7573657377         0.0002650492 
          0.0002650493         0.0002650492        34.7573657377 
 ----------------------------------------------------------------
 #TOTAL-PRESSURE# (EXCLUDE KINETIC PART OF IONS): 34.757366 kbar

 --------------------------------------------
 !FINAL_ETOT_IS -57.1769176332121702 eV
 --------------------------------------------



 TIME STATISTICS
-----------------------------------------------------------------------
     CLASS_NAME             NAME         TIME/s  CALLS   AVG/s  PER/%  
-----------------------------------------------------------------------
                     total               0.19   17       0.01   100.00 
 Driver              atomic_world        0.19   1        0.19   100.00 
 Driver              reading             0.01   1        0.01   4.93   
 PW_Basis_Sup        setuptransform      0.01   1        0.01   2.87   
 Charge              atomic_rho          0.01   2        0.01   5.50   
 PW_Basis_Sup        recip2real          0.03   1447     0.00   14.68  
 PW_Basis_Sup        recip2real_copy_g   0.00   1447     0.00   1.69   
 ppcell_vl           init_vloc           0.00   1        0.00   2.39   
 Potential           init_pot            0.00   2        0.00   1.55   
 Potential           cal_veff            0.09   160      0.00   49.66  
 H_Hartree_pw        v_hartree           0.01   160      0.00   3.68   
 PW_Basis_Sup        real2recip          0.03   1762     0.00   15.25  
 PW_Basis_Sup        real2recip_copy_r   0.00   1762     0.00   1.02   
 PW_Basis_Sup        gatherp_copy_unpack 0.00   1762     0.00   1.27   
 PW_Basis_Sup        real2recip_copy_g   0.00   1762     0.00   1.08   
 PotXC               cal_veff            0.08   160      0.00   45.85  
 XC_Functional_Libxc v_xc_libxc          0.08   160      0.00   45.76  
 Libxc               xc_lda/gga_exc_vxc  0.04   320      0.00   19.24  
 Relax_Driver        relax_driver        0.14   1        0.14   76.22  
 ESolver_OF          runner              0.13   1        0.13   72.72  
 KEDF_Manager        get_potential       0.04   158      0.00   20.53  
 KEDF_TF             tf_potential        0.01   158      0.00   3.46   
 KEDF_WT             wt_potential        0.03   158      0.00   13.83  
 KEDF_vW             vw_potential        0.01   158      0.00   3.15   
 ESolver_OF          after_opt           0.00   1        0.00   1.38   
 OF_Stress_PW        cal_stress          0.01   1        0.01   3.31   
 Stress              stress_loc          0.00   1        0.00   2.36   
-----------------------------------------------------------------------


 NAME-------------------------|MEMORY(MB)------------------
                         total         0.4434
 -------------   < 1.0 MB has been ignored ----------------
 ----------------------------------------------------------

 Start  Time  : Wed Aug  5 16:10:57 2026
 Finish Time  : Wed Aug  5 16:10:57 2026
 Total  Time  : 0 h 0 mins 0 secs 
