
                     ▄████▄ █████▄ ▄████▄ ▄█████ ██  ██ ▄█████ 
                     ██▄▄██ ██▄▄██ ██▄▄██ ██     ██  ██ ▀▀▀▄▄▄ 
                     ██  ██ ██▄▄█▀ ██  ██ ▀█████ ▀████▀ █████▀ 

                                                                                     
                                v3.11.0-beta.5

               Atomic-orbital Based Ab-initio Computation at UStc                    

                     Website: http://abacus.ustc.edu.cn/                             
               Documentation: https://abacus.deepmodeling.com/                       
                  Repository: https://github.com/abacusmodeling/abacus-develop       
                              https://github.com/deepmodeling/abacus-develop         
                      Commit: unknown

 Fri Aug  7 14:33:24 2026
 MAKE THE DIR         : OUT.g1tlr4_al_v106_quarter/
 RUNNING WITH DEVICE  : CPU / Intel(R) Xeon(R) Platinum 8368Q CPU @ 2.60GHz (x2)
 NAME OF ELEMENT      : Al
 DFT FUNC. (PSEUDO)   : PBE
 DFT FUNC. (SET TO)   : XC_GGA_X_PBE+XC_GGA_C_PBE
 MAKE SURE THIS DFT FUNCTIONAL IS WHAT YOU NEED
 UNIFORM GRID DIM     : 24 * 24 * 24
 UNIFORM GRID DIM(BIG): 24 * 24 * 24
 DONE(0.100081   SEC) : SETUP UNITCELL
 DONE(0.840426   SEC) : INIT K-POINTS
 ----------------------------------------------------------------
 Self-consistent calculations for electrons
 ----------------------------------------------------------------
 SPIN    KPOINTS         PROCESSES   THREADS/PROC  THREADS/TOTAL 
 1       10980           4           1             4             
 ----------------------------------------------------------------
 Use plane wave basis
 ----------------------------------------------------------------
 ELEMENT NATOM       
 Al      1           
 ----------------------------------------------------------------
 Initial plane wave basis and FFT box
 ----------------------------------------------------------------
 DONE(0.92605    SEC) : INIT PLANEWAVE
 START CHARGE         : ATOMIC
 DONE(0.932731   SEC) : LOCAL POTENTIAL
not allowed!
i1*i2*i3 must be positive! i1*i2*i3 is 0
i2 must be positive! i2 is 0
i3 must be positive! i3 is 0
 DONE(0.933224   SEC) : NON-LOCAL POTENTIAL
 MEMORY FOR PSI (MB)  : 271.417
 WARNING: init_wfc = atomic requires atomic pseudo wavefunctions(PP_PSWFC),
 but none available. Automatically switch to random initialization.
 DONE(0.933598   SEC) : INIT BASIS

 ================================================================
 SELF-CONSISTENT: 
 ================================================================
 DONE(7.48556    SEC) : INIT SCF
 ITER       ETOT/eV          EDIFF/eV         DRHO     TIME/s
 CG1     -5.66567819e+01   0.00000000e+00   7.9300e-02  60.10
 CG2     -5.71545876e+01  -4.97805705e-01   3.0334e-02  21.20
 CG3     -5.71798960e+01  -2.53083629e-02   6.2924e-05  21.18
 CG4     -5.71796430e+01   2.52980362e-04   2.6682e-05  40.49
 CG5     -5.71813352e+01  -1.69218755e-03   4.7536e-06  25.96
 CG6     -5.71813792e+01  -4.40628667e-05   7.1380e-09  26.47
 CG7     -5.71813799e+01  -6.41245397e-07   2.6401e-09  39.56
 CG8     -5.71813799e+01  -8.83508833e-09   7.6051e-12  25.97
 ----------------------------------------------------------------
              Stress_x             Stress_y             Stress_z 
 ----------------------------------------------------------------
        -40.1586578505        -0.0000033271         0.0000002962 
         -0.0000033271       -40.1586584326         0.0000032183 
          0.0000002962         0.0000032183       -40.1586579822 
 ----------------------------------------------------------------
 TOTAL-PRESSURE (EXCLUDE KINETIC PART OF IONS): -40.158658 kbar

 TIME STATISTICS
-------------------------------------------------------------------
   CLASS_NAME           NAME         TIME/s  CALLS   AVG/s  PER/%  
-------------------------------------------------------------------
                 total               275.73 15       18.38  100.00 
 Driver          atomic_world        275.73 1        275.73 100.00 
 Relax_Driver    relax_driver        274.78 1        274.78 99.65  
 ESolver_KS      runner              274.64 1        274.64 99.60  
 ESolver_KS_PW   before_scf          6.55   1        6.55   2.38   
 PSIPrepare      initialize_psi      6.55   1        6.55   2.37   
 DiagoIterAssist diag_subspace       41.92  87840    0.00   15.20  
 Operator        hPsi                179.65 4193077  0.00   65.15  
 Operator        veff_pw             175.19 4193077  0.00   63.54  
 PW_Basis_K      recip2real          104.32 6213397  0.00   37.83  
 PW_Basis_K      gathers_copy_pack   5.86   6213397  0.00   2.13   
 PW_Basis_K      gathers_zero_mpi    7.66   6213397  0.00   2.78   
 PW_Basis_K      gathers_copy_unpack 6.09   6213397  0.00   2.21   
 PW_Basis_K      real2recip          78.50  5159317  0.00   28.47  
 PW_Basis_K      gatherp_copy_pack   4.87   5159317  0.00   1.77   
 PW_Basis_K      gatherp_copy_unpack 5.15   5159317  0.00   1.87   
 DiagoIterAssist diag_hegvd          3.24   87840    0.00   1.18   
 ESolver_KS_PW   hamilt2rho_single   260.89 8        32.61  94.62  
 HSolverPW       solve               260.89 8        32.61  94.62  
 HSolverPW       solve_psik          241.66 87840    0.00   87.64  
 DiagoCG         diag_once           203.41 87840    0.00   73.77  
 ElecStatePW     psiToRho            18.87  8        2.36   6.84   
 ESolver_KS_PW   after_scf           7.15   1        7.15   2.59   
 ModuleIO        write_eig_file      7.14   1        7.14   2.59   
-------------------------------------------------------------------


 START  Time  : Fri Aug  7 14:33:24 2026
 FINISH Time  : Fri Aug  7 14:38:00 2026
 TOTAL  Time  : 276
 SEE INFORMATION IN : OUT.g1tlr4_al_v106_quarter/
