
                     ▄████▄ █████▄ ▄████▄ ▄█████ ██  ██ ▄█████ 
                     ██▄▄██ ██▄▄██ ██▄▄██ ██     ██  ██ ▀▀▀▄▄▄ 
                     ██  ██ ██▄▄█▀ ██  ██ ▀█████ ▀████▀ █████▀ 

                                                                                     
                                v3.11.0-beta.5

               Atomic-orbital Based Ab-initio Computation at UStc                    

                     Website: http://abacus.ustc.edu.cn/                             
               Documentation: https://abacus.deepmodeling.com/                       
                  Repository: https://github.com/abacusmodeling/abacus-develop       
                              https://github.com/deepmodeling/abacus-develop         
                      Commit: unknown

 Mon Aug 10 04:26:48 2026
 MAKE THE DIR         : OUT.g1tlr1_mg_v100_normal_common/
 RUNNING WITH DEVICE  : CPU / Intel(R) Xeon(R) Platinum 8368Q CPU @ 2.60GHz (x2)
 WARNING: some of potential function is set to zero cause of less than 1e-30.

%%%%%%%%%%%%%%%%%%%%%%%%%%%%%%%%%%%%%%%%%%%%%%%%%%%%%%%%%%%%%%%%%%%%%%%%%%%%%%%%%%%%%%%%%%%%%%%%%%%%%%%%%
 Warning: the number of valence electrons in pseudopotential > 2 for Mg: [Ne] 3s2
 Pseudopotentials with additional electrons can yield (more) accurate outcomes, but may be less efficient.
 If you're confident that your chosen pseudopotential is appropriate, you can safely ignore this warning.
%%%%%%%%%%%%%%%%%%%%%%%%%%%%%%%%%%%%%%%%%%%%%%%%%%%%%%%%%%%%%%%%%%%%%%%%%%%%%%%%%%%%%%%%%%%%%%%%%%%%%%%%%

 UNIFORM GRID DIM     : 36 * 36 * 60
 UNIFORM GRID DIM(BIG): 36 * 36 * 60
 DONE(0.0451809  SEC) : SETUP UNITCELL
 DONE(0.199993   SEC) : INIT K-POINTS
 ----------------------------------------------------------------
 Self-consistent calculations for electrons
 ----------------------------------------------------------------
 SPIN    KPOINTS         PROCESSES   THREADS/PROC  THREADS/TOTAL 
 1       4612            4           1             4             
 ----------------------------------------------------------------
 Use plane wave basis
 ----------------------------------------------------------------
 ELEMENT NATOM       
 Mg      2           
 ----------------------------------------------------------------
 Initial plane wave basis and FFT box
 ----------------------------------------------------------------
 DONE(0.445944   SEC) : INIT PLANEWAVE
 START CHARGE         : ATOMIC
 DONE(0.500734   SEC) : LOCAL POTENTIAL
 DONE(0.511901   SEC) : NON-LOCAL POTENTIAL
 MEMORY FOR PSI (MB)  : 1458.14
 DONE(0.58762    SEC) : INIT BASIS

 ================================================================
 SELF-CONSISTENT: 
 ================================================================
 DONE(25.3438    SEC) : INIT SCF
 ITER       ETOT/eV          EDIFF/eV         DRHO     TIME/s
 CG1     -3.23250883e+03   0.00000000e+00   7.3904e-03 291.13
 CG2     -3.23250132e+03   7.50335199e-03   3.0774e-03  73.65
 CG3     -3.23250381e+03  -2.48379587e-03   2.0953e-05  76.92
 CG4     -3.23250311e+03   7.01345341e-04   1.2496e-04 129.09
 CG5     -3.23250326e+03  -1.48479104e-04   7.4492e-06 106.29
 CG6     -3.23250323e+03   2.91337582e-05   3.3763e-06  74.59
 CG7     -3.23250324e+03  -1.23186750e-05   1.0069e-08  93.38
 CG8     -3.23250324e+03  -3.31878614e-07   3.9853e-08 133.43
 CG9     -3.23250324e+03   5.30284824e-07   5.7175e-08  75.02
 CG10    -3.23250324e+03  -9.75428207e-08   7.1809e-10 106.66
 CG11    -3.23250324e+03   1.36890807e-09   4.4740e-10  84.76
 CG12    -3.23250324e+03   1.90951075e-09   2.3974e-10  73.59
 CG13    -3.23250324e+03  -7.33951276e-10   9.8260e-13  93.76
 ----------------------------------------------------------------
              Stress_x             Stress_y             Stress_z 
 ----------------------------------------------------------------
         -3.8529039467        -0.0000001802        -0.0000000867 
         -0.0000001802        -3.8529038949         0.0000001620 
         -0.0000000867         0.0000001620        -4.2690706822 
 ----------------------------------------------------------------
 TOTAL-PRESSURE (EXCLUDE KINETIC PART OF IONS): -3.991626 kbar

 TIME STATISTICS
---------------------------------------------------------------------
   CLASS_NAME           NAME         TIME/s   CALLS    AVG/s  PER/%  
---------------------------------------------------------------------
                 total               1455.65 15       97.04   100.00 
 Driver          atomic_world        1455.65 1        1455.65 100.00 
 Relax_Driver    relax_driver        1454.97 1        1454.97 99.95  
 ESolver_KS      runner              1437.23 1        1437.23 98.73  
 ESolver_KS_PW   before_scf          24.76   1        24.76   1.70   
 PSIPrepare      initialize_psi      24.75   1        24.75   1.70   
 Nonlocal        getvnl              20.66   69180    0.00    1.42   
 pp_cell_vnl     getvnl              20.63   69180    0.00    1.42   
 DiagoIterAssist diag_subspace       237.71  59956    0.00    16.33  
 Operator        hPsi                1068.93 4237673  0.00    73.43  
 Operator        veff_pw             954.90  4237673  0.00    65.60  
 PW_Basis_K      recip2real          583.51  6668197  0.00    40.09  
 PW_Basis_K      gathers_copy_pack   25.76   6668197  0.00    1.77   
 PW_Basis_K      gathers_zero_mpi    62.98   6668197  0.00    4.33   
 PW_Basis_K      gathers_copy_unpack 25.20   6668197  0.00    1.73   
 PW_Basis_K      real2recip          414.16  5376837  0.00    28.45  
 PW_Basis_K      gatherp_copy_pack   19.73   5376837  0.00    1.36   
 PW_Basis_K      gatherp_copy_unpack 36.50   5376837  0.00    2.51   
 Operator        nonlocal_pw         105.18  4237673  0.00    7.23   
 Nonlocal        add_nonlocal_pp     40.28   4237673  0.00    2.77   
 ESolver_KS_PW   hamilt2rho_single   1412.14 14       100.87  97.01  
 HSolverPW       solve               1412.14 14       100.87  97.01  
 HSolverPW       solve_psik          1271.91 64568    0.02    87.38  
 DiagoCG         diag_once           1042.79 64568    0.02    71.64  
 ElecStatePW     psiToRho            119.94  14       8.57    8.24   
 Stress_PW       cal_stress          15.04   1        15.04   1.03   
---------------------------------------------------------------------


 START  Time  : Mon Aug 10 04:26:48 2026
 FINISH Time  : Mon Aug 10 04:51:04 2026
 TOTAL  Time  : 1456
 SEE INFORMATION IN : OUT.g1tlr1_mg_v100_normal_common/
