
                     ▄████▄ █████▄ ▄████▄ ▄█████ ██  ██ ▄█████ 
                     ██▄▄██ ██▄▄██ ██▄▄██ ██     ██  ██ ▀▀▀▄▄▄ 
                     ██  ██ ██▄▄█▀ ██  ██ ▀█████ ▀████▀ █████▀ 

                                                                                     
                                v3.11.0-beta.5

               Atomic-orbital Based Ab-initio Computation at UStc                    

                     Website: http://abacus.ustc.edu.cn/                             
               Documentation: https://abacus.deepmodeling.com/                       
                  Repository: https://github.com/abacusmodeling/abacus-develop       
                              https://github.com/deepmodeling/abacus-develop         
                      Commit: unknown

 Wed Aug  5 18:11:21 2026
 MAKE THE DIR         : OUT.g1_ne_140_from_076/
 RUNNING WITH DEVICE  : CPU / Intel(R) Xeon(R) Platinum 8368Q CPU @ 2.60GHz (x2)
 NAME OF ELEMENT      : Al
 DFT FUNC. (PSEUDO)   : PBE
 DFT FUNC. (SET TO)   : XC_GGA_X_PBE+XC_GGA_C_PBE
 MAKE SURE THIS DFT FUNCTIONAL IS WHAT YOU NEED
 UNIFORM GRID DIM     : 20 * 20 * 20
 UNIFORM GRID DIM(BIG): 20 * 20 * 20
 DONE(0.102252   SEC) : SETUP UNITCELL
 DONE(0.104332   SEC) : INIT K-POINTS
 ----------------------------------------------------------------
 Self-consistent calculations for electrons
 ----------------------------------------------------------------
 SPIN    KPOINTS         PROCESSES   THREADS/PROC  THREADS/TOTAL 
 1       1               4           1             4             
 ----------------------------------------------------------------
 Use plane wave basis
 ----------------------------------------------------------------
 ELEMENT NATOM       
 Al      1           
 ----------------------------------------------------------------
 Initial plane wave basis and FFT box
 ----------------------------------------------------------------
 DONE(0.105862   SEC) : SETUP UNITCELL
 START CHARGE         : ATOMIC
 DONE(0.135363   SEC) : LOCAL POTENTIAL
 DONE(0.14139    SEC) : INIT POTENTIAL
 DONE(0.141652   SEC) : INIT KEDF
 DONE(0.141855   SEC) : INIT OPTIMIZATION
 DONE(0.142048   SEC) : INIT PHI

 ================================================================
 SELF-CONSISTENT: 
 ================================================================
 ============================= Running OFDFT ==============================
 ITER       ETOT/eV           EDIFF/eV        EFERMI/eV    POTNORM   TIME/s
 TN0     -5.50154748e+01   -5.50154748e+01   7.9801e+00   1.9861e-01   0.01  
 TN1     -5.56398210e+01   -6.24346197e-01   7.7559e+00   2.4254e-01   0.16  
 TN2     -5.56432964e+01   -3.47541202e-03   7.7549e+00   2.4470e-01   0.21  
 TN3     -5.71522861e+01   -1.50898976e+00   7.2258e+00   6.4060e-02   0.18  
 TN4     -5.71733323e+01   -2.10461675e-02   7.2193e+00   1.1259e-02   0.13  
 TN5     -5.71743083e+01   -9.76020791e-04   7.2198e+00   4.5304e-03   0.12  
 TN6     -5.71744821e+01   -1.73770588e-04   7.2199e+00   7.5766e-04   0.22  
 TN7     -5.71744864e+01   -4.31207636e-06   7.2199e+00   1.4037e-04   0.22  
 TN8     -5.71744866e+01   -1.44984089e-07   7.2199e+00   2.6926e-05   0.13  
 TN9     -5.71744866e+01   -6.18087129e-09   7.2199e+00   4.5033e-06   0.16  
 TN10    -5.71744866e+01   -2.06157942e-10   7.2199e+00   7.8002e-07   0.18  
 ----------------------------------------------------------------
              Stress_x             Stress_y             Stress_z 
 ----------------------------------------------------------------
        -34.0418799318         0.0000067454         0.0000067455 
          0.0000067454       -34.0418799323         0.0000067458 
          0.0000067455         0.0000067458       -34.0418799323 
 ----------------------------------------------------------------
 TOTAL-PRESSURE (EXCLUDE KINETIC PART OF IONS): -34.041880 kbar

 TIME STATISTICS
-----------------------------------------------------------------------
     CLASS_NAME             NAME         TIME/s  CALLS   AVG/s  PER/%  
-----------------------------------------------------------------------
                     total               1.93   17       0.11   100.00 
 Driver              atomic_world        1.93   1        1.93   100.00 
 Driver              reading             0.05   1        0.05   2.68   
 Charge              atomic_rho          0.03   2        0.01   1.55   
 PW_Basis_Sup        recip2real          0.53   2059     0.00   27.56  
 PW_Basis_Sup        recip2real_copy_g   0.02   2059     0.00   1.10   
 Potential           cal_veff            1.21   228      0.01   62.60  
 H_Hartree_pw        v_hartree           0.13   228      0.00   6.82   
 PW_Basis_Sup        real2recip          0.65   2510     0.00   33.68  
 PW_Basis_Sup        gatherp_copy_unpack 0.02   2510     0.00   1.20   
 PotXC               cal_veff            1.07   228      0.00   55.71  
 XC_Functional_Libxc v_xc_libxc          1.07   228      0.00   55.67  
 Libxc               xc_lda/gga_exc_vxc  0.25   456      0.00   13.13  
 Relax_Driver        relax_driver        1.78   1        1.78   92.61  
 ESolver_OF          runner              1.76   1        1.76   91.09  
 KEDF_Manager        get_potential       0.51   226      0.00   26.66  
 KEDF_TF             tf_potential        0.04   226      0.00   2.28   
 KEDF_WT             wt_potential        0.34   226      0.00   17.83  
 KEDF_vW             vw_potential        0.13   226      0.00   6.49   
 ESolver_OF          after_opt           0.02   1        0.02   1.10   
 OF_Stress_PW        cal_stress          0.03   1        0.03   1.34   
-----------------------------------------------------------------------


 START  Time  : Wed Aug  5 18:11:21 2026
 FINISH Time  : Wed Aug  5 18:11:23 2026
 TOTAL  Time  : 2
 SEE INFORMATION IN : OUT.g1_ne_140_from_076/
