
                     ▄████▄ █████▄ ▄████▄ ▄█████ ██  ██ ▄█████ 
                     ██▄▄██ ██▄▄██ ██▄▄██ ██     ██  ██ ▀▀▀▄▄▄ 
                     ██  ██ ██▄▄█▀ ██  ██ ▀█████ ▀████▀ █████▀ 

                                                                                     
                                v3.11.0-beta.5

               Atomic-orbital Based Ab-initio Computation at UStc                    

                     Website: http://abacus.ustc.edu.cn/                             
               Documentation: https://abacus.deepmodeling.com/                       
                  Repository: https://github.com/abacusmodeling/abacus-develop       
                              https://github.com/deepmodeling/abacus-develop         
                      Commit: unknown

 Fri Aug  7 15:04:08 2026
 MAKE THE DIR         : OUT.g1tlr4_mg_v097_quarter/
 RUNNING WITH DEVICE  : CPU / Intel(R) Xeon(R) Platinum 8368Q CPU @ 2.60GHz (x2)
 NAME OF ELEMENT      : Mg
 DFT FUNC. (PSEUDO)   : PZ
 DFT FUNC. (SET TO)   : XC_LDA_X+XC_LDA_C_PZ
 MAKE SURE THIS DFT FUNCTIONAL IS WHAT YOU NEED
 UNIFORM GRID DIM     : 25 * 25 * 40
 UNIFORM GRID DIM(BIG): 25 * 25 * 40
 DONE(0.110885   SEC) : SETUP UNITCELL
 DONE(0.308383   SEC) : INIT K-POINTS
 ----------------------------------------------------------------
 Self-consistent calculations for electrons
 ----------------------------------------------------------------
 SPIN    KPOINTS         PROCESSES   THREADS/PROC  THREADS/TOTAL 
 1       4612            4           1             4             
 ----------------------------------------------------------------
 Use plane wave basis
 ----------------------------------------------------------------
 ELEMENT NATOM       
 Mg      2           
 ----------------------------------------------------------------
 Initial plane wave basis and FFT box
 ----------------------------------------------------------------
 DONE(0.392435   SEC) : INIT PLANEWAVE
 START CHARGE         : ATOMIC
 DONE(0.414571   SEC) : LOCAL POTENTIAL
not allowed!
i1*i2*i3 must be positive! i1*i2*i3 is 0
i2 must be positive! i2 is 0
i3 must be positive! i3 is 0
 DONE(0.415126   SEC) : NON-LOCAL POTENTIAL
 MEMORY FOR PSI (MB)  : 291.346
 WARNING: init_wfc = atomic requires atomic pseudo wavefunctions(PP_PSWFC),
 but none available. Automatically switch to random initialization.
 DONE(0.415626   SEC) : INIT BASIS

 ================================================================
 SELF-CONSISTENT: 
 ================================================================
 DONE(17.2895    SEC) : INIT SCF
 ITER       ETOT/eV          EDIFF/eV         DRHO     TIME/s
 CG1     -4.90656574e+01   0.00000000e+00   9.3074e-02 263.59
 CG2     -4.93144808e+01  -2.48823410e-01   3.7630e-02 103.34
 CG3     -4.93255329e+01  -1.10520660e-02   3.8398e-05  94.23
 CG4     -4.93280029e+01  -2.47007125e-03   8.1102e-06 203.60
 CG5     -4.93280304e+01  -2.74694896e-05   3.5577e-07 108.22
 CG6     -4.93280324e+01  -2.03477968e-06   1.8763e-08 133.58
 CG7     -4.93280325e+01  -5.13708976e-08   2.2925e-09 127.01
 CG8     -4.93280325e+01  -1.52363770e-08   4.6322e-10 129.75
 CG9     -4.93280325e+01  -8.83729976e-10   2.4882e-12 119.33
 ----------------------------------------------------------------
              Stress_x             Stress_y             Stress_z 
 ----------------------------------------------------------------
        -21.7434698896        -0.0000002913         0.0000002665 
         -0.0000002913       -21.7434698526        -0.0000000898 
          0.0000002665        -0.0000000898       -21.2512561134 
 ----------------------------------------------------------------
 TOTAL-PRESSURE (EXCLUDE KINETIC PART OF IONS): -21.579399 kbar

 TIME STATISTICS
---------------------------------------------------------------------
   CLASS_NAME           NAME         TIME/s   CALLS    AVG/s  PER/%  
---------------------------------------------------------------------
                 total               1303.23 15       86.88   100.00 
 Driver          atomic_world        1303.23 1        1303.23 100.00 
 Relax_Driver    relax_driver        1302.79 1        1302.79 99.97  
 ESolver_KS      runner              1302.61 1        1302.61 99.95  
 ESolver_KS_PW   before_scf          16.87   1        16.87   1.29   
 PSIPrepare      initialize_psi      16.87   1        16.87   1.29   
 DiagoIterAssist diag_subspace       239.04  41508    0.01    18.34  
 Operator        hPsi                1103.35 1866279  0.00    84.66  
 Operator        veff_pw             1095.99 1866279  0.00    84.10  
 PW_Basis_K      recip2real          640.63  2820963  0.00    49.16  
 PW_Basis_K      gathers_zero_mpi    20.58   2820963  0.00    1.58   
 PW_Basis_K      real2recip          521.47  2322867  0.00    40.01  
 PW_Basis_K      gatherp_copy_unpack 13.80   2322867  0.00    1.06   
 ESolver_KS_PW   hamilt2rho_single   1282.59 9        142.51  98.42  
 HSolverPW       solve               1282.59 9        142.51  98.42  
 HSolverPW       solve_psik          1190.77 41508    0.03    91.37  
 DiagoCG         diag_once           962.39  41508    0.02    73.85  
 ElecStatePW     psiToRho            90.89   9        10.10   6.97   
---------------------------------------------------------------------


 START  Time  : Fri Aug  7 15:04:08 2026
 FINISH Time  : Fri Aug  7 15:25:51 2026
 TOTAL  Time  : 1303
 SEE INFORMATION IN : OUT.g1tlr4_mg_v097_quarter/
