
                     ▄████▄ █████▄ ▄████▄ ▄█████ ██  ██ ▄█████ 
                     ██▄▄██ ██▄▄██ ██▄▄██ ██     ██  ██ ▀▀▀▄▄▄ 
                     ██  ██ ██▄▄█▀ ██  ██ ▀█████ ▀████▀ █████▀ 

                                                                                     
                                v3.11.0-beta.5

               Atomic-orbital Based Ab-initio Computation at UStc                    

                     Website: http://abacus.ustc.edu.cn/                             
               Documentation: https://abacus.deepmodeling.com/                       
                  Repository: https://github.com/abacusmodeling/abacus-develop       
                              https://github.com/deepmodeling/abacus-develop         
                      Commit: unknown

 Thu Aug  6 05:34:54 2026
 MAKE THE DIR         : OUT.g1tlr1_mg_v100_extraquarter/
 RUNNING WITH DEVICE  : CPU / Intel(R) Xeon(R) Platinum 8368Q CPU @ 2.60GHz (x2)
 NAME OF ELEMENT      : Mg
 DFT FUNC. (PSEUDO)   : PZ
 DFT FUNC. (SET TO)   : XC_LDA_X+XC_LDA_C_PZ
 MAKE SURE THIS DFT FUNCTIONAL IS WHAT YOU NEED
 UNIFORM GRID DIM     : 25 * 25 * 40
 UNIFORM GRID DIM(BIG): 25 * 25 * 40
 DONE(0.0953352  SEC) : SETUP UNITCELL
 DONE(0.453027   SEC) : INIT K-POINTS
 ----------------------------------------------------------------
 Self-consistent calculations for electrons
 ----------------------------------------------------------------
 SPIN    KPOINTS         PROCESSES   THREADS/PROC  THREADS/TOTAL 
 1       7060            4           1             4             
 ----------------------------------------------------------------
 Use plane wave basis
 ----------------------------------------------------------------
 ELEMENT NATOM       
 Mg      2           
 ----------------------------------------------------------------
 Initial plane wave basis and FFT box
 ----------------------------------------------------------------
 DONE(0.577075   SEC) : INIT PLANEWAVE
 START CHARGE         : ATOMIC
 DONE(0.604246   SEC) : LOCAL POTENTIAL
not allowed!
i1*i2*i3 must be positive! i1*i2*i3 is 0
i2 must be positive! i2 is 0
i3 must be positive! i3 is 0
 DONE(0.604745   SEC) : NON-LOCAL POTENTIAL
 MEMORY FOR PSI (MB)  : 443.405
 WARNING: init_wfc = atomic requires atomic pseudo wavefunctions(PP_PSWFC),
 but none available. Automatically switch to random initialization.
 DONE(0.605148   SEC) : INIT BASIS

 ================================================================
 SELF-CONSISTENT: 
 ================================================================
 DONE(43.5823    SEC) : INIT SCF
 ITER       ETOT/eV          EDIFF/eV         DRHO     TIME/s
 CG1     -4.90380052e+01   0.00000000e+00   9.1126e-02 399.91
 CG2     -4.92899178e+01  -2.51912640e-01   3.6844e-02 156.69
 CG3     -4.93013617e+01  -1.14438977e-02   3.7902e-05 162.89
 CG4     -4.93038017e+01  -2.44002030e-03   7.7553e-06 327.40
 CG5     -4.93038270e+01  -2.52144704e-05   3.5438e-07 176.40
 CG6     -4.93038291e+01  -2.11579088e-06   2.1805e-08 211.39
 CG7     -4.93038291e+01  -5.09622735e-08   1.8758e-09 201.41
 CG8     -4.93038291e+01  -5.63753152e-09   5.3185e-11 204.94
 ----------------------------------------------------------------
              Stress_x             Stress_y             Stress_z 
 ----------------------------------------------------------------
        -30.2464700867        -0.0000006969        -0.0000005003 
         -0.0000006969       -30.2464701460         0.0000000887 
         -0.0000005003         0.0000000887       -29.6614550934 
 ----------------------------------------------------------------
 TOTAL-PRESSURE (EXCLUDE KINETIC PART OF IONS): -30.051465 kbar

 TIME STATISTICS
---------------------------------------------------------------------
   CLASS_NAME           NAME         TIME/s   CALLS    AVG/s  PER/%  
---------------------------------------------------------------------
                 total               1889.34 15       125.96  100.00 
 Driver          atomic_world        1889.34 1        1889.34 100.00 
 Relax_Driver    relax_driver        1888.72 1        1888.72 99.97  
 ESolver_KS      runner              1888.48 1        1888.48 99.95  
 ESolver_KS_PW   before_scf          42.98   1        42.98   2.27   
 PSIPrepare      initialize_psi      42.97   1        42.97   2.27   
 DiagoIterAssist diag_subspace       347.70  56480    0.01    18.40  
 Operator        hPsi                1598.71 2631149  0.00    84.62  
 Operator        veff_pw             1588.08 2631149  0.00    84.05  
 PW_Basis_K      recip2real          916.54  3930189  0.00    48.51  
 PW_Basis_K      gathers_zero_mpi    29.32   3930189  0.00    1.55   
 PW_Basis_K      real2recip          755.14  3252429  0.00    39.97  
 PW_Basis_K      gatherp_copy_unpack 19.97   3252429  0.00    1.06   
 ESolver_KS_PW   hamilt2rho_single   1840.99 8        230.12  97.44  
 HSolverPW       solve               1840.99 8        230.12  97.44  
 HSolverPW       solve_psik          1707.91 56480    0.03    90.40  
 DiagoCG         diag_once           1391.51 56480    0.02    73.65  
 ElecStatePW     psiToRho            131.85  8        16.48   6.98   
---------------------------------------------------------------------


 START  Time  : Thu Aug  6 05:34:54 2026
 FINISH Time  : Thu Aug  6 06:06:23 2026
 TOTAL  Time  : 1889
 SEE INFORMATION IN : OUT.g1tlr1_mg_v100_extraquarter/
