
                     ▄████▄ █████▄ ▄████▄ ▄█████ ██  ██ ▄█████ 
                     ██▄▄██ ██▄▄██ ██▄▄██ ██     ██  ██ ▀▀▀▄▄▄ 
                     ██  ██ ██▄▄█▀ ██  ██ ▀█████ ▀████▀ █████▀ 

                                                                                     
                                v3.11.0-beta.5

               Atomic-orbital Based Ab-initio Computation at UStc                    

                     Website: http://abacus.ustc.edu.cn/                             
               Documentation: https://abacus.deepmodeling.com/                       
                  Repository: https://github.com/abacusmodeling/abacus-develop       
                              https://github.com/deepmodeling/abacus-develop         
                      Commit: unknown

 Wed Aug  5 16:58:37 2026
 MAKE THE DIR         : OUT.s1_mg_v100_ksdft_standard/
 RUNNING WITH DEVICE  : CPU / Intel(R) Xeon(R) Platinum 8368Q CPU @ 2.60GHz (x2)
 NAME OF ELEMENT      : Mg
 DFT FUNC. (PSEUDO)   : PZ
 DFT FUNC. (SET TO)   : XC_LDA_X+XC_LDA_C_PZ
 MAKE SURE THIS DFT FUNCTIONAL IS WHAT YOU NEED
 UNIFORM GRID DIM     : 25 * 25 * 40
 UNIFORM GRID DIM(BIG): 25 * 25 * 40
 DONE(0.0492177  SEC) : SETUP UNITCELL
 DONE(0.138769   SEC) : INIT K-POINTS
 ----------------------------------------------------------------
 Self-consistent calculations for electrons
 ----------------------------------------------------------------
 SPIN    KPOINTS         PROCESSES   THREADS/PROC  THREADS/TOTAL 
 1       2404            4           1             4             
 ----------------------------------------------------------------
 Use plane wave basis
 ----------------------------------------------------------------
 ELEMENT NATOM       
 Mg      2           
 ----------------------------------------------------------------
 Initial plane wave basis and FFT box
 ----------------------------------------------------------------
 DONE(0.182134   SEC) : INIT PLANEWAVE
 START CHARGE         : ATOMIC
 DONE(0.204681   SEC) : LOCAL POTENTIAL
not allowed!
i1*i2*i3 must be positive! i1*i2*i3 is 0
i2 must be positive! i2 is 0
i3 must be positive! i3 is 0
 DONE(0.205594   SEC) : NON-LOCAL POTENTIAL
 MEMORY FOR PSI (MB)  : 150.984
 WARNING: init_wfc = atomic requires atomic pseudo wavefunctions(PP_PSWFC),
 but none available. Automatically switch to random initialization.
 DONE(0.205627   SEC) : INIT BASIS

 ================================================================
 SELF-CONSISTENT: 
 ================================================================
 DONE(3.2752     SEC) : INIT SCF
 ITER       ETOT/eV          EDIFF/eV         DRHO     TIME/s
 CG1     -4.90542107e+01   0.00000000e+00   9.1127e-02  24.21
 CG2     -4.93030455e+01  -2.48834836e-01   3.6758e-02   9.28
 CG3     -4.93144135e+01  -1.13680582e-02   3.8635e-05   8.77
 CG4     -4.93168806e+01  -2.46708616e-03   7.9853e-06  18.49
 CG5     -4.93169062e+01  -2.55805535e-05   3.6260e-07   9.75
 CG6     -4.93169084e+01  -2.18383126e-06   2.1298e-08  11.97
 CG7     -4.93169085e+01  -5.39200479e-08   1.8922e-09  11.21
 CG8     -4.93169085e+01  -5.87956771e-09   6.9821e-11  11.35
 ----------------------------------------------------------------
              Stress_x             Stress_y             Stress_z 
 ----------------------------------------------------------------
        -30.9005001417         0.0000018633         0.0000006028 
          0.0000018633       -30.9004975921        -0.0000000225 
          0.0000006028        -0.0000000225       -26.8154329872 
 ----------------------------------------------------------------
 TOTAL-PRESSURE (EXCLUDE KINETIC PART OF IONS): -29.538810 kbar

 TIME STATISTICS
-------------------------------------------------------------------
   CLASS_NAME           NAME         TIME/s  CALLS   AVG/s  PER/%  
-------------------------------------------------------------------
                 total               108.52 15       7.23   100.00 
 Driver          atomic_world        108.52 1        108.52 100.00 
 Relax_Driver    relax_driver        108.30 1        108.30 99.80  
 ESolver_KS      runner              108.15 1        108.15 99.66  
 ESolver_KS_PW   before_scf          3.07   1        3.07   2.83   
 PSIPrepare      initialize_psi      3.07   1        3.07   2.83   
 DiagoIterAssist diag_subspace       18.42  19232    0.00   16.97  
 Operator        hPsi                81.01  891563   0.00   74.65  
 Operator        veff_pw             79.82  891563   0.00   73.56  
 PW_Basis_K      recip2real          47.21  1333899  0.00   43.51  
 PW_Basis_K      gathers_copy_pack   2.04   1333899  0.00   1.88   
 PW_Basis_K      gathers_zero_mpi    3.90   1333899  0.00   3.60   
 PW_Basis_K      gathers_copy_unpack 1.97   1333899  0.00   1.82   
 PW_Basis_K      real2recip          35.77  1103115  0.00   32.96  
 PW_Basis_K      gatherp_copy_pack   1.65   1103115  0.00   1.52   
 PW_Basis_K      gatherp_copy_unpack 2.80   1103115  0.00   2.58   
 ESolver_KS_PW   hamilt2rho_single   105.01 8        13.13  96.76  
 HSolverPW       solve               105.01 8        13.13  96.76  
 HSolverPW       solve_psik          96.02  19232    0.00   88.48  
 DiagoCG         diag_once           79.33  19232    0.00   73.10  
 ElecStatePW     psiToRho            8.82   8        1.10   8.13   
-------------------------------------------------------------------


 START  Time  : Wed Aug  5 16:58:37 2026
 FINISH Time  : Wed Aug  5 17:00:26 2026
 TOTAL  Time  : 109
 SEE INFORMATION IN : OUT.s1_mg_v100_ksdft_standard/
