
                     ▄████▄ █████▄ ▄████▄ ▄█████ ██  ██ ▄█████ 
                     ██▄▄██ ██▄▄██ ██▄▄██ ██     ██  ██ ▀▀▀▄▄▄ 
                     ██  ██ ██▄▄█▀ ██  ██ ▀█████ ▀████▀ █████▀ 

                                                                                     
                                v3.11.0-beta.5

               Atomic-orbital Based Ab-initio Computation at UStc                    

                     Website: http://abacus.ustc.edu.cn/                             
               Documentation: https://abacus.deepmodeling.com/                       
                  Repository: https://github.com/abacusmodeling/abacus-develop       
                              https://github.com/deepmodeling/abacus-develop         
                      Commit: unknown

 Fri Aug  7 11:26:34 2026
 MAKE THE DIR         : OUT.g1tlr4_al_v103_half/
 RUNNING WITH DEVICE  : CPU / Intel(R) Xeon(R) Platinum 8368Q CPU @ 2.60GHz (x2)
 NAME OF ELEMENT      : Al
 DFT FUNC. (PSEUDO)   : PBE
 DFT FUNC. (SET TO)   : XC_GGA_X_PBE+XC_GGA_C_PBE
 MAKE SURE THIS DFT FUNCTIONAL IS WHAT YOU NEED
 UNIFORM GRID DIM     : 24 * 24 * 24
 UNIFORM GRID DIM(BIG): 24 * 24 * 24
 DONE(0.0805186  SEC) : SETUP UNITCELL
 DONE(0.812805   SEC) : INIT K-POINTS
 ----------------------------------------------------------------
 Self-consistent calculations for electrons
 ----------------------------------------------------------------
 SPIN    KPOINTS         PROCESSES   THREADS/PROC  THREADS/TOTAL 
 1       10980           4           1             4             
 ----------------------------------------------------------------
 Use plane wave basis
 ----------------------------------------------------------------
 ELEMENT NATOM       
 Al      1           
 ----------------------------------------------------------------
 Initial plane wave basis and FFT box
 ----------------------------------------------------------------
 DONE(0.898757   SEC) : INIT PLANEWAVE
 START CHARGE         : ATOMIC
 DONE(0.90387    SEC) : LOCAL POTENTIAL
not allowed!
i1*i2*i3 must be positive! i1*i2*i3 is 0
i2 must be positive! i2 is 0
i3 must be positive! i3 is 0
 DONE(0.90434    SEC) : NON-LOCAL POTENTIAL
 MEMORY FOR PSI (MB)  : 291.522
 WARNING: init_wfc = atomic requires atomic pseudo wavefunctions(PP_PSWFC),
 but none available. Automatically switch to random initialization.
 DONE(0.904722   SEC) : INIT BASIS

 ================================================================
 SELF-CONSISTENT: 
 ================================================================
 DONE(7.59988    SEC) : INIT SCF
 ITER       ETOT/eV          EDIFF/eV         DRHO     TIME/s
 CG1     -5.67179762e+01   0.00000000e+00   8.0947e-02  60.30
 CG2     -5.71668228e+01  -4.48846606e-01   3.1230e-02  21.37
 CG3     -5.71907362e+01  -2.39133630e-02   6.4879e-05  21.35
 CG4     -5.71906136e+01   1.22582062e-04   2.7600e-05  40.75
 CG5     -5.71924993e+01  -1.88572455e-03   5.0251e-06  26.29
 CG6     -5.71925447e+01  -4.53097609e-05   3.5503e-09  26.72
 CG7     -5.71925453e+01  -6.37613392e-07   1.6690e-09  43.10
 CG8     -5.71925453e+01  -7.02143015e-09   4.1644e-12  26.26
 ----------------------------------------------------------------
              Stress_x             Stress_y             Stress_z 
 ----------------------------------------------------------------
        -22.6332149645        -0.0000020600         0.0000015389 
         -0.0000020600       -22.6332148476         0.0000046227 
          0.0000015389         0.0000046227       -22.6332149173 
 ----------------------------------------------------------------
 TOTAL-PRESSURE (EXCLUDE KINETIC PART OF IONS): -22.633215 kbar

 TIME STATISTICS
-------------------------------------------------------------------
   CLASS_NAME           NAME         TIME/s  CALLS   AVG/s  PER/%  
-------------------------------------------------------------------
                 total               280.96 15       18.73  100.00 
 Driver          atomic_world        280.96 1        280.96 100.00 
 Relax_Driver    relax_driver        280.03 1        280.03 99.67  
 ESolver_KS      runner              279.86 1        279.86 99.61  
 ESolver_KS_PW   before_scf          6.69   1        6.69   2.38   
 PSIPrepare      initialize_psi      6.69   1        6.69   2.38   
 DiagoIterAssist diag_subspace       42.83  87840    0.00   15.24  
 Operator        hPsi                189.25 4253849  0.00   67.36  
 Operator        veff_pw             184.71 4253849  0.00   65.74  
 PW_Basis_K      recip2real          108.33 6274169  0.00   38.56  
 PW_Basis_K      gathers_copy_pack   5.93   6274169  0.00   2.11   
 PW_Basis_K      gathers_zero_mpi    7.72   6274169  0.00   2.75   
 PW_Basis_K      gathers_copy_unpack 6.21   6274169  0.00   2.21   
 PW_Basis_K      real2recip          80.97  5220089  0.00   28.82  
 PW_Basis_K      gatherp_copy_pack   4.83   5220089  0.00   1.72   
 PW_Basis_K      gatherp_copy_unpack 5.40   5220089  0.00   1.92   
 DiagoIterAssist diag_hegvd          3.25   87840    0.00   1.15   
 ESolver_KS_PW   hamilt2rho_single   266.10 8        33.26  94.71  
 HSolverPW       solve               266.10 8        33.26  94.71  
 HSolverPW       solve_psik          246.53 87840    0.00   87.75  
 DiagoCG         diag_once           207.44 87840    0.00   73.83  
 ElecStatePW     psiToRho            19.17  8        2.40   6.82   
 ESolver_KS_PW   after_scf           7.03   1        7.03   2.50   
 ModuleIO        write_eig_file      7.01   1        7.01   2.50   
-------------------------------------------------------------------


 START  Time  : Fri Aug  7 11:26:34 2026
 FINISH Time  : Fri Aug  7 11:31:15 2026
 TOTAL  Time  : 281
 SEE INFORMATION IN : OUT.g1tlr4_al_v103_half/
