
                     ▄████▄ █████▄ ▄████▄ ▄█████ ██  ██ ▄█████ 
                     ██▄▄██ ██▄▄██ ██▄▄██ ██     ██  ██ ▀▀▀▄▄▄ 
                     ██  ██ ██▄▄█▀ ██  ██ ▀█████ ▀████▀ █████▀ 

                                                                                     
                                v3.11.0-beta.5

               Atomic-orbital Based Ab-initio Computation at UStc                    

                     Website: http://abacus.ustc.edu.cn/                             
               Documentation: https://abacus.deepmodeling.com/                       
                  Repository: https://github.com/abacusmodeling/abacus-develop       
                              https://github.com/deepmodeling/abacus-develop         
                      Commit: unknown

 Wed Aug  5 15:00:04 2026
 MAKE THE DIR         : OUT.s1_mg_v100_ksdft_next_cutoff/
 RUNNING WITH DEVICE  : CPU / Intel(R) Xeon(R) Platinum 8368Q CPU @ 2.60GHz (x2)
 NAME OF ELEMENT      : Mg
 DFT FUNC. (PSEUDO)   : PZ
 DFT FUNC. (SET TO)   : XC_LDA_X+XC_LDA_C_PZ
 MAKE SURE THIS DFT FUNCTIONAL IS WHAT YOU NEED
 UNIFORM GRID DIM     : 30 * 30 * 50
 UNIFORM GRID DIM(BIG): 30 * 30 * 50
 DONE(0.100813   SEC) : SETUP UNITCELL
 DONE(0.204664   SEC) : INIT K-POINTS
 ----------------------------------------------------------------
 Self-consistent calculations for electrons
 ----------------------------------------------------------------
 SPIN    KPOINTS         PROCESSES   THREADS/PROC  THREADS/TOTAL 
 1       2404            4           1             4             
 ----------------------------------------------------------------
 Use plane wave basis
 ----------------------------------------------------------------
 ELEMENT NATOM       
 Mg      2           
 ----------------------------------------------------------------
 Initial plane wave basis and FFT box
 ----------------------------------------------------------------
 DONE(0.294349   SEC) : INIT PLANEWAVE
 START CHARGE         : ATOMIC
 DONE(0.332868   SEC) : LOCAL POTENTIAL
not allowed!
i1*i2*i3 must be positive! i1*i2*i3 is 0
i2 must be positive! i2 is 0
i3 must be positive! i3 is 0
 DONE(0.333312   SEC) : NON-LOCAL POTENTIAL
 MEMORY FOR PSI (MB)  : 281.279
 WARNING: init_wfc = atomic requires atomic pseudo wavefunctions(PP_PSWFC),
 but none available. Automatically switch to random initialization.
 DONE(0.333738   SEC) : INIT BASIS

 ================================================================
 SELF-CONSISTENT: 
 ================================================================
 DONE(15.7159    SEC) : INIT SCF
 ITER       ETOT/eV          EDIFF/eV         DRHO     TIME/s
 CG1     -4.90400449e+01   0.00000000e+00   9.1745e-02 148.62
 CG2     -4.93036180e+01  -2.63573060e-01   3.7028e-02  60.58
 CG3     -4.93143965e+01  -1.07784975e-02   4.0362e-05  57.44
 CG4     -4.93168818e+01  -2.48534813e-03   8.6823e-06 113.36
 CG5     -4.93169087e+01  -2.68567737e-05   3.3829e-07  63.64
 CG6     -4.93169112e+01  -2.53591719e-06   2.0131e-08  79.05
 CG7     -4.93169113e+01  -5.77328641e-08   1.9513e-09  69.55
 CG8     -4.93169113e+01  -7.52887959e-09   2.0164e-10  70.00
 CG9     -4.93169113e+01  -8.92043966e-10   3.1031e-12  69.27
 ----------------------------------------------------------------
              Stress_x             Stress_y             Stress_z 
 ----------------------------------------------------------------
        -30.9006044606        -0.0000008408        -0.0000003980 
         -0.0000008408       -30.9006062413        -0.0000000932 
         -0.0000003980        -0.0000000932       -26.8154499565 
 ----------------------------------------------------------------
 TOTAL-PRESSURE (EXCLUDE KINETIC PART OF IONS): -29.538887 kbar

 TIME STATISTICS
-------------------------------------------------------------------
   CLASS_NAME           NAME         TIME/s  CALLS   AVG/s  PER/%  
-------------------------------------------------------------------
                 total               749.01 15       49.93  100.00 
 Driver          atomic_world        749.01 1        749.01 100.00 
 Relax_Driver    relax_driver        748.66 1        748.66 99.95  
 ESolver_KS      runner              748.36 1        748.36 99.91  
 ESolver_KS_PW   before_scf          15.38  1        15.38  2.05   
 PSIPrepare      initialize_psi      15.38  1        15.38  2.05   
 DiagoIterAssist diag_subspace       137.96 21636    0.01   18.42  
 Operator        hPsi                620.50 975912   0.00   82.84  
 Operator        veff_pw             617.16 975912   0.00   82.40  
 PW_Basis_K      recip2real          372.93 1473540  0.00   49.79  
 PW_Basis_K      gathers_copy_pack   7.86   1473540  0.00   1.05   
 PW_Basis_K      gathers_zero_mpi    14.44  1473540  0.00   1.93   
 PW_Basis_K      gathers_copy_unpack 8.63   1473540  0.00   1.15   
 PW_Basis_K      real2recip          293.45 1213908  0.00   39.18  
 PW_Basis_K      gatherp_copy_unpack 8.69   1213908  0.00   1.16   
 ESolver_KS_PW   hamilt2rho_single   731.44 9        81.27  97.65  
 HSolverPW       solve               731.44 9        81.27  97.65  
 HSolverPW       solve_psik          662.22 21636    0.03   88.41  
 DiagoCG         diag_once           535.11 21636    0.02   71.44  
 ElecStatePW     psiToRho            68.60  9        7.62   9.16   
-------------------------------------------------------------------


 START  Time  : Wed Aug  5 15:00:04 2026
 FINISH Time  : Wed Aug  5 15:12:33 2026
 TOTAL  Time  : 749
 SEE INFORMATION IN : OUT.s1_mg_v100_ksdft_next_cutoff/
