
                     ▄████▄ █████▄ ▄████▄ ▄█████ ██  ██ ▄█████ 
                     ██▄▄██ ██▄▄██ ██▄▄██ ██     ██  ██ ▀▀▀▄▄▄ 
                     ██  ██ ██▄▄█▀ ██  ██ ▀█████ ▀████▀ █████▀ 

                                                                                     
                                v3.11.0-beta.5

               Atomic-orbital Based Ab-initio Computation at UStc                    

                     Website: http://abacus.ustc.edu.cn/                             
               Documentation: https://abacus.deepmodeling.com/                       
                  Repository: https://github.com/abacusmodeling/abacus-develop       
                              https://github.com/deepmodeling/abacus-develop         
                      Commit: unknown

 Wed Aug  5 17:04:50 2026
 MAKE THE DIR         : OUT.s1_mg_v110_ksdft_standard/
 RUNNING WITH DEVICE  : CPU / Intel(R) Xeon(R) Platinum 8368Q CPU @ 2.60GHz (x2)
 NAME OF ELEMENT      : Mg
 DFT FUNC. (PSEUDO)   : PZ
 DFT FUNC. (SET TO)   : XC_LDA_X+XC_LDA_C_PZ
 MAKE SURE THIS DFT FUNCTIONAL IS WHAT YOU NEED
 UNIFORM GRID DIM     : 25 * 25 * 45
 UNIFORM GRID DIM(BIG): 25 * 25 * 45
 DONE(0.0436894  SEC) : SETUP UNITCELL
 DONE(0.118183   SEC) : INIT K-POINTS
 ----------------------------------------------------------------
 Self-consistent calculations for electrons
 ----------------------------------------------------------------
 SPIN    KPOINTS         PROCESSES   THREADS/PROC  THREADS/TOTAL 
 1       2404            4           1             4             
 ----------------------------------------------------------------
 Use plane wave basis
 ----------------------------------------------------------------
 ELEMENT NATOM       
 Mg      2           
 ----------------------------------------------------------------
 Initial plane wave basis and FFT box
 ----------------------------------------------------------------
 DONE(0.166574   SEC) : INIT PLANEWAVE
 START CHARGE         : ATOMIC
 DONE(0.190814   SEC) : LOCAL POTENTIAL
not allowed!
i1*i2*i3 must be positive! i1*i2*i3 is 0
i2 must be positive! i2 is 0
i3 must be positive! i3 is 0
 DONE(0.190846   SEC) : NON-LOCAL POTENTIAL
 MEMORY FOR PSI (MB)  : 165.51
 WARNING: init_wfc = atomic requires atomic pseudo wavefunctions(PP_PSWFC),
 but none available. Automatically switch to random initialization.
 DONE(0.19088    SEC) : INIT BASIS

 ================================================================
 SELF-CONSISTENT: 
 ================================================================
 DONE(3.68083    SEC) : INIT SCF
 ITER       ETOT/eV          EDIFF/eV         DRHO     TIME/s
 CG1     -4.89130367e+01   0.00000000e+00   8.4698e-02  27.88
 CG2     -4.91844205e+01  -2.71383761e-01   3.4124e-02  10.89
 CG3     -4.91967923e+01  -1.23717881e-02   3.7236e-05  10.19
 CG4     -4.91994176e+01  -2.62531503e-03   8.4522e-06  21.43
 CG5     -4.91994517e+01  -3.41402152e-05   4.7919e-07  11.08
 CG6     -4.91994541e+01  -2.33914875e-06   3.1914e-08  13.67
 CG7     -4.91994542e+01  -1.01725948e-07   3.0130e-09  12.79
 CG8     -4.91994542e+01  -1.56374122e-08   4.0993e-10  13.22
 CG9     -4.91994542e+01  -1.56835923e-09   4.6784e-12  12.27
 ----------------------------------------------------------------
              Stress_x             Stress_y             Stress_z 
 ----------------------------------------------------------------
        -50.7065650508         0.0000007954         0.0000002554 
          0.0000007954       -50.7065665748         0.0000000214 
          0.0000002554         0.0000000214       -47.2646563114 
 ----------------------------------------------------------------
 TOTAL-PRESSURE (EXCLUDE KINETIC PART OF IONS): -49.559263 kbar

 TIME STATISTICS
-------------------------------------------------------------------
   CLASS_NAME           NAME         TIME/s  CALLS   AVG/s  PER/%  
-------------------------------------------------------------------
                 total               137.33 15       9.16   100.00 
 Driver          atomic_world        137.33 1        137.33 100.00 
 Relax_Driver    relax_driver        137.13 1        137.13 99.85  
 ESolver_KS      runner              136.97 1        136.97 99.74  
 ESolver_KS_PW   before_scf          3.49   1        3.49   2.54   
 PSIPrepare      initialize_psi      3.49   1        3.49   2.54   
 DiagoIterAssist diag_subspace       23.92  21636    0.00   17.42  
 Operator        hPsi                101.26 972527   0.00   73.73  
 Operator        veff_pw             99.98  972527   0.00   72.81  
 PW_Basis_K      recip2real          59.47  1470155  0.00   43.30  
 PW_Basis_K      gathers_copy_pack   2.81   1470155  0.00   2.05   
 PW_Basis_K      gathers_zero_mpi    5.12   1470155  0.00   3.73   
 PW_Basis_K      gathers_copy_unpack 2.55   1470155  0.00   1.86   
 PW_Basis_K      real2recip          45.26  1210523  0.00   32.96  
 PW_Basis_K      gatherp_copy_pack   2.02   1210523  0.00   1.47   
 PW_Basis_K      gatherp_copy_unpack 3.97   1210523  0.00   2.89   
 ESolver_KS_PW   hamilt2rho_single   133.40 9        14.82  97.14  
 HSolverPW       solve               133.40 9        14.82  97.14  
 HSolverPW       solve_psik          121.55 21636    0.01   88.51  
 DiagoCG         diag_once           99.47  21636    0.00   72.43  
 ElecStatePW     psiToRho            11.65  9        1.29   8.48   
-------------------------------------------------------------------


 START  Time  : Wed Aug  5 17:04:50 2026
 FINISH Time  : Wed Aug  5 17:07:07 2026
 TOTAL  Time  : 137
 SEE INFORMATION IN : OUT.s1_mg_v110_ksdft_standard/
