
                     ▄████▄ █████▄ ▄████▄ ▄█████ ██  ██ ▄█████ 
                     ██▄▄██ ██▄▄██ ██▄▄██ ██     ██  ██ ▀▀▀▄▄▄ 
                     ██  ██ ██▄▄█▀ ██  ██ ▀█████ ▀████▀ █████▀ 

                                                                                     
                                v3.11.0-beta.5

               Atomic-orbital Based Ab-initio Computation at UStc                    

                     Website: http://abacus.ustc.edu.cn/                             
               Documentation: https://abacus.deepmodeling.com/                       
                  Repository: https://github.com/abacusmodeling/abacus-develop       
                              https://github.com/deepmodeling/abacus-develop         
                      Commit: unknown

 Wed Aug  5 16:34:43 2026
 MAKE THE DIR         : OUT.s1_al_v094_ksdft_half/
 RUNNING WITH DEVICE  : CPU / Intel(R) Xeon(R) Platinum 8368Q CPU @ 2.60GHz (x2)
 NAME OF ELEMENT      : Al
 DFT FUNC. (PSEUDO)   : PBE
 DFT FUNC. (SET TO)   : XC_GGA_X_PBE+XC_GGA_C_PBE
 MAKE SURE THIS DFT FUNCTIONAL IS WHAT YOU NEED
 UNIFORM GRID DIM     : 24 * 24 * 24
 UNIFORM GRID DIM(BIG): 24 * 24 * 24
 DONE(0.0642215  SEC) : SETUP UNITCELL
 DONE(0.392825   SEC) : INIT K-POINTS
 ----------------------------------------------------------------
 Self-consistent calculations for electrons
 ----------------------------------------------------------------
 SPIN    KPOINTS         PROCESSES   THREADS/PROC  THREADS/TOTAL 
 1       6916            4           1             4             
 ----------------------------------------------------------------
 Use plane wave basis
 ----------------------------------------------------------------
 ELEMENT NATOM       
 Al      1           
 ----------------------------------------------------------------
 Initial plane wave basis and FFT box
 ----------------------------------------------------------------
 DONE(0.43997    SEC) : INIT PLANEWAVE
 START CHARGE         : ATOMIC
 DONE(0.445204   SEC) : LOCAL POTENTIAL
not allowed!
i1*i2*i3 must be positive! i1*i2*i3 is 0
i2 must be positive! i2 is 0
i3 must be positive! i3 is 0
 DONE(0.445533   SEC) : NON-LOCAL POTENTIAL
 MEMORY FOR PSI (MB)  : 160.827
 WARNING: init_wfc = atomic requires atomic pseudo wavefunctions(PP_PSWFC),
 but none available. Automatically switch to random initialization.
 DONE(0.445569   SEC) : INIT BASIS

 ================================================================
 SELF-CONSISTENT: 
 ================================================================
 DONE(4.41401    SEC) : INIT SCF
 ITER       ETOT/eV          EDIFF/eV         DRHO     TIME/s
 CG1     -5.67381234e+01   0.00000000e+00   8.9081e-02  37.22
 CG2     -5.71548366e+01  -4.16713236e-01   3.4267e-02  12.91
 CG3     -5.71766609e+01  -2.18242443e-02   4.8926e-05  13.12
 CG4     -5.71789436e+01  -2.28268699e-03   2.1766e-05  25.41
 CG5     -5.71803650e+01  -1.42140233e-03   2.3860e-06  16.15
 CG6     -5.71803900e+01  -2.50321357e-05   5.2986e-09  16.87
 CG7     -5.71803904e+01  -3.85427330e-07   5.7362e-10  23.84
 CG8     -5.71803904e+01  -2.72126067e-09   1.1589e-11  16.72
 ----------------------------------------------------------------
              Stress_x             Stress_y             Stress_z 
 ----------------------------------------------------------------
         53.5101577205        -0.0000135010         0.0000102433 
         -0.0000135010        53.5101575908         0.0000022801 
          0.0000102433         0.0000022801        53.5101580248 
 ----------------------------------------------------------------
 TOTAL-PRESSURE (EXCLUDE KINETIC PART OF IONS): 53.510158 kbar

 TIME STATISTICS
-------------------------------------------------------------------
   CLASS_NAME           NAME         TIME/s  CALLS   AVG/s  PER/%  
-------------------------------------------------------------------
                 total               166.87 15       11.12  100.00 
 Driver          atomic_world        166.87 1        166.87 100.00 
 Relax_Driver    relax_driver        166.40 1        166.40 99.72  
 ESolver_KS      runner              166.34 1        166.34 99.68  
 ESolver_KS_PW   before_scf          3.97   1        3.97   2.38   
 PSIPrepare      initialize_psi      3.97   1        3.97   2.38   
 DiagoIterAssist diag_subspace       25.91  55328    0.00   15.53  
 Operator        hPsi                115.65 2659349  0.00   69.31  
 Operator        veff_pw             112.82 2659349  0.00   67.61  
 PW_Basis_K      recip2real          66.23  3931893  0.00   39.69  
 PW_Basis_K      gathers_copy_pack   3.62   3931893  0.00   2.17   
 PW_Basis_K      gathers_zero_mpi    4.90   3931893  0.00   2.94   
 PW_Basis_K      gathers_copy_unpack 3.64   3931893  0.00   2.18   
 PW_Basis_K      real2recip          49.17  3267957  0.00   29.47  
 PW_Basis_K      gatherp_copy_pack   2.90   3267957  0.00   1.74   
 PW_Basis_K      gatherp_copy_unpack 3.19   3267957  0.00   1.91   
 DiagoIterAssist diag_hegvd          1.93   55328    0.00   1.16   
 ESolver_KS_PW   hamilt2rho_single   162.21 8        20.28  97.21  
 HSolverPW       solve               162.21 8        20.28  97.21  
 HSolverPW       solve_psik          150.17 55328    0.00   89.99  
 DiagoCG         diag_once           126.57 55328    0.00   75.85  
 ElecStatePW     psiToRho            11.80  8        1.48   7.07   
-------------------------------------------------------------------


 START  Time  : Wed Aug  5 16:34:43 2026
 FINISH Time  : Wed Aug  5 16:37:30 2026
 TOTAL  Time  : 167
 SEE INFORMATION IN : OUT.s1_al_v094_ksdft_half/
