
                     ▄████▄ █████▄ ▄████▄ ▄█████ ██  ██ ▄█████ 
                     ██▄▄██ ██▄▄██ ██▄▄██ ██     ██  ██ ▀▀▀▄▄▄ 
                     ██  ██ ██▄▄█▀ ██  ██ ▀█████ ▀████▀ █████▀ 

                                                                                     
                                v3.11.0-beta.5

               Atomic-orbital Based Ab-initio Computation at UStc                    

                     Website: http://abacus.ustc.edu.cn/                             
               Documentation: https://abacus.deepmodeling.com/                       
                  Repository: https://github.com/abacusmodeling/abacus-develop       
                              https://github.com/deepmodeling/abacus-develop         
                      Commit: unknown

 Fri Aug  7 09:00:48 2026
 MAKE THE DIR         : OUT.g1tlr4_mg_v090_quarter/
 RUNNING WITH DEVICE  : CPU / Intel(R) Xeon(R) Platinum 8368Q CPU @ 2.60GHz (x2)
 NAME OF ELEMENT      : Mg
 DFT FUNC. (PSEUDO)   : PZ
 DFT FUNC. (SET TO)   : XC_LDA_X+XC_LDA_C_PZ
 MAKE SURE THIS DFT FUNCTIONAL IS WHAT YOU NEED
 UNIFORM GRID DIM     : 24 * 24 * 40
 UNIFORM GRID DIM(BIG): 24 * 24 * 40
 DONE(0.101468   SEC) : SETUP UNITCELL
 DONE(0.299815   SEC) : INIT K-POINTS
 ----------------------------------------------------------------
 Self-consistent calculations for electrons
 ----------------------------------------------------------------
 SPIN    KPOINTS         PROCESSES   THREADS/PROC  THREADS/TOTAL 
 1       4612            4           1             4             
 ----------------------------------------------------------------
 Use plane wave basis
 ----------------------------------------------------------------
 ELEMENT NATOM       
 Mg      2           
 ----------------------------------------------------------------
 Initial plane wave basis and FFT box
 ----------------------------------------------------------------
 DONE(0.378264   SEC) : INIT PLANEWAVE
 START CHARGE         : ATOMIC
 DONE(0.397664   SEC) : LOCAL POTENTIAL
not allowed!
i1*i2*i3 must be positive! i1*i2*i3 is 0
i2 must be positive! i2 is 0
i3 must be positive! i3 is 0
 DONE(0.398213   SEC) : NON-LOCAL POTENTIAL
 MEMORY FOR PSI (MB)  : 267.701
 WARNING: init_wfc = atomic requires atomic pseudo wavefunctions(PP_PSWFC),
 but none available. Automatically switch to random initialization.
 DONE(0.398626   SEC) : INIT BASIS

 ================================================================
 SELF-CONSISTENT: 
 ================================================================
 DONE(14.6649    SEC) : INIT SCF
 ITER       ETOT/eV          EDIFF/eV         DRHO     TIME/s
 CG1     -4.90969851e+01   0.00000000e+00   9.7682e-02 203.85
 CG2     -4.93335986e+01  -2.36613541e-01   3.9346e-02  81.22
 CG3     -4.93445827e+01  -1.09840732e-02   3.9121e-05  78.21
 CG4     -4.93469179e+01  -2.33516415e-03   6.6708e-06 163.78
 CG5     -4.93469360e+01  -1.81157058e-05   2.5054e-07  91.13
 CG6     -4.93469378e+01  -1.77458034e-06   1.9275e-08  96.58
 CG7     -4.93469378e+01  -3.59063995e-08   1.3985e-09  94.56
 CG8     -4.93469378e+01  -6.63919810e-09   1.6670e-10 106.52
 CG9     -4.93469378e+01  -7.88487665e-10   5.0344e-12  90.79
 ----------------------------------------------------------------
              Stress_x             Stress_y             Stress_z 
 ----------------------------------------------------------------
          4.4315571064        -0.0000001630        -0.0000003779 
         -0.0000001630         4.4315565995         0.0000001382 
         -0.0000003779         0.0000001382         4.9800077205 
 ----------------------------------------------------------------
 TOTAL-PRESSURE (EXCLUDE KINETIC PART OF IONS): 4.614374 kbar

 TIME STATISTICS
---------------------------------------------------------------------
   CLASS_NAME           NAME         TIME/s   CALLS    AVG/s  PER/%  
---------------------------------------------------------------------
                 total               1024.33 15       68.29   100.00 
 Driver          atomic_world        1024.33 1        1024.33 100.00 
 Relax_Driver    relax_driver        1023.90 1        1023.90 99.96  
 ESolver_KS      runner              1023.73 1        1023.73 99.94  
 ESolver_KS_PW   before_scf          14.27   1        14.27   1.39   
 PSIPrepare      initialize_psi      14.26   1        14.26   1.39   
 DiagoIterAssist diag_subspace       190.02  41508    0.00    18.55  
 Operator        hPsi                870.10  1876483  0.00    84.94  
 Operator        veff_pw             863.64  1876483  0.00    84.31  
 PW_Basis_K      recip2real          449.33  2831167  0.00    43.87  
 PW_Basis_K      gathers_copy_pack   10.35   2831167  0.00    1.01   
 PW_Basis_K      gathers_zero_mpi    17.09   2831167  0.00    1.67   
 PW_Basis_K      gathers_copy_unpack 10.25   2831167  0.00    1.00   
 PW_Basis_K      real2recip          454.27  2333071  0.00    44.35  
 PW_Basis_K      gatherp_copy_unpack 11.36   2333071  0.00    1.11   
 ESolver_KS_PW   hamilt2rho_single   1006.61 9        111.85  98.27  
 HSolverPW       solve               1006.61 9        111.85  98.27  
 HSolverPW       solve_psik          945.06  41508    0.02    92.26  
 DiagoCG         diag_once           764.56  41508    0.02    74.64  
 ElecStatePW     psiToRho            60.75   9        6.75    5.93   
---------------------------------------------------------------------


 START  Time  : Fri Aug  7 09:00:48 2026
 FINISH Time  : Fri Aug  7 09:17:52 2026
 TOTAL  Time  : 1024
 SEE INFORMATION IN : OUT.g1tlr4_mg_v090_quarter/
