
                     ▄████▄ █████▄ ▄████▄ ▄█████ ██  ██ ▄█████ 
                     ██▄▄██ ██▄▄██ ██▄▄██ ██     ██  ██ ▀▀▀▄▄▄ 
                     ██  ██ ██▄▄█▀ ██  ██ ▀█████ ▀████▀ █████▀ 

                                                                                     
                                v3.11.0-beta.5

               Atomic-orbital Based Ab-initio Computation at UStc                    

                     Website: http://abacus.ustc.edu.cn/                             
               Documentation: https://abacus.deepmodeling.com/                       
                  Repository: https://github.com/abacusmodeling/abacus-develop       
                              https://github.com/deepmodeling/abacus-develop         
                      Commit: unknown

 Wed Aug  5 14:33:35 2026
 MAKE THE DIR         : OUT.s1_mg_ofdft_ecut080/
 RUNNING WITH DEVICE  : CPU / Intel(R) Xeon(R) Platinum 8368Q CPU @ 2.60GHz (x2)
 NAME OF ELEMENT      : Mg
 DFT FUNC. (PSEUDO)   : PZ
 DFT FUNC. (SET TO)   : XC_LDA_X+XC_LDA_C_PZ
 MAKE SURE THIS DFT FUNCTIONAL IS WHAT YOU NEED
 UNIFORM GRID DIM     : 36 * 36 * 60
 UNIFORM GRID DIM(BIG): 36 * 36 * 60
 DONE(0.0567697  SEC) : SETUP UNITCELL
 DONE(0.0602813  SEC) : INIT K-POINTS
 ----------------------------------------------------------------
 Self-consistent calculations for electrons
 ----------------------------------------------------------------
 SPIN    KPOINTS         PROCESSES   THREADS/PROC  THREADS/TOTAL 
 1       1               4           1             4             
 ----------------------------------------------------------------
 Use plane wave basis
 ----------------------------------------------------------------
 ELEMENT NATOM       
 Mg      2           
 ----------------------------------------------------------------
 Initial plane wave basis and FFT box
 ----------------------------------------------------------------
 DONE(0.0629511  SEC) : SETUP UNITCELL
 START CHARGE         : ATOMIC
 DONE(0.219859   SEC) : LOCAL POTENTIAL
 DONE(0.244045   SEC) : INIT POTENTIAL
 DONE(0.244228   SEC) : INIT KEDF
 DONE(0.244244   SEC) : INIT OPTIMIZATION
 DONE(0.244252   SEC) : INIT PHI

 ================================================================
 SELF-CONSISTENT: 
 ================================================================
 ============================= Running OFDFT ==============================
 ITER       ETOT/eV           EDIFF/eV        EFERMI/eV    POTNORM   TIME/s
 TN0     -4.67322043e+01   -4.67322043e+01   3.9945e+00   1.1990e-01   0.01  
 TN1     -4.91120867e+01   -2.37988238e+00   3.3631e+00   9.2747e-02   0.23  
 TN2     -4.92687347e+01   -1.56647998e-01   3.3271e+00   1.8389e-02   0.24  
 TN3     -4.92726393e+01   -3.90459778e-03   3.3275e+00   6.9926e-03   0.16  
 TN4     -4.92731898e+01   -5.50461807e-04   3.3274e+00   3.5058e-03   0.12  
 TN5     -4.92733967e+01   -2.06922133e-04   3.3275e+00   2.8224e-03   0.10  
 TN6     -4.92736576e+01   -2.60905511e-04   3.3278e+00   2.3980e-03   0.16  
 TN7     -4.92737185e+01   -6.09532753e-05   3.3279e+00   2.9523e-04   0.23  
 TN8     -4.92737193e+01   -7.37323258e-07   3.3279e+00   5.5762e-05   0.18  
 TN9     -4.92737193e+01   -5.57883995e-08   3.3279e+00   4.6832e-05   0.14  
 TN10    -4.92737194e+01   -4.41616414e-08   3.3279e+00   3.2081e-06   0.28  
 TN11    -4.92737194e+01   -1.96055478e-10   3.3279e+00   1.6262e-06   0.14  
 TN12    -4.92737194e+01   -4.76362607e-11   3.3279e+00   1.1738e-06   0.14  
 TN13    -4.92737194e+01   -1.77034810e-11   3.3279e+00   4.9989e-07   0.13  
 ----------------------------------------------------------------
              Stress_x             Stress_y             Stress_z 
 ----------------------------------------------------------------
        -27.3425025565         0.0000001151         0.0000000001 
          0.0000001151       -27.3425024236         0.0000000001 
          0.0000000001         0.0000000001       -24.9001277350 
 ----------------------------------------------------------------
 TOTAL-PRESSURE (EXCLUDE KINETIC PART OF IONS): -26.528378 kbar

 TIME STATISTICS
-----------------------------------------------------------------------
     CLASS_NAME             NAME         TIME/s  CALLS   AVG/s  PER/%  
-----------------------------------------------------------------------
                     total               2.74   17       0.16   100.00 
 Driver              atomic_world        2.74   1        2.74   100.00 
 Driver              reading             0.03   1        0.03   1.03   
 Charge              atomic_rho          0.18   2        0.09   6.66   
 PW_Basis_Sup        recip2real          0.34   1336     0.00   12.30  
 PW_Basis_Sup        recip2real_copy_g   0.05   1336     0.00   1.70   
 ppcell_vl           init_vloc           0.05   1        0.05   1.94   
 Potential           cal_veff            0.82   333      0.00   29.96  
 H_Hartree_pw        v_hartree           0.19   333      0.00   6.84   
 PW_Basis_Sup        real2recip          0.30   1332     0.00   11.09  
 PW_Basis_Sup        gatherp_copy_unpack 0.04   1332     0.00   1.46   
 PotXC               cal_veff            0.63   333      0.00   22.84  
 XC_Functional_Libxc v_xc_libxc          0.62   333      0.00   22.74  
 Libxc               xc_lda/gga_exc_vxc  0.54   666      0.00   19.57  
 Relax_Driver        relax_driver        2.50   1        2.50   91.06  
 ESolver_OF          runner              2.34   1        2.34   85.58  
 KEDF_Manager        get_potential       1.37   331      0.00   50.00  
 KEDF_TF             tf_potential        0.21   331      0.00   7.82   
 KEDF_WT             wt_potential        0.97   331      0.00   35.56  
 KEDF_vW             vw_potential        0.18   331      0.00   6.50   
 ESolver_OF          after_opt           0.08   1        0.08   2.88   
 OF_Stress_PW        cal_stress          0.14   1        0.14   5.26   
 Stress              stress_loc          0.14   1        0.14   5.19   
-----------------------------------------------------------------------


 START  Time  : Wed Aug  5 14:33:35 2026
 FINISH Time  : Wed Aug  5 14:33:37 2026
 TOTAL  Time  : 2
 SEE INFORMATION IN : OUT.s1_mg_ofdft_ecut080/
